loaded 1D buffers
[train_model] model=phisfno | training=supervised | S=2048 | nu=0.1 | dt=0.1 | modes=32 | width=64
Model parameters: 550,339

=== Phase 'supervised' | epochs 300 ===

Ep   1/300 │  0.40s │ bd 1.5674e+00 │ res 0.0000e+00 │ test 2.8391e+00 │ η_eff 2.462e-03
Ep   2/300 │  0.12s │ bd 8.4918e-01 │ res 0.0000e+00 │ test 2.3867e+00 │ η_eff 1.067e-03
Ep   3/300 │  0.09s │ bd 5.9316e-01 │ res 0.0000e+00 │ test 1.1537e+00 │ η_eff 5.732e-04
Ep   4/300 │  0.09s │ bd 3.7911e-01 │ res 0.0000e+00 │ test 3.5369e-01 │ η_eff 3.918e-04
Ep   5/300 │  0.10s │ bd 2.8799e-01 │ res 0.0000e+00 │ test 2.8901e-01 │ η_eff 2.791e-04
Ep   6/300 │  0.10s │ bd 2.3007e-01 │ res 0.0000e+00 │ test 1.4729e-01 │ η_eff 2.862e-04
Ep   7/300 │  0.09s │ bd 1.9760e-01 │ res 0.0000e+00 │ test 3.2336e-01 │ η_eff 2.499e-04
Ep   8/300 │  0.10s │ bd 2.1970e-01 │ res 0.0000e+00 │ test 1.4018e-01 │ η_eff 2.078e-04
Ep   9/300 │  0.09s │ bd 2.1025e-01 │ res 0.0000e+00 │ test 1.6214e-01 │ η_eff 2.262e-04
Ep  10/300 │  0.10s │ bd 1.8065e-01 │ res 0.0000e+00 │ test 2.2537e-01 │ η_eff 1.045e-04
Ep  11/300 │  0.10s │ bd 2.1601e-01 │ res 0.0000e+00 │ test 2.4921e-01 │ η_eff 1.016e-04
Ep  12/300 │  0.09s │ bd 1.5975e-01 │ res 0.0000e+00 │ test 9.0435e-02 │ η_eff 1.014e-04
Ep  13/300 │  0.10s │ bd 1.3116e-01 │ res 0.0000e+00 │ test 1.2091e-01 │ η_eff 1.009e-04
Ep  14/300 │  0.10s │ bd 1.2928e-01 │ res 0.0000e+00 │ test 9.0693e-02 │ η_eff 1.163e-04
Ep  15/300 │  0.10s │ bd 1.4079e-01 │ res 0.0000e+00 │ test 9.7628e-02 │ η_eff 9.801e-05
Ep  16/300 │  0.09s │ bd 9.8225e-02 │ res 0.0000e+00 │ test 9.3648e-02 │ η_eff 1.025e-04
Ep  17/300 │  0.09s │ bd 8.7880e-02 │ res 0.0000e+00 │ test 8.0214e-02 │ η_eff 1.095e-04
Ep  18/300 │  0.11s │ bd 1.1432e-01 │ res 0.0000e+00 │ test 8.7034e-02 │ η_eff 1.112e-04
Ep  19/300 │  0.09s │ bd 8.2053e-02 │ res 0.0000e+00 │ test 6.7260e-02 │ η_eff 1.093e-04
Ep  20/300 │  0.09s │ bd 7.6532e-02 │ res 0.0000e+00 │ test 7.3309e-02 │ η_eff 5.893e-05
Ep  21/300 │  0.09s │ bd 8.3397e-02 │ res 0.0000e+00 │ test 9.8855e-02 │ η_eff 5.484e-05
Ep  22/300 │  0.10s │ bd 8.6312e-02 │ res 0.0000e+00 │ test 4.1618e-02 │ η_eff 5.788e-05
Ep  23/300 │  0.10s │ bd 6.3135e-02 │ res 0.0000e+00 │ test 4.8075e-02 │ η_eff 5.731e-05
Ep  24/300 │  0.10s │ bd 6.1894e-02 │ res 0.0000e+00 │ test 4.5155e-02 │ η_eff 5.866e-05
Ep  25/300 │  0.09s │ bd 6.6579e-02 │ res 0.0000e+00 │ test 4.8109e-02 │ η_eff 5.146e-05
Ep  26/300 │  0.09s │ bd 6.9281e-02 │ res 0.0000e+00 │ test 5.2333e-02 │ η_eff 6.488e-05
Ep  27/300 │  0.11s │ bd 7.7774e-02 │ res 0.0000e+00 │ test 4.6111e-02 │ η_eff 6.135e-05
Ep  28/300 │  0.09s │ bd 6.9664e-02 │ res 0.0000e+00 │ test 7.7638e-02 │ η_eff 7.486e-05
Ep  29/300 │  0.10s │ bd 7.8943e-02 │ res 0.0000e+00 │ test 5.9676e-02 │ η_eff 5.957e-05
Ep  30/300 │  0.09s │ bd 7.3316e-02 │ res 0.0000e+00 │ test 4.4465e-02 │ η_eff 3.224e-05
Ep  31/300 │  0.10s │ bd 6.8344e-02 │ res 0.0000e+00 │ test 4.6363e-02 │ η_eff 2.852e-05
Ep  32/300 │  0.09s │ bd 5.3111e-02 │ res 0.0000e+00 │ test 4.2590e-02 │ η_eff 3.033e-05
Ep  33/300 │  0.10s │ bd 5.2363e-02 │ res 0.0000e+00 │ test 4.3187e-02 │ η_eff 3.065e-05
Ep  34/300 │  0.10s │ bd 4.6754e-02 │ res 0.0000e+00 │ test 3.9586e-02 │ η_eff 3.421e-05
Ep  35/300 │  0.09s │ bd 5.0759e-02 │ res 0.0000e+00 │ test 3.7237e-02 │ η_eff 3.244e-05
Ep  36/300 │  0.10s │ bd 5.0869e-02 │ res 0.0000e+00 │ test 4.5097e-02 │ η_eff 3.179e-05
Ep  37/300 │  0.10s │ bd 5.9877e-02 │ res 0.0000e+00 │ test 3.6156e-02 │ η_eff 3.160e-05
Ep  38/300 │  0.10s │ bd 5.4204e-02 │ res 0.0000e+00 │ test 5.2697e-02 │ η_eff 3.047e-05
Ep  39/300 │  0.10s │ bd 6.5464e-02 │ res 0.0000e+00 │ test 7.4073e-02 │ η_eff 3.222e-05
Ep  40/300 │  0.10s │ bd 5.8927e-02 │ res 0.0000e+00 │ test 5.9206e-02 │ η_eff 1.528e-05
Ep  41/300 │  0.09s │ bd 6.1125e-02 │ res 0.0000e+00 │ test 5.0539e-02 │ η_eff 1.988e-05
Ep  42/300 │  0.09s │ bd 4.8264e-02 │ res 0.0000e+00 │ test 4.2557e-02 │ η_eff 2.015e-05
Ep  43/300 │  0.10s │ bd 6.7386e-02 │ res 0.0000e+00 │ test 4.8087e-02 │ η_eff 2.030e-05
Ep  44/300 │  0.09s │ bd 6.1996e-02 │ res 0.0000e+00 │ test 4.5766e-02 │ η_eff 1.827e-05
Ep  45/300 │  0.09s │ bd 5.1122e-02 │ res 0.0000e+00 │ test 3.9973e-02 │ η_eff 1.776e-05
Ep  46/300 │  0.09s │ bd 4.7707e-02 │ res 0.0000e+00 │ test 3.6658e-02 │ η_eff 1.778e-05
Ep  47/300 │  0.10s │ bd 3.6348e-02 │ res 0.0000e+00 │ test 3.3050e-02 │ η_eff 1.767e-05
Ep  48/300 │  0.09s │ bd 5.3188e-02 │ res 0.0000e+00 │ test 3.7947e-02 │ η_eff 1.775e-05
Ep  49/300 │  0.09s │ bd 4.3639e-02 │ res 0.0000e+00 │ test 3.3718e-02 │ η_eff 1.739e-05
Ep  50/300 │  0.09s │ bd 4.2369e-02 │ res 0.0000e+00 │ test 3.6887e-02 │ η_eff 9.088e-06
Ep  51/300 │  0.10s │ bd 5.0140e-02 │ res 0.0000e+00 │ test 3.4454e-02 │ η_eff 9.491e-06
Ep  52/300 │  0.09s │ bd 4.6878e-02 │ res 0.0000e+00 │ test 3.4134e-02 │ η_eff 9.740e-06
Ep  53/300 │  0.09s │ bd 3.8736e-02 │ res 0.0000e+00 │ test 3.2321e-02 │ η_eff 9.767e-06
Ep  54/300 │  0.09s │ bd 3.6129e-02 │ res 0.0000e+00 │ test 3.3761e-02 │ η_eff 1.017e-05
Ep  55/300 │  0.09s │ bd 3.6940e-02 │ res 0.0000e+00 │ test 3.2322e-02 │ η_eff 9.745e-06
Ep  56/300 │  0.09s │ bd 3.2401e-02 │ res 0.0000e+00 │ test 3.1524e-02 │ η_eff 9.057e-06
Ep  57/300 │  0.10s │ bd 4.1416e-02 │ res 0.0000e+00 │ test 3.7061e-02 │ η_eff 1.018e-05
Ep  58/300 │  0.09s │ bd 3.6471e-02 │ res 0.0000e+00 │ test 3.1108e-02 │ η_eff 1.069e-05
Ep  59/300 │  0.10s │ bd 4.4204e-02 │ res 0.0000e+00 │ test 3.1041e-02 │ η_eff 9.650e-06
Ep  60/300 │  0.09s │ bd 3.0969e-02 │ res 0.0000e+00 │ test 3.1162e-02 │ η_eff 5.218e-06
Ep  61/300 │  0.10s │ bd 3.1506e-02 │ res 0.0000e+00 │ test 3.0048e-02 │ η_eff 5.565e-06
Ep  62/300 │  0.09s │ bd 3.5600e-02 │ res 0.0000e+00 │ test 2.9963e-02 │ η_eff 4.902e-06
Ep  63/300 │  0.10s │ bd 4.4984e-02 │ res 0.0000e+00 │ test 3.2624e-02 │ η_eff 5.060e-06
Ep  64/300 │  0.09s │ bd 4.0939e-02 │ res 0.0000e+00 │ test 3.2805e-02 │ η_eff 5.619e-06
Ep  65/300 │  0.09s │ bd 4.5681e-02 │ res 0.0000e+00 │ test 2.9931e-02 │ η_eff 5.896e-06
Ep  66/300 │  0.09s │ bd 3.9141e-02 │ res 0.0000e+00 │ test 3.0112e-02 │ η_eff 5.049e-06
Ep  67/300 │  0.09s │ bd 2.5193e-02 │ res 0.0000e+00 │ test 3.0629e-02 │ η_eff 5.473e-06
Ep  68/300 │  0.09s │ bd 3.8825e-02 │ res 0.0000e+00 │ test 3.3236e-02 │ η_eff 6.095e-06
Ep  69/300 │  0.09s │ bd 3.4601e-02 │ res 0.0000e+00 │ test 2.9618e-02 │ η_eff 5.313e-06
Ep  70/300 │  0.09s │ bd 3.9256e-02 │ res 0.0000e+00 │ test 3.1218e-02 │ η_eff 2.814e-06
Ep  71/300 │  0.09s │ bd 3.4508e-02 │ res 0.0000e+00 │ test 3.0048e-02 │ η_eff 2.855e-06
Ep  72/300 │  0.10s │ bd 3.5269e-02 │ res 0.0000e+00 │ test 2.8969e-02 │ η_eff 2.672e-06
Ep  73/300 │  0.10s │ bd 3.0906e-02 │ res 0.0000e+00 │ test 2.9146e-02 │ η_eff 2.817e-06
Ep  74/300 │  0.10s │ bd 4.0343e-02 │ res 0.0000e+00 │ test 2.9758e-02 │ η_eff 2.820e-06
Ep  75/300 │  0.10s │ bd 3.7414e-02 │ res 0.0000e+00 │ test 2.9359e-02 │ η_eff 2.788e-06
Ep  76/300 │  0.10s │ bd 3.8068e-02 │ res 0.0000e+00 │ test 2.9174e-02 │ η_eff 3.237e-06
Ep  77/300 │  0.10s │ bd 4.2298e-02 │ res 0.0000e+00 │ test 3.0414e-02 │ η_eff 2.881e-06
Ep  78/300 │  0.10s │ bd 3.0506e-02 │ res 0.0000e+00 │ test 2.9811e-02 │ η_eff 2.923e-06
Ep  79/300 │  0.10s │ bd 2.8902e-02 │ res 0.0000e+00 │ test 3.0520e-02 │ η_eff 3.221e-06
Ep  80/300 │  0.10s │ bd 4.2579e-02 │ res 0.0000e+00 │ test 2.9235e-02 │ η_eff 1.664e-06
Ep  81/300 │  0.10s │ bd 3.0774e-02 │ res 0.0000e+00 │ test 3.0258e-02 │ η_eff 1.525e-06
Ep  82/300 │  0.10s │ bd 3.7320e-02 │ res 0.0000e+00 │ test 2.9033e-02 │ η_eff 1.519e-06
Ep  83/300 │  0.10s │ bd 2.8268e-02 │ res 0.0000e+00 │ test 2.8796e-02 │ η_eff 1.495e-06
Ep  84/300 │  0.11s │ bd 3.8491e-02 │ res 0.0000e+00 │ test 2.8695e-02 │ η_eff 1.564e-06
Ep  85/300 │  0.09s │ bd 2.7627e-02 │ res 0.0000e+00 │ test 2.9744e-02 │ η_eff 1.531e-06
Ep  86/300 │  0.10s │ bd 3.2462e-02 │ res 0.0000e+00 │ test 3.0216e-02 │ η_eff 1.684e-06
Ep  87/300 │  0.10s │ bd 3.1984e-02 │ res 0.0000e+00 │ test 2.9172e-02 │ η_eff 1.629e-06
Ep  88/300 │  0.09s │ bd 4.2565e-02 │ res 0.0000e+00 │ test 2.8757e-02 │ η_eff 1.707e-06
Ep  89/300 │  0.10s │ bd 3.4598e-02 │ res 0.0000e+00 │ test 2.9006e-02 │ η_eff 1.620e-06
Ep  90/300 │  0.10s │ bd 3.0396e-02 │ res 0.0000e+00 │ test 2.9376e-02 │ η_eff 8.829e-07
Ep  91/300 │  0.10s │ bd 4.5046e-02 │ res 0.0000e+00 │ test 2.9515e-02 │ η_eff 9.277e-07
Ep  92/300 │  0.09s │ bd 3.1897e-02 │ res 0.0000e+00 │ test 2.9724e-02 │ η_eff 8.254e-07
Ep  93/300 │  0.10s │ bd 4.9146e-02 │ res 0.0000e+00 │ test 2.9944e-02 │ η_eff 7.644e-07
Ep  94/300 │  0.09s │ bd 4.4579e-02 │ res 0.0000e+00 │ test 3.1407e-02 │ η_eff 7.419e-07
Ep  95/300 │  0.09s │ bd 2.8308e-02 │ res 0.0000e+00 │ test 2.9874e-02 │ η_eff 8.730e-07
Ep  96/300 │  0.10s │ bd 3.7124e-02 │ res 0.0000e+00 │ test 2.9917e-02 │ η_eff 8.533e-07
Ep  97/300 │  0.09s │ bd 2.6512e-02 │ res 0.0000e+00 │ test 2.9165e-02 │ η_eff 8.200e-07
Ep  98/300 │  0.10s │ bd 3.9984e-02 │ res 0.0000e+00 │ test 2.9124e-02 │ η_eff 7.971e-07
Ep  99/300 │  0.09s │ bd 3.0428e-02 │ res 0.0000e+00 │ test 2.9437e-02 │ η_eff 8.380e-07
Ep 100/300 │  0.09s │ bd 2.6291e-02 │ res 0.0000e+00 │ test 2.9403e-02 │ η_eff 4.042e-07
Ep 101/300 │  0.09s │ bd 2.8658e-02 │ res 0.0000e+00 │ test 2.9275e-02 │ η_eff 4.583e-07
Ep 102/300 │  0.10s │ bd 4.5723e-02 │ res 0.0000e+00 │ test 2.9297e-02 │ η_eff 4.394e-07
Ep 103/300 │  0.10s │ bd 3.1420e-02 │ res 0.0000e+00 │ test 2.9163e-02 │ η_eff 4.664e-07
Ep 104/300 │  0.10s │ bd 4.0902e-02 │ res 0.0000e+00 │ test 2.9030e-02 │ η_eff 4.469e-07
Ep 105/300 │  0.10s │ bd 3.5322e-02 │ res 0.0000e+00 │ test 2.8971e-02 │ η_eff 4.317e-07
Ep 106/300 │  0.09s │ bd 3.3155e-02 │ res 0.0000e+00 │ test 2.9026e-02 │ η_eff 4.459e-07
Ep 107/300 │  0.10s │ bd 3.5085e-02 │ res 0.0000e+00 │ test 2.9057e-02 │ η_eff 4.022e-07
Ep 108/300 │  0.10s │ bd 2.7345e-02 │ res 0.0000e+00 │ test 2.9197e-02 │ η_eff 5.143e-07
Ep 109/300 │  0.10s │ bd 3.5738e-02 │ res 0.0000e+00 │ test 2.9107e-02 │ η_eff 5.218e-07
Ep 110/300 │  0.10s │ bd 2.4234e-02 │ res 0.0000e+00 │ test 2.8932e-02 │ η_eff 2.649e-07
Ep 111/300 │  0.09s │ bd 3.9728e-02 │ res 0.0000e+00 │ test 2.8918e-02 │ η_eff 2.153e-07
Ep 112/300 │  0.09s │ bd 3.3597e-02 │ res 0.0000e+00 │ test 2.8819e-02 │ η_eff 2.338e-07
Ep 113/300 │  0.10s │ bd 3.8776e-02 │ res 0.0000e+00 │ test 2.8820e-02 │ η_eff 2.145e-07
Ep 114/300 │  0.10s │ bd 3.0372e-02 │ res 0.0000e+00 │ test 2.8850e-02 │ η_eff 2.547e-07
Ep 115/300 │  0.10s │ bd 3.3620e-02 │ res 0.0000e+00 │ test 2.9002e-02 │ η_eff 2.723e-07
Ep 116/300 │  0.11s │ bd 4.0825e-02 │ res 0.0000e+00 │ test 2.8835e-02 │ η_eff 2.598e-07
Ep 117/300 │  0.10s │ bd 2.4266e-02 │ res 0.0000e+00 │ test 2.8903e-02 │ η_eff 2.286e-07
Ep 118/300 │  0.10s │ bd 3.0348e-02 │ res 0.0000e+00 │ test 2.8882e-02 │ η_eff 2.293e-07
Ep 119/300 │  0.10s │ bd 2.6168e-02 │ res 0.0000e+00 │ test 2.8955e-02 │ η_eff 2.432e-07
Ep 120/300 │  0.10s │ bd 2.9833e-02 │ res 0.0000e+00 │ test 2.9388e-02 │ η_eff 1.177e-07
Ep 121/300 │  0.10s │ bd 4.1476e-02 │ res 0.0000e+00 │ test 2.9466e-02 │ η_eff 1.163e-07
Ep 122/300 │  0.10s │ bd 3.8082e-02 │ res 0.0000e+00 │ test 2.8943e-02 │ η_eff 1.158e-07
Ep 123/300 │  0.10s │ bd 3.2132e-02 │ res 0.0000e+00 │ test 2.8947e-02 │ η_eff 1.181e-07
Ep 124/300 │  0.10s │ bd 3.4095e-02 │ res 0.0000e+00 │ test 2.9111e-02 │ η_eff 1.280e-07
Ep 125/300 │  0.10s │ bd 3.5531e-02 │ res 0.0000e+00 │ test 2.8908e-02 │ η_eff 1.278e-07
Ep 126/300 │  0.10s │ bd 3.1816e-02 │ res 0.0000e+00 │ test 2.9128e-02 │ η_eff 1.241e-07
Ep 127/300 │  0.10s │ bd 3.5235e-02 │ res 0.0000e+00 │ test 2.9208e-02 │ η_eff 1.333e-07
Ep 128/300 │  0.10s │ bd 3.3335e-02 │ res 0.0000e+00 │ test 2.9367e-02 │ η_eff 1.396e-07
Ep 129/300 │  0.10s │ bd 3.3562e-02 │ res 0.0000e+00 │ test 2.9046e-02 │ η_eff 1.331e-07
Ep 130/300 │  0.11s │ bd 3.1350e-02 │ res 0.0000e+00 │ test 2.9124e-02 │ η_eff 7.003e-08
Ep 131/300 │  0.11s │ bd 2.9250e-02 │ res 0.0000e+00 │ test 2.8896e-02 │ η_eff 5.968e-08
Ep 132/300 │  0.10s │ bd 2.8536e-02 │ res 0.0000e+00 │ test 2.9227e-02 │ η_eff 6.471e-08
Ep 133/300 │  0.10s │ bd 3.2656e-02 │ res 0.0000e+00 │ test 2.8982e-02 │ η_eff 5.899e-08
Ep 134/300 │  0.11s │ bd 3.1333e-02 │ res 0.0000e+00 │ test 2.8974e-02 │ η_eff 6.417e-08
Ep 135/300 │  0.09s │ bd 2.8919e-02 │ res 0.0000e+00 │ test 2.8909e-02 │ η_eff 6.668e-08
Ep 136/300 │  0.10s │ bd 4.0109e-02 │ res 0.0000e+00 │ test 2.9154e-02 │ η_eff 7.519e-08
Ep 137/300 │  0.10s │ bd 3.7989e-02 │ res 0.0000e+00 │ test 2.9454e-02 │ η_eff 6.854e-08
Ep 138/300 │  0.10s │ bd 3.1429e-02 │ res 0.0000e+00 │ test 2.9041e-02 │ η_eff 6.658e-08
Ep 139/300 │  0.10s │ bd 2.3971e-02 │ res 0.0000e+00 │ test 2.9084e-02 │ η_eff 6.165e-08
Ep 140/300 │  0.10s │ bd 3.2284e-02 │ res 0.0000e+00 │ test 2.8957e-02 │ η_eff 3.291e-08
Ep 141/300 │  0.10s │ bd 2.9111e-02 │ res 0.0000e+00 │ test 2.9078e-02 │ η_eff 3.354e-08
Ep 142/300 │  0.10s │ bd 3.6741e-02 │ res 0.0000e+00 │ test 2.8916e-02 │ η_eff 3.494e-08
Ep 143/300 │  0.10s │ bd 3.8619e-02 │ res 0.0000e+00 │ test 2.8901e-02 │ η_eff 3.454e-08
Ep 144/300 │  0.10s │ bd 3.5341e-02 │ res 0.0000e+00 │ test 2.9036e-02 │ η_eff 3.505e-08
Ep 145/300 │  0.10s │ bd 2.4379e-02 │ res 0.0000e+00 │ test 2.9036e-02 │ η_eff 3.876e-08
Ep 146/300 │  0.10s │ bd 3.2729e-02 │ res 0.0000e+00 │ test 2.9060e-02 │ η_eff 3.599e-08
Ep 147/300 │  0.10s │ bd 4.2997e-02 │ res 0.0000e+00 │ test 2.8964e-02 │ η_eff 3.415e-08
Ep 148/300 │  0.11s │ bd 2.8537e-02 │ res 0.0000e+00 │ test 2.8911e-02 │ η_eff 3.302e-08
Ep 149/300 │  0.10s │ bd 3.1977e-02 │ res 0.0000e+00 │ test 2.8929e-02 │ η_eff 3.670e-08
Ep 150/300 │  0.10s │ bd 3.2424e-02 │ res 0.0000e+00 │ test 2.8867e-02 │ η_eff 1.945e-08
Ep 151/300 │  0.10s │ bd 3.2452e-02 │ res 0.0000e+00 │ test 2.8946e-02 │ η_eff 1.752e-08
Ep 152/300 │  0.10s │ bd 2.6560e-02 │ res 0.0000e+00 │ test 2.9198e-02 │ η_eff 1.920e-08
Ep 153/300 │  0.10s │ bd 2.9644e-02 │ res 0.0000e+00 │ test 2.8919e-02 │ η_eff 1.875e-08
Ep 154/300 │  0.10s │ bd 3.3007e-02 │ res 0.0000e+00 │ test 2.9149e-02 │ η_eff 1.643e-08
Ep 155/300 │  0.09s │ bd 3.2301e-02 │ res 0.0000e+00 │ test 2.9239e-02 │ η_eff 1.902e-08
Ep 156/300 │  0.10s │ bd 3.1480e-02 │ res 0.0000e+00 │ test 2.8971e-02 │ η_eff 1.932e-08
Ep 157/300 │  0.10s │ bd 2.9230e-02 │ res 0.0000e+00 │ test 2.9034e-02 │ η_eff 1.849e-08
Ep 158/300 │  0.11s │ bd 3.6762e-02 │ res 0.0000e+00 │ test 2.9406e-02 │ η_eff 1.941e-08
Ep 159/300 │  0.10s │ bd 2.7916e-02 │ res 0.0000e+00 │ test 2.9298e-02 │ η_eff 1.751e-08
Ep 160/300 │  0.10s │ bd 3.1218e-02 │ res 0.0000e+00 │ test 2.9218e-02 │ η_eff 1.034e-08
Ep 161/300 │  0.10s │ bd 3.3486e-02 │ res 0.0000e+00 │ test 2.8927e-02 │ η_eff 9.258e-09
Ep 162/300 │  0.10s │ bd 3.4005e-02 │ res 0.0000e+00 │ test 2.8801e-02 │ η_eff 1.013e-08
Ep 163/300 │  0.11s │ bd 4.1930e-02 │ res 0.0000e+00 │ test 2.8863e-02 │ η_eff 1.063e-08
Ep 164/300 │  0.11s │ bd 4.2072e-02 │ res 0.0000e+00 │ test 2.8952e-02 │ η_eff 9.629e-09
Ep 165/300 │  0.10s │ bd 3.9583e-02 │ res 0.0000e+00 │ test 2.9184e-02 │ η_eff 9.264e-09
Ep 166/300 │  0.11s │ bd 3.6265e-02 │ res 0.0000e+00 │ test 2.9102e-02 │ η_eff 8.929e-09
Ep 167/300 │  0.10s │ bd 3.3963e-02 │ res 0.0000e+00 │ test 2.8893e-02 │ η_eff 9.725e-09
Ep 168/300 │  0.10s │ bd 2.6318e-02 │ res 0.0000e+00 │ test 2.8933e-02 │ η_eff 1.000e-08
Ep 169/300 │  0.10s │ bd 3.6686e-02 │ res 0.0000e+00 │ test 2.9175e-02 │ η_eff 9.667e-09
Ep 170/300 │  0.10s │ bd 3.4920e-02 │ res 0.0000e+00 │ test 2.8910e-02 │ η_eff 4.680e-09
Ep 171/300 │  0.09s │ bd 3.4055e-02 │ res 0.0000e+00 │ test 2.8809e-02 │ η_eff 4.722e-09
Ep 172/300 │  0.10s │ bd 3.1323e-02 │ res 0.0000e+00 │ test 2.8905e-02 │ η_eff 4.956e-09
Ep 173/300 │  0.10s │ bd 3.8026e-02 │ res 0.0000e+00 │ test 2.8842e-02 │ η_eff 5.153e-09
Ep 174/300 │  0.11s │ bd 3.1675e-02 │ res 0.0000e+00 │ test 2.8890e-02 │ η_eff 5.239e-09
Ep 175/300 │  0.09s │ bd 2.8038e-02 │ res 0.0000e+00 │ test 2.8916e-02 │ η_eff 5.407e-09
Ep 176/300 │  0.10s │ bd 2.5181e-02 │ res 0.0000e+00 │ test 2.8943e-02 │ η_eff 4.663e-09
Ep 177/300 │  0.11s │ bd 3.3798e-02 │ res 0.0000e+00 │ test 2.8899e-02 │ η_eff 5.207e-09
Ep 178/300 │  0.10s │ bd 3.0582e-02 │ res 0.0000e+00 │ test 2.8857e-02 │ η_eff 5.355e-09
Ep 179/300 │  0.10s │ bd 2.7967e-02 │ res 0.0000e+00 │ test 2.8921e-02 │ η_eff 4.724e-09
Ep 180/300 │  0.09s │ bd 3.1649e-02 │ res 0.0000e+00 │ test 2.8840e-02 │ η_eff 2.525e-09
Ep 181/300 │  0.09s │ bd 2.4565e-02 │ res 0.0000e+00 │ test 2.9057e-02 │ η_eff 2.385e-09
Ep 182/300 │  0.11s │ bd 3.4351e-02 │ res 0.0000e+00 │ test 2.8914e-02 │ η_eff 2.473e-09
Ep 183/300 │  0.10s │ bd 4.0211e-02 │ res 0.0000e+00 │ test 2.8925e-02 │ η_eff 2.828e-09
Ep 184/300 │  0.10s │ bd 3.4470e-02 │ res 0.0000e+00 │ test 2.9055e-02 │ η_eff 2.924e-09
Ep 185/300 │  0.10s │ bd 3.1062e-02 │ res 0.0000e+00 │ test 2.8915e-02 │ η_eff 2.538e-09
Ep 186/300 │  0.10s │ bd 3.5389e-02 │ res 0.0000e+00 │ test 2.9269e-02 │ η_eff 2.481e-09
Ep 187/300 │  0.10s │ bd 3.7267e-02 │ res 0.0000e+00 │ test 2.8872e-02 │ η_eff 2.925e-09
Ep 188/300 │  0.10s │ bd 3.3821e-02 │ res 0.0000e+00 │ test 2.8933e-02 │ η_eff 2.577e-09
Ep 189/300 │  0.10s │ bd 3.0319e-02 │ res 0.0000e+00 │ test 2.8854e-02 │ η_eff 2.778e-09
Ep 190/300 │  0.10s │ bd 3.0466e-02 │ res 0.0000e+00 │ test 2.8880e-02 │ η_eff 1.378e-09
Ep 191/300 │  0.09s │ bd 4.4199e-02 │ res 0.0000e+00 │ test 2.9073e-02 │ η_eff 1.532e-09
Ep 192/300 │  0.09s │ bd 2.7347e-02 │ res 0.0000e+00 │ test 2.8904e-02 │ η_eff 1.294e-09
Ep 193/300 │  0.10s │ bd 3.0695e-02 │ res 0.0000e+00 │ test 2.8897e-02 │ η_eff 1.287e-09
Ep 194/300 │  0.09s │ bd 2.6972e-02 │ res 0.0000e+00 │ test 2.8856e-02 │ η_eff 1.421e-09
Ep 195/300 │  0.10s │ bd 3.5410e-02 │ res 0.0000e+00 │ test 2.8830e-02 │ η_eff 1.399e-09
Ep 196/300 │  0.10s │ bd 3.0658e-02 │ res 0.0000e+00 │ test 2.8894e-02 │ η_eff 1.355e-09
Ep 197/300 │  0.10s │ bd 4.2169e-02 │ res 0.0000e+00 │ test 2.8918e-02 │ η_eff 1.421e-09
Ep 198/300 │  0.10s │ bd 2.9709e-02 │ res 0.0000e+00 │ test 2.8876e-02 │ η_eff 1.308e-09
Ep 199/300 │  0.11s │ bd 2.7383e-02 │ res 0.0000e+00 │ test 2.8962e-02 │ η_eff 1.346e-09
Ep 200/300 │  0.10s │ bd 3.8481e-02 │ res 0.0000e+00 │ test 2.9021e-02 │ η_eff 7.368e-10
Ep 201/300 │  0.10s │ bd 3.9287e-02 │ res 0.0000e+00 │ test 2.9289e-02 │ η_eff 7.272e-10
Ep 202/300 │  0.10s │ bd 3.1442e-02 │ res 0.0000e+00 │ test 2.8922e-02 │ η_eff 6.606e-10
Ep 203/300 │  0.09s │ bd 4.0099e-02 │ res 0.0000e+00 │ test 2.9028e-02 │ η_eff 6.700e-10
Ep 204/300 │  0.10s │ bd 3.0694e-02 │ res 0.0000e+00 │ test 2.9102e-02 │ η_eff 7.063e-10
Ep 205/300 │  0.10s │ bd 2.9987e-02 │ res 0.0000e+00 │ test 2.9106e-02 │ η_eff 7.729e-10
Ep 206/300 │  0.10s │ bd 3.1141e-02 │ res 0.0000e+00 │ test 2.9118e-02 │ η_eff 7.679e-10
Ep 207/300 │  0.10s │ bd 3.5703e-02 │ res 0.0000e+00 │ test 2.8886e-02 │ η_eff 7.155e-10
Ep 208/300 │  0.09s │ bd 3.0653e-02 │ res 0.0000e+00 │ test 2.8813e-02 │ η_eff 7.008e-10
Ep 209/300 │  0.10s │ bd 2.8684e-02 │ res 0.0000e+00 │ test 2.9007e-02 │ η_eff 7.335e-10
Ep 210/300 │  0.10s │ bd 3.5094e-02 │ res 0.0000e+00 │ test 2.9025e-02 │ η_eff 3.634e-10
Ep 211/300 │  0.10s │ bd 3.8707e-02 │ res 0.0000e+00 │ test 2.8922e-02 │ η_eff 3.688e-10
Ep 212/300 │  0.10s │ bd 2.8400e-02 │ res 0.0000e+00 │ test 2.9056e-02 │ η_eff 3.627e-10
Ep 213/300 │  0.10s │ bd 2.7654e-02 │ res 0.0000e+00 │ test 2.9056e-02 │ η_eff 3.364e-10
Ep 214/300 │  0.10s │ bd 3.1426e-02 │ res 0.0000e+00 │ test 2.8802e-02 │ η_eff 3.768e-10
Ep 215/300 │  0.10s │ bd 2.7848e-02 │ res 0.0000e+00 │ test 2.8933e-02 │ η_eff 3.733e-10
Ep 216/300 │  0.10s │ bd 3.6694e-02 │ res 0.0000e+00 │ test 2.8945e-02 │ η_eff 3.686e-10
Ep 217/300 │  0.10s │ bd 3.5339e-02 │ res 0.0000e+00 │ test 2.8981e-02 │ η_eff 3.820e-10
Ep 218/300 │  0.10s │ bd 3.8321e-02 │ res 0.0000e+00 │ test 2.8998e-02 │ η_eff 4.088e-10
Ep 219/300 │  0.10s │ bd 3.0025e-02 │ res 0.0000e+00 │ test 2.8869e-02 │ η_eff 3.904e-10
Ep 220/300 │  0.10s │ bd 3.7448e-02 │ res 0.0000e+00 │ test 2.8804e-02 │ η_eff 2.138e-10
Ep 221/300 │  0.11s │ bd 2.5498e-02 │ res 0.0000e+00 │ test 2.8846e-02 │ η_eff 1.935e-10
Ep 222/300 │  0.10s │ bd 2.9848e-02 │ res 0.0000e+00 │ test 2.9018e-02 │ η_eff 1.872e-10
Ep 223/300 │  0.10s │ bd 2.8671e-02 │ res 0.0000e+00 │ test 2.9447e-02 │ η_eff 1.927e-10
Ep 224/300 │  0.10s │ bd 3.1822e-02 │ res 0.0000e+00 │ test 2.8953e-02 │ η_eff 2.008e-10
Ep 225/300 │  0.11s │ bd 2.9857e-02 │ res 0.0000e+00 │ test 2.8854e-02 │ η_eff 2.132e-10
Ep 226/300 │  0.10s │ bd 2.8493e-02 │ res 0.0000e+00 │ test 2.8907e-02 │ η_eff 1.878e-10
Ep 227/300 │  0.10s │ bd 3.7208e-02 │ res 0.0000e+00 │ test 2.8895e-02 │ η_eff 2.062e-10
Ep 228/300 │  0.10s │ bd 2.7106e-02 │ res 0.0000e+00 │ test 2.9105e-02 │ η_eff 1.979e-10
Ep 229/300 │  0.10s │ bd 3.6339e-02 │ res 0.0000e+00 │ test 2.8964e-02 │ η_eff 1.915e-10
Ep 230/300 │  0.10s │ bd 2.5647e-02 │ res 0.0000e+00 │ test 2.8995e-02 │ η_eff 1.007e-10
Ep 231/300 │  0.10s │ bd 3.4209e-02 │ res 0.0000e+00 │ test 2.9412e-02 │ η_eff 9.696e-11
Ep 232/300 │  0.10s │ bd 3.9943e-02 │ res 0.0000e+00 │ test 2.8953e-02 │ η_eff 1.004e-10
Ep 233/300 │  0.10s │ bd 3.7482e-02 │ res 0.0000e+00 │ test 2.8894e-02 │ η_eff 9.928e-11
Ep 234/300 │  0.10s │ bd 3.5091e-02 │ res 0.0000e+00 │ test 2.8843e-02 │ η_eff 1.063e-10
Ep 235/300 │  0.09s │ bd 3.3931e-02 │ res 0.0000e+00 │ test 2.9220e-02 │ η_eff 9.552e-11
Ep 236/300 │  0.10s │ bd 3.0003e-02 │ res 0.0000e+00 │ test 2.9019e-02 │ η_eff 9.382e-11
Ep 237/300 │  0.10s │ bd 2.7948e-02 │ res 0.0000e+00 │ test 2.8906e-02 │ η_eff 9.912e-11
Ep 238/300 │  0.10s │ bd 3.6277e-02 │ res 0.0000e+00 │ test 2.9033e-02 │ η_eff 9.714e-11
Ep 239/300 │  0.10s │ bd 3.5082e-02 │ res 0.0000e+00 │ test 2.9317e-02 │ η_eff 9.894e-11
Ep 240/300 │  0.09s │ bd 2.8101e-02 │ res 0.0000e+00 │ test 2.8952e-02 │ η_eff 4.979e-11
Ep 241/300 │  0.10s │ bd 4.4931e-02 │ res 0.0000e+00 │ test 2.9238e-02 │ η_eff 5.073e-11
Ep 242/300 │  0.10s │ bd 2.7400e-02 │ res 0.0000e+00 │ test 2.8944e-02 │ η_eff 4.900e-11
Ep 243/300 │  0.10s │ bd 4.3023e-02 │ res 0.0000e+00 │ test 2.9372e-02 │ η_eff 5.148e-11
Ep 244/300 │  0.10s │ bd 3.9563e-02 │ res 0.0000e+00 │ test 2.8998e-02 │ η_eff 5.400e-11
Ep 245/300 │  0.10s │ bd 2.6058e-02 │ res 0.0000e+00 │ test 2.8959e-02 │ η_eff 5.096e-11
Ep 246/300 │  0.10s │ bd 2.9643e-02 │ res 0.0000e+00 │ test 2.9044e-02 │ η_eff 5.262e-11
Ep 247/300 │  0.09s │ bd 3.7245e-02 │ res 0.0000e+00 │ test 2.8933e-02 │ η_eff 5.084e-11
Ep 248/300 │  0.10s │ bd 3.2832e-02 │ res 0.0000e+00 │ test 2.9069e-02 │ η_eff 5.248e-11
Ep 249/300 │  0.11s │ bd 2.9372e-02 │ res 0.0000e+00 │ test 2.9286e-02 │ η_eff 5.420e-11
Ep 250/300 │  0.10s │ bd 3.0597e-02 │ res 0.0000e+00 │ test 2.8863e-02 │ η_eff 2.872e-11
Ep 251/300 │  0.10s │ bd 3.0111e-02 │ res 0.0000e+00 │ test 2.9124e-02 │ η_eff 2.664e-11
Ep 252/300 │  0.10s │ bd 3.9852e-02 │ res 0.0000e+00 │ test 2.9174e-02 │ η_eff 2.713e-11
Ep 253/300 │  0.10s │ bd 4.9061e-02 │ res 0.0000e+00 │ test 2.8830e-02 │ η_eff 2.926e-11
Ep 254/300 │  0.10s │ bd 2.8832e-02 │ res 0.0000e+00 │ test 2.8888e-02 │ η_eff 2.937e-11
Ep 255/300 │  0.10s │ bd 3.6173e-02 │ res 0.0000e+00 │ test 2.8951e-02 │ η_eff 2.995e-11
Ep 256/300 │  0.10s │ bd 2.9139e-02 │ res 0.0000e+00 │ test 2.9093e-02 │ η_eff 2.971e-11
Ep 257/300 │  0.10s │ bd 2.9885e-02 │ res 0.0000e+00 │ test 2.8944e-02 │ η_eff 2.869e-11
Ep 258/300 │  0.10s │ bd 4.2977e-02 │ res 0.0000e+00 │ test 2.9048e-02 │ η_eff 2.866e-11
Ep 259/300 │  0.10s │ bd 3.1089e-02 │ res 0.0000e+00 │ test 2.8924e-02 │ η_eff 2.679e-11
Ep 260/300 │  0.10s │ bd 3.9684e-02 │ res 0.0000e+00 │ test 2.8994e-02 │ η_eff 1.342e-11
Ep 261/300 │  0.10s │ bd 2.9129e-02 │ res 0.0000e+00 │ test 2.9176e-02 │ η_eff 1.377e-11
Ep 262/300 │  0.10s │ bd 4.3272e-02 │ res 0.0000e+00 │ test 2.8866e-02 │ η_eff 1.414e-11
Ep 263/300 │  0.10s │ bd 3.6405e-02 │ res 0.0000e+00 │ test 2.8882e-02 │ η_eff 1.449e-11
Ep 264/300 │  0.11s │ bd 3.5101e-02 │ res 0.0000e+00 │ test 2.8959e-02 │ η_eff 1.347e-11
Ep 265/300 │  0.10s │ bd 3.9066e-02 │ res 0.0000e+00 │ test 2.8988e-02 │ η_eff 1.398e-11
Ep 266/300 │  0.10s │ bd 4.5773e-02 │ res 0.0000e+00 │ test 2.8841e-02 │ η_eff 1.672e-11
Ep 267/300 │  0.10s │ bd 3.3985e-02 │ res 0.0000e+00 │ test 2.8859e-02 │ η_eff 1.572e-11
Ep 268/300 │  0.10s │ bd 4.4920e-02 │ res 0.0000e+00 │ test 2.8836e-02 │ η_eff 1.482e-11
Ep 269/300 │  0.10s │ bd 2.9749e-02 │ res 0.0000e+00 │ test 2.8911e-02 │ η_eff 1.407e-11
Ep 270/300 │  0.10s │ bd 2.7939e-02 │ res 0.0000e+00 │ test 2.9101e-02 │ η_eff 7.255e-12
Ep 271/300 │  0.09s │ bd 2.6069e-02 │ res 0.0000e+00 │ test 2.9147e-02 │ η_eff 7.358e-12
Ep 272/300 │  0.10s │ bd 3.1038e-02 │ res 0.0000e+00 │ test 2.8923e-02 │ η_eff 7.235e-12
Ep 273/300 │  0.10s │ bd 3.1658e-02 │ res 0.0000e+00 │ test 2.8841e-02 │ η_eff 7.350e-12
Ep 274/300 │  0.10s │ bd 3.3370e-02 │ res 0.0000e+00 │ test 2.9029e-02 │ η_eff 7.376e-12
Ep 275/300 │  0.11s │ bd 3.0072e-02 │ res 0.0000e+00 │ test 2.9035e-02 │ η_eff 7.638e-12
Ep 276/300 │  0.10s │ bd 2.8374e-02 │ res 0.0000e+00 │ test 2.9024e-02 │ η_eff 7.588e-12
Ep 277/300 │  0.10s │ bd 3.3332e-02 │ res 0.0000e+00 │ test 2.9324e-02 │ η_eff 7.322e-12
Ep 278/300 │  0.09s │ bd 3.4641e-02 │ res 0.0000e+00 │ test 2.8919e-02 │ η_eff 6.984e-12
Ep 279/300 │  0.10s │ bd 4.2276e-02 │ res 0.0000e+00 │ test 2.8961e-02 │ η_eff 7.542e-12
Ep 280/300 │  0.10s │ bd 3.2776e-02 │ res 0.0000e+00 │ test 2.8865e-02 │ η_eff 3.651e-12
Ep 281/300 │  0.10s │ bd 3.4721e-02 │ res 0.0000e+00 │ test 2.8866e-02 │ η_eff 3.657e-12
Ep 282/300 │  0.10s │ bd 3.7684e-02 │ res 0.0000e+00 │ test 2.8964e-02 │ η_eff 3.598e-12
Ep 283/300 │  0.10s │ bd 3.3155e-02 │ res 0.0000e+00 │ test 2.8924e-02 │ η_eff 3.577e-12
Ep 284/300 │  0.10s │ bd 2.6511e-02 │ res 0.0000e+00 │ test 2.8861e-02 │ η_eff 3.886e-12
Ep 285/300 │  0.10s │ bd 3.1852e-02 │ res 0.0000e+00 │ test 2.9035e-02 │ η_eff 3.819e-12
Ep 286/300 │  0.10s │ bd 3.3930e-02 │ res 0.0000e+00 │ test 2.8970e-02 │ η_eff 3.752e-12
Ep 287/300 │  0.10s │ bd 3.7827e-02 │ res 0.0000e+00 │ test 2.8891e-02 │ η_eff 3.836e-12
Ep 288/300 │  0.10s │ bd 3.1585e-02 │ res 0.0000e+00 │ test 2.8865e-02 │ η_eff 3.876e-12
Ep 289/300 │  0.10s │ bd 2.9250e-02 │ res 0.0000e+00 │ test 2.8848e-02 │ η_eff 3.828e-12
Ep 290/300 │  0.10s │ bd 3.8560e-02 │ res 0.0000e+00 │ test 2.8992e-02 │ η_eff 1.822e-12
Ep 291/300 │  0.10s │ bd 3.0449e-02 │ res 0.0000e+00 │ test 2.9016e-02 │ η_eff 1.883e-12
Ep 292/300 │  0.10s │ bd 3.0131e-02 │ res 0.0000e+00 │ test 2.8887e-02 │ η_eff 1.975e-12
Ep 293/300 │  0.10s │ bd 3.2918e-02 │ res 0.0000e+00 │ test 2.8885e-02 │ η_eff 2.108e-12
Ep 294/300 │  0.10s │ bd 3.4930e-02 │ res 0.0000e+00 │ test 2.8971e-02 │ η_eff 1.874e-12
Ep 295/300 │  0.10s │ bd 3.2312e-02 │ res 0.0000e+00 │ test 2.9090e-02 │ η_eff 1.983e-12
Ep 296/300 │  0.10s │ bd 4.3960e-02 │ res 0.0000e+00 │ test 2.9044e-02 │ η_eff 2.080e-12
Ep 297/300 │  0.10s │ bd 4.3805e-02 │ res 0.0000e+00 │ test 2.8921e-02 │ η_eff 2.074e-12
Ep 298/300 │  0.10s │ bd 3.4367e-02 │ res 0.0000e+00 │ test 2.8906e-02 │ η_eff 1.961e-12
Ep 299/300 │  0.10s │ bd 4.0073e-02 │ res 0.0000e+00 │ test 2.8831e-02 │ η_eff 2.025e-12
Ep 300/300 │  0.10s │ bd 3.6616e-02 │ res 0.0000e+00 │ test 2.8851e-02 │ η_eff 9.955e-13
→ Saved: loss/Burger1d_phisfno_sup_90_Adam_ep300_visc0.1_m32_w64_s11/loss_supervised.csv
→ Model saved: model/Burger1d_phisfno_sup_90_Adam_ep300_visc0.1_m32_w64_s11
→ Eta-term history: loss/Burger1d_phisfno_sup_90_Adam_ep300_visc0.1_m32_w64_s11/eta_term_history.csv
  sample 0: test L2 = 4.7811e-02
  sample 1: test L2 = 1.0125e-02
  sample 2: test L2 = 1.6356e-02
  sample 3: test L2 = 1.9690e-02
  sample 4: test L2 = 5.3227e-02
  sample 5: test L2 = 3.0890e-02
  sample 6: test L2 = 2.4435e-02
  sample 7: test L2 = 1.6909e-02
  sample 8: test L2 = 2.1530e-02
  sample 9: test L2 = 4.7519e-02
→ Predictions saved: burger_test_phisfno_sup.mat
→ Figure saved: image/Burger1d_phisfno_sup_90_Adam_ep300_visc0.1_m32_w64_s11/final_velocity.png
