loaded 1D buffers
[train_model] model=phisfno | training=multistage | S=2048 | nu=0.1 | dt=0.1 | modes=32 | width=64
Model parameters: 550,339

=== Phase 'full_loss_1' | epochs 100 ===

Ep   1/100 │  0.45s │ bd 3.3376e+00 │ res 3.4952e+01 │ test 2.3052e+00 │ η_eff 2.374e-03
Ep   2/100 │  0.11s │ bd 1.0238e+00 │ res 1.4695e+01 │ test 1.5633e+00 │ η_eff 1.059e-03
Ep   3/100 │  0.11s │ bd 8.1691e-01 │ res 6.5992e+00 │ test 1.7520e+00 │ η_eff 5.645e-04
Ep   4/100 │  0.12s │ bd 6.1259e-01 │ res 3.2018e+00 │ test 1.4995e+00 │ η_eff 4.556e-04
Ep   5/100 │  0.11s │ bd 4.0378e-01 │ res 2.3406e+00 │ test 1.3475e+00 │ η_eff 3.120e-04
Ep   6/100 │  0.11s │ bd 4.9455e-01 │ res 2.1845e+00 │ test 1.3233e+00 │ η_eff 2.330e-04
Ep   7/100 │  0.11s │ bd 3.4527e-01 │ res 2.5292e+00 │ test 1.2581e+00 │ η_eff 2.227e-04
Ep   8/100 │  0.11s │ bd 5.6303e-01 │ res 2.4807e+00 │ test 1.2652e+00 │ η_eff 2.000e-04
Ep   9/100 │  0.12s │ bd 5.2565e-01 │ res 1.7642e+00 │ test 1.1804e+00 │ η_eff 1.860e-04
Ep  10/100 │  0.12s │ bd 4.3513e-01 │ res 1.7092e+00 │ test 8.9021e-01 │ η_eff 1.047e-04
Ep  11/100 │  0.11s │ bd 3.1145e-01 │ res 1.2623e+00 │ test 8.7437e-01 │ η_eff 1.163e-04
Ep  12/100 │  0.12s │ bd 2.7794e-01 │ res 1.0122e+00 │ test 8.9971e-01 │ η_eff 1.288e-04
Ep  13/100 │  0.13s │ bd 2.4606e-01 │ res 9.0938e-01 │ test 8.0958e-01 │ η_eff 1.520e-04
Ep  14/100 │  0.12s │ bd 2.6511e-01 │ res 9.5297e-01 │ test 8.5470e-01 │ η_eff 8.608e-05
Ep  15/100 │  0.13s │ bd 1.8453e-01 │ res 6.3779e-01 │ test 7.7470e-01 │ η_eff 1.167e-04
Ep  16/100 │  0.11s │ bd 1.3906e-01 │ res 6.5993e-01 │ test 7.3398e-01 │ η_eff 9.528e-05
Ep  17/100 │  0.11s │ bd 1.6790e-01 │ res 4.9974e-01 │ test 7.1121e-01 │ η_eff 1.125e-04
Ep  18/100 │  0.12s │ bd 1.6032e-01 │ res 5.2507e-01 │ test 7.4501e-01 │ η_eff 8.913e-05
Ep  19/100 │  0.12s │ bd 2.0607e-01 │ res 5.9707e-01 │ test 7.7604e-01 │ η_eff 1.071e-04
Ep  20/100 │  0.12s │ bd 1.6993e-01 │ res 6.2936e-01 │ test 7.0733e-01 │ η_eff 4.945e-05
Ep  21/100 │  0.11s │ bd 1.3416e-01 │ res 4.4986e-01 │ test 6.9412e-01 │ η_eff 5.563e-05
Ep  22/100 │  0.11s │ bd 1.4773e-01 │ res 4.7708e-01 │ test 6.4039e-01 │ η_eff 6.583e-05
Ep  23/100 │  0.11s │ bd 1.8957e-01 │ res 4.8184e-01 │ test 7.4893e-01 │ η_eff 5.568e-05
Ep  24/100 │  0.11s │ bd 1.4865e-01 │ res 3.8334e-01 │ test 6.8954e-01 │ η_eff 6.962e-05
Ep  25/100 │  0.12s │ bd 1.4559e-01 │ res 4.6402e-01 │ test 6.8967e-01 │ η_eff 5.662e-05
Ep  26/100 │  0.11s │ bd 1.2476e-01 │ res 4.4668e-01 │ test 6.6153e-01 │ η_eff 5.938e-05
Ep  27/100 │  0.11s │ bd 1.0821e-01 │ res 2.8197e-01 │ test 6.4589e-01 │ η_eff 6.003e-05
Ep  28/100 │  0.11s │ bd 9.7683e-02 │ res 3.5221e-01 │ test 6.5749e-01 │ η_eff 4.915e-05
Ep  29/100 │  0.12s │ bd 7.8199e-02 │ res 3.1903e-01 │ test 6.8746e-01 │ η_eff 5.808e-05
Ep  30/100 │  0.11s │ bd 1.0665e-01 │ res 3.0828e-01 │ test 6.3473e-01 │ η_eff 2.875e-05
Ep  31/100 │  0.11s │ bd 1.2622e-01 │ res 3.8791e-01 │ test 6.9791e-01 │ η_eff 3.478e-05
Ep  32/100 │  0.12s │ bd 8.6610e-02 │ res 2.5479e-01 │ test 6.7550e-01 │ η_eff 3.223e-05
Ep  33/100 │  0.11s │ bd 6.9296e-02 │ res 2.3014e-01 │ test 6.8854e-01 │ η_eff 3.384e-05
Ep  34/100 │  0.11s │ bd 9.1642e-02 │ res 2.2146e-01 │ test 6.7360e-01 │ η_eff 2.783e-05
Ep  35/100 │  0.11s │ bd 9.3023e-02 │ res 2.6163e-01 │ test 6.8305e-01 │ η_eff 3.414e-05
Ep  36/100 │  0.11s │ bd 6.3778e-02 │ res 2.4434e-01 │ test 6.5712e-01 │ η_eff 3.046e-05
Ep  37/100 │  0.11s │ bd 5.7519e-02 │ res 2.1123e-01 │ test 6.7924e-01 │ η_eff 3.787e-05
Ep  38/100 │  0.11s │ bd 7.7478e-02 │ res 2.4073e-01 │ test 6.7719e-01 │ η_eff 3.789e-05
Ep  39/100 │  0.11s │ bd 7.5066e-02 │ res 2.0176e-01 │ test 6.8791e-01 │ η_eff 3.645e-05
Ep  40/100 │  0.11s │ bd 7.9914e-02 │ res 2.3508e-01 │ test 6.7266e-01 │ η_eff 1.595e-05
Ep  41/100 │  0.11s │ bd 5.7743e-02 │ res 1.9158e-01 │ test 6.3994e-01 │ η_eff 2.113e-05
Ep  42/100 │  0.11s │ bd 5.4502e-02 │ res 2.1205e-01 │ test 6.6594e-01 │ η_eff 1.869e-05
Ep  43/100 │  0.12s │ bd 5.0320e-02 │ res 2.2705e-01 │ test 6.7412e-01 │ η_eff 2.081e-05
Ep  44/100 │  0.11s │ bd 6.0169e-02 │ res 2.0991e-01 │ test 6.5167e-01 │ η_eff 1.680e-05
Ep  45/100 │  0.11s │ bd 5.4805e-02 │ res 2.0876e-01 │ test 6.8301e-01 │ η_eff 1.655e-05
Ep  46/100 │  0.11s │ bd 5.9168e-02 │ res 1.9581e-01 │ test 6.6403e-01 │ η_eff 2.092e-05
Ep  47/100 │  0.11s │ bd 6.4412e-02 │ res 2.1341e-01 │ test 6.6478e-01 │ η_eff 1.934e-05
Ep  48/100 │  0.11s │ bd 5.5442e-02 │ res 1.9605e-01 │ test 6.8502e-01 │ η_eff 1.813e-05
Ep  49/100 │  0.11s │ bd 6.7688e-02 │ res 2.2542e-01 │ test 6.6843e-01 │ η_eff 1.928e-05
Ep  50/100 │  0.11s │ bd 6.9269e-02 │ res 2.2249e-01 │ test 6.4568e-01 │ η_eff 1.001e-05
Ep  51/100 │  0.11s │ bd 5.4572e-02 │ res 1.9429e-01 │ test 6.7466e-01 │ η_eff 1.160e-05
Ep  52/100 │  0.12s │ bd 5.6042e-02 │ res 2.0154e-01 │ test 6.6091e-01 │ η_eff 1.201e-05
Ep  53/100 │  0.12s │ bd 4.1018e-02 │ res 1.6392e-01 │ test 6.6261e-01 │ η_eff 1.300e-05
Ep  54/100 │  0.11s │ bd 5.7391e-02 │ res 2.2387e-01 │ test 6.5902e-01 │ η_eff 1.083e-05
Ep  55/100 │  0.11s │ bd 5.2511e-02 │ res 1.9713e-01 │ test 6.5834e-01 │ η_eff 1.004e-05
Ep  56/100 │  0.11s │ bd 4.9828e-02 │ res 1.7636e-01 │ test 6.5941e-01 │ η_eff 1.158e-05
Ep  57/100 │  0.11s │ bd 5.0562e-02 │ res 1.6804e-01 │ test 6.7450e-01 │ η_eff 1.078e-05
Ep  58/100 │  0.13s │ bd 4.3342e-02 │ res 1.6634e-01 │ test 6.6340e-01 │ η_eff 9.281e-06
Ep  59/100 │  0.13s │ bd 4.7424e-02 │ res 1.8608e-01 │ test 6.6649e-01 │ η_eff 9.784e-06
Ep  60/100 │  0.13s │ bd 5.0852e-02 │ res 2.3812e-01 │ test 6.5103e-01 │ η_eff 4.597e-06
Ep  61/100 │  0.12s │ bd 4.4376e-02 │ res 2.0102e-01 │ test 6.5558e-01 │ η_eff 6.138e-06
Ep  62/100 │  0.12s │ bd 4.7723e-02 │ res 1.8368e-01 │ test 6.6008e-01 │ η_eff 5.782e-06
Ep  63/100 │  0.11s │ bd 4.9869e-02 │ res 1.7407e-01 │ test 6.6523e-01 │ η_eff 5.492e-06
Ep  64/100 │  0.12s │ bd 3.2971e-02 │ res 1.6193e-01 │ test 6.6270e-01 │ η_eff 6.145e-06
Ep  65/100 │  0.12s │ bd 3.7766e-02 │ res 1.6429e-01 │ test 6.6051e-01 │ η_eff 5.764e-06
Ep  66/100 │  0.12s │ bd 4.0413e-02 │ res 2.0020e-01 │ test 6.5897e-01 │ η_eff 5.110e-06
Ep  67/100 │  0.12s │ bd 4.5141e-02 │ res 1.5988e-01 │ test 6.6752e-01 │ η_eff 5.874e-06
Ep  68/100 │  0.11s │ bd 4.0672e-02 │ res 2.0148e-01 │ test 6.5999e-01 │ η_eff 6.082e-06
Ep  69/100 │  0.11s │ bd 3.8824e-02 │ res 1.5783e-01 │ test 6.5846e-01 │ η_eff 6.419e-06
Ep  70/100 │  0.12s │ bd 3.9880e-02 │ res 1.7841e-01 │ test 6.6467e-01 │ η_eff 3.777e-06
Ep  71/100 │  0.12s │ bd 4.0303e-02 │ res 1.8649e-01 │ test 6.6146e-01 │ η_eff 3.170e-06
Ep  72/100 │  0.11s │ bd 4.1827e-02 │ res 1.8008e-01 │ test 6.5698e-01 │ η_eff 3.458e-06
Ep  73/100 │  0.11s │ bd 3.9497e-02 │ res 1.5581e-01 │ test 6.6346e-01 │ η_eff 3.371e-06
Ep  74/100 │  0.11s │ bd 4.5499e-02 │ res 1.9844e-01 │ test 6.6111e-01 │ η_eff 2.953e-06
Ep  75/100 │  0.12s │ bd 4.2177e-02 │ res 1.7596e-01 │ test 6.5851e-01 │ η_eff 3.110e-06
Ep  76/100 │  0.11s │ bd 3.5919e-02 │ res 1.7101e-01 │ test 6.5770e-01 │ η_eff 3.417e-06
Ep  77/100 │  0.11s │ bd 3.1748e-02 │ res 1.5338e-01 │ test 6.5496e-01 │ η_eff 3.235e-06
Ep  78/100 │  0.11s │ bd 3.2752e-02 │ res 1.4467e-01 │ test 6.5326e-01 │ η_eff 2.695e-06
Ep  79/100 │  0.12s │ bd 3.6425e-02 │ res 1.6589e-01 │ test 6.5636e-01 │ η_eff 3.144e-06
Ep  80/100 │  0.12s │ bd 4.2832e-02 │ res 2.1047e-01 │ test 6.5831e-01 │ η_eff 1.563e-06
Ep  81/100 │  0.12s │ bd 4.2711e-02 │ res 1.9458e-01 │ test 6.5824e-01 │ η_eff 1.924e-06
Ep  82/100 │  0.12s │ bd 3.1783e-02 │ res 1.4805e-01 │ test 6.5667e-01 │ η_eff 1.671e-06
Ep  83/100 │  0.11s │ bd 3.4434e-02 │ res 1.3908e-01 │ test 6.5972e-01 │ η_eff 1.665e-06
Ep  84/100 │  0.11s │ bd 3.9462e-02 │ res 1.7922e-01 │ test 6.5539e-01 │ η_eff 1.549e-06
Ep  85/100 │  0.11s │ bd 3.4214e-02 │ res 1.4139e-01 │ test 6.5442e-01 │ η_eff 1.884e-06
Ep  86/100 │  0.11s │ bd 3.1976e-02 │ res 1.8595e-01 │ test 6.5782e-01 │ η_eff 1.590e-06
Ep  87/100 │  0.11s │ bd 4.0785e-02 │ res 1.6350e-01 │ test 6.5848e-01 │ η_eff 1.819e-06
Ep  88/100 │  0.11s │ bd 3.3262e-02 │ res 1.6416e-01 │ test 6.5428e-01 │ η_eff 2.023e-06
Ep  89/100 │  0.11s │ bd 3.4701e-02 │ res 1.5269e-01 │ test 6.5586e-01 │ η_eff 1.706e-06
Ep  90/100 │  0.12s │ bd 3.5971e-02 │ res 1.7420e-01 │ test 6.5633e-01 │ η_eff 7.468e-07
Ep  91/100 │  0.12s │ bd 3.5780e-02 │ res 1.4578e-01 │ test 6.5543e-01 │ η_eff 1.062e-06
Ep  92/100 │  0.12s │ bd 3.2393e-02 │ res 1.6056e-01 │ test 6.5651e-01 │ η_eff 8.159e-07
Ep  93/100 │  0.12s │ bd 3.9703e-02 │ res 2.0201e-01 │ test 6.5288e-01 │ η_eff 8.108e-07
Ep  94/100 │  0.12s │ bd 4.1416e-02 │ res 2.1260e-01 │ test 6.5431e-01 │ η_eff 8.023e-07
Ep  95/100 │  0.11s │ bd 3.0729e-02 │ res 1.5220e-01 │ test 6.5355e-01 │ η_eff 7.213e-07
Ep  96/100 │  0.11s │ bd 2.7221e-02 │ res 1.5129e-01 │ test 6.5437e-01 │ η_eff 7.756e-07
Ep  97/100 │  0.11s │ bd 3.1843e-02 │ res 1.7264e-01 │ test 6.5498e-01 │ η_eff 9.495e-07
Ep  98/100 │  0.12s │ bd 3.7729e-02 │ res 1.5208e-01 │ test 6.5710e-01 │ η_eff 7.307e-07
Ep  99/100 │  0.11s │ bd 4.0822e-02 │ res 2.0778e-01 │ test 6.5564e-01 │ η_eff 9.849e-07
Ep 100/100 │  0.12s │ bd 3.8212e-02 │ res 1.8802e-01 │ test 6.5723e-01 │ η_eff 4.935e-07
→ Saved: loss/Burger1d_phisfno_ms_90_Adam_ep100_visc0.1_m32_w64_s33/loss_full_loss_1.csv

=== Phase 'full_loss_2' | epochs 100 ===

Ep   1/100 │  0.16s │ bd 1.3754e+00 │ res 1.8632e+01 │ test 1.6081e+00 │ η_eff 3.068e-03
Ep   2/100 │  0.12s │ bd 5.9084e-01 │ res 3.0693e+00 │ test 1.0804e+00 │ η_eff 1.794e-03
Ep   3/100 │  0.12s │ bd 4.6886e-01 │ res 1.4493e+00 │ test 6.1739e-01 │ η_eff 1.262e-03
Ep   4/100 │  0.12s │ bd 2.9447e-01 │ res 1.0522e+00 │ test 4.3414e-01 │ η_eff 9.039e-04
Ep   5/100 │  0.11s │ bd 3.3884e-01 │ res 1.0515e+00 │ test 4.8775e-01 │ η_eff 7.477e-04
Ep   6/100 │  0.11s │ bd 3.1808e-01 │ res 9.9098e-01 │ test 4.1215e-01 │ η_eff 6.985e-04
Ep   7/100 │  0.12s │ bd 2.0670e-01 │ res 6.5776e-01 │ test 3.3025e-01 │ η_eff 7.156e-04
Ep   8/100 │  0.11s │ bd 1.7917e-01 │ res 4.2482e-01 │ test 3.0668e-01 │ η_eff 6.601e-04
Ep   9/100 │  0.12s │ bd 2.0815e-01 │ res 5.4533e-01 │ test 3.2228e-01 │ η_eff 5.838e-04
Ep  10/100 │  0.11s │ bd 1.6046e-01 │ res 4.9028e-01 │ test 2.6776e-01 │ η_eff 2.742e-04
Ep  11/100 │  0.11s │ bd 1.6071e-01 │ res 2.3503e-01 │ test 2.3678e-01 │ η_eff 2.559e-04
Ep  12/100 │  0.11s │ bd 1.5245e-01 │ res 1.8698e-01 │ test 1.8435e-01 │ η_eff 2.727e-04
Ep  13/100 │  0.11s │ bd 1.3650e-01 │ res 2.9104e-01 │ test 2.4218e-01 │ η_eff 2.576e-04
Ep  14/100 │  0.11s │ bd 1.2774e-01 │ res 2.6009e-01 │ test 2.7243e-01 │ η_eff 2.422e-04
Ep  15/100 │  0.11s │ bd 1.2799e-01 │ res 2.3042e-01 │ test 1.9058e-01 │ η_eff 2.657e-04
Ep  16/100 │  0.11s │ bd 1.4229e-01 │ res 1.8364e-01 │ test 1.8756e-01 │ η_eff 2.258e-04
Ep  17/100 │  0.12s │ bd 1.4412e-01 │ res 1.5314e-01 │ test 1.7855e-01 │ η_eff 2.417e-04
Ep  18/100 │  0.12s │ bd 1.4025e-01 │ res 2.3535e-01 │ test 2.6637e-01 │ η_eff 2.535e-04
Ep  19/100 │  0.11s │ bd 1.4052e-01 │ res 2.4939e-01 │ test 2.1349e-01 │ η_eff 2.278e-04
Ep  20/100 │  0.11s │ bd 9.5372e-02 │ res 1.2864e-01 │ test 2.0861e-01 │ η_eff 1.213e-04
Ep  21/100 │  0.11s │ bd 1.0029e-01 │ res 1.3234e-01 │ test 1.5515e-01 │ η_eff 1.380e-04
Ep  22/100 │  0.12s │ bd 1.0016e-01 │ res 1.4306e-01 │ test 1.8534e-01 │ η_eff 1.539e-04
Ep  23/100 │  0.12s │ bd 1.0266e-01 │ res 1.6264e-01 │ test 2.0606e-01 │ η_eff 1.405e-04
Ep  24/100 │  0.11s │ bd 1.0343e-01 │ res 1.7899e-01 │ test 1.7283e-01 │ η_eff 1.384e-04
Ep  25/100 │  0.11s │ bd 1.0094e-01 │ res 1.4751e-01 │ test 1.8012e-01 │ η_eff 1.235e-04
Ep  26/100 │  0.11s │ bd 9.9173e-02 │ res 1.2165e-01 │ test 1.7360e-01 │ η_eff 1.287e-04
Ep  27/100 │  0.12s │ bd 1.0818e-01 │ res 1.3879e-01 │ test 1.7142e-01 │ η_eff 1.472e-04
Ep  28/100 │  0.12s │ bd 8.1756e-02 │ res 1.1198e-01 │ test 1.6122e-01 │ η_eff 1.181e-04
Ep  29/100 │  0.12s │ bd 8.7923e-02 │ res 1.4109e-01 │ test 1.9739e-01 │ η_eff 1.308e-04
Ep  30/100 │  0.12s │ bd 8.2220e-02 │ res 1.2606e-01 │ test 1.6651e-01 │ η_eff 7.101e-05
Ep  31/100 │  0.11s │ bd 6.6748e-02 │ res 9.1990e-02 │ test 1.6347e-01 │ η_eff 7.961e-05
Ep  32/100 │  0.11s │ bd 8.4765e-02 │ res 1.1693e-01 │ test 1.5751e-01 │ η_eff 7.004e-05
Ep  33/100 │  0.12s │ bd 6.0887e-02 │ res 7.6462e-02 │ test 1.5458e-01 │ η_eff 7.500e-05
Ep  34/100 │  0.11s │ bd 5.9416e-02 │ res 1.0935e-01 │ test 1.5765e-01 │ η_eff 6.651e-05
Ep  35/100 │  0.11s │ bd 6.0563e-02 │ res 8.1928e-02 │ test 1.5576e-01 │ η_eff 6.855e-05
Ep  36/100 │  0.11s │ bd 6.3940e-02 │ res 6.7367e-02 │ test 1.5766e-01 │ η_eff 7.000e-05
Ep  37/100 │  0.11s │ bd 6.6218e-02 │ res 1.0842e-01 │ test 1.4672e-01 │ η_eff 7.214e-05
Ep  38/100 │  0.11s │ bd 5.1911e-02 │ res 7.8235e-02 │ test 1.7131e-01 │ η_eff 7.109e-05
Ep  39/100 │  0.12s │ bd 5.8435e-02 │ res 7.7908e-02 │ test 1.4845e-01 │ η_eff 7.013e-05
Ep  40/100 │  0.12s │ bd 4.8661e-02 │ res 8.3197e-02 │ test 1.6138e-01 │ η_eff 3.912e-05
Ep  41/100 │  0.11s │ bd 5.1068e-02 │ res 7.9631e-02 │ test 1.4960e-01 │ η_eff 3.976e-05
Ep  42/100 │  0.11s │ bd 5.3587e-02 │ res 7.8770e-02 │ test 1.4378e-01 │ η_eff 4.926e-05
Ep  43/100 │  0.12s │ bd 4.4765e-02 │ res 7.0134e-02 │ test 1.4592e-01 │ η_eff 3.506e-05
Ep  44/100 │  0.11s │ bd 4.7075e-02 │ res 5.4204e-02 │ test 1.4750e-01 │ η_eff 4.194e-05
Ep  45/100 │  0.11s │ bd 5.5103e-02 │ res 7.8780e-02 │ test 1.5448e-01 │ η_eff 3.778e-05
Ep  46/100 │  0.12s │ bd 4.6577e-02 │ res 5.7037e-02 │ test 1.4297e-01 │ η_eff 4.034e-05
Ep  47/100 │  0.13s │ bd 4.6646e-02 │ res 5.8732e-02 │ test 1.4564e-01 │ η_eff 3.988e-05
Ep  48/100 │  0.12s │ bd 5.2129e-02 │ res 8.1219e-02 │ test 1.4790e-01 │ η_eff 3.619e-05
Ep  49/100 │  0.12s │ bd 4.5201e-02 │ res 7.6371e-02 │ test 1.4499e-01 │ η_eff 4.109e-05
Ep  50/100 │  0.12s │ bd 5.2288e-02 │ res 8.8656e-02 │ test 1.4414e-01 │ η_eff 2.076e-05
Ep  51/100 │  0.12s │ bd 5.1706e-02 │ res 7.4437e-02 │ test 1.5167e-01 │ η_eff 2.003e-05
Ep  52/100 │  0.11s │ bd 4.4219e-02 │ res 6.0414e-02 │ test 1.4528e-01 │ η_eff 2.227e-05
Ep  53/100 │  0.12s │ bd 3.7998e-02 │ res 6.0111e-02 │ test 1.3991e-01 │ η_eff 2.152e-05
Ep  54/100 │  0.11s │ bd 4.1188e-02 │ res 7.0009e-02 │ test 1.4638e-01 │ η_eff 1.880e-05
Ep  55/100 │  0.12s │ bd 5.3674e-02 │ res 8.2266e-02 │ test 1.4203e-01 │ η_eff 2.423e-05
Ep  56/100 │  0.11s │ bd 3.7883e-02 │ res 7.7798e-02 │ test 1.4353e-01 │ η_eff 1.933e-05
Ep  57/100 │  0.12s │ bd 3.9355e-02 │ res 7.7426e-02 │ test 1.5519e-01 │ η_eff 2.047e-05
Ep  58/100 │  0.11s │ bd 4.1527e-02 │ res 6.7678e-02 │ test 1.4203e-01 │ η_eff 2.161e-05
Ep  59/100 │  0.11s │ bd 4.2901e-02 │ res 6.4891e-02 │ test 1.4376e-01 │ η_eff 2.307e-05
Ep  60/100 │  0.11s │ bd 4.4149e-02 │ res 7.0311e-02 │ test 1.3919e-01 │ η_eff 1.187e-05
Ep  61/100 │  0.11s │ bd 3.5131e-02 │ res 7.4662e-02 │ test 1.4377e-01 │ η_eff 1.289e-05
Ep  62/100 │  0.11s │ bd 3.5362e-02 │ res 8.5307e-02 │ test 1.4795e-01 │ η_eff 1.095e-05
Ep  63/100 │  0.11s │ bd 3.5890e-02 │ res 6.5745e-02 │ test 1.4381e-01 │ η_eff 1.141e-05
Ep  64/100 │  0.12s │ bd 3.2782e-02 │ res 6.6100e-02 │ test 1.3940e-01 │ η_eff 1.167e-05
Ep  65/100 │  0.12s │ bd 2.4967e-02 │ res 6.2282e-02 │ test 1.4287e-01 │ η_eff 9.624e-06
Ep  66/100 │  0.11s │ bd 3.7101e-02 │ res 7.4210e-02 │ test 1.5285e-01 │ η_eff 1.022e-05
Ep  67/100 │  0.11s │ bd 2.9971e-02 │ res 6.5529e-02 │ test 1.4589e-01 │ η_eff 1.187e-05
Ep  68/100 │  0.12s │ bd 3.3447e-02 │ res 6.2632e-02 │ test 1.4042e-01 │ η_eff 1.136e-05
Ep  69/100 │  0.11s │ bd 3.4504e-02 │ res 7.7172e-02 │ test 1.4158e-01 │ η_eff 1.164e-05
Ep  70/100 │  0.12s │ bd 3.9545e-02 │ res 4.9561e-02 │ test 1.4392e-01 │ η_eff 5.962e-06
Ep  71/100 │  0.12s │ bd 3.7687e-02 │ res 7.0875e-02 │ test 1.4417e-01 │ η_eff 6.417e-06
Ep  72/100 │  0.11s │ bd 4.0550e-02 │ res 8.0166e-02 │ test 1.4424e-01 │ η_eff 5.495e-06
Ep  73/100 │  0.11s │ bd 3.6546e-02 │ res 6.0106e-02 │ test 1.4305e-01 │ η_eff 5.574e-06
Ep  74/100 │  0.11s │ bd 3.9980e-02 │ res 7.6908e-02 │ test 1.4000e-01 │ η_eff 7.133e-06
Ep  75/100 │  0.12s │ bd 3.4548e-02 │ res 7.4156e-02 │ test 1.4153e-01 │ η_eff 6.641e-06
Ep  76/100 │  0.13s │ bd 2.9457e-02 │ res 5.7742e-02 │ test 1.4535e-01 │ η_eff 6.475e-06
Ep  77/100 │  0.12s │ bd 3.5834e-02 │ res 5.6139e-02 │ test 1.4266e-01 │ η_eff 6.815e-06
Ep  78/100 │  0.12s │ bd 4.2871e-02 │ res 6.6377e-02 │ test 1.4591e-01 │ η_eff 6.010e-06
Ep  79/100 │  0.11s │ bd 3.1188e-02 │ res 6.2227e-02 │ test 1.4449e-01 │ η_eff 6.063e-06
Ep  80/100 │  0.11s │ bd 3.7086e-02 │ res 5.6832e-02 │ test 1.4184e-01 │ η_eff 3.109e-06
Ep  81/100 │  0.13s │ bd 4.1448e-02 │ res 5.8245e-02 │ test 1.4133e-01 │ η_eff 3.228e-06
Ep  82/100 │  0.11s │ bd 2.9064e-02 │ res 5.3866e-02 │ test 1.4181e-01 │ η_eff 3.239e-06
Ep  83/100 │  0.11s │ bd 3.4674e-02 │ res 7.1861e-02 │ test 1.4111e-01 │ η_eff 3.298e-06
Ep  84/100 │  0.11s │ bd 3.1355e-02 │ res 5.7752e-02 │ test 1.4307e-01 │ η_eff 3.292e-06
Ep  85/100 │  0.11s │ bd 3.9142e-02 │ res 5.4014e-02 │ test 1.4438e-01 │ η_eff 3.040e-06
Ep  86/100 │  0.11s │ bd 2.8762e-02 │ res 4.5273e-02 │ test 1.4130e-01 │ η_eff 2.946e-06
Ep  87/100 │  0.12s │ bd 3.7644e-02 │ res 5.2870e-02 │ test 1.4059e-01 │ η_eff 3.101e-06
Ep  88/100 │  0.11s │ bd 3.6875e-02 │ res 6.5551e-02 │ test 1.4060e-01 │ η_eff 3.490e-06
Ep  89/100 │  0.11s │ bd 3.1320e-02 │ res 6.5671e-02 │ test 1.4258e-01 │ η_eff 3.451e-06
Ep  90/100 │  0.11s │ bd 5.5783e-02 │ res 1.0510e-01 │ test 1.4158e-01 │ η_eff 1.612e-06
Ep  91/100 │  0.12s │ bd 3.7476e-02 │ res 6.4642e-02 │ test 1.4097e-01 │ η_eff 1.732e-06
Ep  92/100 │  0.11s │ bd 3.7329e-02 │ res 6.6070e-02 │ test 1.3904e-01 │ η_eff 2.008e-06
Ep  93/100 │  0.12s │ bd 3.2905e-02 │ res 5.2968e-02 │ test 1.4133e-01 │ η_eff 1.773e-06
Ep  94/100 │  0.12s │ bd 2.5760e-02 │ res 5.3905e-02 │ test 1.4167e-01 │ η_eff 1.615e-06
Ep  95/100 │  0.11s │ bd 2.9354e-02 │ res 5.5141e-02 │ test 1.4223e-01 │ η_eff 1.571e-06
Ep  96/100 │  0.11s │ bd 3.1388e-02 │ res 5.1454e-02 │ test 1.4293e-01 │ η_eff 1.634e-06
Ep  97/100 │  0.11s │ bd 3.1223e-02 │ res 5.4250e-02 │ test 1.4181e-01 │ η_eff 1.684e-06
Ep  98/100 │  0.11s │ bd 3.5103e-02 │ res 5.0551e-02 │ test 1.4164e-01 │ η_eff 1.999e-06
Ep  99/100 │  0.11s │ bd 3.9795e-02 │ res 7.4283e-02 │ test 1.4180e-01 │ η_eff 2.019e-06
Ep 100/100 │  0.12s │ bd 3.1624e-02 │ res 5.8659e-02 │ test 1.4173e-01 │ η_eff 8.698e-07
→ Saved: loss/Burger1d_phisfno_ms_90_Adam_ep100_visc0.1_m32_w64_s33/loss_full_loss_2.csv

=== Phase 'full_loss_3' | epochs 100 ===

Ep   1/100 │  0.15s │ bd 5.5603e-01 │ res 6.0749e+00 │ test 7.5306e-01 │ η_eff 2.843e-03
Ep   2/100 │  0.11s │ bd 5.5053e-01 │ res 1.4195e+00 │ test 5.3317e-01 │ η_eff 2.356e-03
Ep   3/100 │  0.12s │ bd 2.8513e-01 │ res 8.3654e-01 │ test 3.7223e-01 │ η_eff 2.229e-03
Ep   4/100 │  0.12s │ bd 2.3071e-01 │ res 4.7618e-01 │ test 2.4097e-01 │ η_eff 1.967e-03
Ep   5/100 │  0.12s │ bd 2.3820e-01 │ res 3.2629e-01 │ test 2.2208e-01 │ η_eff 1.961e-03
Ep   6/100 │  0.12s │ bd 3.1950e-01 │ res 4.8366e-01 │ test 2.8535e-01 │ η_eff 1.552e-03
Ep   7/100 │  0.11s │ bd 2.0623e-01 │ res 5.9214e-01 │ test 3.5907e-01 │ η_eff 1.311e-03
Ep   8/100 │  0.11s │ bd 2.9992e-01 │ res 3.6779e-01 │ test 2.0215e-01 │ η_eff 1.089e-03
Ep   9/100 │  0.12s │ bd 2.2084e-01 │ res 3.1595e-01 │ test 2.1511e-01 │ η_eff 1.119e-03
Ep  10/100 │  0.14s │ bd 1.4050e-01 │ res 3.0600e-01 │ test 1.8832e-01 │ η_eff 4.910e-04
Ep  11/100 │  0.12s │ bd 1.3113e-01 │ res 2.8352e-01 │ test 1.2337e-01 │ η_eff 5.747e-04
Ep  12/100 │  0.12s │ bd 1.3082e-01 │ res 1.6707e-01 │ test 1.8767e-01 │ η_eff 5.128e-04
Ep  13/100 │  0.12s │ bd 1.3987e-01 │ res 2.1312e-01 │ test 1.4405e-01 │ η_eff 5.148e-04
Ep  14/100 │  0.12s │ bd 1.0730e-01 │ res 1.7283e-01 │ test 1.7289e-01 │ η_eff 5.268e-04
Ep  15/100 │  0.11s │ bd 1.4000e-01 │ res 1.8375e-01 │ test 1.3370e-01 │ η_eff 5.161e-04
Ep  16/100 │  0.11s │ bd 1.1893e-01 │ res 1.5331e-01 │ test 1.3021e-01 │ η_eff 4.511e-04
Ep  17/100 │  0.11s │ bd 1.0285e-01 │ res 1.7469e-01 │ test 1.3758e-01 │ η_eff 5.243e-04
Ep  18/100 │  0.11s │ bd 8.6080e-02 │ res 1.1522e-01 │ test 1.2800e-01 │ η_eff 5.308e-04
Ep  19/100 │  0.11s │ bd 9.9781e-02 │ res 1.0736e-01 │ test 1.1847e-01 │ η_eff 5.632e-04
Ep  20/100 │  0.12s │ bd 9.0821e-02 │ res 1.3203e-01 │ test 1.5134e-01 │ η_eff 2.858e-04
Ep  21/100 │  0.12s │ bd 1.0896e-01 │ res 1.2239e-01 │ test 1.3362e-01 │ η_eff 2.859e-04
Ep  22/100 │  0.12s │ bd 8.8457e-02 │ res 1.1187e-01 │ test 1.3205e-01 │ η_eff 3.004e-04
Ep  23/100 │  0.12s │ bd 7.2639e-02 │ res 9.0135e-02 │ test 1.0636e-01 │ η_eff 2.698e-04
Ep  24/100 │  0.11s │ bd 6.5850e-02 │ res 5.8978e-02 │ test 1.1716e-01 │ η_eff 2.998e-04
Ep  25/100 │  0.11s │ bd 6.3591e-02 │ res 5.6464e-02 │ test 1.1801e-01 │ η_eff 2.849e-04
Ep  26/100 │  0.12s │ bd 6.8910e-02 │ res 7.5999e-02 │ test 1.1394e-01 │ η_eff 2.909e-04
Ep  27/100 │  0.11s │ bd 5.9541e-02 │ res 7.6662e-02 │ test 8.8778e-02 │ η_eff 2.733e-04
Ep  28/100 │  0.11s │ bd 5.7350e-02 │ res 7.1919e-02 │ test 1.1063e-01 │ η_eff 2.626e-04
Ep  29/100 │  0.11s │ bd 5.6220e-02 │ res 8.0211e-02 │ test 1.0826e-01 │ η_eff 2.938e-04
Ep  30/100 │  0.12s │ bd 6.6881e-02 │ res 8.0490e-02 │ test 1.0359e-01 │ η_eff 1.295e-04
Ep  31/100 │  0.12s │ bd 4.6392e-02 │ res 6.2677e-02 │ test 9.3044e-02 │ η_eff 1.622e-04
Ep  32/100 │  0.12s │ bd 4.5110e-02 │ res 6.1707e-02 │ test 9.8703e-02 │ η_eff 1.606e-04
Ep  33/100 │  0.12s │ bd 5.7154e-02 │ res 5.5402e-02 │ test 1.0753e-01 │ η_eff 1.501e-04
Ep  34/100 │  0.13s │ bd 4.9713e-02 │ res 5.3849e-02 │ test 8.9428e-02 │ η_eff 1.723e-04
Ep  35/100 │  0.12s │ bd 5.1469e-02 │ res 6.9381e-02 │ test 9.6179e-02 │ η_eff 1.399e-04
Ep  36/100 │  0.11s │ bd 6.0111e-02 │ res 7.1930e-02 │ test 1.0648e-01 │ η_eff 1.471e-04
Ep  37/100 │  0.11s │ bd 5.4448e-02 │ res 6.2604e-02 │ test 8.4220e-02 │ η_eff 1.524e-04
Ep  38/100 │  0.11s │ bd 4.4319e-02 │ res 6.9245e-02 │ test 9.2419e-02 │ η_eff 1.419e-04
Ep  39/100 │  0.12s │ bd 4.9131e-02 │ res 6.8596e-02 │ test 8.8140e-02 │ η_eff 1.556e-04
Ep  40/100 │  0.12s │ bd 6.5662e-02 │ res 6.3405e-02 │ test 1.0426e-01 │ η_eff 8.856e-05
Ep  41/100 │  0.11s │ bd 4.5127e-02 │ res 5.7895e-02 │ test 8.5766e-02 │ η_eff 9.177e-05
Ep  42/100 │  0.12s │ bd 4.9872e-02 │ res 7.8313e-02 │ test 8.8867e-02 │ η_eff 9.129e-05
Ep  43/100 │  0.11s │ bd 4.0445e-02 │ res 6.7875e-02 │ test 8.5975e-02 │ η_eff 8.121e-05
Ep  44/100 │  0.11s │ bd 4.1337e-02 │ res 7.0922e-02 │ test 9.3675e-02 │ η_eff 8.473e-05
Ep  45/100 │  0.11s │ bd 4.0747e-02 │ res 7.0292e-02 │ test 9.3581e-02 │ η_eff 8.120e-05
Ep  46/100 │  0.11s │ bd 3.9471e-02 │ res 5.0194e-02 │ test 9.4498e-02 │ η_eff 9.172e-05
Ep  47/100 │  0.11s │ bd 4.4882e-02 │ res 3.7860e-02 │ test 9.0184e-02 │ η_eff 8.073e-05
Ep  48/100 │  0.12s │ bd 4.1944e-02 │ res 6.0262e-02 │ test 8.6068e-02 │ η_eff 8.259e-05
Ep  49/100 │  0.11s │ bd 3.5774e-02 │ res 3.0239e-02 │ test 8.7230e-02 │ η_eff 8.094e-05
Ep  50/100 │  0.11s │ bd 4.1664e-02 │ res 4.6068e-02 │ test 8.7223e-02 │ η_eff 4.247e-05
Ep  51/100 │  0.11s │ bd 3.5160e-02 │ res 4.0592e-02 │ test 8.5727e-02 │ η_eff 4.178e-05
Ep  52/100 │  0.12s │ bd 3.0143e-02 │ res 4.5247e-02 │ test 8.8934e-02 │ η_eff 4.183e-05
Ep  53/100 │  0.12s │ bd 2.7503e-02 │ res 3.5052e-02 │ test 8.4803e-02 │ η_eff 4.671e-05
Ep  54/100 │  0.11s │ bd 3.1890e-02 │ res 3.0721e-02 │ test 8.6822e-02 │ η_eff 4.149e-05
Ep  55/100 │  0.11s │ bd 2.9358e-02 │ res 3.2181e-02 │ test 8.5133e-02 │ η_eff 4.137e-05
Ep  56/100 │  0.11s │ bd 4.0409e-02 │ res 3.8459e-02 │ test 8.3287e-02 │ η_eff 4.072e-05
Ep  57/100 │  0.12s │ bd 3.4844e-02 │ res 4.2446e-02 │ test 8.5576e-02 │ η_eff 4.298e-05
Ep  58/100 │  0.12s │ bd 3.7482e-02 │ res 4.1814e-02 │ test 8.9491e-02 │ η_eff 4.706e-05
Ep  59/100 │  0.12s │ bd 3.5318e-02 │ res 7.0374e-02 │ test 8.8572e-02 │ η_eff 4.298e-05
Ep  60/100 │  0.12s │ bd 3.7578e-02 │ res 5.2656e-02 │ test 8.3840e-02 │ η_eff 2.162e-05
Ep  61/100 │  0.11s │ bd 3.3776e-02 │ res 4.2201e-02 │ test 8.5387e-02 │ η_eff 2.441e-05
Ep  62/100 │  0.11s │ bd 3.2353e-02 │ res 3.4439e-02 │ test 8.8427e-02 │ η_eff 2.423e-05
Ep  63/100 │  0.12s │ bd 3.2852e-02 │ res 4.1703e-02 │ test 8.4206e-02 │ η_eff 2.851e-05
Ep  64/100 │  0.13s │ bd 3.5968e-02 │ res 5.9146e-02 │ test 8.5440e-02 │ η_eff 2.275e-05
Ep  65/100 │  0.11s │ bd 3.5427e-02 │ res 7.3736e-02 │ test 8.8559e-02 │ η_eff 2.228e-05
Ep  66/100 │  0.11s │ bd 3.6050e-02 │ res 3.7064e-02 │ test 8.7473e-02 │ η_eff 2.729e-05
Ep  67/100 │  0.12s │ bd 2.6473e-02 │ res 2.5080e-02 │ test 8.7258e-02 │ η_eff 2.599e-05
Ep  68/100 │  0.11s │ bd 2.7484e-02 │ res 3.2664e-02 │ test 8.8012e-02 │ η_eff 2.040e-05
Ep  69/100 │  0.11s │ bd 3.2263e-02 │ res 5.9078e-02 │ test 8.5171e-02 │ η_eff 2.144e-05
Ep  70/100 │  0.12s │ bd 3.3781e-02 │ res 4.9915e-02 │ test 8.4468e-02 │ η_eff 1.146e-05
Ep  71/100 │  0.11s │ bd 2.7122e-02 │ res 3.3468e-02 │ test 8.4419e-02 │ η_eff 1.171e-05
Ep  72/100 │  0.11s │ bd 2.8022e-02 │ res 4.0619e-02 │ test 8.3569e-02 │ η_eff 1.261e-05
Ep  73/100 │  0.12s │ bd 2.9472e-02 │ res 5.6773e-02 │ test 8.5596e-02 │ η_eff 1.142e-05
Ep  74/100 │  0.12s │ bd 2.6634e-02 │ res 3.6373e-02 │ test 8.5126e-02 │ η_eff 1.099e-05
Ep  75/100 │  0.12s │ bd 3.2017e-02 │ res 4.6807e-02 │ test 8.4475e-02 │ η_eff 1.130e-05
Ep  76/100 │  0.13s │ bd 3.3151e-02 │ res 4.1929e-02 │ test 8.3947e-02 │ η_eff 1.402e-05
Ep  77/100 │  0.11s │ bd 2.9409e-02 │ res 5.7271e-02 │ test 8.3919e-02 │ η_eff 1.360e-05
Ep  78/100 │  0.11s │ bd 3.7500e-02 │ res 5.9723e-02 │ test 8.5436e-02 │ η_eff 1.036e-05
Ep  79/100 │  0.11s │ bd 2.2088e-02 │ res 2.6685e-02 │ test 8.3172e-02 │ η_eff 1.242e-05
Ep  80/100 │  0.12s │ bd 2.3615e-02 │ res 3.9264e-02 │ test 8.3565e-02 │ η_eff 5.918e-06
Ep  81/100 │  0.11s │ bd 2.8157e-02 │ res 3.3553e-02 │ test 8.3036e-02 │ η_eff 6.598e-06
Ep  82/100 │  0.13s │ bd 3.0383e-02 │ res 4.9991e-02 │ test 8.3417e-02 │ η_eff 5.695e-06
Ep  83/100 │  0.12s │ bd 2.6829e-02 │ res 4.4442e-02 │ test 8.4352e-02 │ η_eff 6.937e-06
Ep  84/100 │  0.12s │ bd 3.6716e-02 │ res 8.1626e-02 │ test 8.4939e-02 │ η_eff 6.508e-06
Ep  85/100 │  0.11s │ bd 2.2927e-02 │ res 2.7050e-02 │ test 8.4363e-02 │ η_eff 6.167e-06
Ep  86/100 │  0.12s │ bd 3.2982e-02 │ res 4.1452e-02 │ test 8.4976e-02 │ η_eff 5.839e-06
Ep  87/100 │  0.12s │ bd 2.9323e-02 │ res 3.6781e-02 │ test 8.5320e-02 │ η_eff 6.246e-06
Ep  88/100 │  0.12s │ bd 3.1121e-02 │ res 3.4348e-02 │ test 8.3587e-02 │ η_eff 6.201e-06
Ep  89/100 │  0.12s │ bd 2.3170e-02 │ res 3.7276e-02 │ test 8.3944e-02 │ η_eff 5.561e-06
Ep  90/100 │  0.12s │ bd 2.6609e-02 │ res 4.4061e-02 │ test 8.2918e-02 │ η_eff 3.030e-06
Ep  91/100 │  0.12s │ bd 2.5397e-02 │ res 3.4025e-02 │ test 8.2877e-02 │ η_eff 2.859e-06
Ep  92/100 │  0.11s │ bd 3.2393e-02 │ res 5.2977e-02 │ test 8.3256e-02 │ η_eff 2.972e-06
Ep  93/100 │  0.12s │ bd 3.4180e-02 │ res 4.3397e-02 │ test 8.1985e-02 │ η_eff 3.052e-06
Ep  94/100 │  0.13s │ bd 3.2464e-02 │ res 3.8101e-02 │ test 8.1536e-02 │ η_eff 3.555e-06
Ep  95/100 │  0.11s │ bd 3.2650e-02 │ res 3.2457e-02 │ test 8.1652e-02 │ η_eff 3.236e-06
Ep  96/100 │  0.11s │ bd 2.8225e-02 │ res 5.8609e-02 │ test 8.1833e-02 │ η_eff 2.899e-06
Ep  97/100 │  0.11s │ bd 2.1592e-02 │ res 2.5617e-02 │ test 8.2770e-02 │ η_eff 2.839e-06
Ep  98/100 │  0.11s │ bd 2.5474e-02 │ res 3.2726e-02 │ test 8.2609e-02 │ η_eff 3.188e-06
Ep  99/100 │  0.11s │ bd 3.5112e-02 │ res 6.3351e-02 │ test 8.2857e-02 │ η_eff 3.441e-06
Ep 100/100 │  0.11s │ bd 2.9845e-02 │ res 3.5908e-02 │ test 8.3181e-02 │ η_eff 1.657e-06
→ Saved: loss/Burger1d_phisfno_ms_90_Adam_ep100_visc0.1_m32_w64_s33/loss_full_loss_3.csv
→ Model saved: model/Burger1d_phisfno_ms_90_Adam_ep100_visc0.1_m32_w64_s33
→ Eta-term history: loss/Burger1d_phisfno_ms_90_Adam_ep100_visc0.1_m32_w64_s33/eta_term_history.csv
  sample 0: test L2 = 1.0546e-01
  sample 1: test L2 = 5.3328e-02
  sample 2: test L2 = 3.0122e-02
  sample 3: test L2 = 6.1549e-02
  sample 4: test L2 = 2.6135e-01
  sample 5: test L2 = 6.5295e-02
  sample 6: test L2 = 5.1445e-02
  sample 7: test L2 = 6.1360e-02
  sample 8: test L2 = 5.1421e-02
  sample 9: test L2 = 9.0501e-02
→ Predictions saved: burger_test_phisfno_ms.mat
→ Figure saved: image/Burger1d_phisfno_ms_90_Adam_ep100_visc0.1_m32_w64_s33/final_velocity.png
