loaded 1D buffers
[train_model] model=phisfno | training=singlestage | S=2048 | nu=0.1 | dt=0.1 | modes=32 | width=64
Model parameters: 550,339

=== Phase 'full_loss_1' | epochs 200 ===

Ep   1/200 │  0.48s │ bd 2.8465e+00 │ res 4.9134e+01 │ test 2.7039e+00 │ η_eff 2.472e-03
Ep   2/200 │  0.11s │ bd 1.4004e+00 │ res 3.3089e+01 │ test 3.5653e+00 │ η_eff 1.009e-03
Ep   3/200 │  0.11s │ bd 1.0802e+00 │ res 3.0382e+01 │ test 3.4370e+00 │ η_eff 4.947e-04
Ep   4/200 │  0.11s │ bd 9.7280e-01 │ res 2.3557e+01 │ test 3.3810e+00 │ η_eff 4.017e-04
Ep   5/200 │  0.12s │ bd 7.8776e-01 │ res 1.4410e+01 │ test 4.2964e+00 │ η_eff 4.007e-04
Ep   6/200 │  0.11s │ bd 9.4206e-01 │ res 1.0557e+01 │ test 4.9701e+00 │ η_eff 3.863e-04
Ep   7/200 │  0.11s │ bd 7.3136e-01 │ res 9.3168e+00 │ test 5.5769e+00 │ η_eff 3.872e-04
Ep   8/200 │  0.12s │ bd 6.6510e-01 │ res 6.1745e+00 │ test 5.7469e+00 │ η_eff 2.877e-04
Ep   9/200 │  0.11s │ bd 7.9979e-01 │ res 4.5631e+00 │ test 7.4659e+00 │ η_eff 3.062e-04
Ep  10/200 │  0.11s │ bd 6.1388e-01 │ res 3.2814e+00 │ test 7.5407e+00 │ η_eff 1.544e-04
Ep  11/200 │  0.11s │ bd 4.3650e-01 │ res 3.1357e+00 │ test 7.5002e+00 │ η_eff 1.229e-04
Ep  12/200 │  0.12s │ bd 3.4098e-01 │ res 3.3614e+00 │ test 7.2892e+00 │ η_eff 1.047e-04
Ep  13/200 │  0.11s │ bd 3.5970e-01 │ res 2.9815e+00 │ test 7.9253e+00 │ η_eff 1.018e-04
Ep  14/200 │  0.11s │ bd 2.7736e-01 │ res 2.2941e+00 │ test 7.4934e+00 │ η_eff 1.021e-04
Ep  15/200 │  0.11s │ bd 3.7909e-01 │ res 2.8286e+00 │ test 7.6565e+00 │ η_eff 1.098e-04
Ep  16/200 │  0.12s │ bd 4.0470e-01 │ res 2.0303e+00 │ test 7.8023e+00 │ η_eff 1.351e-04
Ep  17/200 │  0.11s │ bd 3.0427e-01 │ res 1.9267e+00 │ test 7.8359e+00 │ η_eff 1.029e-04
Ep  18/200 │  0.11s │ bd 3.0214e-01 │ res 1.6519e+00 │ test 7.7113e+00 │ η_eff 1.300e-04
Ep  19/200 │  0.11s │ bd 2.7426e-01 │ res 1.9028e+00 │ test 8.0633e+00 │ η_eff 1.191e-04
Ep  20/200 │  0.11s │ bd 2.9384e-01 │ res 1.6191e+00 │ test 8.0257e+00 │ η_eff 7.348e-05
Ep  21/200 │  0.11s │ bd 2.2012e-01 │ res 1.6518e+00 │ test 8.6569e+00 │ η_eff 6.793e-05
Ep  22/200 │  0.10s │ bd 2.5950e-01 │ res 1.4143e+00 │ test 8.2210e+00 │ η_eff 7.837e-05
Ep  23/200 │  0.12s │ bd 1.7778e-01 │ res 1.0845e+00 │ test 8.6715e+00 │ η_eff 6.337e-05
Ep  24/200 │  0.11s │ bd 2.0502e-01 │ res 9.5711e-01 │ test 8.5290e+00 │ η_eff 5.421e-05
Ep  25/200 │  0.11s │ bd 2.4941e-01 │ res 1.1995e+00 │ test 8.5467e+00 │ η_eff 7.431e-05
Ep  26/200 │  0.11s │ bd 1.9100e-01 │ res 8.2450e-01 │ test 8.5425e+00 │ η_eff 6.521e-05
Ep  27/200 │  0.11s │ bd 1.6297e-01 │ res 8.0477e-01 │ test 8.5983e+00 │ η_eff 9.434e-05
Ep  28/200 │  0.11s │ bd 1.6797e-01 │ res 1.1017e+00 │ test 8.5602e+00 │ η_eff 6.791e-05
Ep  29/200 │  0.11s │ bd 1.4781e-01 │ res 9.1894e-01 │ test 8.6273e+00 │ η_eff 6.568e-05
Ep  30/200 │  0.11s │ bd 2.1231e-01 │ res 8.5707e-01 │ test 8.4754e+00 │ η_eff 3.594e-05
Ep  31/200 │  0.11s │ bd 1.5994e-01 │ res 6.4988e-01 │ test 8.7831e+00 │ η_eff 3.614e-05
Ep  32/200 │  0.12s │ bd 1.6435e-01 │ res 7.6219e-01 │ test 8.6761e+00 │ η_eff 6.359e-05
Ep  33/200 │  0.11s │ bd 1.5958e-01 │ res 7.1759e-01 │ test 8.7952e+00 │ η_eff 5.389e-05
Ep  34/200 │  0.11s │ bd 1.5672e-01 │ res 5.5331e-01 │ test 8.5859e+00 │ η_eff 4.069e-05
Ep  35/200 │  0.11s │ bd 1.5616e-01 │ res 7.3556e-01 │ test 8.7437e+00 │ η_eff 3.706e-05
Ep  36/200 │  0.12s │ bd 1.3869e-01 │ res 6.8638e-01 │ test 8.8097e+00 │ η_eff 3.965e-05
Ep  37/200 │  0.11s │ bd 1.1728e-01 │ res 9.0303e-01 │ test 8.6883e+00 │ η_eff 5.268e-05
Ep  38/200 │  0.11s │ bd 1.5494e-01 │ res 7.3584e-01 │ test 8.8424e+00 │ η_eff 3.896e-05
Ep  39/200 │  0.11s │ bd 1.2824e-01 │ res 5.2664e-01 │ test 8.7472e+00 │ η_eff 3.559e-05
Ep  40/200 │  0.11s │ bd 1.3163e-01 │ res 4.8596e-01 │ test 8.8511e+00 │ η_eff 2.086e-05
Ep  41/200 │  0.11s │ bd 9.5983e-02 │ res 4.8012e-01 │ test 8.7780e+00 │ η_eff 2.241e-05
Ep  42/200 │  0.12s │ bd 1.0552e-01 │ res 4.6665e-01 │ test 8.7198e+00 │ η_eff 2.271e-05
Ep  43/200 │  0.11s │ bd 1.3186e-01 │ res 4.2613e-01 │ test 8.8525e+00 │ η_eff 1.993e-05
Ep  44/200 │  0.11s │ bd 1.0908e-01 │ res 3.7436e-01 │ test 8.8483e+00 │ η_eff 1.778e-05
Ep  45/200 │  0.11s │ bd 1.0612e-01 │ res 5.8301e-01 │ test 8.6894e+00 │ η_eff 2.245e-05
Ep  46/200 │  0.12s │ bd 8.4486e-02 │ res 5.2008e-01 │ test 8.7628e+00 │ η_eff 2.038e-05
Ep  47/200 │  0.11s │ bd 1.0774e-01 │ res 4.1712e-01 │ test 8.8130e+00 │ η_eff 2.612e-05
Ep  48/200 │  0.11s │ bd 9.4055e-02 │ res 4.4600e-01 │ test 8.8004e+00 │ η_eff 3.046e-05
Ep  49/200 │  0.12s │ bd 1.1934e-01 │ res 5.7818e-01 │ test 8.7789e+00 │ η_eff 2.882e-05
Ep  50/200 │  0.11s │ bd 1.0450e-01 │ res 4.9675e-01 │ test 8.8025e+00 │ η_eff 1.565e-05
Ep  51/200 │  0.11s │ bd 1.0167e-01 │ res 5.1822e-01 │ test 8.7688e+00 │ η_eff 1.368e-05
Ep  52/200 │  0.11s │ bd 8.7781e-02 │ res 4.9519e-01 │ test 8.7861e+00 │ η_eff 1.849e-05
Ep  53/200 │  0.11s │ bd 7.3412e-02 │ res 4.3603e-01 │ test 8.8318e+00 │ η_eff 1.681e-05
Ep  54/200 │  0.11s │ bd 9.7281e-02 │ res 5.0970e-01 │ test 8.8225e+00 │ η_eff 1.116e-05
Ep  55/200 │  0.11s │ bd 7.6443e-02 │ res 4.2643e-01 │ test 8.8270e+00 │ η_eff 1.282e-05
Ep  56/200 │  0.11s │ bd 7.7227e-02 │ res 4.3723e-01 │ test 8.7720e+00 │ η_eff 1.402e-05
Ep  57/200 │  0.12s │ bd 9.6982e-02 │ res 5.3033e-01 │ test 8.8457e+00 │ η_eff 1.719e-05
Ep  58/200 │  0.11s │ bd 6.8257e-02 │ res 3.4899e-01 │ test 8.7800e+00 │ η_eff 1.131e-05
Ep  59/200 │  0.11s │ bd 7.0002e-02 │ res 4.0419e-01 │ test 8.8713e+00 │ η_eff 1.105e-05
Ep  60/200 │  0.12s │ bd 6.5432e-02 │ res 4.5242e-01 │ test 8.8769e+00 │ η_eff 6.000e-06
Ep  61/200 │  0.11s │ bd 6.7172e-02 │ res 4.3487e-01 │ test 8.8521e+00 │ η_eff 7.547e-06
Ep  62/200 │  0.12s │ bd 6.9967e-02 │ res 5.5814e-01 │ test 8.8613e+00 │ η_eff 6.276e-06
Ep  63/200 │  0.11s │ bd 7.8857e-02 │ res 5.6901e-01 │ test 8.8524e+00 │ η_eff 6.948e-06
Ep  64/200 │  0.11s │ bd 6.4356e-02 │ res 3.2771e-01 │ test 8.8412e+00 │ η_eff 8.711e-06
Ep  65/200 │  0.11s │ bd 5.8805e-02 │ res 3.6174e-01 │ test 8.8337e+00 │ η_eff 6.683e-06
Ep  66/200 │  0.11s │ bd 7.9154e-02 │ res 3.5223e-01 │ test 8.8264e+00 │ η_eff 6.021e-06
Ep  67/200 │  0.12s │ bd 6.1233e-02 │ res 3.8287e-01 │ test 8.8530e+00 │ η_eff 6.839e-06
Ep  68/200 │  0.11s │ bd 5.9565e-02 │ res 4.5959e-01 │ test 8.8754e+00 │ η_eff 6.486e-06
Ep  69/200 │  0.11s │ bd 6.3579e-02 │ res 5.0452e-01 │ test 8.9205e+00 │ η_eff 7.049e-06
Ep  70/200 │  0.11s │ bd 5.6249e-02 │ res 3.8390e-01 │ test 8.8597e+00 │ η_eff 2.956e-06
Ep  71/200 │  0.11s │ bd 7.3203e-02 │ res 4.1207e-01 │ test 8.8662e+00 │ η_eff 3.583e-06
Ep  72/200 │  0.11s │ bd 6.7734e-02 │ res 6.5886e-01 │ test 8.9617e+00 │ η_eff 4.310e-06
Ep  73/200 │  0.11s │ bd 5.7588e-02 │ res 4.0025e-01 │ test 8.9098e+00 │ η_eff 3.851e-06
Ep  74/200 │  0.11s │ bd 5.4095e-02 │ res 3.5386e-01 │ test 8.8330e+00 │ η_eff 4.155e-06
Ep  75/200 │  0.11s │ bd 6.3925e-02 │ res 3.9484e-01 │ test 8.9118e+00 │ η_eff 4.636e-06
Ep  76/200 │  0.12s │ bd 5.8174e-02 │ res 4.8497e-01 │ test 8.8965e+00 │ η_eff 3.986e-06
Ep  77/200 │  0.13s │ bd 7.0256e-02 │ res 5.0077e-01 │ test 8.8691e+00 │ η_eff 3.841e-06
Ep  78/200 │  0.11s │ bd 6.5049e-02 │ res 5.4156e-01 │ test 8.8767e+00 │ η_eff 3.878e-06
Ep  79/200 │  0.12s │ bd 5.8451e-02 │ res 3.7713e-01 │ test 8.8742e+00 │ η_eff 3.564e-06
Ep  80/200 │  0.11s │ bd 6.7491e-02 │ res 5.1065e-01 │ test 8.8612e+00 │ η_eff 1.783e-06
Ep  81/200 │  0.11s │ bd 6.1450e-02 │ res 4.7121e-01 │ test 8.8809e+00 │ η_eff 2.371e-06
Ep  82/200 │  0.12s │ bd 6.1587e-02 │ res 4.4218e-01 │ test 8.8493e+00 │ η_eff 2.295e-06
Ep  83/200 │  0.11s │ bd 7.5261e-02 │ res 4.2268e-01 │ test 8.8681e+00 │ η_eff 1.797e-06
Ep  84/200 │  0.11s │ bd 6.1690e-02 │ res 3.4926e-01 │ test 8.8913e+00 │ η_eff 2.072e-06
Ep  85/200 │  0.11s │ bd 6.0973e-02 │ res 4.2589e-01 │ test 8.8308e+00 │ η_eff 2.104e-06
Ep  86/200 │  0.11s │ bd 5.6519e-02 │ res 3.5885e-01 │ test 8.8715e+00 │ η_eff 1.947e-06
Ep  87/200 │  0.11s │ bd 6.0697e-02 │ res 5.1801e-01 │ test 8.8788e+00 │ η_eff 1.631e-06
Ep  88/200 │  0.11s │ bd 6.1950e-02 │ res 3.3975e-01 │ test 8.8646e+00 │ η_eff 1.796e-06
Ep  89/200 │  0.11s │ bd 4.8845e-02 │ res 2.7879e-01 │ test 8.8375e+00 │ η_eff 2.607e-06
Ep  90/200 │  0.13s │ bd 4.8990e-02 │ res 4.3095e-01 │ test 8.8765e+00 │ η_eff 8.720e-07
Ep  91/200 │  0.11s │ bd 5.8163e-02 │ res 4.5880e-01 │ test 8.8813e+00 │ η_eff 1.285e-06
Ep  92/200 │  0.12s │ bd 5.8561e-02 │ res 2.8466e-01 │ test 8.8436e+00 │ η_eff 8.784e-07
Ep  93/200 │  0.13s │ bd 6.8769e-02 │ res 5.7125e-01 │ test 8.8943e+00 │ η_eff 8.435e-07
Ep  94/200 │  0.11s │ bd 6.1448e-02 │ res 4.9393e-01 │ test 8.8021e+00 │ η_eff 8.312e-07
Ep  95/200 │  0.11s │ bd 6.0310e-02 │ res 5.2447e-01 │ test 8.8823e+00 │ η_eff 1.028e-06
Ep  96/200 │  0.12s │ bd 6.5066e-02 │ res 3.5445e-01 │ test 8.8571e+00 │ η_eff 9.174e-07
Ep  97/200 │  0.11s │ bd 6.2421e-02 │ res 5.1507e-01 │ test 8.8773e+00 │ η_eff 9.033e-07
Ep  98/200 │  0.11s │ bd 6.6449e-02 │ res 5.3489e-01 │ test 8.8830e+00 │ η_eff 8.934e-07
Ep  99/200 │  0.11s │ bd 6.9328e-02 │ res 4.7554e-01 │ test 8.9375e+00 │ η_eff 1.226e-06
Ep 100/200 │  0.12s │ bd 5.8503e-02 │ res 3.8125e-01 │ test 8.8756e+00 │ η_eff 4.594e-07
Ep 101/200 │  0.12s │ bd 6.3076e-02 │ res 4.1260e-01 │ test 8.8574e+00 │ η_eff 4.582e-07
Ep 102/200 │  0.11s │ bd 5.1183e-02 │ res 4.3508e-01 │ test 8.8745e+00 │ η_eff 4.966e-07
Ep 103/200 │  0.11s │ bd 6.0057e-02 │ res 4.2373e-01 │ test 8.8796e+00 │ η_eff 4.615e-07
Ep 104/200 │  0.11s │ bd 7.8297e-02 │ res 6.0886e-01 │ test 8.9013e+00 │ η_eff 5.040e-07
Ep 105/200 │  0.11s │ bd 5.8375e-02 │ res 3.9945e-01 │ test 8.9484e+00 │ η_eff 5.610e-07
Ep 106/200 │  0.12s │ bd 5.5119e-02 │ res 3.3207e-01 │ test 8.8565e+00 │ η_eff 4.781e-07
Ep 107/200 │  0.12s │ bd 6.2122e-02 │ res 3.8495e-01 │ test 8.8541e+00 │ η_eff 5.844e-07
Ep 108/200 │  0.11s │ bd 5.6256e-02 │ res 4.1374e-01 │ test 8.8170e+00 │ η_eff 4.898e-07
Ep 109/200 │  0.11s │ bd 7.1758e-02 │ res 5.2742e-01 │ test 8.8199e+00 │ η_eff 5.796e-07
Ep 110/200 │  0.11s │ bd 5.0438e-02 │ res 4.2798e-01 │ test 8.8514e+00 │ η_eff 2.594e-07
Ep 111/200 │  0.11s │ bd 6.2904e-02 │ res 3.6982e-01 │ test 8.8899e+00 │ η_eff 2.468e-07
Ep 112/200 │  0.11s │ bd 5.5684e-02 │ res 3.6471e-01 │ test 8.8980e+00 │ η_eff 2.479e-07
Ep 113/200 │  0.13s │ bd 6.9850e-02 │ res 3.8331e-01 │ test 8.8327e+00 │ η_eff 2.452e-07
Ep 114/200 │  0.11s │ bd 5.9032e-02 │ res 2.8231e-01 │ test 8.8448e+00 │ η_eff 2.372e-07
Ep 115/200 │  0.11s │ bd 6.2175e-02 │ res 3.6181e-01 │ test 8.8746e+00 │ η_eff 2.618e-07
Ep 116/200 │  0.12s │ bd 5.8262e-02 │ res 4.9752e-01 │ test 8.8977e+00 │ η_eff 2.615e-07
Ep 117/200 │  0.12s │ bd 6.1574e-02 │ res 6.7208e-01 │ test 8.8760e+00 │ η_eff 3.345e-07
Ep 118/200 │  0.11s │ bd 5.1147e-02 │ res 4.0909e-01 │ test 8.8587e+00 │ η_eff 2.378e-07
Ep 119/200 │  0.11s │ bd 6.7547e-02 │ res 5.4684e-01 │ test 8.8850e+00 │ η_eff 2.731e-07
Ep 120/200 │  0.11s │ bd 6.2848e-02 │ res 3.7455e-01 │ test 8.8484e+00 │ η_eff 1.354e-07
Ep 121/200 │  0.11s │ bd 6.1291e-02 │ res 5.0474e-01 │ test 8.8155e+00 │ η_eff 1.052e-07
Ep 122/200 │  0.12s │ bd 5.3231e-02 │ res 3.6865e-01 │ test 8.8360e+00 │ η_eff 1.254e-07
Ep 123/200 │  0.12s │ bd 6.1552e-02 │ res 5.3616e-01 │ test 8.8864e+00 │ η_eff 1.306e-07
Ep 124/200 │  0.12s │ bd 6.1647e-02 │ res 4.1045e-01 │ test 8.8928e+00 │ η_eff 1.340e-07
Ep 125/200 │  0.11s │ bd 5.6705e-02 │ res 3.3581e-01 │ test 8.8942e+00 │ η_eff 1.346e-07
Ep 126/200 │  0.13s │ bd 5.1909e-02 │ res 3.6879e-01 │ test 8.8833e+00 │ η_eff 1.284e-07
Ep 127/200 │  0.11s │ bd 6.3297e-02 │ res 2.9638e-01 │ test 8.8885e+00 │ η_eff 1.406e-07
Ep 128/200 │  0.13s │ bd 6.6885e-02 │ res 3.7328e-01 │ test 8.8437e+00 │ η_eff 1.363e-07
Ep 129/200 │  0.11s │ bd 5.7410e-02 │ res 3.7562e-01 │ test 8.8652e+00 │ η_eff 1.323e-07
Ep 130/200 │  0.11s │ bd 6.7448e-02 │ res 5.0356e-01 │ test 8.8055e+00 │ η_eff 7.540e-08
Ep 131/200 │  0.12s │ bd 5.8753e-02 │ res 6.0541e-01 │ test 8.9297e+00 │ η_eff 6.705e-08
Ep 132/200 │  0.11s │ bd 5.5036e-02 │ res 3.3780e-01 │ test 8.8894e+00 │ η_eff 7.281e-08
Ep 133/200 │  0.12s │ bd 6.5810e-02 │ res 4.6465e-01 │ test 8.9015e+00 │ η_eff 8.006e-08
Ep 134/200 │  0.12s │ bd 5.9420e-02 │ res 6.7093e-01 │ test 8.9124e+00 │ η_eff 7.331e-08
Ep 135/200 │  0.11s │ bd 6.6200e-02 │ res 4.0363e-01 │ test 8.8560e+00 │ η_eff 7.410e-08
Ep 136/200 │  0.12s │ bd 5.6739e-02 │ res 4.8141e-01 │ test 8.8654e+00 │ η_eff 6.662e-08
Ep 137/200 │  0.11s │ bd 5.2536e-02 │ res 3.1446e-01 │ test 8.8290e+00 │ η_eff 8.529e-08
Ep 138/200 │  0.11s │ bd 5.7650e-02 │ res 4.8365e-01 │ test 8.8974e+00 │ η_eff 7.935e-08
Ep 139/200 │  0.11s │ bd 6.9087e-02 │ res 5.5629e-01 │ test 8.8724e+00 │ η_eff 8.313e-08
Ep 140/200 │  0.12s │ bd 5.3059e-02 │ res 4.4822e-01 │ test 8.8217e+00 │ η_eff 3.233e-08
Ep 141/200 │  0.11s │ bd 5.5745e-02 │ res 4.6130e-01 │ test 8.8625e+00 │ η_eff 3.404e-08
Ep 142/200 │  0.11s │ bd 5.3948e-02 │ res 3.7242e-01 │ test 8.8920e+00 │ η_eff 3.454e-08
Ep 143/200 │  0.11s │ bd 5.2135e-02 │ res 3.1081e-01 │ test 8.8933e+00 │ η_eff 3.886e-08
Ep 144/200 │  0.11s │ bd 7.0729e-02 │ res 3.7285e-01 │ test 8.8558e+00 │ η_eff 3.989e-08
Ep 145/200 │  0.12s │ bd 4.6339e-02 │ res 3.6017e-01 │ test 8.8498e+00 │ η_eff 3.398e-08
Ep 146/200 │  0.11s │ bd 6.3302e-02 │ res 4.7402e-01 │ test 8.7941e+00 │ η_eff 4.520e-08
Ep 147/200 │  0.12s │ bd 4.9113e-02 │ res 4.1134e-01 │ test 8.8418e+00 │ η_eff 3.874e-08
Ep 148/200 │  0.11s │ bd 6.5089e-02 │ res 5.0592e-01 │ test 8.8998e+00 │ η_eff 3.594e-08
Ep 149/200 │  0.11s │ bd 6.6189e-02 │ res 4.9024e-01 │ test 8.9177e+00 │ η_eff 3.740e-08
Ep 150/200 │  0.12s │ bd 5.9737e-02 │ res 4.9711e-01 │ test 8.9579e+00 │ η_eff 1.853e-08
Ep 151/200 │  0.11s │ bd 6.9057e-02 │ res 4.9245e-01 │ test 8.8588e+00 │ η_eff 1.537e-08
Ep 152/200 │  0.11s │ bd 5.9977e-02 │ res 5.6261e-01 │ test 8.8685e+00 │ η_eff 2.244e-08
Ep 153/200 │  0.12s │ bd 6.5174e-02 │ res 4.0029e-01 │ test 8.8483e+00 │ η_eff 1.796e-08
Ep 154/200 │  0.11s │ bd 5.9064e-02 │ res 4.0706e-01 │ test 8.8411e+00 │ η_eff 1.968e-08
Ep 155/200 │  0.11s │ bd 6.1557e-02 │ res 7.2112e-01 │ test 8.8613e+00 │ η_eff 1.895e-08
Ep 156/200 │  0.11s │ bd 6.0838e-02 │ res 4.5808e-01 │ test 8.8280e+00 │ η_eff 1.995e-08
Ep 157/200 │  0.12s │ bd 5.7655e-02 │ res 3.5927e-01 │ test 8.8669e+00 │ η_eff 1.862e-08
Ep 158/200 │  0.11s │ bd 5.5555e-02 │ res 4.6911e-01 │ test 8.8400e+00 │ η_eff 2.218e-08
Ep 159/200 │  0.11s │ bd 4.6895e-02 │ res 3.8193e-01 │ test 8.8305e+00 │ η_eff 1.982e-08
Ep 160/200 │  0.11s │ bd 5.2919e-02 │ res 4.0717e-01 │ test 8.7980e+00 │ η_eff 9.082e-09
Ep 161/200 │  0.12s │ bd 4.9308e-02 │ res 4.1890e-01 │ test 8.8049e+00 │ η_eff 1.102e-08
Ep 162/200 │  0.13s │ bd 6.4943e-02 │ res 3.7681e-01 │ test 8.8139e+00 │ η_eff 9.189e-09
Ep 163/200 │  0.12s │ bd 5.4827e-02 │ res 3.5234e-01 │ test 8.8414e+00 │ η_eff 1.076e-08
Ep 164/200 │  0.12s │ bd 6.2599e-02 │ res 3.9569e-01 │ test 8.8272e+00 │ η_eff 1.056e-08
Ep 165/200 │  0.12s │ bd 7.0579e-02 │ res 4.1366e-01 │ test 8.7926e+00 │ η_eff 1.126e-08
Ep 166/200 │  0.13s │ bd 5.6955e-02 │ res 3.8811e-01 │ test 8.7879e+00 │ η_eff 1.079e-08
Ep 167/200 │  0.12s │ bd 5.5564e-02 │ res 4.2341e-01 │ test 8.8291e+00 │ η_eff 1.421e-08
Ep 168/200 │  0.11s │ bd 6.1430e-02 │ res 4.1519e-01 │ test 8.8614e+00 │ η_eff 1.154e-08
Ep 169/200 │  0.12s │ bd 5.1932e-02 │ res 4.2964e-01 │ test 8.8639e+00 │ η_eff 9.881e-09
Ep 170/200 │  0.11s │ bd 5.9030e-02 │ res 5.9824e-01 │ test 8.8139e+00 │ η_eff 6.468e-09
Ep 171/200 │  0.11s │ bd 6.9130e-02 │ res 4.7016e-01 │ test 8.8796e+00 │ η_eff 5.722e-09
Ep 172/200 │  0.11s │ bd 5.5684e-02 │ res 3.9987e-01 │ test 8.8414e+00 │ η_eff 5.392e-09
Ep 173/200 │  0.11s │ bd 5.9810e-02 │ res 4.3667e-01 │ test 8.8288e+00 │ η_eff 5.591e-09
Ep 174/200 │  0.11s │ bd 5.6530e-02 │ res 3.4246e-01 │ test 8.8770e+00 │ η_eff 5.416e-09
Ep 175/200 │  0.11s │ bd 6.7395e-02 │ res 5.0299e-01 │ test 8.8670e+00 │ η_eff 4.902e-09
Ep 176/200 │  0.11s │ bd 6.7649e-02 │ res 3.4978e-01 │ test 8.8564e+00 │ η_eff 5.487e-09
Ep 177/200 │  0.11s │ bd 5.6631e-02 │ res 5.2306e-01 │ test 8.7914e+00 │ η_eff 5.578e-09
Ep 178/200 │  0.12s │ bd 5.0292e-02 │ res 4.7866e-01 │ test 8.7577e+00 │ η_eff 4.184e-09
Ep 179/200 │  0.13s │ bd 5.0843e-02 │ res 3.6399e-01 │ test 8.7883e+00 │ η_eff 6.485e-09
Ep 180/200 │  0.12s │ bd 5.3146e-02 │ res 3.1476e-01 │ test 8.8496e+00 │ η_eff 2.733e-09
Ep 181/200 │  0.12s │ bd 5.9221e-02 │ res 4.1884e-01 │ test 8.8524e+00 │ η_eff 3.574e-09
Ep 182/200 │  0.11s │ bd 6.2120e-02 │ res 4.9753e-01 │ test 8.8757e+00 │ η_eff 2.252e-09
Ep 183/200 │  0.11s │ bd 5.9921e-02 │ res 4.2248e-01 │ test 8.8791e+00 │ η_eff 2.549e-09
Ep 184/200 │  0.12s │ bd 5.4728e-02 │ res 3.9552e-01 │ test 8.8525e+00 │ η_eff 2.176e-09
Ep 185/200 │  0.11s │ bd 7.1256e-02 │ res 4.7647e-01 │ test 8.8748e+00 │ η_eff 3.085e-09
Ep 186/200 │  0.11s │ bd 5.9074e-02 │ res 4.4941e-01 │ test 8.8669e+00 │ η_eff 3.321e-09
Ep 187/200 │  0.11s │ bd 4.4339e-02 │ res 4.3624e-01 │ test 8.8874e+00 │ η_eff 2.197e-09
Ep 188/200 │  0.11s │ bd 5.9738e-02 │ res 4.9187e-01 │ test 8.9286e+00 │ η_eff 2.835e-09
Ep 189/200 │  0.11s │ bd 5.8371e-02 │ res 4.3842e-01 │ test 8.9000e+00 │ η_eff 3.339e-09
Ep 190/200 │  0.12s │ bd 5.2978e-02 │ res 5.4216e-01 │ test 8.8857e+00 │ η_eff 1.353e-09
Ep 191/200 │  0.12s │ bd 6.1230e-02 │ res 5.7110e-01 │ test 8.8551e+00 │ η_eff 1.617e-09
Ep 192/200 │  0.12s │ bd 5.8335e-02 │ res 3.0021e-01 │ test 8.8765e+00 │ η_eff 2.346e-09
Ep 193/200 │  0.11s │ bd 6.6051e-02 │ res 4.2032e-01 │ test 8.9181e+00 │ η_eff 1.573e-09
Ep 194/200 │  0.12s │ bd 5.5783e-02 │ res 4.3212e-01 │ test 8.8203e+00 │ η_eff 1.436e-09
Ep 195/200 │  0.12s │ bd 5.5253e-02 │ res 4.4875e-01 │ test 8.8807e+00 │ η_eff 1.149e-09
Ep 196/200 │  0.12s │ bd 4.8782e-02 │ res 3.5879e-01 │ test 8.9027e+00 │ η_eff 1.265e-09
Ep 197/200 │  0.12s │ bd 5.5806e-02 │ res 4.1680e-01 │ test 8.8561e+00 │ η_eff 1.354e-09
Ep 198/200 │  0.12s │ bd 4.9764e-02 │ res 4.4925e-01 │ test 8.8717e+00 │ η_eff 1.534e-09
Ep 199/200 │  0.11s │ bd 4.4391e-02 │ res 3.4380e-01 │ test 8.8358e+00 │ η_eff 1.454e-09
Ep 200/200 │  0.12s │ bd 5.5153e-02 │ res 3.5978e-01 │ test 8.8301e+00 │ η_eff 7.262e-10
→ Saved: loss/Burger1d_phisfno_ss_90_Adam_ep200_visc0.1_m32_w64_s0/loss_full_loss_1.csv
→ Model saved: model/Burger1d_phisfno_ss_90_Adam_ep200_visc0.1_m32_w64_s0
→ Eta-term history: loss/Burger1d_phisfno_ss_90_Adam_ep200_visc0.1_m32_w64_s0/eta_term_history.csv
  sample 0: test L2 = 8.4840e+00
  sample 1: test L2 = 9.1686e+00
  sample 2: test L2 = 6.3026e+00
  sample 3: test L2 = 5.4523e+00
  sample 4: test L2 = 1.8672e+01
  sample 5: test L2 = 7.5011e+00
  sample 6: test L2 = 8.2524e+00
  sample 7: test L2 = 9.2455e+00
  sample 8: test L2 = 5.0661e+00
  sample 9: test L2 = 1.0155e+01
→ Predictions saved: burger_test_phisfno_ss.mat
→ Figure saved: image/Burger1d_phisfno_ss_90_Adam_ep200_visc0.1_m32_w64_s0/final_velocity.png
