loaded 1D buffers
[train_model] model=phisfno | training=multistage_nr | S=2048 | nu=0.1 | dt=0.1 | modes=32 | width=64
Model parameters: 550,339

=== Phase 'full_loss_1' | epochs 100 ===

Ep   1/100 │  0.52s │ bd 3.7493e+00 │ res 4.0799e+01 │ test 5.3735e+00 │ η_eff 2.405e-03
Ep   2/100 │  0.11s │ bd 1.2148e+00 │ res 2.7096e+01 │ test 4.6150e+00 │ η_eff 9.748e-04
Ep   3/100 │  0.11s │ bd 9.9960e-01 │ res 1.7809e+01 │ test 2.9459e+00 │ η_eff 4.745e-04
Ep   4/100 │  0.11s │ bd 7.2554e-01 │ res 1.0955e+01 │ test 1.7649e+00 │ η_eff 2.456e-04
Ep   5/100 │  0.11s │ bd 6.5956e-01 │ res 7.3933e+00 │ test 1.4035e+00 │ η_eff 1.750e-04
Ep   6/100 │  0.12s │ bd 7.1663e-01 │ res 4.8228e+00 │ test 1.6067e+00 │ η_eff 2.008e-04
Ep   7/100 │  0.11s │ bd 6.9202e-01 │ res 4.9101e+00 │ test 1.3301e+00 │ η_eff 1.514e-04
Ep   8/100 │  0.11s │ bd 6.0628e-01 │ res 3.4781e+00 │ test 1.1496e+00 │ η_eff 1.418e-04
Ep   9/100 │  0.11s │ bd 5.1561e-01 │ res 2.6041e+00 │ test 1.2281e+00 │ η_eff 1.413e-04
Ep  10/100 │  0.12s │ bd 5.7628e-01 │ res 2.3972e+00 │ test 1.1454e+00 │ η_eff 6.818e-05
Ep  11/100 │  0.12s │ bd 3.4364e-01 │ res 2.0234e+00 │ test 1.1013e+00 │ η_eff 7.435e-05
Ep  12/100 │  0.11s │ bd 2.5335e-01 │ res 1.3625e+00 │ test 9.3938e-01 │ η_eff 7.711e-05
Ep  13/100 │  0.11s │ bd 2.7649e-01 │ res 1.2079e+00 │ test 9.8869e-01 │ η_eff 6.987e-05
Ep  14/100 │  0.11s │ bd 2.4302e-01 │ res 1.0928e+00 │ test 9.6286e-01 │ η_eff 8.767e-05
Ep  15/100 │  0.12s │ bd 3.1445e-01 │ res 1.3363e+00 │ test 9.0580e-01 │ η_eff 7.966e-05
Ep  16/100 │  0.11s │ bd 2.6388e-01 │ res 1.0108e+00 │ test 9.0495e-01 │ η_eff 9.071e-05
Ep  17/100 │  0.11s │ bd 2.0650e-01 │ res 1.1579e+00 │ test 8.2077e-01 │ η_eff 8.802e-05
Ep  18/100 │  0.11s │ bd 1.9032e-01 │ res 9.2538e-01 │ test 7.6246e-01 │ η_eff 8.792e-05
Ep  19/100 │  0.11s │ bd 1.8544e-01 │ res 8.6631e-01 │ test 7.8717e-01 │ η_eff 8.109e-05
Ep  20/100 │  0.11s │ bd 1.9244e-01 │ res 7.3100e-01 │ test 8.0185e-01 │ η_eff 4.743e-05
Ep  21/100 │  0.12s │ bd 1.6304e-01 │ res 6.3766e-01 │ test 8.0419e-01 │ η_eff 4.528e-05
Ep  22/100 │  0.11s │ bd 1.6136e-01 │ res 5.8503e-01 │ test 7.3285e-01 │ η_eff 5.748e-05
Ep  23/100 │  0.12s │ bd 1.2894e-01 │ res 5.2653e-01 │ test 7.4350e-01 │ η_eff 4.363e-05
Ep  24/100 │  0.11s │ bd 1.3163e-01 │ res 5.2302e-01 │ test 8.0172e-01 │ η_eff 5.487e-05
Ep  25/100 │  0.11s │ bd 1.7363e-01 │ res 6.1654e-01 │ test 7.1001e-01 │ η_eff 4.961e-05
Ep  26/100 │  0.11s │ bd 1.4906e-01 │ res 5.1574e-01 │ test 7.4696e-01 │ η_eff 5.470e-05
Ep  27/100 │  0.11s │ bd 1.0640e-01 │ res 4.8874e-01 │ test 7.0803e-01 │ η_eff 5.864e-05
Ep  28/100 │  0.12s │ bd 1.4167e-01 │ res 5.5015e-01 │ test 6.6537e-01 │ η_eff 5.083e-05
Ep  29/100 │  0.11s │ bd 1.0020e-01 │ res 5.9303e-01 │ test 7.4057e-01 │ η_eff 6.439e-05
Ep  30/100 │  0.11s │ bd 1.1788e-01 │ res 4.7914e-01 │ test 6.8034e-01 │ η_eff 3.114e-05
Ep  31/100 │  0.11s │ bd 8.6119e-02 │ res 4.2495e-01 │ test 6.7270e-01 │ η_eff 2.642e-05
Ep  32/100 │  0.11s │ bd 8.8586e-02 │ res 4.1943e-01 │ test 6.5826e-01 │ η_eff 3.101e-05
Ep  33/100 │  0.11s │ bd 1.0572e-01 │ res 4.8853e-01 │ test 6.8773e-01 │ η_eff 3.220e-05
Ep  34/100 │  0.11s │ bd 7.9941e-02 │ res 3.5443e-01 │ test 6.3927e-01 │ η_eff 2.534e-05
Ep  35/100 │  0.11s │ bd 1.0241e-01 │ res 4.3252e-01 │ test 6.8565e-01 │ η_eff 2.605e-05
Ep  36/100 │  0.11s │ bd 9.9744e-02 │ res 4.3380e-01 │ test 6.7559e-01 │ η_eff 3.199e-05
Ep  37/100 │  0.11s │ bd 9.7632e-02 │ res 5.1237e-01 │ test 6.5767e-01 │ η_eff 2.863e-05
Ep  38/100 │  0.11s │ bd 7.8360e-02 │ res 3.5985e-01 │ test 6.7172e-01 │ η_eff 3.010e-05
Ep  39/100 │  0.11s │ bd 7.4520e-02 │ res 3.5432e-01 │ test 6.3417e-01 │ η_eff 2.985e-05
Ep  40/100 │  0.11s │ bd 7.3045e-02 │ res 3.1950e-01 │ test 6.5001e-01 │ η_eff 1.255e-05
Ep  41/100 │  0.10s │ bd 6.3207e-02 │ res 3.1459e-01 │ test 6.2482e-01 │ η_eff 1.636e-05
Ep  42/100 │  0.10s │ bd 7.1625e-02 │ res 3.3106e-01 │ test 6.4738e-01 │ η_eff 1.808e-05
Ep  43/100 │  0.11s │ bd 7.2129e-02 │ res 2.7852e-01 │ test 6.2692e-01 │ η_eff 1.638e-05
Ep  44/100 │  0.10s │ bd 6.9731e-02 │ res 3.0059e-01 │ test 6.6336e-01 │ η_eff 1.321e-05
Ep  45/100 │  0.11s │ bd 6.0187e-02 │ res 3.1252e-01 │ test 6.3466e-01 │ η_eff 1.636e-05
Ep  46/100 │  0.11s │ bd 6.4920e-02 │ res 2.9795e-01 │ test 6.4256e-01 │ η_eff 1.537e-05
Ep  47/100 │  0.11s │ bd 5.8548e-02 │ res 3.0981e-01 │ test 6.6519e-01 │ η_eff 1.701e-05
Ep  48/100 │  0.12s │ bd 6.3905e-02 │ res 2.9429e-01 │ test 6.4834e-01 │ η_eff 1.808e-05
Ep  49/100 │  0.11s │ bd 6.4367e-02 │ res 3.0908e-01 │ test 6.5910e-01 │ η_eff 2.237e-05
Ep  50/100 │  0.11s │ bd 5.7145e-02 │ res 3.1560e-01 │ test 6.5732e-01 │ η_eff 9.149e-06
Ep  51/100 │  0.11s │ bd 5.5667e-02 │ res 3.1568e-01 │ test 6.4823e-01 │ η_eff 8.554e-06
Ep  52/100 │  0.11s │ bd 5.2411e-02 │ res 2.8826e-01 │ test 6.5318e-01 │ η_eff 1.037e-05
Ep  53/100 │  0.11s │ bd 4.3577e-02 │ res 2.8003e-01 │ test 6.4436e-01 │ η_eff 9.236e-06
Ep  54/100 │  0.11s │ bd 5.5818e-02 │ res 3.3671e-01 │ test 6.5809e-01 │ η_eff 1.046e-05
Ep  55/100 │  0.11s │ bd 4.7024e-02 │ res 2.8145e-01 │ test 6.3165e-01 │ η_eff 1.042e-05
Ep  56/100 │  0.11s │ bd 5.2624e-02 │ res 3.0395e-01 │ test 6.4696e-01 │ η_eff 1.011e-05
Ep  57/100 │  0.11s │ bd 5.6446e-02 │ res 3.2735e-01 │ test 6.3684e-01 │ η_eff 1.213e-05
Ep  58/100 │  0.11s │ bd 5.4017e-02 │ res 2.5381e-01 │ test 6.4269e-01 │ η_eff 1.135e-05
Ep  59/100 │  0.11s │ bd 4.8864e-02 │ res 2.6509e-01 │ test 6.3600e-01 │ η_eff 8.537e-06
Ep  60/100 │  0.11s │ bd 4.7760e-02 │ res 3.0932e-01 │ test 6.3285e-01 │ η_eff 4.438e-06
Ep  61/100 │  0.12s │ bd 4.6548e-02 │ res 2.9195e-01 │ test 6.3602e-01 │ η_eff 4.099e-06
Ep  62/100 │  0.11s │ bd 4.4251e-02 │ res 3.0873e-01 │ test 6.3324e-01 │ η_eff 4.599e-06
Ep  63/100 │  0.12s │ bd 5.0693e-02 │ res 3.3509e-01 │ test 6.4473e-01 │ η_eff 4.701e-06
Ep  64/100 │  0.12s │ bd 4.7427e-02 │ res 2.5090e-01 │ test 6.4060e-01 │ η_eff 5.348e-06
Ep  65/100 │  0.12s │ bd 4.5657e-02 │ res 2.4507e-01 │ test 6.3620e-01 │ η_eff 4.398e-06
Ep  66/100 │  0.11s │ bd 4.2014e-02 │ res 2.4127e-01 │ test 6.3468e-01 │ η_eff 5.137e-06
Ep  67/100 │  0.11s │ bd 4.3753e-02 │ res 2.6641e-01 │ test 6.3580e-01 │ η_eff 4.970e-06
Ep  68/100 │  0.11s │ bd 4.5365e-02 │ res 2.7310e-01 │ test 6.3465e-01 │ η_eff 5.141e-06
Ep  69/100 │  0.11s │ bd 4.8926e-02 │ res 2.8487e-01 │ test 6.3527e-01 │ η_eff 6.049e-06
Ep  70/100 │  0.11s │ bd 3.8807e-02 │ res 2.6680e-01 │ test 6.4494e-01 │ η_eff 2.888e-06
Ep  71/100 │  0.12s │ bd 5.3969e-02 │ res 3.0922e-01 │ test 6.4276e-01 │ η_eff 2.158e-06
Ep  72/100 │  0.11s │ bd 4.9401e-02 │ res 3.5122e-01 │ test 6.4243e-01 │ η_eff 3.232e-06
Ep  73/100 │  0.11s │ bd 4.9345e-02 │ res 2.7947e-01 │ test 6.4236e-01 │ η_eff 2.370e-06
Ep  74/100 │  0.12s │ bd 4.1959e-02 │ res 2.5120e-01 │ test 6.4258e-01 │ η_eff 2.559e-06
Ep  75/100 │  0.11s │ bd 4.7086e-02 │ res 2.7398e-01 │ test 6.4445e-01 │ η_eff 2.404e-06
Ep  76/100 │  0.12s │ bd 4.7876e-02 │ res 3.0147e-01 │ test 6.3936e-01 │ η_eff 3.177e-06
Ep  77/100 │  0.11s │ bd 4.6255e-02 │ res 3.0222e-01 │ test 6.4199e-01 │ η_eff 3.090e-06
Ep  78/100 │  0.12s │ bd 5.0307e-02 │ res 3.2671e-01 │ test 6.4392e-01 │ η_eff 2.290e-06
Ep  79/100 │  0.11s │ bd 4.6677e-02 │ res 2.6380e-01 │ test 6.3816e-01 │ η_eff 3.785e-06
Ep  80/100 │  0.12s │ bd 4.8702e-02 │ res 3.0219e-01 │ test 6.4470e-01 │ η_eff 1.254e-06
Ep  81/100 │  0.12s │ bd 4.0659e-02 │ res 2.9142e-01 │ test 6.4522e-01 │ η_eff 1.506e-06
Ep  82/100 │  0.11s │ bd 4.4127e-02 │ res 2.6147e-01 │ test 6.4205e-01 │ η_eff 1.618e-06
Ep  83/100 │  0.12s │ bd 4.3463e-02 │ res 2.5491e-01 │ test 6.4128e-01 │ η_eff 1.303e-06
Ep  84/100 │  0.12s │ bd 4.1818e-02 │ res 2.3348e-01 │ test 6.4126e-01 │ η_eff 1.449e-06
Ep  85/100 │  0.11s │ bd 4.5790e-02 │ res 2.7144e-01 │ test 6.4008e-01 │ η_eff 1.338e-06
Ep  86/100 │  0.11s │ bd 4.2368e-02 │ res 2.3390e-01 │ test 6.3855e-01 │ η_eff 1.456e-06
Ep  87/100 │  0.11s │ bd 4.8212e-02 │ res 2.9334e-01 │ test 6.4309e-01 │ η_eff 1.358e-06
Ep  88/100 │  0.12s │ bd 4.0270e-02 │ res 2.5918e-01 │ test 6.4054e-01 │ η_eff 1.669e-06
Ep  89/100 │  0.11s │ bd 3.8029e-02 │ res 2.2413e-01 │ test 6.3230e-01 │ η_eff 1.685e-06
Ep  90/100 │  0.11s │ bd 3.5006e-02 │ res 2.4798e-01 │ test 6.3442e-01 │ η_eff 6.539e-07
Ep  91/100 │  0.11s │ bd 3.8676e-02 │ res 2.7539e-01 │ test 6.3647e-01 │ η_eff 9.654e-07
Ep  92/100 │  0.12s │ bd 4.9817e-02 │ res 2.5489e-01 │ test 6.2878e-01 │ η_eff 7.163e-07
Ep  93/100 │  0.11s │ bd 5.4475e-02 │ res 3.1822e-01 │ test 6.3584e-01 │ η_eff 7.068e-07
Ep  94/100 │  0.11s │ bd 4.0421e-02 │ res 2.7224e-01 │ test 6.3805e-01 │ η_eff 6.860e-07
Ep  95/100 │  0.11s │ bd 4.9591e-02 │ res 3.1613e-01 │ test 6.3943e-01 │ η_eff 9.696e-07
Ep  96/100 │  0.11s │ bd 5.9687e-02 │ res 3.0234e-01 │ test 6.4070e-01 │ η_eff 7.654e-07
Ep  97/100 │  0.11s │ bd 4.0989e-02 │ res 2.9876e-01 │ test 6.3912e-01 │ η_eff 7.898e-07
Ep  98/100 │  0.11s │ bd 5.3195e-02 │ res 3.0618e-01 │ test 6.4033e-01 │ η_eff 8.546e-07
Ep  99/100 │  0.12s │ bd 4.9286e-02 │ res 2.9173e-01 │ test 6.4667e-01 │ η_eff 7.913e-07
Ep 100/100 │  0.11s │ bd 4.0225e-02 │ res 2.5285e-01 │ test 6.3222e-01 │ η_eff 4.248e-07
→ Saved: loss/Burger1d_phisfno_ms_nr_90_Adam_ep100_visc0.1_m32_w64_s0/loss_full_loss_1.csv

=== Phase 'full_loss_2' | epochs 100 ===

Ep   1/100 │  0.11s │ bd 4.6974e-02 │ res 2.9540e-01 │ test 6.3772e-01 │ η_eff 3.030e-07
Ep   2/100 │  0.12s │ bd 4.3443e-02 │ res 2.7391e-01 │ test 6.3827e-01 │ η_eff 2.803e-07
Ep   3/100 │  0.11s │ bd 4.3442e-02 │ res 2.7141e-01 │ test 6.4018e-01 │ η_eff 2.512e-07
Ep   4/100 │  0.13s │ bd 6.5616e-02 │ res 3.9933e-01 │ test 6.4150e-01 │ η_eff 2.963e-07
Ep   5/100 │  0.11s │ bd 4.4654e-02 │ res 2.7649e-01 │ test 6.4653e-01 │ η_eff 3.074e-07
Ep   6/100 │  0.11s │ bd 3.9086e-02 │ res 2.3091e-01 │ test 6.3906e-01 │ η_eff 3.119e-07
Ep   7/100 │  0.11s │ bd 4.7531e-02 │ res 2.9947e-01 │ test 6.3595e-01 │ η_eff 2.974e-07
Ep   8/100 │  0.12s │ bd 4.6180e-02 │ res 2.7549e-01 │ test 6.3429e-01 │ η_eff 2.568e-07
Ep   9/100 │  0.11s │ bd 4.3047e-02 │ res 2.9217e-01 │ test 6.3760e-01 │ η_eff 2.987e-07
Ep  10/100 │  0.11s │ bd 3.7081e-02 │ res 2.4303e-01 │ test 6.3120e-01 │ η_eff 1.370e-07
Ep  11/100 │  0.12s │ bd 3.8674e-02 │ res 2.7192e-01 │ test 6.3349e-01 │ η_eff 1.464e-07
Ep  12/100 │  0.11s │ bd 3.8643e-02 │ res 2.4991e-01 │ test 6.3771e-01 │ η_eff 1.531e-07
Ep  13/100 │  0.11s │ bd 5.1297e-02 │ res 2.7570e-01 │ test 6.3001e-01 │ η_eff 1.547e-07
Ep  14/100 │  0.11s │ bd 4.0896e-02 │ res 2.3042e-01 │ test 6.3241e-01 │ η_eff 1.993e-07
Ep  15/100 │  0.11s │ bd 3.8747e-02 │ res 2.4506e-01 │ test 6.3308e-01 │ η_eff 1.646e-07
Ep  16/100 │  0.11s │ bd 3.7890e-02 │ res 2.8740e-01 │ test 6.3518e-01 │ η_eff 1.449e-07
Ep  17/100 │  0.12s │ bd 5.0005e-02 │ res 3.2662e-01 │ test 6.3445e-01 │ η_eff 1.845e-07
Ep  18/100 │  0.12s │ bd 4.1553e-02 │ res 2.7037e-01 │ test 6.3912e-01 │ η_eff 1.485e-07
Ep  19/100 │  0.12s │ bd 4.5661e-02 │ res 3.1710e-01 │ test 6.3856e-01 │ η_eff 1.523e-07
Ep  20/100 │  0.12s │ bd 5.6061e-02 │ res 2.8786e-01 │ test 6.3429e-01 │ η_eff 6.864e-08
Ep  21/100 │  0.11s │ bd 5.4403e-02 │ res 3.3131e-01 │ test 6.3254e-01 │ η_eff 8.453e-08
Ep  22/100 │  0.11s │ bd 4.8527e-02 │ res 2.6817e-01 │ test 6.3198e-01 │ η_eff 8.544e-08
Ep  23/100 │  0.11s │ bd 4.7781e-02 │ res 2.8821e-01 │ test 6.3860e-01 │ η_eff 8.657e-08
Ep  24/100 │  0.11s │ bd 4.7315e-02 │ res 2.6424e-01 │ test 6.3631e-01 │ η_eff 7.996e-08
Ep  25/100 │  0.11s │ bd 3.2918e-02 │ res 2.1762e-01 │ test 6.3862e-01 │ η_eff 9.670e-08
Ep  26/100 │  0.11s │ bd 3.8957e-02 │ res 2.2888e-01 │ test 6.3498e-01 │ η_eff 7.346e-08
Ep  27/100 │  0.11s │ bd 4.3783e-02 │ res 2.5755e-01 │ test 6.3316e-01 │ η_eff 7.512e-08
Ep  28/100 │  0.11s │ bd 5.2682e-02 │ res 3.0307e-01 │ test 6.3192e-01 │ η_eff 7.234e-08
Ep  29/100 │  0.11s │ bd 4.9320e-02 │ res 2.8588e-01 │ test 6.2961e-01 │ η_eff 8.882e-08
Ep  30/100 │  0.12s │ bd 4.5602e-02 │ res 2.9598e-01 │ test 6.2999e-01 │ η_eff 4.318e-08
Ep  31/100 │  0.11s │ bd 4.2049e-02 │ res 2.8902e-01 │ test 6.3706e-01 │ η_eff 4.223e-08
Ep  32/100 │  0.11s │ bd 4.6003e-02 │ res 2.5685e-01 │ test 6.3370e-01 │ η_eff 4.298e-08
Ep  33/100 │  0.12s │ bd 4.0427e-02 │ res 3.0796e-01 │ test 6.3977e-01 │ η_eff 4.953e-08
Ep  34/100 │  0.12s │ bd 5.1588e-02 │ res 3.2993e-01 │ test 6.3490e-01 │ η_eff 5.762e-08
Ep  35/100 │  0.13s │ bd 3.8902e-02 │ res 2.5533e-01 │ test 6.3401e-01 │ η_eff 4.820e-08
Ep  36/100 │  0.11s │ bd 4.1128e-02 │ res 2.9572e-01 │ test 6.3562e-01 │ η_eff 4.474e-08
Ep  37/100 │  0.13s │ bd 4.9668e-02 │ res 2.6217e-01 │ test 6.3156e-01 │ η_eff 4.533e-08
Ep  38/100 │  0.11s │ bd 3.9216e-02 │ res 2.7905e-01 │ test 6.3753e-01 │ η_eff 4.163e-08
Ep  39/100 │  0.11s │ bd 4.6903e-02 │ res 3.0916e-01 │ test 6.3261e-01 │ η_eff 4.584e-08
Ep  40/100 │  0.12s │ bd 3.9621e-02 │ res 2.7546e-01 │ test 6.3123e-01 │ η_eff 2.174e-08
Ep  41/100 │  0.12s │ bd 4.2178e-02 │ res 2.7522e-01 │ test 6.3147e-01 │ η_eff 2.293e-08
Ep  42/100 │  0.12s │ bd 4.3222e-02 │ res 2.4787e-01 │ test 6.3378e-01 │ η_eff 2.728e-08
Ep  43/100 │  0.12s │ bd 4.7045e-02 │ res 2.5428e-01 │ test 6.4135e-01 │ η_eff 2.570e-08
Ep  44/100 │  0.11s │ bd 5.0603e-02 │ res 2.8281e-01 │ test 6.3662e-01 │ η_eff 2.407e-08
Ep  45/100 │  0.11s │ bd 4.6108e-02 │ res 2.6682e-01 │ test 6.3395e-01 │ η_eff 2.079e-08
Ep  46/100 │  0.12s │ bd 4.6468e-02 │ res 2.6993e-01 │ test 6.3466e-01 │ η_eff 3.346e-08
Ep  47/100 │  0.11s │ bd 4.0597e-02 │ res 2.6022e-01 │ test 6.3418e-01 │ η_eff 2.585e-08
Ep  48/100 │  0.11s │ bd 4.9717e-02 │ res 2.9833e-01 │ test 6.3713e-01 │ η_eff 2.376e-08
Ep  49/100 │  0.11s │ bd 4.9910e-02 │ res 3.0679e-01 │ test 6.4067e-01 │ η_eff 2.648e-08
Ep  50/100 │  0.11s │ bd 4.4328e-02 │ res 2.6116e-01 │ test 6.3726e-01 │ η_eff 1.083e-08
Ep  51/100 │  0.11s │ bd 5.5973e-02 │ res 3.1452e-01 │ test 6.3047e-01 │ η_eff 1.158e-08
Ep  52/100 │  0.11s │ bd 4.2484e-02 │ res 2.7232e-01 │ test 6.3283e-01 │ η_eff 1.131e-08
Ep  53/100 │  0.11s │ bd 5.6243e-02 │ res 2.8831e-01 │ test 6.3091e-01 │ η_eff 1.048e-08
Ep  54/100 │  0.12s │ bd 4.2522e-02 │ res 2.6905e-01 │ test 6.3341e-01 │ η_eff 1.133e-08
Ep  55/100 │  0.11s │ bd 5.6756e-02 │ res 3.5177e-01 │ test 6.3012e-01 │ η_eff 1.340e-08
Ep  56/100 │  0.11s │ bd 5.0777e-02 │ res 2.9712e-01 │ test 6.2522e-01 │ η_eff 1.430e-08
Ep  57/100 │  0.12s │ bd 5.2764e-02 │ res 2.7684e-01 │ test 6.2976e-01 │ η_eff 1.140e-08
Ep  58/100 │  0.12s │ bd 4.4079e-02 │ res 2.7471e-01 │ test 6.3021e-01 │ η_eff 1.127e-08
Ep  59/100 │  0.11s │ bd 3.5345e-02 │ res 2.5316e-01 │ test 6.2992e-01 │ η_eff 1.161e-08
Ep  60/100 │  0.12s │ bd 4.0166e-02 │ res 2.4165e-01 │ test 6.3421e-01 │ η_eff 7.552e-09
Ep  61/100 │  0.11s │ bd 4.1742e-02 │ res 2.7518e-01 │ test 6.3302e-01 │ η_eff 8.575e-09
Ep  62/100 │  0.11s │ bd 3.6331e-02 │ res 2.3844e-01 │ test 6.3293e-01 │ η_eff 6.359e-09
Ep  63/100 │  0.12s │ bd 3.4023e-02 │ res 2.4763e-01 │ test 6.3352e-01 │ η_eff 6.666e-09
Ep  64/100 │  0.11s │ bd 4.2120e-02 │ res 2.4757e-01 │ test 6.3430e-01 │ η_eff 6.487e-09
Ep  65/100 │  0.13s │ bd 4.9198e-02 │ res 2.9260e-01 │ test 6.3262e-01 │ η_eff 5.844e-09
Ep  66/100 │  0.12s │ bd 4.0377e-02 │ res 2.5942e-01 │ test 6.2834e-01 │ η_eff 6.396e-09
Ep  67/100 │  0.12s │ bd 3.9244e-02 │ res 2.7478e-01 │ test 6.3188e-01 │ η_eff 6.967e-09
Ep  68/100 │  0.11s │ bd 4.2564e-02 │ res 2.8447e-01 │ test 6.3386e-01 │ η_eff 6.810e-09
Ep  69/100 │  0.11s │ bd 4.0483e-02 │ res 2.5383e-01 │ test 6.3468e-01 │ η_eff 6.120e-09
Ep  70/100 │  0.13s │ bd 4.7978e-02 │ res 3.1651e-01 │ test 6.2988e-01 │ η_eff 3.406e-09
Ep  71/100 │  0.12s │ bd 4.8128e-02 │ res 3.0411e-01 │ test 6.3777e-01 │ η_eff 2.999e-09
Ep  72/100 │  0.11s │ bd 3.8326e-02 │ res 2.5988e-01 │ test 6.3552e-01 │ η_eff 3.108e-09
Ep  73/100 │  0.11s │ bd 4.7330e-02 │ res 2.8872e-01 │ test 6.2968e-01 │ η_eff 3.413e-09
Ep  74/100 │  0.11s │ bd 4.1543e-02 │ res 2.7039e-01 │ test 6.3520e-01 │ η_eff 2.984e-09
Ep  75/100 │  0.12s │ bd 4.8048e-02 │ res 2.8192e-01 │ test 6.3894e-01 │ η_eff 3.583e-09
Ep  76/100 │  0.12s │ bd 4.2074e-02 │ res 2.4966e-01 │ test 6.2886e-01 │ η_eff 3.605e-09
Ep  77/100 │  0.12s │ bd 4.7107e-02 │ res 2.8593e-01 │ test 6.2942e-01 │ η_eff 4.759e-09
Ep  78/100 │  0.11s │ bd 3.9228e-02 │ res 2.7852e-01 │ test 6.2973e-01 │ η_eff 3.144e-09
Ep  79/100 │  0.11s │ bd 4.2948e-02 │ res 2.3916e-01 │ test 6.3152e-01 │ η_eff 3.277e-09
Ep  80/100 │  0.11s │ bd 4.5900e-02 │ res 2.4908e-01 │ test 6.3880e-01 │ η_eff 1.942e-09
Ep  81/100 │  0.11s │ bd 3.2706e-02 │ res 2.4521e-01 │ test 6.3859e-01 │ η_eff 1.858e-09
Ep  82/100 │  0.12s │ bd 4.2326e-02 │ res 2.9688e-01 │ test 6.3899e-01 │ η_eff 1.735e-09
Ep  83/100 │  0.13s │ bd 4.2427e-02 │ res 2.7632e-01 │ test 6.3560e-01 │ η_eff 1.811e-09
Ep  84/100 │  0.11s │ bd 3.6754e-02 │ res 2.5010e-01 │ test 6.3111e-01 │ η_eff 1.723e-09
Ep  85/100 │  0.12s │ bd 3.9434e-02 │ res 2.9317e-01 │ test 6.3647e-01 │ η_eff 1.919e-09
Ep  86/100 │  0.11s │ bd 4.1108e-02 │ res 2.6532e-01 │ test 6.3724e-01 │ η_eff 2.118e-09
Ep  87/100 │  0.11s │ bd 3.4271e-02 │ res 2.3054e-01 │ test 6.3772e-01 │ η_eff 1.777e-09
Ep  88/100 │  0.12s │ bd 4.2883e-02 │ res 2.6257e-01 │ test 6.3761e-01 │ η_eff 2.040e-09
Ep  89/100 │  0.12s │ bd 4.4830e-02 │ res 2.8749e-01 │ test 6.4023e-01 │ η_eff 1.844e-09
Ep  90/100 │  0.12s │ bd 3.6490e-02 │ res 2.8422e-01 │ test 6.3399e-01 │ η_eff 9.315e-10
Ep  91/100 │  0.11s │ bd 4.9662e-02 │ res 3.0075e-01 │ test 6.3496e-01 │ η_eff 1.028e-09
Ep  92/100 │  0.11s │ bd 3.9483e-02 │ res 2.4271e-01 │ test 6.4361e-01 │ η_eff 1.328e-09
Ep  93/100 │  0.11s │ bd 4.7040e-02 │ res 2.7726e-01 │ test 6.3939e-01 │ η_eff 8.885e-10
Ep  94/100 │  0.11s │ bd 4.5079e-02 │ res 2.8113e-01 │ test 6.3654e-01 │ η_eff 1.005e-09
Ep  95/100 │  0.12s │ bd 4.3122e-02 │ res 2.7574e-01 │ test 6.3813e-01 │ η_eff 9.488e-10
Ep  96/100 │  0.11s │ bd 3.5136e-02 │ res 2.2913e-01 │ test 6.3783e-01 │ η_eff 9.497e-10
Ep  97/100 │  0.11s │ bd 3.8199e-02 │ res 2.4158e-01 │ test 6.3140e-01 │ η_eff 9.900e-10
Ep  98/100 │  0.11s │ bd 3.6582e-02 │ res 2.5909e-01 │ test 6.3159e-01 │ η_eff 1.236e-09
Ep  99/100 │  0.12s │ bd 3.1886e-02 │ res 2.2623e-01 │ test 6.3314e-01 │ η_eff 1.020e-09
Ep 100/100 │  0.12s │ bd 4.1855e-02 │ res 2.5922e-01 │ test 6.3348e-01 │ η_eff 4.303e-10
→ Saved: loss/Burger1d_phisfno_ms_nr_90_Adam_ep100_visc0.1_m32_w64_s0/loss_full_loss_2.csv

=== Phase 'full_loss_3' | epochs 100 ===

Ep   1/100 │  0.11s │ bd 3.8333e-02 │ res 2.5900e-01 │ test 6.3786e-01 │ η_eff 5.194e-10
Ep   2/100 │  0.11s │ bd 3.5328e-02 │ res 2.2724e-01 │ test 6.3497e-01 │ η_eff 5.955e-10
Ep   3/100 │  0.11s │ bd 5.3789e-02 │ res 3.0016e-01 │ test 6.3814e-01 │ η_eff 5.215e-10
Ep   4/100 │  0.11s │ bd 4.3600e-02 │ res 3.1521e-01 │ test 6.3273e-01 │ η_eff 6.232e-10
Ep   5/100 │  0.12s │ bd 3.2586e-02 │ res 2.4359e-01 │ test 6.3521e-01 │ η_eff 5.128e-10
Ep   6/100 │  0.11s │ bd 4.5820e-02 │ res 2.9397e-01 │ test 6.3464e-01 │ η_eff 6.631e-10
Ep   7/100 │  0.11s │ bd 4.6179e-02 │ res 2.6615e-01 │ test 6.3412e-01 │ η_eff 5.948e-10
Ep   8/100 │  0.11s │ bd 3.5176e-02 │ res 2.3995e-01 │ test 6.3409e-01 │ η_eff 5.272e-10
Ep   9/100 │  0.11s │ bd 3.7386e-02 │ res 2.5294e-01 │ test 6.3098e-01 │ η_eff 6.040e-10
Ep  10/100 │  0.11s │ bd 3.8555e-02 │ res 2.3676e-01 │ test 6.3599e-01 │ η_eff 2.635e-10
Ep  11/100 │  0.11s │ bd 4.4241e-02 │ res 3.0496e-01 │ test 6.3317e-01 │ η_eff 2.910e-10
Ep  12/100 │  0.12s │ bd 4.5323e-02 │ res 2.4368e-01 │ test 6.3848e-01 │ η_eff 2.864e-10
Ep  13/100 │  0.11s │ bd 3.3782e-02 │ res 2.2034e-01 │ test 6.3281e-01 │ η_eff 2.743e-10
Ep  14/100 │  0.11s │ bd 5.3253e-02 │ res 2.9745e-01 │ test 6.3441e-01 │ η_eff 3.004e-10
Ep  15/100 │  0.12s │ bd 3.7772e-02 │ res 2.9132e-01 │ test 6.3232e-01 │ η_eff 2.641e-10
Ep  16/100 │  0.11s │ bd 3.8241e-02 │ res 2.3769e-01 │ test 6.3645e-01 │ η_eff 2.912e-10
Ep  17/100 │  0.11s │ bd 3.8155e-02 │ res 2.3699e-01 │ test 6.3534e-01 │ η_eff 2.789e-10
Ep  18/100 │  0.12s │ bd 3.8343e-02 │ res 2.4187e-01 │ test 6.3432e-01 │ η_eff 2.634e-10
Ep  19/100 │  0.12s │ bd 4.0871e-02 │ res 2.6377e-01 │ test 6.3240e-01 │ η_eff 3.177e-10
Ep  20/100 │  0.12s │ bd 4.7184e-02 │ res 2.6032e-01 │ test 6.2987e-01 │ η_eff 1.583e-10
Ep  21/100 │  0.12s │ bd 3.7212e-02 │ res 2.4247e-01 │ test 6.3761e-01 │ η_eff 1.393e-10
Ep  22/100 │  0.12s │ bd 4.6244e-02 │ res 2.9291e-01 │ test 6.3462e-01 │ η_eff 2.064e-10
Ep  23/100 │  0.11s │ bd 3.5715e-02 │ res 2.3360e-01 │ test 6.3433e-01 │ η_eff 1.525e-10
Ep  24/100 │  0.11s │ bd 4.3166e-02 │ res 2.6235e-01 │ test 6.3079e-01 │ η_eff 1.492e-10
Ep  25/100 │  0.12s │ bd 4.3542e-02 │ res 3.2741e-01 │ test 6.2709e-01 │ η_eff 1.553e-10
Ep  26/100 │  0.11s │ bd 5.5290e-02 │ res 2.8414e-01 │ test 6.3331e-01 │ η_eff 1.651e-10
Ep  27/100 │  0.11s │ bd 4.7366e-02 │ res 2.7611e-01 │ test 6.3688e-01 │ η_eff 1.844e-10
Ep  28/100 │  0.11s │ bd 4.1559e-02 │ res 2.6380e-01 │ test 6.3523e-01 │ η_eff 1.475e-10
Ep  29/100 │  0.11s │ bd 3.2533e-02 │ res 2.3165e-01 │ test 6.3869e-01 │ η_eff 1.398e-10
Ep  30/100 │  0.11s │ bd 4.5819e-02 │ res 2.7300e-01 │ test 6.3346e-01 │ η_eff 7.713e-11
Ep  31/100 │  0.11s │ bd 4.7612e-02 │ res 3.0332e-01 │ test 6.2907e-01 │ η_eff 7.577e-11
Ep  32/100 │  0.11s │ bd 4.1725e-02 │ res 2.5452e-01 │ test 6.3136e-01 │ η_eff 7.359e-11
Ep  33/100 │  0.11s │ bd 3.5194e-02 │ res 2.2857e-01 │ test 6.3087e-01 │ η_eff 7.185e-11
Ep  34/100 │  0.11s │ bd 3.6775e-02 │ res 2.4545e-01 │ test 6.3425e-01 │ η_eff 7.681e-11
Ep  35/100 │  0.11s │ bd 4.6642e-02 │ res 3.5093e-01 │ test 6.3465e-01 │ η_eff 9.439e-11
Ep  36/100 │  0.11s │ bd 3.9434e-02 │ res 2.3929e-01 │ test 6.2909e-01 │ η_eff 7.135e-11
Ep  37/100 │  0.11s │ bd 4.3360e-02 │ res 2.9744e-01 │ test 6.3403e-01 │ η_eff 7.734e-11
Ep  38/100 │  0.11s │ bd 4.9698e-02 │ res 3.4701e-01 │ test 6.3630e-01 │ η_eff 7.616e-11
Ep  39/100 │  0.11s │ bd 3.8038e-02 │ res 2.5831e-01 │ test 6.3843e-01 │ η_eff 7.978e-11
Ep  40/100 │  0.12s │ bd 5.0249e-02 │ res 2.5747e-01 │ test 6.3002e-01 │ η_eff 4.500e-11
Ep  41/100 │  0.11s │ bd 3.9169e-02 │ res 2.3383e-01 │ test 6.3475e-01 │ η_eff 4.203e-11
Ep  42/100 │  0.11s │ bd 3.5204e-02 │ res 2.3974e-01 │ test 6.4085e-01 │ η_eff 3.915e-11
Ep  43/100 │  0.11s │ bd 4.6626e-02 │ res 2.6375e-01 │ test 6.3213e-01 │ η_eff 4.296e-11
Ep  44/100 │  0.11s │ bd 3.4467e-02 │ res 2.4000e-01 │ test 6.3484e-01 │ η_eff 4.207e-11
Ep  45/100 │  0.12s │ bd 4.6523e-02 │ res 2.6206e-01 │ test 6.3609e-01 │ η_eff 4.099e-11
Ep  46/100 │  0.13s │ bd 3.8690e-02 │ res 2.4202e-01 │ test 6.3233e-01 │ η_eff 3.656e-11
Ep  47/100 │  0.12s │ bd 4.2773e-02 │ res 2.8831e-01 │ test 6.3064e-01 │ η_eff 4.164e-11
Ep  48/100 │  0.11s │ bd 5.0690e-02 │ res 2.7218e-01 │ test 6.2974e-01 │ η_eff 4.255e-11
Ep  49/100 │  0.12s │ bd 3.7891e-02 │ res 2.3809e-01 │ test 6.3257e-01 │ η_eff 3.680e-11
Ep  50/100 │  0.11s │ bd 4.9350e-02 │ res 3.4000e-01 │ test 6.3073e-01 │ η_eff 1.888e-11
Ep  51/100 │  0.12s │ bd 3.9826e-02 │ res 2.3354e-01 │ test 6.3255e-01 │ η_eff 2.026e-11
Ep  52/100 │  0.11s │ bd 4.2699e-02 │ res 2.6084e-01 │ test 6.3408e-01 │ η_eff 1.960e-11
Ep  53/100 │  0.11s │ bd 4.2357e-02 │ res 2.6562e-01 │ test 6.3505e-01 │ η_eff 1.869e-11
Ep  54/100 │  0.11s │ bd 4.2143e-02 │ res 2.5046e-01 │ test 6.3821e-01 │ η_eff 1.971e-11
Ep  55/100 │  0.13s │ bd 4.3086e-02 │ res 2.5952e-01 │ test 6.3929e-01 │ η_eff 1.840e-11
Ep  56/100 │  0.11s │ bd 4.0706e-02 │ res 2.5877e-01 │ test 6.3430e-01 │ η_eff 2.027e-11
Ep  57/100 │  0.11s │ bd 5.0595e-02 │ res 3.0349e-01 │ test 6.3941e-01 │ η_eff 2.132e-11
Ep  58/100 │  0.11s │ bd 3.7905e-02 │ res 2.7766e-01 │ test 6.3182e-01 │ η_eff 2.256e-11
Ep  59/100 │  0.11s │ bd 4.5577e-02 │ res 2.6412e-01 │ test 6.3880e-01 │ η_eff 1.989e-11
Ep  60/100 │  0.11s │ bd 4.3187e-02 │ res 2.6614e-01 │ test 6.3465e-01 │ η_eff 1.018e-11
Ep  61/100 │  0.11s │ bd 4.9758e-02 │ res 2.9064e-01 │ test 6.3463e-01 │ η_eff 1.087e-11
Ep  62/100 │  0.11s │ bd 4.1658e-02 │ res 2.4654e-01 │ test 6.3241e-01 │ η_eff 1.086e-11
Ep  63/100 │  0.11s │ bd 3.8321e-02 │ res 2.5427e-01 │ test 6.2869e-01 │ η_eff 9.943e-12
Ep  64/100 │  0.11s │ bd 4.6951e-02 │ res 2.9764e-01 │ test 6.3181e-01 │ η_eff 1.073e-11
Ep  65/100 │  0.11s │ bd 4.1987e-02 │ res 2.6005e-01 │ test 6.2916e-01 │ η_eff 1.024e-11
Ep  66/100 │  0.11s │ bd 4.1362e-02 │ res 2.8231e-01 │ test 6.3607e-01 │ η_eff 1.230e-11
Ep  67/100 │  0.12s │ bd 4.3739e-02 │ res 3.0873e-01 │ test 6.4237e-01 │ η_eff 1.448e-11
Ep  68/100 │  0.11s │ bd 4.1345e-02 │ res 2.3370e-01 │ test 6.3978e-01 │ η_eff 1.364e-11
Ep  69/100 │  0.11s │ bd 4.3117e-02 │ res 2.5252e-01 │ test 6.3567e-01 │ η_eff 1.128e-11
Ep  70/100 │  0.11s │ bd 4.2330e-02 │ res 3.1286e-01 │ test 6.3125e-01 │ η_eff 5.315e-12
Ep  71/100 │  0.11s │ bd 3.8361e-02 │ res 2.4239e-01 │ test 6.2874e-01 │ η_eff 5.652e-12
Ep  72/100 │  0.11s │ bd 3.8971e-02 │ res 2.4575e-01 │ test 6.4132e-01 │ η_eff 5.598e-12
Ep  73/100 │  0.12s │ bd 3.8284e-02 │ res 2.4857e-01 │ test 6.3603e-01 │ η_eff 5.005e-12
Ep  74/100 │  0.12s │ bd 4.2595e-02 │ res 2.4718e-01 │ test 6.3498e-01 │ η_eff 5.880e-12
Ep  75/100 │  0.12s │ bd 3.9857e-02 │ res 2.7836e-01 │ test 6.3575e-01 │ η_eff 6.193e-12
Ep  76/100 │  0.11s │ bd 3.8826e-02 │ res 2.6290e-01 │ test 6.3218e-01 │ η_eff 5.573e-12
Ep  77/100 │  0.12s │ bd 3.7992e-02 │ res 2.6260e-01 │ test 6.3904e-01 │ η_eff 5.715e-12
Ep  78/100 │  0.12s │ bd 4.4389e-02 │ res 2.7202e-01 │ test 6.3972e-01 │ η_eff 6.013e-12
Ep  79/100 │  0.11s │ bd 4.9847e-02 │ res 3.2335e-01 │ test 6.3450e-01 │ η_eff 5.998e-12
Ep  80/100 │  0.11s │ bd 4.0145e-02 │ res 2.5614e-01 │ test 6.3810e-01 │ η_eff 2.714e-12
Ep  81/100 │  0.11s │ bd 3.8162e-02 │ res 2.4080e-01 │ test 6.3641e-01 │ η_eff 2.713e-12
Ep  82/100 │  0.12s │ bd 4.0990e-02 │ res 2.6211e-01 │ test 6.3767e-01 │ η_eff 3.096e-12
Ep  83/100 │  0.12s │ bd 3.7002e-02 │ res 2.6313e-01 │ test 6.3550e-01 │ η_eff 2.982e-12
Ep  84/100 │  0.12s │ bd 4.4057e-02 │ res 2.9437e-01 │ test 6.3652e-01 │ η_eff 3.204e-12
Ep  85/100 │  0.13s │ bd 4.5067e-02 │ res 3.1428e-01 │ test 6.3996e-01 │ η_eff 2.688e-12
Ep  86/100 │  0.11s │ bd 5.0917e-02 │ res 3.1532e-01 │ test 6.2900e-01 │ η_eff 2.704e-12
Ep  87/100 │  0.11s │ bd 3.8025e-02 │ res 2.3306e-01 │ test 6.3255e-01 │ η_eff 2.928e-12
Ep  88/100 │  0.11s │ bd 3.8731e-02 │ res 2.4770e-01 │ test 6.3265e-01 │ η_eff 2.874e-12
Ep  89/100 │  0.11s │ bd 4.1204e-02 │ res 3.4572e-01 │ test 6.3296e-01 │ η_eff 3.455e-12
Ep  90/100 │  0.11s │ bd 5.4694e-02 │ res 3.1391e-01 │ test 6.4164e-01 │ η_eff 1.622e-12
Ep  91/100 │  0.11s │ bd 4.7074e-02 │ res 2.7559e-01 │ test 6.3565e-01 │ η_eff 1.423e-12
Ep  92/100 │  0.11s │ bd 4.1767e-02 │ res 2.7041e-01 │ test 6.3569e-01 │ η_eff 1.421e-12
Ep  93/100 │  0.12s │ bd 4.5680e-02 │ res 2.6296e-01 │ test 6.3990e-01 │ η_eff 1.383e-12
Ep  94/100 │  0.12s │ bd 4.1414e-02 │ res 2.6856e-01 │ test 6.3767e-01 │ η_eff 1.269e-12
Ep  95/100 │  0.12s │ bd 4.3769e-02 │ res 2.7533e-01 │ test 6.3372e-01 │ η_eff 1.376e-12
Ep  96/100 │  0.12s │ bd 3.7329e-02 │ res 2.6282e-01 │ test 6.3775e-01 │ η_eff 1.471e-12
Ep  97/100 │  0.11s │ bd 5.0589e-02 │ res 2.7869e-01 │ test 6.3286e-01 │ η_eff 1.752e-12
Ep  98/100 │  0.11s │ bd 4.3865e-02 │ res 2.5654e-01 │ test 6.3941e-01 │ η_eff 1.697e-12
Ep  99/100 │  0.12s │ bd 4.0407e-02 │ res 2.6212e-01 │ test 6.3711e-01 │ η_eff 1.417e-12
Ep 100/100 │  0.11s │ bd 4.2855e-02 │ res 3.0688e-01 │ test 6.3218e-01 │ η_eff 7.392e-13
→ Saved: loss/Burger1d_phisfno_ms_nr_90_Adam_ep100_visc0.1_m32_w64_s0/loss_full_loss_3.csv
→ Model saved: model/Burger1d_phisfno_ms_nr_90_Adam_ep100_visc0.1_m32_w64_s0
→ Eta-term history: loss/Burger1d_phisfno_ms_nr_90_Adam_ep100_visc0.1_m32_w64_s0/eta_term_history.csv
  sample 0: test L2 = 4.2042e-01
  sample 1: test L2 = 8.5226e-01
  sample 2: test L2 = 4.9201e-01
  sample 3: test L2 = 2.2221e-01
  sample 4: test L2 = 7.5308e-01
  sample 5: test L2 = 6.9384e-01
  sample 6: test L2 = 7.9496e-01
  sample 7: test L2 = 8.9372e-01
  sample 8: test L2 = 2.2235e-01
  sample 9: test L2 = 9.7723e-01
→ Predictions saved: burger_test_phisfno_ms_nr.mat
→ Figure saved: image/Burger1d_phisfno_ms_nr_90_Adam_ep100_visc0.1_m32_w64_s0/final_velocity.png
