loaded 1D buffers
[train_model] model=phisfno | training=multistage_nr | S=2048 | nu=0.1 | dt=0.1 | modes=32 | width=64
Model parameters: 550,339

=== Phase 'full_loss_1' | epochs 100 ===

Ep   1/100 │  0.50s │ bd 3.4180e+00 │ res 3.8020e+01 │ test 1.3579e+00 │ η_eff 2.386e-03
Ep   2/100 │  0.11s │ bd 1.0263e+00 │ res 1.5515e+01 │ test 1.9818e+00 │ η_eff 1.002e-03
Ep   3/100 │  0.11s │ bd 5.5344e-01 │ res 7.3058e+00 │ test 1.6844e+00 │ η_eff 6.097e-04
Ep   4/100 │  0.11s │ bd 7.2447e-01 │ res 5.5237e+00 │ test 9.8928e-01 │ η_eff 3.170e-04
Ep   5/100 │  0.11s │ bd 4.3904e-01 │ res 3.8642e+00 │ test 6.6972e-01 │ η_eff 2.649e-04
Ep   6/100 │  0.12s │ bd 5.1726e-01 │ res 2.5889e+00 │ test 7.1846e-01 │ η_eff 2.509e-04
Ep   7/100 │  0.11s │ bd 6.4580e-01 │ res 3.0225e+00 │ test 4.8880e-01 │ η_eff 1.879e-04
Ep   8/100 │  0.11s │ bd 4.2053e-01 │ res 2.4779e+00 │ test 5.2543e-01 │ η_eff 1.942e-04
Ep   9/100 │  0.12s │ bd 3.0142e-01 │ res 2.3723e+00 │ test 4.4328e-01 │ η_eff 1.665e-04
Ep  10/100 │  0.12s │ bd 2.9610e-01 │ res 1.8018e+00 │ test 4.8919e-01 │ η_eff 9.279e-05
Ep  11/100 │  0.11s │ bd 2.4179e-01 │ res 1.4309e+00 │ test 4.2579e-01 │ η_eff 8.997e-05
Ep  12/100 │  0.11s │ bd 1.8680e-01 │ res 1.1745e+00 │ test 4.0400e-01 │ η_eff 1.022e-04
Ep  13/100 │  0.11s │ bd 1.5180e-01 │ res 8.7094e-01 │ test 4.0269e-01 │ η_eff 8.946e-05
Ep  14/100 │  0.12s │ bd 1.4694e-01 │ res 8.9002e-01 │ test 4.0820e-01 │ η_eff 1.046e-04
Ep  15/100 │  0.12s │ bd 1.9417e-01 │ res 7.3680e-01 │ test 3.4563e-01 │ η_eff 1.037e-04
Ep  16/100 │  0.11s │ bd 3.5358e-01 │ res 8.2616e-01 │ test 4.3705e-01 │ η_eff 1.030e-04
Ep  17/100 │  0.12s │ bd 2.0935e-01 │ res 9.0054e-01 │ test 5.7424e-01 │ η_eff 1.164e-04
Ep  18/100 │  0.11s │ bd 2.9761e-01 │ res 1.1584e+00 │ test 4.2557e-01 │ η_eff 1.272e-04
Ep  19/100 │  0.12s │ bd 2.6868e-01 │ res 1.1085e+00 │ test 4.4828e-01 │ η_eff 1.151e-04
Ep  20/100 │  0.11s │ bd 2.5406e-01 │ res 9.0143e-01 │ test 3.7242e-01 │ η_eff 7.674e-05
Ep  21/100 │  0.11s │ bd 1.4059e-01 │ res 6.7808e-01 │ test 4.0563e-01 │ η_eff 6.251e-05
Ep  22/100 │  0.11s │ bd 1.2012e-01 │ res 4.7745e-01 │ test 3.9131e-01 │ η_eff 5.831e-05
Ep  23/100 │  0.11s │ bd 1.4502e-01 │ res 4.3511e-01 │ test 3.9564e-01 │ η_eff 5.909e-05
Ep  24/100 │  0.12s │ bd 1.0903e-01 │ res 3.6957e-01 │ test 3.9849e-01 │ η_eff 5.410e-05
Ep  25/100 │  0.11s │ bd 1.2040e-01 │ res 4.0526e-01 │ test 4.0209e-01 │ η_eff 5.815e-05
Ep  26/100 │  0.11s │ bd 1.3230e-01 │ res 5.1216e-01 │ test 3.9512e-01 │ η_eff 6.614e-05
Ep  27/100 │  0.11s │ bd 9.0643e-02 │ res 4.7075e-01 │ test 4.1815e-01 │ η_eff 5.405e-05
Ep  28/100 │  0.11s │ bd 9.6792e-02 │ res 4.5387e-01 │ test 4.0089e-01 │ η_eff 6.182e-05
Ep  29/100 │  0.11s │ bd 1.2791e-01 │ res 4.7505e-01 │ test 4.1917e-01 │ η_eff 7.635e-05
Ep  30/100 │  0.11s │ bd 8.3809e-02 │ res 4.3253e-01 │ test 3.7347e-01 │ η_eff 3.149e-05
Ep  31/100 │  0.11s │ bd 9.1936e-02 │ res 3.7604e-01 │ test 3.8628e-01 │ η_eff 3.701e-05
Ep  32/100 │  0.12s │ bd 8.7794e-02 │ res 3.3203e-01 │ test 4.1686e-01 │ η_eff 2.765e-05
Ep  33/100 │  0.11s │ bd 7.2335e-02 │ res 2.7715e-01 │ test 3.9316e-01 │ η_eff 3.659e-05
Ep  34/100 │  0.11s │ bd 8.0272e-02 │ res 3.0938e-01 │ test 4.4881e-01 │ η_eff 3.216e-05
Ep  35/100 │  0.11s │ bd 8.6263e-02 │ res 3.3601e-01 │ test 3.8424e-01 │ η_eff 3.091e-05
Ep  36/100 │  0.11s │ bd 1.0468e-01 │ res 3.5462e-01 │ test 4.4844e-01 │ η_eff 3.556e-05
Ep  37/100 │  0.11s │ bd 8.5682e-02 │ res 3.3622e-01 │ test 4.2189e-01 │ η_eff 4.225e-05
Ep  38/100 │  0.11s │ bd 9.4044e-02 │ res 2.8289e-01 │ test 4.1054e-01 │ η_eff 3.257e-05
Ep  39/100 │  0.11s │ bd 8.2852e-02 │ res 3.2187e-01 │ test 4.1738e-01 │ η_eff 3.416e-05
Ep  40/100 │  0.11s │ bd 6.5019e-02 │ res 2.3817e-01 │ test 3.9993e-01 │ η_eff 1.677e-05
Ep  41/100 │  0.12s │ bd 7.1477e-02 │ res 2.8228e-01 │ test 4.3092e-01 │ η_eff 1.967e-05
Ep  42/100 │  0.11s │ bd 6.7260e-02 │ res 2.1235e-01 │ test 4.2301e-01 │ η_eff 1.641e-05
Ep  43/100 │  0.11s │ bd 7.7963e-02 │ res 2.6580e-01 │ test 4.1795e-01 │ η_eff 1.582e-05
Ep  44/100 │  0.12s │ bd 5.7004e-02 │ res 2.6390e-01 │ test 4.2206e-01 │ η_eff 2.144e-05
Ep  45/100 │  0.11s │ bd 8.4599e-02 │ res 2.4701e-01 │ test 4.2858e-01 │ η_eff 2.641e-05
Ep  46/100 │  0.11s │ bd 8.4510e-02 │ res 2.7823e-01 │ test 4.3040e-01 │ η_eff 2.673e-05
Ep  47/100 │  0.11s │ bd 6.9485e-02 │ res 2.5737e-01 │ test 4.4617e-01 │ η_eff 1.771e-05
Ep  48/100 │  0.11s │ bd 6.6539e-02 │ res 2.7877e-01 │ test 4.2441e-01 │ η_eff 1.491e-05
Ep  49/100 │  0.11s │ bd 7.7482e-02 │ res 2.7743e-01 │ test 4.4026e-01 │ η_eff 1.811e-05
Ep  50/100 │  0.12s │ bd 6.7772e-02 │ res 2.5516e-01 │ test 4.4593e-01 │ η_eff 1.178e-05
Ep  51/100 │  0.11s │ bd 5.9564e-02 │ res 2.6150e-01 │ test 4.3082e-01 │ η_eff 1.054e-05
Ep  52/100 │  0.12s │ bd 4.9404e-02 │ res 2.4966e-01 │ test 4.4091e-01 │ η_eff 8.299e-06
Ep  53/100 │  0.11s │ bd 4.8532e-02 │ res 2.1879e-01 │ test 4.4014e-01 │ η_eff 1.118e-05
Ep  54/100 │  0.12s │ bd 5.5657e-02 │ res 2.1801e-01 │ test 4.2822e-01 │ η_eff 1.294e-05
Ep  55/100 │  0.11s │ bd 5.4327e-02 │ res 2.2411e-01 │ test 4.3111e-01 │ η_eff 8.492e-06
Ep  56/100 │  0.11s │ bd 5.5318e-02 │ res 2.2530e-01 │ test 4.3017e-01 │ η_eff 1.082e-05
Ep  57/100 │  0.11s │ bd 5.5193e-02 │ res 2.8941e-01 │ test 4.1712e-01 │ η_eff 1.103e-05
Ep  58/100 │  0.11s │ bd 5.6375e-02 │ res 2.4707e-01 │ test 4.3415e-01 │ η_eff 1.022e-05
Ep  59/100 │  0.11s │ bd 5.8170e-02 │ res 2.4150e-01 │ test 4.2271e-01 │ η_eff 8.739e-06
Ep  60/100 │  0.11s │ bd 5.0527e-02 │ res 2.3969e-01 │ test 4.2439e-01 │ η_eff 5.322e-06
Ep  61/100 │  0.11s │ bd 5.2146e-02 │ res 2.3511e-01 │ test 4.2888e-01 │ η_eff 5.234e-06
Ep  62/100 │  0.12s │ bd 4.8632e-02 │ res 2.1554e-01 │ test 4.3204e-01 │ η_eff 4.906e-06
Ep  63/100 │  0.11s │ bd 5.6873e-02 │ res 3.0912e-01 │ test 4.3090e-01 │ η_eff 5.362e-06
Ep  64/100 │  0.11s │ bd 5.4750e-02 │ res 2.5503e-01 │ test 4.3472e-01 │ η_eff 5.607e-06
Ep  65/100 │  0.11s │ bd 5.1660e-02 │ res 2.4313e-01 │ test 4.4024e-01 │ η_eff 5.734e-06
Ep  66/100 │  0.11s │ bd 4.2894e-02 │ res 2.1467e-01 │ test 4.3861e-01 │ η_eff 4.880e-06
Ep  67/100 │  0.11s │ bd 3.9981e-02 │ res 1.9690e-01 │ test 4.4051e-01 │ η_eff 5.534e-06
Ep  68/100 │  0.11s │ bd 4.7160e-02 │ res 2.3345e-01 │ test 4.3590e-01 │ η_eff 5.423e-06
Ep  69/100 │  0.12s │ bd 4.3753e-02 │ res 2.1997e-01 │ test 4.4478e-01 │ η_eff 5.519e-06
Ep  70/100 │  0.11s │ bd 4.3157e-02 │ res 2.6535e-01 │ test 4.2911e-01 │ η_eff 2.554e-06
Ep  71/100 │  0.11s │ bd 4.4633e-02 │ res 2.6014e-01 │ test 4.2995e-01 │ η_eff 3.254e-06
Ep  72/100 │  0.11s │ bd 4.7956e-02 │ res 2.4395e-01 │ test 4.3128e-01 │ η_eff 2.399e-06
Ep  73/100 │  0.11s │ bd 3.7519e-02 │ res 2.0457e-01 │ test 4.3160e-01 │ η_eff 2.856e-06
Ep  74/100 │  0.11s │ bd 4.7554e-02 │ res 2.3434e-01 │ test 4.2987e-01 │ η_eff 2.970e-06
Ep  75/100 │  0.11s │ bd 3.8489e-02 │ res 2.4405e-01 │ test 4.3896e-01 │ η_eff 2.991e-06
Ep  76/100 │  0.11s │ bd 3.9187e-02 │ res 2.4277e-01 │ test 4.4186e-01 │ η_eff 3.135e-06
Ep  77/100 │  0.11s │ bd 4.6106e-02 │ res 2.2725e-01 │ test 4.3533e-01 │ η_eff 3.058e-06
Ep  78/100 │  0.11s │ bd 4.4664e-02 │ res 2.0764e-01 │ test 4.3432e-01 │ η_eff 2.576e-06
Ep  79/100 │  0.12s │ bd 3.7548e-02 │ res 1.8869e-01 │ test 4.3642e-01 │ η_eff 3.060e-06
Ep  80/100 │  0.11s │ bd 5.2423e-02 │ res 2.5782e-01 │ test 4.3354e-01 │ η_eff 1.302e-06
Ep  81/100 │  0.11s │ bd 4.0937e-02 │ res 2.0663e-01 │ test 4.3534e-01 │ η_eff 2.049e-06
Ep  82/100 │  0.12s │ bd 3.8965e-02 │ res 2.3711e-01 │ test 4.3839e-01 │ η_eff 1.597e-06
Ep  83/100 │  0.11s │ bd 4.5676e-02 │ res 2.1782e-01 │ test 4.4451e-01 │ η_eff 1.541e-06
Ep  84/100 │  0.12s │ bd 4.9245e-02 │ res 2.8336e-01 │ test 4.4145e-01 │ η_eff 1.749e-06
Ep  85/100 │  0.11s │ bd 3.8677e-02 │ res 2.2455e-01 │ test 4.3081e-01 │ η_eff 1.873e-06
Ep  86/100 │  0.12s │ bd 3.8402e-02 │ res 2.0857e-01 │ test 4.3174e-01 │ η_eff 1.567e-06
Ep  87/100 │  0.12s │ bd 4.1116e-02 │ res 2.1984e-01 │ test 4.3654e-01 │ η_eff 1.616e-06
Ep  88/100 │  0.12s │ bd 3.8710e-02 │ res 2.3085e-01 │ test 4.3849e-01 │ η_eff 1.668e-06
Ep  89/100 │  0.12s │ bd 4.0546e-02 │ res 2.1623e-01 │ test 4.3892e-01 │ η_eff 1.713e-06
Ep  90/100 │  0.12s │ bd 3.8178e-02 │ res 1.8475e-01 │ test 4.3946e-01 │ η_eff 7.659e-07
Ep  91/100 │  0.13s │ bd 4.6703e-02 │ res 2.5063e-01 │ test 4.4419e-01 │ η_eff 9.457e-07
Ep  92/100 │  0.11s │ bd 3.5412e-02 │ res 2.0484e-01 │ test 4.4346e-01 │ η_eff 8.004e-07
Ep  93/100 │  0.12s │ bd 4.7694e-02 │ res 2.5152e-01 │ test 4.3843e-01 │ η_eff 7.223e-07
Ep  94/100 │  0.12s │ bd 4.8435e-02 │ res 2.5724e-01 │ test 4.3655e-01 │ η_eff 7.630e-07
Ep  95/100 │  0.11s │ bd 3.8567e-02 │ res 2.0398e-01 │ test 4.3535e-01 │ η_eff 1.002e-06
Ep  96/100 │  0.12s │ bd 4.0210e-02 │ res 2.3824e-01 │ test 4.4172e-01 │ η_eff 7.776e-07
Ep  97/100 │  0.11s │ bd 3.5375e-02 │ res 1.9010e-01 │ test 4.4143e-01 │ η_eff 7.185e-07
Ep  98/100 │  0.11s │ bd 4.8657e-02 │ res 2.4961e-01 │ test 4.4133e-01 │ η_eff 6.654e-07
Ep  99/100 │  0.12s │ bd 3.5066e-02 │ res 1.7485e-01 │ test 4.4096e-01 │ η_eff 8.364e-07
Ep 100/100 │  0.11s │ bd 3.3765e-02 │ res 2.0475e-01 │ test 4.3655e-01 │ η_eff 3.710e-07
→ Saved: loss/Burger1d_phisfno_ms_nr_90_Adam_ep100_visc0.1_m32_w64_s11/loss_full_loss_1.csv

=== Phase 'full_loss_2' | epochs 100 ===

Ep   1/100 │  0.12s │ bd 3.9700e-02 │ res 1.9759e-01 │ test 4.4257e-01 │ η_eff 3.675e-07
Ep   2/100 │  0.11s │ bd 5.0014e-02 │ res 2.5279e-01 │ test 4.4741e-01 │ η_eff 3.087e-07
Ep   3/100 │  0.11s │ bd 3.8795e-02 │ res 1.9823e-01 │ test 4.4193e-01 │ η_eff 3.398e-07
Ep   4/100 │  0.11s │ bd 4.0228e-02 │ res 2.4554e-01 │ test 4.3970e-01 │ η_eff 2.803e-07
Ep   5/100 │  0.11s │ bd 3.7755e-02 │ res 2.1028e-01 │ test 4.3946e-01 │ η_eff 2.964e-07
Ep   6/100 │  0.11s │ bd 3.8699e-02 │ res 2.2610e-01 │ test 4.3681e-01 │ η_eff 3.044e-07
Ep   7/100 │  0.11s │ bd 4.6011e-02 │ res 2.4623e-01 │ test 4.3584e-01 │ η_eff 2.735e-07
Ep   8/100 │  0.12s │ bd 4.2132e-02 │ res 2.2188e-01 │ test 4.3872e-01 │ η_eff 3.510e-07
Ep   9/100 │  0.11s │ bd 3.4786e-02 │ res 1.9425e-01 │ test 4.3708e-01 │ η_eff 3.505e-07
Ep  10/100 │  0.12s │ bd 3.3619e-02 │ res 1.8448e-01 │ test 4.3474e-01 │ η_eff 1.644e-07
Ep  11/100 │  0.12s │ bd 3.5978e-02 │ res 1.9626e-01 │ test 4.3679e-01 │ η_eff 1.546e-07
Ep  12/100 │  0.11s │ bd 4.3491e-02 │ res 2.3967e-01 │ test 4.3794e-01 │ η_eff 1.556e-07
Ep  13/100 │  0.12s │ bd 4.6199e-02 │ res 2.5901e-01 │ test 4.3601e-01 │ η_eff 1.719e-07
Ep  14/100 │  0.13s │ bd 4.0915e-02 │ res 2.0017e-01 │ test 4.3746e-01 │ η_eff 1.732e-07
Ep  15/100 │  0.11s │ bd 4.5572e-02 │ res 2.5611e-01 │ test 4.4279e-01 │ η_eff 1.889e-07
Ep  16/100 │  0.12s │ bd 4.5014e-02 │ res 2.2902e-01 │ test 4.3849e-01 │ η_eff 2.089e-07
Ep  17/100 │  0.12s │ bd 3.1483e-02 │ res 1.7528e-01 │ test 4.3809e-01 │ η_eff 1.981e-07
Ep  18/100 │  0.11s │ bd 3.8719e-02 │ res 2.3285e-01 │ test 4.3751e-01 │ η_eff 1.911e-07
Ep  19/100 │  0.11s │ bd 3.2872e-02 │ res 1.8954e-01 │ test 4.3547e-01 │ η_eff 1.601e-07
Ep  20/100 │  0.12s │ bd 3.9937e-02 │ res 1.8778e-01 │ test 4.3459e-01 │ η_eff 9.231e-08
Ep  21/100 │  0.11s │ bd 4.2151e-02 │ res 2.2421e-01 │ test 4.3580e-01 │ η_eff 8.699e-08
Ep  22/100 │  0.12s │ bd 3.0725e-02 │ res 1.9370e-01 │ test 4.3586e-01 │ η_eff 8.600e-08
Ep  23/100 │  0.12s │ bd 3.5649e-02 │ res 2.2508e-01 │ test 4.3751e-01 │ η_eff 8.108e-08
Ep  24/100 │  0.12s │ bd 4.9982e-02 │ res 2.2458e-01 │ test 4.3840e-01 │ η_eff 1.010e-07
Ep  25/100 │  0.12s │ bd 4.2913e-02 │ res 2.3450e-01 │ test 4.4090e-01 │ η_eff 9.733e-08
Ep  26/100 │  0.12s │ bd 4.2735e-02 │ res 2.3565e-01 │ test 4.4094e-01 │ η_eff 1.004e-07
Ep  27/100 │  0.12s │ bd 4.1716e-02 │ res 2.2165e-01 │ test 4.4018e-01 │ η_eff 9.588e-08
Ep  28/100 │  0.12s │ bd 3.8923e-02 │ res 2.0065e-01 │ test 4.3661e-01 │ η_eff 1.040e-07
Ep  29/100 │  0.13s │ bd 4.2667e-02 │ res 2.0207e-01 │ test 4.3622e-01 │ η_eff 9.742e-08
Ep  30/100 │  0.11s │ bd 4.2710e-02 │ res 2.1195e-01 │ test 4.3370e-01 │ η_eff 4.957e-08
Ep  31/100 │  0.11s │ bd 3.5032e-02 │ res 2.0147e-01 │ test 4.3633e-01 │ η_eff 4.757e-08
Ep  32/100 │  0.12s │ bd 3.8338e-02 │ res 2.0979e-01 │ test 4.3567e-01 │ η_eff 4.564e-08
Ep  33/100 │  0.12s │ bd 3.6323e-02 │ res 2.0227e-01 │ test 4.3907e-01 │ η_eff 4.274e-08
Ep  34/100 │  0.11s │ bd 3.9332e-02 │ res 2.3263e-01 │ test 4.4035e-01 │ η_eff 4.670e-08
Ep  35/100 │  0.11s │ bd 3.9072e-02 │ res 2.1982e-01 │ test 4.3699e-01 │ η_eff 4.815e-08
Ep  36/100 │  0.11s │ bd 4.2036e-02 │ res 2.6630e-01 │ test 4.4414e-01 │ η_eff 5.526e-08
Ep  37/100 │  0.12s │ bd 3.9419e-02 │ res 2.1115e-01 │ test 4.4089e-01 │ η_eff 4.546e-08
Ep  38/100 │  0.11s │ bd 3.8172e-02 │ res 2.4190e-01 │ test 4.4436e-01 │ η_eff 4.711e-08
Ep  39/100 │  0.11s │ bd 3.1387e-02 │ res 1.8000e-01 │ test 4.3895e-01 │ η_eff 4.779e-08
Ep  40/100 │  0.11s │ bd 3.8794e-02 │ res 2.2202e-01 │ test 4.4022e-01 │ η_eff 2.460e-08
Ep  41/100 │  0.12s │ bd 3.3768e-02 │ res 1.8191e-01 │ test 4.3491e-01 │ η_eff 2.486e-08
Ep  42/100 │  0.12s │ bd 4.8161e-02 │ res 2.4706e-01 │ test 4.3805e-01 │ η_eff 2.616e-08
Ep  43/100 │  0.11s │ bd 5.1232e-02 │ res 2.4252e-01 │ test 4.3708e-01 │ η_eff 2.684e-08
Ep  44/100 │  0.12s │ bd 3.7233e-02 │ res 2.0910e-01 │ test 4.3817e-01 │ η_eff 2.638e-08
Ep  45/100 │  0.12s │ bd 3.5644e-02 │ res 1.9083e-01 │ test 4.4034e-01 │ η_eff 2.351e-08
Ep  46/100 │  0.12s │ bd 3.7013e-02 │ res 2.1940e-01 │ test 4.3863e-01 │ η_eff 2.912e-08
Ep  47/100 │  0.11s │ bd 4.7168e-02 │ res 2.3620e-01 │ test 4.3984e-01 │ η_eff 2.416e-08
Ep  48/100 │  0.11s │ bd 3.8353e-02 │ res 1.8922e-01 │ test 4.4109e-01 │ η_eff 2.530e-08
Ep  49/100 │  0.11s │ bd 3.8428e-02 │ res 2.0967e-01 │ test 4.4370e-01 │ η_eff 2.714e-08
Ep  50/100 │  0.11s │ bd 3.6948e-02 │ res 1.8311e-01 │ test 4.3900e-01 │ η_eff 1.275e-08
Ep  51/100 │  0.11s │ bd 3.8562e-02 │ res 1.9941e-01 │ test 4.3542e-01 │ η_eff 1.396e-08
Ep  52/100 │  0.12s │ bd 4.0588e-02 │ res 1.9496e-01 │ test 4.3648e-01 │ η_eff 1.195e-08
Ep  53/100 │  0.11s │ bd 3.5552e-02 │ res 1.8070e-01 │ test 4.3872e-01 │ η_eff 1.411e-08
Ep  54/100 │  0.12s │ bd 4.2191e-02 │ res 2.3286e-01 │ test 4.3872e-01 │ η_eff 1.167e-08
Ep  55/100 │  0.11s │ bd 4.0362e-02 │ res 2.1222e-01 │ test 4.3614e-01 │ η_eff 1.344e-08
Ep  56/100 │  0.11s │ bd 3.8710e-02 │ res 2.0546e-01 │ test 4.3591e-01 │ η_eff 1.230e-08
Ep  57/100 │  0.11s │ bd 3.7659e-02 │ res 2.1850e-01 │ test 4.4028e-01 │ η_eff 1.411e-08
Ep  58/100 │  0.11s │ bd 4.1708e-02 │ res 2.2048e-01 │ test 4.3655e-01 │ η_eff 1.511e-08
Ep  59/100 │  0.12s │ bd 4.0284e-02 │ res 2.1314e-01 │ test 4.3409e-01 │ η_eff 1.277e-08
Ep  60/100 │  0.11s │ bd 3.7571e-02 │ res 2.0056e-01 │ test 4.3888e-01 │ η_eff 6.220e-09
Ep  61/100 │  0.12s │ bd 3.5338e-02 │ res 2.2958e-01 │ test 4.3782e-01 │ η_eff 6.939e-09
Ep  62/100 │  0.12s │ bd 4.2693e-02 │ res 2.1888e-01 │ test 4.3784e-01 │ η_eff 7.090e-09
Ep  63/100 │  0.11s │ bd 4.6346e-02 │ res 2.7237e-01 │ test 4.3876e-01 │ η_eff 7.121e-09
Ep  64/100 │  0.11s │ bd 4.4271e-02 │ res 2.1695e-01 │ test 4.3937e-01 │ η_eff 5.952e-09
Ep  65/100 │  0.11s │ bd 5.1025e-02 │ res 2.7461e-01 │ test 4.3864e-01 │ η_eff 7.321e-09
Ep  66/100 │  0.11s │ bd 4.1925e-02 │ res 2.4063e-01 │ test 4.3977e-01 │ η_eff 6.798e-09
Ep  67/100 │  0.12s │ bd 4.3556e-02 │ res 2.1536e-01 │ test 4.4266e-01 │ η_eff 6.542e-09
Ep  68/100 │  0.12s │ bd 3.8327e-02 │ res 2.0988e-01 │ test 4.4156e-01 │ η_eff 8.098e-09
Ep  69/100 │  0.11s │ bd 4.5334e-02 │ res 2.5077e-01 │ test 4.4254e-01 │ η_eff 7.237e-09
Ep  70/100 │  0.12s │ bd 3.5703e-02 │ res 2.0689e-01 │ test 4.3885e-01 │ η_eff 3.407e-09
Ep  71/100 │  0.11s │ bd 3.7181e-02 │ res 1.9396e-01 │ test 4.3743e-01 │ η_eff 3.456e-09
Ep  72/100 │  0.11s │ bd 3.9340e-02 │ res 2.2385e-01 │ test 4.4408e-01 │ η_eff 3.913e-09
Ep  73/100 │  0.11s │ bd 4.4168e-02 │ res 2.2449e-01 │ test 4.4396e-01 │ η_eff 3.564e-09
Ep  74/100 │  0.11s │ bd 3.6330e-02 │ res 2.0712e-01 │ test 4.3950e-01 │ η_eff 3.741e-09
Ep  75/100 │  0.12s │ bd 3.4992e-02 │ res 1.9972e-01 │ test 4.4500e-01 │ η_eff 4.296e-09
Ep  76/100 │  0.11s │ bd 3.7101e-02 │ res 1.9823e-01 │ test 4.3978e-01 │ η_eff 3.539e-09
Ep  77/100 │  0.12s │ bd 4.3882e-02 │ res 2.4266e-01 │ test 4.4301e-01 │ η_eff 4.569e-09
Ep  78/100 │  0.11s │ bd 3.4601e-02 │ res 1.9873e-01 │ test 4.4640e-01 │ η_eff 4.047e-09
Ep  79/100 │  0.12s │ bd 3.0648e-02 │ res 1.9191e-01 │ test 4.3870e-01 │ η_eff 3.299e-09
Ep  80/100 │  0.11s │ bd 4.1098e-02 │ res 2.4034e-01 │ test 4.4461e-01 │ η_eff 1.949e-09
Ep  81/100 │  0.12s │ bd 3.2612e-02 │ res 1.8021e-01 │ test 4.4190e-01 │ η_eff 1.842e-09
Ep  82/100 │  0.12s │ bd 3.8713e-02 │ res 2.1535e-01 │ test 4.3964e-01 │ η_eff 1.618e-09
Ep  83/100 │  0.12s │ bd 3.6567e-02 │ res 2.1495e-01 │ test 4.3970e-01 │ η_eff 1.801e-09
Ep  84/100 │  0.11s │ bd 4.0410e-02 │ res 2.6115e-01 │ test 4.4647e-01 │ η_eff 2.098e-09
Ep  85/100 │  0.11s │ bd 3.6138e-02 │ res 1.9043e-01 │ test 4.3896e-01 │ η_eff 1.804e-09
Ep  86/100 │  0.11s │ bd 3.4307e-02 │ res 2.2806e-01 │ test 4.4125e-01 │ η_eff 2.019e-09
Ep  87/100 │  0.11s │ bd 4.8666e-02 │ res 2.4807e-01 │ test 4.4056e-01 │ η_eff 2.015e-09
Ep  88/100 │  0.12s │ bd 4.3143e-02 │ res 2.2193e-01 │ test 4.3525e-01 │ η_eff 1.823e-09
Ep  89/100 │  0.11s │ bd 3.6622e-02 │ res 1.8294e-01 │ test 4.3858e-01 │ η_eff 1.849e-09
Ep  90/100 │  0.11s │ bd 4.1848e-02 │ res 2.1070e-01 │ test 4.4121e-01 │ η_eff 9.671e-10
Ep  91/100 │  0.11s │ bd 4.5724e-02 │ res 2.4238e-01 │ test 4.4093e-01 │ η_eff 1.040e-09
Ep  92/100 │  0.11s │ bd 3.6977e-02 │ res 2.0719e-01 │ test 4.3873e-01 │ η_eff 1.100e-09
Ep  93/100 │  0.11s │ bd 3.6749e-02 │ res 1.7665e-01 │ test 4.3613e-01 │ η_eff 8.411e-10
Ep  94/100 │  0.12s │ bd 3.9741e-02 │ res 2.0030e-01 │ test 4.4267e-01 │ η_eff 9.787e-10
Ep  95/100 │  0.12s │ bd 4.1087e-02 │ res 2.3566e-01 │ test 4.4196e-01 │ η_eff 1.011e-09
Ep  96/100 │  0.11s │ bd 4.9071e-02 │ res 2.3628e-01 │ test 4.3748e-01 │ η_eff 9.764e-10
Ep  97/100 │  0.11s │ bd 4.9691e-02 │ res 3.0057e-01 │ test 4.4697e-01 │ η_eff 1.082e-09
Ep  98/100 │  0.12s │ bd 4.3422e-02 │ res 2.0197e-01 │ test 4.4353e-01 │ η_eff 1.004e-09
Ep  99/100 │  0.11s │ bd 3.6622e-02 │ res 2.0873e-01 │ test 4.4545e-01 │ η_eff 9.368e-10
Ep 100/100 │  0.11s │ bd 3.9546e-02 │ res 2.2196e-01 │ test 4.3807e-01 │ η_eff 5.972e-10
→ Saved: loss/Burger1d_phisfno_ms_nr_90_Adam_ep100_visc0.1_m32_w64_s11/loss_full_loss_2.csv

=== Phase 'full_loss_3' | epochs 100 ===

Ep   1/100 │  0.11s │ bd 4.4379e-02 │ res 2.3198e-01 │ test 4.4244e-01 │ η_eff 5.428e-10
Ep   2/100 │  0.11s │ bd 3.9638e-02 │ res 2.0945e-01 │ test 4.4339e-01 │ η_eff 5.717e-10
Ep   3/100 │  0.11s │ bd 4.9790e-02 │ res 2.6072e-01 │ test 4.4335e-01 │ η_eff 6.140e-10
Ep   4/100 │  0.11s │ bd 4.0776e-02 │ res 2.0361e-01 │ test 4.3834e-01 │ η_eff 5.382e-10
Ep   5/100 │  0.12s │ bd 3.7383e-02 │ res 2.1547e-01 │ test 4.3681e-01 │ η_eff 5.423e-10
Ep   6/100 │  0.11s │ bd 3.4802e-02 │ res 1.9807e-01 │ test 4.3415e-01 │ η_eff 5.605e-10
Ep   7/100 │  0.12s │ bd 3.7626e-02 │ res 2.1302e-01 │ test 4.3857e-01 │ η_eff 5.961e-10
Ep   8/100 │  0.11s │ bd 3.1924e-02 │ res 1.9513e-01 │ test 4.3944e-01 │ η_eff 6.034e-10
Ep   9/100 │  0.11s │ bd 3.7260e-02 │ res 2.1464e-01 │ test 4.4007e-01 │ η_eff 7.057e-10
Ep  10/100 │  0.11s │ bd 4.0748e-02 │ res 2.4021e-01 │ test 4.4629e-01 │ η_eff 3.472e-10
Ep  11/100 │  0.11s │ bd 4.3976e-02 │ res 2.2491e-01 │ test 4.4005e-01 │ η_eff 3.208e-10
Ep  12/100 │  0.11s │ bd 3.9303e-02 │ res 2.3214e-01 │ test 4.3769e-01 │ η_eff 2.987e-10
Ep  13/100 │  0.12s │ bd 3.0798e-02 │ res 1.8944e-01 │ test 4.3874e-01 │ η_eff 2.911e-10
Ep  14/100 │  0.12s │ bd 3.8476e-02 │ res 2.1072e-01 │ test 4.4049e-01 │ η_eff 3.169e-10
Ep  15/100 │  0.12s │ bd 3.8071e-02 │ res 2.0578e-01 │ test 4.4319e-01 │ η_eff 3.199e-10
Ep  16/100 │  0.11s │ bd 4.1914e-02 │ res 2.6770e-01 │ test 4.4478e-01 │ η_eff 3.283e-10
Ep  17/100 │  0.12s │ bd 4.6144e-02 │ res 2.2208e-01 │ test 4.3876e-01 │ η_eff 3.153e-10
Ep  18/100 │  0.11s │ bd 4.2646e-02 │ res 2.3458e-01 │ test 4.3761e-01 │ η_eff 3.140e-10
Ep  19/100 │  0.11s │ bd 3.9976e-02 │ res 1.9509e-01 │ test 4.3905e-01 │ η_eff 2.829e-10
Ep  20/100 │  0.11s │ bd 3.9826e-02 │ res 2.3087e-01 │ test 4.4261e-01 │ η_eff 1.957e-10
Ep  21/100 │  0.11s │ bd 3.5006e-02 │ res 2.0517e-01 │ test 4.3887e-01 │ η_eff 1.610e-10
Ep  22/100 │  0.11s │ bd 4.2853e-02 │ res 2.0129e-01 │ test 4.3775e-01 │ η_eff 1.580e-10
Ep  23/100 │  0.11s │ bd 3.8760e-02 │ res 2.0280e-01 │ test 4.3479e-01 │ η_eff 1.455e-10
Ep  24/100 │  0.12s │ bd 3.8119e-02 │ res 2.2209e-01 │ test 4.4016e-01 │ η_eff 1.539e-10
Ep  25/100 │  0.11s │ bd 4.2827e-02 │ res 2.1715e-01 │ test 4.4181e-01 │ η_eff 1.607e-10
Ep  26/100 │  0.11s │ bd 4.0478e-02 │ res 1.8238e-01 │ test 4.4087e-01 │ η_eff 1.586e-10
Ep  27/100 │  0.11s │ bd 4.7821e-02 │ res 2.8589e-01 │ test 4.4039e-01 │ η_eff 1.651e-10
Ep  28/100 │  0.11s │ bd 3.9107e-02 │ res 1.8788e-01 │ test 4.4018e-01 │ η_eff 1.756e-10
Ep  29/100 │  0.11s │ bd 4.6155e-02 │ res 2.7317e-01 │ test 4.4592e-01 │ η_eff 1.833e-10
Ep  30/100 │  0.12s │ bd 3.9141e-02 │ res 2.0382e-01 │ test 4.4327e-01 │ η_eff 7.774e-11
Ep  31/100 │  0.13s │ bd 3.6057e-02 │ res 2.2877e-01 │ test 4.3811e-01 │ η_eff 8.145e-11
Ep  32/100 │  0.12s │ bd 4.6696e-02 │ res 2.3867e-01 │ test 4.4072e-01 │ η_eff 9.148e-11
Ep  33/100 │  0.11s │ bd 3.7699e-02 │ res 1.9808e-01 │ test 4.4319e-01 │ η_eff 9.713e-11
Ep  34/100 │  0.11s │ bd 4.3125e-02 │ res 2.3389e-01 │ test 4.3607e-01 │ η_eff 8.863e-11
Ep  35/100 │  0.11s │ bd 4.0924e-02 │ res 2.0581e-01 │ test 4.3688e-01 │ η_eff 8.417e-11
Ep  36/100 │  0.12s │ bd 3.5288e-02 │ res 1.8752e-01 │ test 4.3605e-01 │ η_eff 8.242e-11
Ep  37/100 │  0.11s │ bd 3.5090e-02 │ res 2.0635e-01 │ test 4.4047e-01 │ η_eff 8.074e-11
Ep  38/100 │  0.11s │ bd 4.0946e-02 │ res 2.2050e-01 │ test 4.4031e-01 │ η_eff 8.154e-11
Ep  39/100 │  0.11s │ bd 3.4770e-02 │ res 2.0777e-01 │ test 4.3713e-01 │ η_eff 8.507e-11
Ep  40/100 │  0.11s │ bd 3.2577e-02 │ res 2.1039e-01 │ test 4.4042e-01 │ η_eff 4.427e-11
Ep  41/100 │  0.11s │ bd 4.7561e-02 │ res 2.7207e-01 │ test 4.4320e-01 │ η_eff 4.211e-11
Ep  42/100 │  0.11s │ bd 2.9074e-02 │ res 1.6294e-01 │ test 4.3967e-01 │ η_eff 4.268e-11
Ep  43/100 │  0.11s │ bd 4.2281e-02 │ res 2.5681e-01 │ test 4.3456e-01 │ η_eff 3.958e-11
Ep  44/100 │  0.11s │ bd 5.4580e-02 │ res 2.5111e-01 │ test 4.4361e-01 │ η_eff 5.362e-11
Ep  45/100 │  0.11s │ bd 3.4933e-02 │ res 1.6858e-01 │ test 4.4509e-01 │ η_eff 4.909e-11
Ep  46/100 │  0.11s │ bd 4.1473e-02 │ res 2.1948e-01 │ test 4.3576e-01 │ η_eff 4.472e-11
Ep  47/100 │  0.11s │ bd 4.2880e-02 │ res 2.3147e-01 │ test 4.3983e-01 │ η_eff 4.281e-11
Ep  48/100 │  0.11s │ bd 3.8579e-02 │ res 2.1366e-01 │ test 4.3910e-01 │ η_eff 4.050e-11
Ep  49/100 │  0.12s │ bd 3.3656e-02 │ res 1.8493e-01 │ test 4.4252e-01 │ η_eff 4.495e-11
Ep  50/100 │  0.12s │ bd 4.1797e-02 │ res 1.9750e-01 │ test 4.4309e-01 │ η_eff 2.137e-11
Ep  51/100 │  0.11s │ bd 3.8457e-02 │ res 2.1398e-01 │ test 4.4144e-01 │ η_eff 2.060e-11
Ep  52/100 │  0.11s │ bd 3.9099e-02 │ res 2.1964e-01 │ test 4.4014e-01 │ η_eff 2.307e-11
Ep  53/100 │  0.11s │ bd 5.4370e-02 │ res 3.0978e-01 │ test 4.4303e-01 │ η_eff 2.620e-11
Ep  54/100 │  0.11s │ bd 4.3651e-02 │ res 2.0662e-01 │ test 4.3602e-01 │ η_eff 2.314e-11
Ep  55/100 │  0.11s │ bd 4.3883e-02 │ res 2.7391e-01 │ test 4.3687e-01 │ η_eff 2.635e-11
Ep  56/100 │  0.12s │ bd 3.7832e-02 │ res 1.8153e-01 │ test 4.3967e-01 │ η_eff 2.256e-11
Ep  57/100 │  0.11s │ bd 4.1318e-02 │ res 2.0660e-01 │ test 4.3732e-01 │ η_eff 2.270e-11
Ep  58/100 │  0.11s │ bd 5.1147e-02 │ res 2.5279e-01 │ test 4.3320e-01 │ η_eff 2.271e-11
Ep  59/100 │  0.11s │ bd 4.3482e-02 │ res 2.0951e-01 │ test 4.3895e-01 │ η_eff 2.364e-11
Ep  60/100 │  0.11s │ bd 4.5664e-02 │ res 2.2252e-01 │ test 4.3708e-01 │ η_eff 1.124e-11
Ep  61/100 │  0.11s │ bd 4.1459e-02 │ res 2.0958e-01 │ test 4.3694e-01 │ η_eff 1.067e-11
Ep  62/100 │  0.11s │ bd 4.7806e-02 │ res 2.7937e-01 │ test 4.3843e-01 │ η_eff 1.239e-11
Ep  63/100 │  0.12s │ bd 3.9153e-02 │ res 2.3383e-01 │ test 4.4018e-01 │ η_eff 1.146e-11
Ep  64/100 │  0.11s │ bd 3.4958e-02 │ res 2.4485e-01 │ test 4.3988e-01 │ η_eff 1.046e-11
Ep  65/100 │  0.11s │ bd 4.0666e-02 │ res 2.2515e-01 │ test 4.4020e-01 │ η_eff 1.255e-11
Ep  66/100 │  0.11s │ bd 4.6666e-02 │ res 2.5733e-01 │ test 4.4028e-01 │ η_eff 1.184e-11
Ep  67/100 │  0.11s │ bd 4.5568e-02 │ res 2.3050e-01 │ test 4.3950e-01 │ η_eff 1.180e-11
Ep  68/100 │  0.11s │ bd 4.8591e-02 │ res 2.6833e-01 │ test 4.4148e-01 │ η_eff 1.209e-11
Ep  69/100 │  0.11s │ bd 3.0064e-02 │ res 1.7880e-01 │ test 4.4233e-01 │ η_eff 1.299e-11
Ep  70/100 │  0.11s │ bd 3.4895e-02 │ res 2.1878e-01 │ test 4.4279e-01 │ η_eff 7.171e-12
Ep  71/100 │  0.12s │ bd 3.5059e-02 │ res 1.8965e-01 │ test 4.4005e-01 │ η_eff 6.325e-12
Ep  72/100 │  0.11s │ bd 3.7074e-02 │ res 1.8841e-01 │ test 4.3798e-01 │ η_eff 5.814e-12
Ep  73/100 │  0.12s │ bd 3.7825e-02 │ res 2.1175e-01 │ test 4.4274e-01 │ η_eff 6.021e-12
Ep  74/100 │  0.12s │ bd 4.1344e-02 │ res 1.8991e-01 │ test 4.4161e-01 │ η_eff 6.785e-12
Ep  75/100 │  0.11s │ bd 4.5079e-02 │ res 2.4341e-01 │ test 4.4112e-01 │ η_eff 5.647e-12
Ep  76/100 │  0.12s │ bd 3.9152e-02 │ res 2.1337e-01 │ test 4.3797e-01 │ η_eff 5.942e-12
Ep  77/100 │  0.12s │ bd 3.7357e-02 │ res 2.0384e-01 │ test 4.3388e-01 │ η_eff 6.916e-12
Ep  78/100 │  0.12s │ bd 3.9924e-02 │ res 2.2121e-01 │ test 4.3884e-01 │ η_eff 5.794e-12
Ep  79/100 │  0.11s │ bd 4.9097e-02 │ res 2.6441e-01 │ test 4.4941e-01 │ η_eff 6.249e-12
Ep  80/100 │  0.11s │ bd 3.7398e-02 │ res 2.1299e-01 │ test 4.4202e-01 │ η_eff 3.276e-12
Ep  81/100 │  0.11s │ bd 4.7552e-02 │ res 2.5041e-01 │ test 4.4611e-01 │ η_eff 3.674e-12
Ep  82/100 │  0.11s │ bd 4.0579e-02 │ res 2.1378e-01 │ test 4.4482e-01 │ η_eff 3.475e-12
Ep  83/100 │  0.11s │ bd 4.2084e-02 │ res 2.0376e-01 │ test 4.4615e-01 │ η_eff 3.070e-12
Ep  84/100 │  0.11s │ bd 3.0363e-02 │ res 2.1064e-01 │ test 4.4200e-01 │ η_eff 3.552e-12
Ep  85/100 │  0.11s │ bd 3.6494e-02 │ res 2.1049e-01 │ test 4.4264e-01 │ η_eff 3.341e-12
Ep  86/100 │  0.11s │ bd 4.0031e-02 │ res 1.9317e-01 │ test 4.3864e-01 │ η_eff 3.861e-12
Ep  87/100 │  0.11s │ bd 4.1061e-02 │ res 2.4079e-01 │ test 4.3970e-01 │ η_eff 4.498e-12
Ep  88/100 │  0.11s │ bd 3.8419e-02 │ res 1.8935e-01 │ test 4.3990e-01 │ η_eff 3.317e-12
Ep  89/100 │  0.11s │ bd 3.7350e-02 │ res 1.8887e-01 │ test 4.3964e-01 │ η_eff 3.531e-12
Ep  90/100 │  0.11s │ bd 3.9363e-02 │ res 2.4413e-01 │ test 4.3860e-01 │ η_eff 1.566e-12
Ep  91/100 │  0.12s │ bd 3.9550e-02 │ res 1.9277e-01 │ test 4.4432e-01 │ η_eff 1.817e-12
Ep  92/100 │  0.12s │ bd 4.1145e-02 │ res 2.2524e-01 │ test 4.4499e-01 │ η_eff 1.612e-12
Ep  93/100 │  0.11s │ bd 3.9492e-02 │ res 2.3060e-01 │ test 4.4010e-01 │ η_eff 1.631e-12
Ep  94/100 │  0.11s │ bd 3.4672e-02 │ res 2.2549e-01 │ test 4.4279e-01 │ η_eff 1.686e-12
Ep  95/100 │  0.12s │ bd 4.2861e-02 │ res 2.4409e-01 │ test 4.3619e-01 │ η_eff 1.648e-12
Ep  96/100 │  0.11s │ bd 4.9120e-02 │ res 2.7303e-01 │ test 4.3563e-01 │ η_eff 1.653e-12
Ep  97/100 │  0.12s │ bd 5.0471e-02 │ res 2.7900e-01 │ test 4.3908e-01 │ η_eff 1.671e-12
Ep  98/100 │  0.11s │ bd 4.1337e-02 │ res 1.8837e-01 │ test 4.3955e-01 │ η_eff 1.464e-12
Ep  99/100 │  0.11s │ bd 4.2543e-02 │ res 2.0451e-01 │ test 4.4379e-01 │ η_eff 1.711e-12
Ep 100/100 │  0.11s │ bd 3.8624e-02 │ res 2.0608e-01 │ test 4.4180e-01 │ η_eff 7.637e-13
→ Saved: loss/Burger1d_phisfno_ms_nr_90_Adam_ep100_visc0.1_m32_w64_s11/loss_full_loss_3.csv
→ Model saved: model/Burger1d_phisfno_ms_nr_90_Adam_ep100_visc0.1_m32_w64_s11
→ Eta-term history: loss/Burger1d_phisfno_ms_nr_90_Adam_ep100_visc0.1_m32_w64_s11/eta_term_history.csv
  sample 0: test L2 = 4.4074e-01
  sample 1: test L2 = 3.1475e-01
  sample 2: test L2 = 3.1680e-01
  sample 3: test L2 = 3.4338e-01
  sample 4: test L2 = 9.2516e-01
  sample 5: test L2 = 5.2737e-01
  sample 6: test L2 = 3.8092e-01
  sample 7: test L2 = 3.4862e-01
  sample 8: test L2 = 3.1469e-01
  sample 9: test L2 = 5.0554e-01
→ Predictions saved: burger_test_phisfno_ms_nr.mat
→ Figure saved: image/Burger1d_phisfno_ms_nr_90_Adam_ep100_visc0.1_m32_w64_s11/final_velocity.png
