loaded 1D buffers
[train_model] model=phisfno | training=multistage | S=2048 | nu=0.1 | dt=0.1 | modes=32 | width=64
Model parameters: 550,339

=== Phase 'full_loss_1' | epochs 100 ===

Ep   1/100 │  0.80s │ bd 4.2019e+00 │ res 3.6997e+01 │ test 3.3948e+00 │ η_eff 2.390e-03
Ep   2/100 │  0.12s │ bd 1.1373e+00 │ res 2.4680e+01 │ test 2.9025e+00 │ η_eff 9.848e-04
Ep   3/100 │  0.12s │ bd 8.9800e-01 │ res 1.2389e+01 │ test 2.0454e+00 │ η_eff 4.748e-04
Ep   4/100 │  0.11s │ bd 5.7557e-01 │ res 8.1970e+00 │ test 1.6981e+00 │ η_eff 3.194e-04
Ep   5/100 │  0.11s │ bd 6.3859e-01 │ res 5.2383e+00 │ test 1.0692e+00 │ η_eff 1.955e-04
Ep   6/100 │  0.12s │ bd 4.1725e-01 │ res 3.5796e+00 │ test 1.0916e+00 │ η_eff 1.936e-04
Ep   7/100 │  0.11s │ bd 5.2219e-01 │ res 2.6182e+00 │ test 9.1288e-01 │ η_eff 1.995e-04
Ep   8/100 │  0.12s │ bd 5.5053e-01 │ res 2.7311e+00 │ test 9.1965e-01 │ η_eff 1.519e-04
Ep   9/100 │  0.11s │ bd 4.6147e-01 │ res 2.2505e+00 │ test 8.4066e-01 │ η_eff 1.346e-04
Ep  10/100 │  0.11s │ bd 4.2914e-01 │ res 2.1088e+00 │ test 8.4339e-01 │ η_eff 7.089e-05
Ep  11/100 │  0.11s │ bd 3.3235e-01 │ res 1.5043e+00 │ test 8.4652e-01 │ η_eff 6.615e-05
Ep  12/100 │  0.11s │ bd 3.2076e-01 │ res 1.6920e+00 │ test 7.9943e-01 │ η_eff 7.082e-05
Ep  13/100 │  0.12s │ bd 2.4892e-01 │ res 1.2354e+00 │ test 7.8573e-01 │ η_eff 6.083e-05
Ep  14/100 │  0.11s │ bd 2.0281e-01 │ res 1.0579e+00 │ test 7.4510e-01 │ η_eff 8.554e-05
Ep  15/100 │  0.12s │ bd 2.3932e-01 │ res 8.5327e-01 │ test 6.9829e-01 │ η_eff 8.303e-05
Ep  16/100 │  0.11s │ bd 3.2514e-01 │ res 8.8023e-01 │ test 6.8108e-01 │ η_eff 8.887e-05
Ep  17/100 │  0.11s │ bd 2.4461e-01 │ res 9.5315e-01 │ test 6.7266e-01 │ η_eff 8.623e-05
Ep  18/100 │  0.11s │ bd 2.2591e-01 │ res 9.1406e-01 │ test 6.7990e-01 │ η_eff 7.124e-05
Ep  19/100 │  0.11s │ bd 4.2300e-01 │ res 7.9216e-01 │ test 6.2070e-01 │ η_eff 1.251e-04
Ep  20/100 │  0.11s │ bd 2.5131e-01 │ res 8.5364e-01 │ test 6.0362e-01 │ η_eff 4.403e-05
Ep  21/100 │  0.11s │ bd 2.7826e-01 │ res 6.7678e-01 │ test 5.9597e-01 │ η_eff 4.327e-05
Ep  22/100 │  0.11s │ bd 2.0809e-01 │ res 6.3280e-01 │ test 5.7551e-01 │ η_eff 6.285e-05
Ep  23/100 │  0.11s │ bd 1.5814e-01 │ res 5.0095e-01 │ test 5.6442e-01 │ η_eff 4.942e-05
Ep  24/100 │  0.11s │ bd 1.7323e-01 │ res 4.8710e-01 │ test 6.0225e-01 │ η_eff 5.038e-05
Ep  25/100 │  0.11s │ bd 1.6840e-01 │ res 5.3710e-01 │ test 5.6481e-01 │ η_eff 5.415e-05
Ep  26/100 │  0.10s │ bd 1.1660e-01 │ res 4.0645e-01 │ test 5.9100e-01 │ η_eff 5.265e-05
Ep  27/100 │  0.11s │ bd 1.2267e-01 │ res 4.5688e-01 │ test 5.6395e-01 │ η_eff 5.826e-05
Ep  28/100 │  0.12s │ bd 1.5986e-01 │ res 4.9114e-01 │ test 5.3054e-01 │ η_eff 5.425e-05
Ep  29/100 │  0.11s │ bd 1.5952e-01 │ res 4.2446e-01 │ test 5.8505e-01 │ η_eff 4.688e-05
Ep  30/100 │  0.11s │ bd 1.8794e-01 │ res 4.8016e-01 │ test 4.8859e-01 │ η_eff 3.367e-05
Ep  31/100 │  0.11s │ bd 1.5341e-01 │ res 3.9317e-01 │ test 5.5164e-01 │ η_eff 2.620e-05
Ep  32/100 │  0.11s │ bd 1.2527e-01 │ res 3.6156e-01 │ test 4.9977e-01 │ η_eff 2.523e-05
Ep  33/100 │  0.11s │ bd 9.8012e-02 │ res 3.6295e-01 │ test 4.9481e-01 │ η_eff 3.075e-05
Ep  34/100 │  0.11s │ bd 9.6041e-02 │ res 3.5319e-01 │ test 4.7069e-01 │ η_eff 2.981e-05
Ep  35/100 │  0.11s │ bd 8.6438e-02 │ res 3.2732e-01 │ test 4.8452e-01 │ η_eff 3.296e-05
Ep  36/100 │  0.11s │ bd 7.5485e-02 │ res 3.0859e-01 │ test 4.9473e-01 │ η_eff 3.125e-05
Ep  37/100 │  0.11s │ bd 7.6637e-02 │ res 3.4126e-01 │ test 4.6098e-01 │ η_eff 2.810e-05
Ep  38/100 │  0.11s │ bd 7.8100e-02 │ res 3.0611e-01 │ test 4.7323e-01 │ η_eff 2.804e-05
Ep  39/100 │  0.11s │ bd 9.4790e-02 │ res 2.9491e-01 │ test 4.2886e-01 │ η_eff 3.660e-05
Ep  40/100 │  0.11s │ bd 9.9144e-02 │ res 3.1687e-01 │ test 4.6527e-01 │ η_eff 1.614e-05
Ep  41/100 │  0.11s │ bd 8.9438e-02 │ res 3.4753e-01 │ test 4.5584e-01 │ η_eff 2.032e-05
Ep  42/100 │  0.11s │ bd 7.1642e-02 │ res 2.8458e-01 │ test 4.2867e-01 │ η_eff 1.785e-05
Ep  43/100 │  0.12s │ bd 7.5912e-02 │ res 2.9111e-01 │ test 4.4787e-01 │ η_eff 1.657e-05
Ep  44/100 │  0.11s │ bd 7.7782e-02 │ res 2.8498e-01 │ test 4.5669e-01 │ η_eff 1.871e-05
Ep  45/100 │  0.11s │ bd 6.2350e-02 │ res 3.1110e-01 │ test 4.7222e-01 │ η_eff 1.539e-05
Ep  46/100 │  0.12s │ bd 6.7290e-02 │ res 2.3583e-01 │ test 4.4263e-01 │ η_eff 2.178e-05
Ep  47/100 │  0.11s │ bd 6.4556e-02 │ res 2.6500e-01 │ test 4.5241e-01 │ η_eff 2.030e-05
Ep  48/100 │  0.11s │ bd 8.5691e-02 │ res 2.4530e-01 │ test 4.3306e-01 │ η_eff 1.820e-05
Ep  49/100 │  0.11s │ bd 6.7363e-02 │ res 2.5921e-01 │ test 4.3763e-01 │ η_eff 1.761e-05
Ep  50/100 │  0.13s │ bd 5.6775e-02 │ res 2.5466e-01 │ test 4.3873e-01 │ η_eff 8.733e-06
Ep  51/100 │  0.12s │ bd 6.1982e-02 │ res 2.4317e-01 │ test 4.5172e-01 │ η_eff 9.508e-06
Ep  52/100 │  0.12s │ bd 5.1043e-02 │ res 2.4334e-01 │ test 4.3666e-01 │ η_eff 8.977e-06
Ep  53/100 │  0.11s │ bd 5.7188e-02 │ res 2.5698e-01 │ test 4.4305e-01 │ η_eff 8.415e-06
Ep  54/100 │  0.10s │ bd 5.3511e-02 │ res 2.4258e-01 │ test 4.4297e-01 │ η_eff 9.816e-06
Ep  55/100 │  0.11s │ bd 4.7708e-02 │ res 2.0311e-01 │ test 4.3724e-01 │ η_eff 8.579e-06
Ep  56/100 │  0.12s │ bd 5.2572e-02 │ res 2.5087e-01 │ test 4.3750e-01 │ η_eff 8.525e-06
Ep  57/100 │  0.11s │ bd 5.8428e-02 │ res 2.4610e-01 │ test 4.4198e-01 │ η_eff 8.011e-06
Ep  58/100 │  0.11s │ bd 4.1472e-02 │ res 2.1375e-01 │ test 4.3579e-01 │ η_eff 1.019e-05
Ep  59/100 │  0.11s │ bd 4.4964e-02 │ res 2.3103e-01 │ test 4.4547e-01 │ η_eff 8.490e-06
Ep  60/100 │  0.11s │ bd 5.5042e-02 │ res 2.6203e-01 │ test 4.4023e-01 │ η_eff 5.061e-06
Ep  61/100 │  0.11s │ bd 4.6981e-02 │ res 2.2382e-01 │ test 4.3979e-01 │ η_eff 4.825e-06
Ep  62/100 │  0.11s │ bd 5.1593e-02 │ res 2.3206e-01 │ test 4.3956e-01 │ η_eff 5.907e-06
Ep  63/100 │  0.12s │ bd 4.9305e-02 │ res 2.0671e-01 │ test 4.3800e-01 │ η_eff 5.047e-06
Ep  64/100 │  0.11s │ bd 4.6036e-02 │ res 2.5026e-01 │ test 4.3842e-01 │ η_eff 4.890e-06
Ep  65/100 │  0.13s │ bd 4.2273e-02 │ res 2.1510e-01 │ test 4.3753e-01 │ η_eff 4.426e-06
Ep  66/100 │  0.11s │ bd 4.3638e-02 │ res 2.2298e-01 │ test 4.2739e-01 │ η_eff 4.640e-06
Ep  67/100 │  0.11s │ bd 4.9999e-02 │ res 2.5221e-01 │ test 4.2766e-01 │ η_eff 4.806e-06
Ep  68/100 │  0.11s │ bd 4.4871e-02 │ res 1.9489e-01 │ test 4.3525e-01 │ η_eff 4.666e-06
Ep  69/100 │  0.11s │ bd 5.3650e-02 │ res 2.4383e-01 │ test 4.2824e-01 │ η_eff 4.999e-06
Ep  70/100 │  0.11s │ bd 5.3797e-02 │ res 2.1301e-01 │ test 4.2822e-01 │ η_eff 2.528e-06
Ep  71/100 │  0.11s │ bd 4.0838e-02 │ res 2.3875e-01 │ test 4.3024e-01 │ η_eff 2.516e-06
Ep  72/100 │  0.11s │ bd 4.9841e-02 │ res 2.4359e-01 │ test 4.3107e-01 │ η_eff 2.774e-06
Ep  73/100 │  0.11s │ bd 4.5328e-02 │ res 2.5038e-01 │ test 4.3409e-01 │ η_eff 2.946e-06
Ep  74/100 │  0.11s │ bd 5.8550e-02 │ res 2.6579e-01 │ test 4.3909e-01 │ η_eff 2.533e-06
Ep  75/100 │  0.11s │ bd 4.5125e-02 │ res 2.0505e-01 │ test 4.4222e-01 │ η_eff 2.626e-06
Ep  76/100 │  0.13s │ bd 5.6982e-02 │ res 2.6482e-01 │ test 4.3940e-01 │ η_eff 3.145e-06
Ep  77/100 │  0.12s │ bd 4.5200e-02 │ res 2.3304e-01 │ test 4.3394e-01 │ η_eff 2.593e-06
Ep  78/100 │  0.11s │ bd 5.3802e-02 │ res 2.3821e-01 │ test 4.2984e-01 │ η_eff 2.910e-06
Ep  79/100 │  0.12s │ bd 4.0255e-02 │ res 2.2283e-01 │ test 4.3242e-01 │ η_eff 2.995e-06
Ep  80/100 │  0.11s │ bd 3.9112e-02 │ res 2.1159e-01 │ test 4.2797e-01 │ η_eff 1.394e-06
Ep  81/100 │  0.11s │ bd 4.1519e-02 │ res 2.1489e-01 │ test 4.2732e-01 │ η_eff 1.467e-06
Ep  82/100 │  0.11s │ bd 5.0612e-02 │ res 2.7025e-01 │ test 4.2801e-01 │ η_eff 1.662e-06
Ep  83/100 │  0.11s │ bd 3.8823e-02 │ res 2.2052e-01 │ test 4.3285e-01 │ η_eff 1.587e-06
Ep  84/100 │  0.11s │ bd 4.2997e-02 │ res 2.3054e-01 │ test 4.3030e-01 │ η_eff 1.711e-06
Ep  85/100 │  0.11s │ bd 3.0543e-02 │ res 2.0504e-01 │ test 4.2919e-01 │ η_eff 1.431e-06
Ep  86/100 │  0.11s │ bd 4.1298e-02 │ res 2.0664e-01 │ test 4.3024e-01 │ η_eff 1.965e-06
Ep  87/100 │  0.11s │ bd 3.4064e-02 │ res 2.2122e-01 │ test 4.3693e-01 │ η_eff 1.978e-06
Ep  88/100 │  0.12s │ bd 3.9922e-02 │ res 2.5768e-01 │ test 4.3447e-01 │ η_eff 1.499e-06
Ep  89/100 │  0.13s │ bd 4.8228e-02 │ res 2.2983e-01 │ test 4.3430e-01 │ η_eff 1.692e-06
Ep  90/100 │  0.12s │ bd 3.5439e-02 │ res 2.0927e-01 │ test 4.3572e-01 │ η_eff 6.883e-07
Ep  91/100 │  0.11s │ bd 3.6502e-02 │ res 2.0387e-01 │ test 4.3320e-01 │ η_eff 7.886e-07
Ep  92/100 │  0.11s │ bd 3.6639e-02 │ res 2.2044e-01 │ test 4.3538e-01 │ η_eff 6.999e-07
Ep  93/100 │  0.11s │ bd 5.1931e-02 │ res 2.4173e-01 │ test 4.3072e-01 │ η_eff 7.650e-07
Ep  94/100 │  0.13s │ bd 4.3012e-02 │ res 2.3508e-01 │ test 4.3055e-01 │ η_eff 8.266e-07
Ep  95/100 │  0.13s │ bd 3.5901e-02 │ res 2.2509e-01 │ test 4.3221e-01 │ η_eff 1.001e-06
Ep  96/100 │  0.11s │ bd 3.9070e-02 │ res 2.1984e-01 │ test 4.2861e-01 │ η_eff 8.365e-07
Ep  97/100 │  0.12s │ bd 4.2526e-02 │ res 2.3322e-01 │ test 4.2737e-01 │ η_eff 8.275e-07
Ep  98/100 │  0.12s │ bd 4.5928e-02 │ res 2.6073e-01 │ test 4.3262e-01 │ η_eff 8.326e-07
Ep  99/100 │  0.11s │ bd 4.5370e-02 │ res 2.3846e-01 │ test 4.3436e-01 │ η_eff 1.105e-06
Ep 100/100 │  0.11s │ bd 4.8215e-02 │ res 2.6100e-01 │ test 4.3805e-01 │ η_eff 4.221e-07
→ Saved: loss/Burger1d_phisfno_ms_90_Adam_ep100_visc0.1_m32_w64/loss_full_loss_1.csv

=== Phase 'full_loss_2' | epochs 100 ===

Ep   1/100 │  0.15s │ bd 8.7519e-01 │ res 1.2608e+01 │ test 1.5260e+00 │ η_eff 3.445e-03
Ep   2/100 │  0.11s │ bd 4.9957e-01 │ res 2.0419e+00 │ test 1.4378e+00 │ η_eff 1.725e-03
Ep   3/100 │  0.11s │ bd 3.4606e-01 │ res 9.1231e-01 │ test 4.3395e-01 │ η_eff 1.137e-03
Ep   4/100 │  0.11s │ bd 2.5775e-01 │ res 7.2364e-01 │ test 2.2066e-01 │ η_eff 9.924e-04
Ep   5/100 │  0.12s │ bd 2.6184e-01 │ res 7.9794e-01 │ test 3.2912e-01 │ η_eff 9.125e-04
Ep   6/100 │  0.11s │ bd 2.6568e-01 │ res 6.0940e-01 │ test 2.4315e-01 │ η_eff 7.791e-04
Ep   7/100 │  0.12s │ bd 2.0039e-01 │ res 4.4594e-01 │ test 1.6022e-01 │ η_eff 7.290e-04
Ep   8/100 │  0.11s │ bd 2.2410e-01 │ res 4.1587e-01 │ test 2.3089e-01 │ η_eff 6.357e-04
Ep   9/100 │  0.11s │ bd 2.0993e-01 │ res 4.8617e-01 │ test 1.7128e-01 │ η_eff 6.215e-04
Ep  10/100 │  0.13s │ bd 1.5367e-01 │ res 5.1392e-01 │ test 1.5632e-01 │ η_eff 2.899e-04
Ep  11/100 │  0.11s │ bd 1.2222e-01 │ res 2.8050e-01 │ test 1.4034e-01 │ η_eff 3.072e-04
Ep  12/100 │  0.11s │ bd 1.1657e-01 │ res 2.0881e-01 │ test 1.5452e-01 │ η_eff 2.916e-04
Ep  13/100 │  0.12s │ bd 9.5198e-02 │ res 1.5641e-01 │ test 8.8072e-02 │ η_eff 2.741e-04
Ep  14/100 │  0.11s │ bd 1.0559e-01 │ res 2.5128e-01 │ test 1.2521e-01 │ η_eff 2.953e-04
Ep  15/100 │  0.11s │ bd 1.2133e-01 │ res 1.5352e-01 │ test 1.2059e-01 │ η_eff 2.972e-04
Ep  16/100 │  0.11s │ bd 1.3280e-01 │ res 2.7955e-01 │ test 1.0517e-01 │ η_eff 2.828e-04
Ep  17/100 │  0.11s │ bd 1.1792e-01 │ res 2.0891e-01 │ test 1.3793e-01 │ η_eff 2.736e-04
Ep  18/100 │  0.12s │ bd 1.1297e-01 │ res 2.0066e-01 │ test 1.3170e-01 │ η_eff 2.738e-04
Ep  19/100 │  0.11s │ bd 1.0791e-01 │ res 1.8461e-01 │ test 1.1693e-01 │ η_eff 2.849e-04
Ep  20/100 │  0.11s │ bd 1.4627e-01 │ res 2.0688e-01 │ test 1.1294e-01 │ η_eff 1.332e-04
Ep  21/100 │  0.11s │ bd 1.0421e-01 │ res 1.3087e-01 │ test 1.0541e-01 │ η_eff 1.540e-04
Ep  22/100 │  0.11s │ bd 8.4027e-02 │ res 7.4074e-02 │ test 9.3106e-02 │ η_eff 1.562e-04
Ep  23/100 │  0.11s │ bd 9.1368e-02 │ res 1.0104e-01 │ test 1.0247e-01 │ η_eff 1.528e-04
Ep  24/100 │  0.11s │ bd 8.2080e-02 │ res 8.0498e-02 │ test 8.6447e-02 │ η_eff 1.597e-04
Ep  25/100 │  0.12s │ bd 8.5759e-02 │ res 1.0435e-01 │ test 1.0658e-01 │ η_eff 1.543e-04
Ep  26/100 │  0.11s │ bd 9.2604e-02 │ res 1.1547e-01 │ test 8.6073e-02 │ η_eff 1.606e-04
Ep  27/100 │  0.12s │ bd 8.0113e-02 │ res 9.8437e-02 │ test 1.0025e-01 │ η_eff 1.527e-04
Ep  28/100 │  0.11s │ bd 9.7604e-02 │ res 1.1369e-01 │ test 1.4409e-01 │ η_eff 1.680e-04
Ep  29/100 │  0.11s │ bd 1.0050e-01 │ res 1.2838e-01 │ test 1.0813e-01 │ η_eff 1.502e-04
Ep  30/100 │  0.11s │ bd 6.8860e-02 │ res 9.3180e-02 │ test 1.0646e-01 │ η_eff 8.220e-05
Ep  31/100 │  0.11s │ bd 7.1279e-02 │ res 1.0002e-01 │ test 7.7387e-02 │ η_eff 8.963e-05
Ep  32/100 │  0.11s │ bd 7.4591e-02 │ res 9.9072e-02 │ test 1.0902e-01 │ η_eff 7.849e-05
Ep  33/100 │  0.11s │ bd 5.4994e-02 │ res 6.8111e-02 │ test 8.0150e-02 │ η_eff 8.763e-05
Ep  34/100 │  0.11s │ bd 7.4641e-02 │ res 7.6927e-02 │ test 1.0247e-01 │ η_eff 9.195e-05
Ep  35/100 │  0.11s │ bd 6.4322e-02 │ res 6.5993e-02 │ test 8.8368e-02 │ η_eff 7.924e-05
Ep  36/100 │  0.11s │ bd 7.9177e-02 │ res 1.0637e-01 │ test 8.0808e-02 │ η_eff 7.281e-05
Ep  37/100 │  0.12s │ bd 5.0368e-02 │ res 9.3833e-02 │ test 1.1096e-01 │ η_eff 8.681e-05
Ep  38/100 │  0.12s │ bd 6.1466e-02 │ res 6.8961e-02 │ test 8.1926e-02 │ η_eff 7.835e-05
Ep  39/100 │  0.12s │ bd 5.3585e-02 │ res 8.2440e-02 │ test 9.5188e-02 │ η_eff 8.417e-05
Ep  40/100 │  0.11s │ bd 6.0230e-02 │ res 6.4708e-02 │ test 8.4732e-02 │ η_eff 4.208e-05
Ep  41/100 │  0.11s │ bd 7.5315e-02 │ res 6.6882e-02 │ test 9.9651e-02 │ η_eff 4.321e-05
Ep  42/100 │  0.12s │ bd 5.1758e-02 │ res 7.5882e-02 │ test 7.8802e-02 │ η_eff 4.384e-05
Ep  43/100 │  0.11s │ bd 4.4132e-02 │ res 4.6444e-02 │ test 9.0245e-02 │ η_eff 4.646e-05
Ep  44/100 │  0.11s │ bd 5.4885e-02 │ res 5.9709e-02 │ test 8.4547e-02 │ η_eff 4.110e-05
Ep  45/100 │  0.11s │ bd 4.5143e-02 │ res 4.0316e-02 │ test 8.1665e-02 │ η_eff 4.249e-05
Ep  46/100 │  0.11s │ bd 4.7940e-02 │ res 6.1048e-02 │ test 7.8518e-02 │ η_eff 4.727e-05
Ep  47/100 │  0.11s │ bd 5.1934e-02 │ res 6.1729e-02 │ test 7.7362e-02 │ η_eff 5.153e-05
Ep  48/100 │  0.11s │ bd 4.7826e-02 │ res 6.7361e-02 │ test 8.6404e-02 │ η_eff 4.162e-05
Ep  49/100 │  0.12s │ bd 4.0278e-02 │ res 4.4598e-02 │ test 7.4663e-02 │ η_eff 4.502e-05
Ep  50/100 │  0.11s │ bd 4.8794e-02 │ res 5.1024e-02 │ test 8.4035e-02 │ η_eff 2.306e-05
Ep  51/100 │  0.11s │ bd 4.5496e-02 │ res 5.5378e-02 │ test 7.7707e-02 │ η_eff 2.560e-05
Ep  52/100 │  0.11s │ bd 4.1115e-02 │ res 4.4451e-02 │ test 7.0500e-02 │ η_eff 2.574e-05
Ep  53/100 │  0.12s │ bd 5.1072e-02 │ res 5.5706e-02 │ test 7.5858e-02 │ η_eff 2.554e-05
Ep  54/100 │  0.11s │ bd 4.3012e-02 │ res 6.0241e-02 │ test 8.1980e-02 │ η_eff 2.401e-05
Ep  55/100 │  0.12s │ bd 3.9603e-02 │ res 5.6071e-02 │ test 7.6954e-02 │ η_eff 2.377e-05
Ep  56/100 │  0.12s │ bd 4.2695e-02 │ res 4.8495e-02 │ test 7.6072e-02 │ η_eff 2.482e-05
Ep  57/100 │  0.12s │ bd 3.7504e-02 │ res 4.1759e-02 │ test 7.1528e-02 │ η_eff 2.999e-05
Ep  58/100 │  0.11s │ bd 3.9137e-02 │ res 5.5859e-02 │ test 7.3839e-02 │ η_eff 2.374e-05
Ep  59/100 │  0.12s │ bd 5.8374e-02 │ res 7.6041e-02 │ test 6.5231e-02 │ η_eff 2.938e-05
Ep  60/100 │  0.12s │ bd 4.3026e-02 │ res 4.8845e-02 │ test 7.4796e-02 │ η_eff 1.423e-05
Ep  61/100 │  0.12s │ bd 4.0020e-02 │ res 4.9768e-02 │ test 7.0932e-02 │ η_eff 1.253e-05
Ep  62/100 │  0.11s │ bd 3.6026e-02 │ res 3.7396e-02 │ test 6.7741e-02 │ η_eff 1.242e-05
Ep  63/100 │  0.12s │ bd 4.6046e-02 │ res 6.6995e-02 │ test 7.0663e-02 │ η_eff 1.269e-05
Ep  64/100 │  0.11s │ bd 3.1189e-02 │ res 4.7638e-02 │ test 7.6485e-02 │ η_eff 1.080e-05
Ep  65/100 │  0.11s │ bd 3.9646e-02 │ res 4.0388e-02 │ test 7.3466e-02 │ η_eff 1.213e-05
Ep  66/100 │  0.12s │ bd 3.3779e-02 │ res 5.7131e-02 │ test 7.2250e-02 │ η_eff 1.345e-05
Ep  67/100 │  0.11s │ bd 3.9700e-02 │ res 7.8058e-02 │ test 7.0105e-02 │ η_eff 1.401e-05
Ep  68/100 │  0.11s │ bd 3.8056e-02 │ res 4.2519e-02 │ test 7.6063e-02 │ η_eff 1.368e-05
Ep  69/100 │  0.11s │ bd 3.0506e-02 │ res 2.9714e-02 │ test 7.3940e-02 │ η_eff 1.403e-05
Ep  70/100 │  0.11s │ bd 3.6043e-02 │ res 5.9254e-02 │ test 7.0194e-02 │ η_eff 6.076e-06
Ep  71/100 │  0.11s │ bd 3.2806e-02 │ res 5.3822e-02 │ test 7.3237e-02 │ η_eff 7.298e-06
Ep  72/100 │  0.12s │ bd 3.5789e-02 │ res 5.6278e-02 │ test 7.5525e-02 │ η_eff 7.192e-06
Ep  73/100 │  0.11s │ bd 3.0605e-02 │ res 4.1208e-02 │ test 7.4965e-02 │ η_eff 6.806e-06
Ep  74/100 │  0.12s │ bd 3.5291e-02 │ res 4.7366e-02 │ test 7.2513e-02 │ η_eff 6.670e-06
Ep  75/100 │  0.11s │ bd 3.7435e-02 │ res 4.9426e-02 │ test 7.2457e-02 │ η_eff 6.840e-06
Ep  76/100 │  0.12s │ bd 3.3999e-02 │ res 4.0284e-02 │ test 7.2518e-02 │ η_eff 7.425e-06
Ep  77/100 │  0.12s │ bd 3.0602e-02 │ res 6.7291e-02 │ test 7.3590e-02 │ η_eff 6.755e-06
Ep  78/100 │  0.11s │ bd 4.3030e-02 │ res 6.6078e-02 │ test 7.5341e-02 │ η_eff 6.597e-06
Ep  79/100 │  0.11s │ bd 3.7800e-02 │ res 6.7632e-02 │ test 7.6725e-02 │ η_eff 7.963e-06
Ep  80/100 │  0.11s │ bd 3.2416e-02 │ res 5.0851e-02 │ test 7.5868e-02 │ η_eff 3.431e-06
Ep  81/100 │  0.12s │ bd 4.6889e-02 │ res 7.3035e-02 │ test 7.5871e-02 │ η_eff 3.569e-06
Ep  82/100 │  0.11s │ bd 2.5350e-02 │ res 3.5703e-02 │ test 7.3461e-02 │ η_eff 3.922e-06
Ep  83/100 │  0.11s │ bd 2.8165e-02 │ res 3.1163e-02 │ test 7.1646e-02 │ η_eff 3.580e-06
Ep  84/100 │  0.11s │ bd 2.8713e-02 │ res 4.2161e-02 │ test 7.1736e-02 │ η_eff 3.932e-06
Ep  85/100 │  0.11s │ bd 3.8182e-02 │ res 7.6421e-02 │ test 7.1495e-02 │ η_eff 3.696e-06
Ep  86/100 │  0.11s │ bd 2.7802e-02 │ res 4.8795e-02 │ test 7.3241e-02 │ η_eff 3.627e-06
Ep  87/100 │  0.11s │ bd 3.5734e-02 │ res 7.3327e-02 │ test 7.3991e-02 │ η_eff 3.948e-06
Ep  88/100 │  0.11s │ bd 4.4683e-02 │ res 6.4548e-02 │ test 7.3449e-02 │ η_eff 3.733e-06
Ep  89/100 │  0.12s │ bd 3.7484e-02 │ res 4.8949e-02 │ test 7.3413e-02 │ η_eff 4.375e-06
Ep  90/100 │  0.12s │ bd 3.6770e-02 │ res 5.0190e-02 │ test 7.1320e-02 │ η_eff 2.003e-06
Ep  91/100 │  0.11s │ bd 2.2450e-02 │ res 3.3990e-02 │ test 7.2080e-02 │ η_eff 1.963e-06
Ep  92/100 │  0.11s │ bd 3.1193e-02 │ res 5.3174e-02 │ test 7.2568e-02 │ η_eff 2.099e-06
Ep  93/100 │  0.11s │ bd 3.4735e-02 │ res 4.4863e-02 │ test 7.2320e-02 │ η_eff 2.003e-06
Ep  94/100 │  0.12s │ bd 4.1951e-02 │ res 5.3016e-02 │ test 7.2147e-02 │ η_eff 2.239e-06
Ep  95/100 │  0.11s │ bd 2.0958e-02 │ res 3.2601e-02 │ test 7.2282e-02 │ η_eff 1.927e-06
Ep  96/100 │  0.11s │ bd 2.4850e-02 │ res 4.5523e-02 │ test 7.0937e-02 │ η_eff 1.873e-06
Ep  97/100 │  0.12s │ bd 3.1276e-02 │ res 4.0516e-02 │ test 7.3467e-02 │ η_eff 1.937e-06
Ep  98/100 │  0.11s │ bd 3.2355e-02 │ res 4.6666e-02 │ test 7.2050e-02 │ η_eff 1.998e-06
Ep  99/100 │  0.11s │ bd 3.4780e-02 │ res 5.7709e-02 │ test 7.0406e-02 │ η_eff 2.205e-06
Ep 100/100 │  0.11s │ bd 2.6287e-02 │ res 5.0594e-02 │ test 7.2383e-02 │ η_eff 9.378e-07
→ Saved: loss/Burger1d_phisfno_ms_90_Adam_ep100_visc0.1_m32_w64/loss_full_loss_2.csv

=== Phase 'full_loss_3' | epochs 100 ===

Ep   1/100 │  0.15s │ bd 5.5924e-01 │ res 5.1769e+00 │ test 5.6652e-01 │ η_eff 3.162e-03
Ep   2/100 │  0.12s │ bd 3.0692e-01 │ res 9.7770e-01 │ test 3.2401e-01 │ η_eff 2.548e-03
Ep   3/100 │  0.12s │ bd 2.7177e-01 │ res 5.2419e-01 │ test 2.7217e-01 │ η_eff 1.870e-03
Ep   4/100 │  0.11s │ bd 2.0789e-01 │ res 3.4178e-01 │ test 2.6604e-01 │ η_eff 1.644e-03
Ep   5/100 │  0.11s │ bd 1.6681e-01 │ res 3.1688e-01 │ test 1.8047e-01 │ η_eff 1.427e-03
Ep   6/100 │  0.11s │ bd 1.6740e-01 │ res 3.8643e-01 │ test 1.5194e-01 │ η_eff 1.459e-03
Ep   7/100 │  0.12s │ bd 1.5859e-01 │ res 2.2120e-01 │ test 2.7165e-01 │ η_eff 1.136e-03
Ep   8/100 │  0.12s │ bd 1.4964e-01 │ res 2.6253e-01 │ test 1.0609e-01 │ η_eff 1.153e-03
Ep   9/100 │  0.11s │ bd 1.3456e-01 │ res 2.0057e-01 │ test 1.2815e-01 │ η_eff 1.103e-03
Ep  10/100 │  0.12s │ bd 1.6251e-01 │ res 2.2940e-01 │ test 1.2170e-01 │ η_eff 5.820e-04
Ep  11/100 │  0.11s │ bd 1.4031e-01 │ res 1.8478e-01 │ test 1.1320e-01 │ η_eff 7.395e-04
Ep  12/100 │  0.11s │ bd 1.1767e-01 │ res 1.8075e-01 │ test 1.3464e-01 │ η_eff 6.377e-04
Ep  13/100 │  0.12s │ bd 1.0911e-01 │ res 9.9782e-02 │ test 1.0133e-01 │ η_eff 5.381e-04
Ep  14/100 │  0.12s │ bd 1.0991e-01 │ res 1.5924e-01 │ test 1.3474e-01 │ η_eff 5.815e-04
Ep  15/100 │  0.11s │ bd 1.2544e-01 │ res 1.6178e-01 │ test 1.1257e-01 │ η_eff 5.713e-04
Ep  16/100 │  0.11s │ bd 9.2309e-02 │ res 9.9085e-02 │ test 7.0692e-02 │ η_eff 5.792e-04
Ep  17/100 │  0.11s │ bd 1.0305e-01 │ res 1.1647e-01 │ test 1.4838e-01 │ η_eff 5.911e-04
Ep  18/100 │  0.11s │ bd 9.7169e-02 │ res 1.8070e-01 │ test 8.8872e-02 │ η_eff 6.191e-04
Ep  19/100 │  0.11s │ bd 1.0965e-01 │ res 2.4852e-01 │ test 9.9021e-02 │ η_eff 6.229e-04
Ep  20/100 │  0.12s │ bd 7.4149e-02 │ res 1.3567e-01 │ test 1.3246e-01 │ η_eff 3.128e-04
Ep  21/100 │  0.14s │ bd 1.0825e-01 │ res 1.3448e-01 │ test 9.1844e-02 │ η_eff 3.199e-04
Ep  22/100 │  0.11s │ bd 5.9582e-02 │ res 5.8986e-02 │ test 8.9913e-02 │ η_eff 3.364e-04
Ep  23/100 │  0.11s │ bd 6.6915e-02 │ res 7.4776e-02 │ test 7.5762e-02 │ η_eff 2.699e-04
Ep  24/100 │  0.11s │ bd 9.3646e-02 │ res 1.1104e-01 │ test 1.0274e-01 │ η_eff 3.004e-04
Ep  25/100 │  0.12s │ bd 7.4037e-02 │ res 8.0168e-02 │ test 8.6580e-02 │ η_eff 2.943e-04
Ep  26/100 │  0.11s │ bd 6.2990e-02 │ res 5.4051e-02 │ test 6.8707e-02 │ η_eff 3.256e-04
Ep  27/100 │  0.11s │ bd 6.4708e-02 │ res 7.1006e-02 │ test 7.8539e-02 │ η_eff 2.778e-04
Ep  28/100 │  0.11s │ bd 6.0018e-02 │ res 6.4078e-02 │ test 9.8712e-02 │ η_eff 3.340e-04
Ep  29/100 │  0.12s │ bd 7.7568e-02 │ res 7.7032e-02 │ test 7.7398e-02 │ η_eff 3.432e-04
Ep  30/100 │  0.12s │ bd 6.4900e-02 │ res 5.2484e-02 │ test 6.4683e-02 │ η_eff 1.605e-04
Ep  31/100 │  0.11s │ bd 6.5802e-02 │ res 6.9250e-02 │ test 7.0017e-02 │ η_eff 1.974e-04
Ep  32/100 │  0.11s │ bd 4.6857e-02 │ res 7.2000e-02 │ test 6.2231e-02 │ η_eff 1.875e-04
Ep  33/100 │  0.11s │ bd 6.2387e-02 │ res 7.4521e-02 │ test 7.1360e-02 │ η_eff 1.742e-04
Ep  34/100 │  0.11s │ bd 4.7640e-02 │ res 3.2018e-02 │ test 7.0920e-02 │ η_eff 1.663e-04
Ep  35/100 │  0.12s │ bd 5.0405e-02 │ res 6.0936e-02 │ test 6.9253e-02 │ η_eff 1.807e-04
Ep  36/100 │  0.12s │ bd 6.2363e-02 │ res 9.6657e-02 │ test 6.3815e-02 │ η_eff 2.010e-04
Ep  37/100 │  0.11s │ bd 5.3647e-02 │ res 5.5017e-02 │ test 7.2894e-02 │ η_eff 2.025e-04
Ep  38/100 │  0.12s │ bd 5.6656e-02 │ res 5.0260e-02 │ test 7.2430e-02 │ η_eff 1.698e-04
Ep  39/100 │  0.12s │ bd 5.6540e-02 │ res 3.4298e-02 │ test 7.0382e-02 │ η_eff 1.620e-04
Ep  40/100 │  0.11s │ bd 4.1733e-02 │ res 5.4851e-02 │ test 6.8794e-02 │ η_eff 7.891e-05
Ep  41/100 │  0.11s │ bd 3.6159e-02 │ res 4.7595e-02 │ test 6.7065e-02 │ η_eff 1.015e-04
Ep  42/100 │  0.11s │ bd 5.2379e-02 │ res 6.3427e-02 │ test 7.2202e-02 │ η_eff 9.060e-05
Ep  43/100 │  0.11s │ bd 2.6744e-02 │ res 2.9508e-02 │ test 6.3671e-02 │ η_eff 9.600e-05
Ep  44/100 │  0.12s │ bd 3.3959e-02 │ res 3.2078e-02 │ test 6.9914e-02 │ η_eff 8.818e-05
Ep  45/100 │  0.11s │ bd 4.8847e-02 │ res 8.5505e-02 │ test 6.9024e-02 │ η_eff 7.888e-05
Ep  46/100 │  0.13s │ bd 3.7052e-02 │ res 6.1797e-02 │ test 6.2440e-02 │ η_eff 9.088e-05
Ep  47/100 │  0.12s │ bd 3.3476e-02 │ res 3.8077e-02 │ test 6.5043e-02 │ η_eff 8.258e-05
Ep  48/100 │  0.11s │ bd 3.1499e-02 │ res 3.8424e-02 │ test 6.2781e-02 │ η_eff 9.594e-05
Ep  49/100 │  0.11s │ bd 3.4037e-02 │ res 3.6930e-02 │ test 5.8491e-02 │ η_eff 9.507e-05
Ep  50/100 │  0.11s │ bd 3.7069e-02 │ res 3.6472e-02 │ test 7.0865e-02 │ η_eff 4.407e-05
Ep  51/100 │  0.12s │ bd 4.5526e-02 │ res 6.6937e-02 │ test 6.1003e-02 │ η_eff 5.385e-05
Ep  52/100 │  0.12s │ bd 3.7737e-02 │ res 4.3422e-02 │ test 6.2247e-02 │ η_eff 5.371e-05
Ep  53/100 │  0.11s │ bd 3.8408e-02 │ res 5.3195e-02 │ test 6.7653e-02 │ η_eff 4.661e-05
Ep  54/100 │  0.11s │ bd 3.4832e-02 │ res 3.9455e-02 │ test 6.1684e-02 │ η_eff 4.984e-05
Ep  55/100 │  0.11s │ bd 3.8273e-02 │ res 4.1870e-02 │ test 6.1146e-02 │ η_eff 5.280e-05
Ep  56/100 │  0.11s │ bd 2.9749e-02 │ res 2.9872e-02 │ test 6.1477e-02 │ η_eff 4.717e-05
Ep  57/100 │  0.11s │ bd 2.6728e-02 │ res 3.5110e-02 │ test 5.9554e-02 │ η_eff 5.022e-05
Ep  58/100 │  0.11s │ bd 4.2960e-02 │ res 6.5991e-02 │ test 6.2499e-02 │ η_eff 5.137e-05
Ep  59/100 │  0.12s │ bd 3.2575e-02 │ res 5.1481e-02 │ test 6.4602e-02 │ η_eff 4.811e-05
Ep  60/100 │  0.12s │ bd 3.3138e-02 │ res 3.9387e-02 │ test 5.9469e-02 │ η_eff 2.605e-05
Ep  61/100 │  0.12s │ bd 2.9330e-02 │ res 2.2479e-02 │ test 5.9558e-02 │ η_eff 2.432e-05
Ep  62/100 │  0.11s │ bd 3.1166e-02 │ res 4.2650e-02 │ test 6.7639e-02 │ η_eff 2.833e-05
Ep  63/100 │  0.11s │ bd 2.7975e-02 │ res 4.0911e-02 │ test 6.5690e-02 │ η_eff 2.767e-05
Ep  64/100 │  0.11s │ bd 2.9834e-02 │ res 4.0686e-02 │ test 6.6192e-02 │ η_eff 2.603e-05
Ep  65/100 │  0.13s │ bd 3.1702e-02 │ res 4.3355e-02 │ test 6.4003e-02 │ η_eff 2.277e-05
Ep  66/100 │  0.13s │ bd 2.5761e-02 │ res 4.6429e-02 │ test 6.6243e-02 │ η_eff 2.664e-05
Ep  67/100 │  0.11s │ bd 3.3312e-02 │ res 5.7171e-02 │ test 6.5586e-02 │ η_eff 2.558e-05
Ep  68/100 │  0.11s │ bd 3.2556e-02 │ res 4.0265e-02 │ test 6.4299e-02 │ η_eff 2.967e-05
Ep  69/100 │  0.11s │ bd 2.8665e-02 │ res 3.4203e-02 │ test 6.1160e-02 │ η_eff 2.416e-05
Ep  70/100 │  0.11s │ bd 3.0411e-02 │ res 3.4334e-02 │ test 5.8974e-02 │ η_eff 1.367e-05
Ep  71/100 │  0.11s │ bd 2.7265e-02 │ res 2.8370e-02 │ test 6.1604e-02 │ η_eff 1.274e-05
Ep  72/100 │  0.11s │ bd 2.5009e-02 │ res 4.2235e-02 │ test 6.1407e-02 │ η_eff 1.187e-05
Ep  73/100 │  0.12s │ bd 2.3223e-02 │ res 4.6188e-02 │ test 6.1605e-02 │ η_eff 1.301e-05
Ep  74/100 │  0.11s │ bd 2.7700e-02 │ res 4.5075e-02 │ test 6.2599e-02 │ η_eff 1.230e-05
Ep  75/100 │  0.12s │ bd 3.1323e-02 │ res 3.6736e-02 │ test 6.3041e-02 │ η_eff 1.454e-05
Ep  76/100 │  0.11s │ bd 2.8569e-02 │ res 3.5686e-02 │ test 6.2551e-02 │ η_eff 1.193e-05
Ep  77/100 │  0.12s │ bd 2.8102e-02 │ res 3.4621e-02 │ test 6.2651e-02 │ η_eff 1.202e-05
Ep  78/100 │  0.12s │ bd 2.6624e-02 │ res 5.6753e-02 │ test 6.2854e-02 │ η_eff 1.232e-05
Ep  79/100 │  0.13s │ bd 2.5883e-02 │ res 3.0576e-02 │ test 6.2114e-02 │ η_eff 1.444e-05
Ep  80/100 │  0.11s │ bd 3.3153e-02 │ res 4.2646e-02 │ test 5.9707e-02 │ η_eff 6.330e-06
Ep  81/100 │  0.11s │ bd 2.5817e-02 │ res 2.8433e-02 │ test 6.1146e-02 │ η_eff 6.483e-06
Ep  82/100 │  0.11s │ bd 2.6319e-02 │ res 4.2364e-02 │ test 6.1052e-02 │ η_eff 6.820e-06
Ep  83/100 │  0.11s │ bd 2.8304e-02 │ res 3.5258e-02 │ test 6.0684e-02 │ η_eff 6.350e-06
Ep  84/100 │  0.12s │ bd 2.2348e-02 │ res 3.1566e-02 │ test 6.0320e-02 │ η_eff 6.814e-06
Ep  85/100 │  0.11s │ bd 2.4124e-02 │ res 4.4730e-02 │ test 6.1142e-02 │ η_eff 6.472e-06
Ep  86/100 │  0.11s │ bd 2.1524e-02 │ res 3.1466e-02 │ test 6.0319e-02 │ η_eff 6.475e-06
Ep  87/100 │  0.11s │ bd 2.4170e-02 │ res 3.9341e-02 │ test 6.0399e-02 │ η_eff 6.895e-06
Ep  88/100 │  0.12s │ bd 2.3624e-02 │ res 3.0694e-02 │ test 6.1552e-02 │ η_eff 6.574e-06
Ep  89/100 │  0.11s │ bd 2.9623e-02 │ res 6.6983e-02 │ test 6.1601e-02 │ η_eff 6.170e-06
Ep  90/100 │  0.12s │ bd 2.5035e-02 │ res 3.4777e-02 │ test 6.2814e-02 │ η_eff 2.974e-06
Ep  91/100 │  0.13s │ bd 2.5107e-02 │ res 2.6988e-02 │ test 6.3519e-02 │ η_eff 3.235e-06
Ep  92/100 │  0.11s │ bd 2.9267e-02 │ res 3.8118e-02 │ test 6.2554e-02 │ η_eff 3.769e-06
Ep  93/100 │  0.11s │ bd 2.5016e-02 │ res 4.1041e-02 │ test 6.1873e-02 │ η_eff 3.101e-06
Ep  94/100 │  0.11s │ bd 2.8095e-02 │ res 3.1497e-02 │ test 6.1131e-02 │ η_eff 3.415e-06
Ep  95/100 │  0.11s │ bd 2.5040e-02 │ res 4.9458e-02 │ test 6.0715e-02 │ η_eff 3.215e-06
Ep  96/100 │  0.12s │ bd 2.3432e-02 │ res 3.4100e-02 │ test 6.1076e-02 │ η_eff 2.958e-06
Ep  97/100 │  0.11s │ bd 2.5385e-02 │ res 4.4184e-02 │ test 6.2430e-02 │ η_eff 2.837e-06
Ep  98/100 │  0.11s │ bd 2.6657e-02 │ res 3.3640e-02 │ test 6.3386e-02 │ η_eff 3.586e-06
Ep  99/100 │  0.11s │ bd 2.2683e-02 │ res 2.5039e-02 │ test 6.2149e-02 │ η_eff 3.530e-06
Ep 100/100 │  0.11s │ bd 2.2032e-02 │ res 3.6137e-02 │ test 6.2390e-02 │ η_eff 1.555e-06
→ Saved: loss/Burger1d_phisfno_ms_90_Adam_ep100_visc0.1_m32_w64/loss_full_loss_3.csv
→ Model saved: model/Burger1d_phisfno_ms_90_Adam_ep100_visc0.1_m32_w64
→ Eta-term history: loss/Burger1d_phisfno_ms_90_Adam_ep100_visc0.1_m32_w64/eta_term_history.csv
  sample 0: test L2 = 9.5362e-02
  sample 1: test L2 = 3.6158e-02
  sample 2: test L2 = 4.4634e-02
  sample 3: test L2 = 5.2677e-02
  sample 4: test L2 = 1.3063e-01
  sample 5: test L2 = 5.4873e-02
  sample 6: test L2 = 4.0481e-02
  sample 7: test L2 = 4.5174e-02
  sample 8: test L2 = 5.5912e-02
  sample 9: test L2 = 6.8014e-02
→ Predictions saved: burger_test_phisfno_ms.mat
→ Figure saved: image/Burger1d_phisfno_ms_90_Adam_ep100_visc0.1_m32_w64/final_velocity.png
