loaded 1D buffers
[train_model] model=phisfno | training=supervised | S=2048 | nu=0.1 | dt=0.1 | modes=32 | width=64
Model parameters: 550,339

=== Phase 'supervised' | epochs 300 ===

Ep   1/300 │  0.40s │ bd 1.3835e+00 │ res 0.0000e+00 │ test 3.7022e+00 │ η_eff 2.498e-03
Ep   2/300 │  0.11s │ bd 9.1581e-01 │ res 0.0000e+00 │ test 2.2583e+00 │ η_eff 1.188e-03
Ep   3/300 │  0.09s │ bd 6.2488e-01 │ res 0.0000e+00 │ test 1.2476e+00 │ η_eff 6.078e-04
Ep   4/300 │  0.09s │ bd 4.0055e-01 │ res 0.0000e+00 │ test 4.5537e-01 │ η_eff 3.676e-04
Ep   5/300 │  0.11s │ bd 3.0571e-01 │ res 0.0000e+00 │ test 5.3177e-01 │ η_eff 3.155e-04
Ep   6/300 │  0.10s │ bd 2.7890e-01 │ res 0.0000e+00 │ test 4.4621e-01 │ η_eff 2.475e-04
Ep   7/300 │  0.09s │ bd 2.0921e-01 │ res 0.0000e+00 │ test 2.8495e-01 │ η_eff 2.684e-04
Ep   8/300 │  0.09s │ bd 1.6666e-01 │ res 0.0000e+00 │ test 3.0975e-01 │ η_eff 2.573e-04
Ep   9/300 │  0.10s │ bd 1.4612e-01 │ res 0.0000e+00 │ test 2.1283e-01 │ η_eff 2.514e-04
Ep  10/300 │  0.10s │ bd 1.9499e-01 │ res 0.0000e+00 │ test 1.6411e-01 │ η_eff 1.109e-04
Ep  11/300 │  0.09s │ bd 1.1851e-01 │ res 0.0000e+00 │ test 1.4605e-01 │ η_eff 1.521e-04
Ep  12/300 │  0.09s │ bd 1.3797e-01 │ res 0.0000e+00 │ test 1.5808e-01 │ η_eff 1.259e-04
Ep  13/300 │  0.09s │ bd 1.5490e-01 │ res 0.0000e+00 │ test 1.1263e-01 │ η_eff 1.297e-04
Ep  14/300 │  0.10s │ bd 1.0789e-01 │ res 0.0000e+00 │ test 1.0665e-01 │ η_eff 1.442e-04
Ep  15/300 │  0.09s │ bd 1.3661e-01 │ res 0.0000e+00 │ test 9.9752e-02 │ η_eff 1.213e-04
Ep  16/300 │  0.09s │ bd 1.1036e-01 │ res 0.0000e+00 │ test 1.0168e-01 │ η_eff 1.302e-04
Ep  17/300 │  0.10s │ bd 9.1758e-02 │ res 0.0000e+00 │ test 7.1407e-02 │ η_eff 1.521e-04
Ep  18/300 │  0.09s │ bd 1.0297e-01 │ res 0.0000e+00 │ test 1.1710e-01 │ η_eff 1.186e-04
Ep  19/300 │  0.09s │ bd 1.3648e-01 │ res 0.0000e+00 │ test 1.9439e-01 │ η_eff 1.286e-04
Ep  20/300 │  0.09s │ bd 1.3258e-01 │ res 0.0000e+00 │ test 5.8899e-02 │ η_eff 6.303e-05
Ep  21/300 │  0.10s │ bd 7.7901e-02 │ res 0.0000e+00 │ test 8.0431e-02 │ η_eff 7.148e-05
Ep  22/300 │  0.10s │ bd 8.4088e-02 │ res 0.0000e+00 │ test 6.5824e-02 │ η_eff 6.647e-05
Ep  23/300 │  0.10s │ bd 6.6612e-02 │ res 0.0000e+00 │ test 8.4022e-02 │ η_eff 6.547e-05
Ep  24/300 │  0.09s │ bd 8.0670e-02 │ res 0.0000e+00 │ test 5.6796e-02 │ η_eff 7.475e-05
Ep  25/300 │  0.09s │ bd 7.9977e-02 │ res 0.0000e+00 │ test 1.1534e-01 │ η_eff 6.487e-05
Ep  26/300 │  0.09s │ bd 9.2784e-02 │ res 0.0000e+00 │ test 6.7552e-02 │ η_eff 6.301e-05
Ep  27/300 │  0.09s │ bd 8.2632e-02 │ res 0.0000e+00 │ test 8.2580e-02 │ η_eff 7.369e-05
Ep  28/300 │  0.09s │ bd 8.3598e-02 │ res 0.0000e+00 │ test 8.2506e-02 │ η_eff 6.707e-05
Ep  29/300 │  0.09s │ bd 7.1821e-02 │ res 0.0000e+00 │ test 9.6010e-02 │ η_eff 6.156e-05
Ep  30/300 │  0.09s │ bd 7.4106e-02 │ res 0.0000e+00 │ test 6.2791e-02 │ η_eff 3.298e-05
Ep  31/300 │  0.10s │ bd 5.7982e-02 │ res 0.0000e+00 │ test 4.8048e-02 │ η_eff 3.528e-05
Ep  32/300 │  0.09s │ bd 7.1750e-02 │ res 0.0000e+00 │ test 5.1784e-02 │ η_eff 3.406e-05
Ep  33/300 │  0.09s │ bd 6.9805e-02 │ res 0.0000e+00 │ test 5.8319e-02 │ η_eff 4.750e-05
Ep  34/300 │  0.09s │ bd 5.9301e-02 │ res 0.0000e+00 │ test 5.6858e-02 │ η_eff 4.389e-05
Ep  35/300 │  0.09s │ bd 6.1534e-02 │ res 0.0000e+00 │ test 4.7463e-02 │ η_eff 3.597e-05
Ep  36/300 │  0.10s │ bd 7.9737e-02 │ res 0.0000e+00 │ test 4.9547e-02 │ η_eff 3.948e-05
Ep  37/300 │  0.10s │ bd 5.1821e-02 │ res 0.0000e+00 │ test 5.4882e-02 │ η_eff 4.283e-05
Ep  38/300 │  0.09s │ bd 7.1117e-02 │ res 0.0000e+00 │ test 5.5641e-02 │ η_eff 4.213e-05
Ep  39/300 │  0.09s │ bd 5.6171e-02 │ res 0.0000e+00 │ test 6.2895e-02 │ η_eff 4.362e-05
Ep  40/300 │  0.09s │ bd 7.3917e-02 │ res 0.0000e+00 │ test 4.7634e-02 │ η_eff 2.015e-05
Ep  41/300 │  0.09s │ bd 5.5201e-02 │ res 0.0000e+00 │ test 4.6132e-02 │ η_eff 2.089e-05
Ep  42/300 │  0.09s │ bd 6.2032e-02 │ res 0.0000e+00 │ test 6.3034e-02 │ η_eff 2.644e-05
Ep  43/300 │  0.09s │ bd 5.6427e-02 │ res 0.0000e+00 │ test 5.3038e-02 │ η_eff 2.357e-05
Ep  44/300 │  0.10s │ bd 5.9459e-02 │ res 0.0000e+00 │ test 4.9201e-02 │ η_eff 2.368e-05
Ep  45/300 │  0.09s │ bd 5.1108e-02 │ res 0.0000e+00 │ test 4.6130e-02 │ η_eff 2.602e-05
Ep  46/300 │  0.10s │ bd 4.5441e-02 │ res 0.0000e+00 │ test 4.6047e-02 │ η_eff 2.743e-05
Ep  47/300 │  0.09s │ bd 5.3594e-02 │ res 0.0000e+00 │ test 5.0762e-02 │ η_eff 2.774e-05
Ep  48/300 │  0.09s │ bd 5.3726e-02 │ res 0.0000e+00 │ test 4.8287e-02 │ η_eff 2.673e-05
Ep  49/300 │  0.10s │ bd 4.5821e-02 │ res 0.0000e+00 │ test 4.5848e-02 │ η_eff 2.419e-05
Ep  50/300 │  0.09s │ bd 5.8550e-02 │ res 0.0000e+00 │ test 4.5933e-02 │ η_eff 1.356e-05
Ep  51/300 │  0.09s │ bd 5.0487e-02 │ res 0.0000e+00 │ test 4.8315e-02 │ η_eff 1.109e-05
Ep  52/300 │  0.10s │ bd 4.4217e-02 │ res 0.0000e+00 │ test 4.4370e-02 │ η_eff 1.236e-05
Ep  53/300 │  0.10s │ bd 3.7977e-02 │ res 0.0000e+00 │ test 4.5941e-02 │ η_eff 1.338e-05
Ep  54/300 │  0.10s │ bd 5.0939e-02 │ res 0.0000e+00 │ test 4.8280e-02 │ η_eff 1.154e-05
Ep  55/300 │  0.10s │ bd 4.1818e-02 │ res 0.0000e+00 │ test 4.6831e-02 │ η_eff 1.413e-05
Ep  56/300 │  0.09s │ bd 4.5783e-02 │ res 0.0000e+00 │ test 4.3195e-02 │ η_eff 1.243e-05
Ep  57/300 │  0.10s │ bd 4.6238e-02 │ res 0.0000e+00 │ test 4.4539e-02 │ η_eff 1.462e-05
Ep  58/300 │  0.09s │ bd 4.6029e-02 │ res 0.0000e+00 │ test 4.5241e-02 │ η_eff 1.316e-05
Ep  59/300 │  0.09s │ bd 3.4248e-02 │ res 0.0000e+00 │ test 4.6985e-02 │ η_eff 1.546e-05
Ep  60/300 │  0.11s │ bd 4.7810e-02 │ res 0.0000e+00 │ test 4.8844e-02 │ η_eff 7.201e-06
Ep  61/300 │  0.10s │ bd 4.1490e-02 │ res 0.0000e+00 │ test 4.3351e-02 │ η_eff 7.045e-06
Ep  62/300 │  0.09s │ bd 5.0285e-02 │ res 0.0000e+00 │ test 4.4998e-02 │ η_eff 7.635e-06
Ep  63/300 │  0.09s │ bd 4.9347e-02 │ res 0.0000e+00 │ test 4.6560e-02 │ η_eff 7.033e-06
Ep  64/300 │  0.10s │ bd 3.4704e-02 │ res 0.0000e+00 │ test 4.2338e-02 │ η_eff 7.359e-06
Ep  65/300 │  0.09s │ bd 4.2108e-02 │ res 0.0000e+00 │ test 4.2997e-02 │ η_eff 6.766e-06
Ep  66/300 │  0.09s │ bd 3.1350e-02 │ res 0.0000e+00 │ test 4.5137e-02 │ η_eff 7.774e-06
Ep  67/300 │  0.09s │ bd 4.2724e-02 │ res 0.0000e+00 │ test 4.6677e-02 │ η_eff 5.847e-06
Ep  68/300 │  0.10s │ bd 4.9462e-02 │ res 0.0000e+00 │ test 4.4001e-02 │ η_eff 6.388e-06
Ep  69/300 │  0.09s │ bd 5.0742e-02 │ res 0.0000e+00 │ test 4.5792e-02 │ η_eff 9.138e-06
Ep  70/300 │  0.09s │ bd 4.2023e-02 │ res 0.0000e+00 │ test 4.3873e-02 │ η_eff 3.643e-06
Ep  71/300 │  0.09s │ bd 5.1999e-02 │ res 0.0000e+00 │ test 4.2262e-02 │ η_eff 3.196e-06
Ep  72/300 │  0.09s │ bd 5.0487e-02 │ res 0.0000e+00 │ test 4.3888e-02 │ η_eff 4.381e-06
Ep  73/300 │  0.09s │ bd 4.4872e-02 │ res 0.0000e+00 │ test 4.6227e-02 │ η_eff 3.601e-06
Ep  74/300 │  0.10s │ bd 3.8613e-02 │ res 0.0000e+00 │ test 4.5680e-02 │ η_eff 4.143e-06
Ep  75/300 │  0.10s │ bd 3.9531e-02 │ res 0.0000e+00 │ test 4.3374e-02 │ η_eff 3.506e-06
Ep  76/300 │  0.09s │ bd 4.6823e-02 │ res 0.0000e+00 │ test 4.3267e-02 │ η_eff 4.475e-06
Ep  77/300 │  0.09s │ bd 4.2335e-02 │ res 0.0000e+00 │ test 4.3424e-02 │ η_eff 4.062e-06
Ep  78/300 │  0.10s │ bd 5.1975e-02 │ res 0.0000e+00 │ test 4.3549e-02 │ η_eff 4.129e-06
Ep  79/300 │  0.10s │ bd 4.5567e-02 │ res 0.0000e+00 │ test 4.4094e-02 │ η_eff 4.858e-06
Ep  80/300 │  0.09s │ bd 4.4219e-02 │ res 0.0000e+00 │ test 4.4729e-02 │ η_eff 1.848e-06
Ep  81/300 │  0.10s │ bd 4.3340e-02 │ res 0.0000e+00 │ test 4.4155e-02 │ η_eff 1.909e-06
Ep  82/300 │  0.10s │ bd 4.8371e-02 │ res 0.0000e+00 │ test 4.3117e-02 │ η_eff 2.079e-06
Ep  83/300 │  0.09s │ bd 4.2627e-02 │ res 0.0000e+00 │ test 4.3121e-02 │ η_eff 1.913e-06
Ep  84/300 │  0.10s │ bd 3.4781e-02 │ res 0.0000e+00 │ test 4.2977e-02 │ η_eff 1.847e-06
Ep  85/300 │  0.09s │ bd 3.4127e-02 │ res 0.0000e+00 │ test 4.2860e-02 │ η_eff 2.088e-06
Ep  86/300 │  0.09s │ bd 3.7096e-02 │ res 0.0000e+00 │ test 4.3124e-02 │ η_eff 1.995e-06
Ep  87/300 │  0.09s │ bd 4.6505e-02 │ res 0.0000e+00 │ test 4.3333e-02 │ η_eff 2.054e-06
Ep  88/300 │  0.09s │ bd 3.7713e-02 │ res 0.0000e+00 │ test 4.3531e-02 │ η_eff 1.909e-06
Ep  89/300 │  0.10s │ bd 3.7271e-02 │ res 0.0000e+00 │ test 4.3360e-02 │ η_eff 2.015e-06
Ep  90/300 │  0.09s │ bd 3.7634e-02 │ res 0.0000e+00 │ test 4.3066e-02 │ η_eff 1.081e-06
Ep  91/300 │  0.09s │ bd 3.8620e-02 │ res 0.0000e+00 │ test 4.2918e-02 │ η_eff 1.002e-06
Ep  92/300 │  0.10s │ bd 5.1417e-02 │ res 0.0000e+00 │ test 4.3698e-02 │ η_eff 9.727e-07
Ep  93/300 │  0.09s │ bd 5.1270e-02 │ res 0.0000e+00 │ test 4.2975e-02 │ η_eff 1.109e-06
Ep  94/300 │  0.10s │ bd 4.1281e-02 │ res 0.0000e+00 │ test 4.3202e-02 │ η_eff 9.321e-07
Ep  95/300 │  0.10s │ bd 5.3435e-02 │ res 0.0000e+00 │ test 4.3525e-02 │ η_eff 1.120e-06
Ep  96/300 │  0.10s │ bd 6.9901e-02 │ res 0.0000e+00 │ test 4.2751e-02 │ η_eff 1.044e-06
Ep  97/300 │  0.10s │ bd 3.4402e-02 │ res 0.0000e+00 │ test 4.3042e-02 │ η_eff 1.154e-06
Ep  98/300 │  0.10s │ bd 4.8001e-02 │ res 0.0000e+00 │ test 4.3564e-02 │ η_eff 1.015e-06
Ep  99/300 │  0.10s │ bd 6.0804e-02 │ res 0.0000e+00 │ test 4.3276e-02 │ η_eff 1.044e-06
Ep 100/300 │  0.10s │ bd 3.9546e-02 │ res 0.0000e+00 │ test 4.3557e-02 │ η_eff 4.796e-07
Ep 101/300 │  0.09s │ bd 3.7666e-02 │ res 0.0000e+00 │ test 4.3468e-02 │ η_eff 6.280e-07
Ep 102/300 │  0.10s │ bd 3.7348e-02 │ res 0.0000e+00 │ test 4.3280e-02 │ η_eff 6.315e-07
Ep 103/300 │  0.10s │ bd 4.3563e-02 │ res 0.0000e+00 │ test 4.3133e-02 │ η_eff 5.367e-07
Ep 104/300 │  0.10s │ bd 7.7821e-02 │ res 0.0000e+00 │ test 4.4504e-02 │ η_eff 5.976e-07
Ep 105/300 │  0.10s │ bd 4.2393e-02 │ res 0.0000e+00 │ test 4.4492e-02 │ η_eff 5.574e-07
Ep 106/300 │  0.09s │ bd 3.2099e-02 │ res 0.0000e+00 │ test 4.3367e-02 │ η_eff 4.886e-07
Ep 107/300 │  0.11s │ bd 5.3361e-02 │ res 0.0000e+00 │ test 4.3576e-02 │ η_eff 6.584e-07
Ep 108/300 │  0.09s │ bd 3.9625e-02 │ res 0.0000e+00 │ test 4.3636e-02 │ η_eff 5.126e-07
Ep 109/300 │  0.09s │ bd 4.3294e-02 │ res 0.0000e+00 │ test 4.3521e-02 │ η_eff 5.787e-07
Ep 110/300 │  0.09s │ bd 3.5182e-02 │ res 0.0000e+00 │ test 4.3751e-02 │ η_eff 2.898e-07
Ep 111/300 │  0.10s │ bd 3.8525e-02 │ res 0.0000e+00 │ test 4.3436e-02 │ η_eff 2.952e-07
Ep 112/300 │  0.10s │ bd 4.5160e-02 │ res 0.0000e+00 │ test 4.4039e-02 │ η_eff 3.258e-07
Ep 113/300 │  0.09s │ bd 4.1353e-02 │ res 0.0000e+00 │ test 4.3985e-02 │ η_eff 2.787e-07
Ep 114/300 │  0.09s │ bd 4.0476e-02 │ res 0.0000e+00 │ test 4.3553e-02 │ η_eff 2.433e-07
Ep 115/300 │  0.10s │ bd 3.5014e-02 │ res 0.0000e+00 │ test 4.3524e-02 │ η_eff 2.831e-07
Ep 116/300 │  0.10s │ bd 4.0393e-02 │ res 0.0000e+00 │ test 4.3900e-02 │ η_eff 3.187e-07
Ep 117/300 │  0.09s │ bd 4.6838e-02 │ res 0.0000e+00 │ test 4.3608e-02 │ η_eff 2.825e-07
Ep 118/300 │  0.11s │ bd 4.2433e-02 │ res 0.0000e+00 │ test 4.3831e-02 │ η_eff 3.034e-07
Ep 119/300 │  0.10s │ bd 4.5393e-02 │ res 0.0000e+00 │ test 4.3792e-02 │ η_eff 3.155e-07
Ep 120/300 │  0.10s │ bd 4.7463e-02 │ res 0.0000e+00 │ test 4.3754e-02 │ η_eff 1.354e-07
Ep 121/300 │  0.10s │ bd 6.2613e-02 │ res 0.0000e+00 │ test 4.3789e-02 │ η_eff 1.436e-07
Ep 122/300 │  0.09s │ bd 4.7699e-02 │ res 0.0000e+00 │ test 4.3905e-02 │ η_eff 1.447e-07
Ep 123/300 │  0.09s │ bd 4.6994e-02 │ res 0.0000e+00 │ test 4.3843e-02 │ η_eff 1.351e-07
Ep 124/300 │  0.10s │ bd 4.7647e-02 │ res 0.0000e+00 │ test 4.3611e-02 │ η_eff 1.526e-07
Ep 125/300 │  0.09s │ bd 3.0665e-02 │ res 0.0000e+00 │ test 4.3496e-02 │ η_eff 1.586e-07
Ep 126/300 │  0.09s │ bd 3.5668e-02 │ res 0.0000e+00 │ test 4.3644e-02 │ η_eff 1.465e-07
Ep 127/300 │  0.10s │ bd 3.9010e-02 │ res 0.0000e+00 │ test 4.3488e-02 │ η_eff 1.439e-07
Ep 128/300 │  0.10s │ bd 5.7600e-02 │ res 0.0000e+00 │ test 4.3590e-02 │ η_eff 1.624e-07
Ep 129/300 │  0.10s │ bd 5.9747e-02 │ res 0.0000e+00 │ test 4.4918e-02 │ η_eff 1.948e-07
Ep 130/300 │  0.09s │ bd 4.3280e-02 │ res 0.0000e+00 │ test 4.3686e-02 │ η_eff 7.537e-08
Ep 131/300 │  0.09s │ bd 4.0876e-02 │ res 0.0000e+00 │ test 4.3592e-02 │ η_eff 7.590e-08
Ep 132/300 │  0.09s │ bd 4.6248e-02 │ res 0.0000e+00 │ test 4.3437e-02 │ η_eff 7.407e-08
Ep 133/300 │  0.10s │ bd 5.1087e-02 │ res 0.0000e+00 │ test 4.3750e-02 │ η_eff 7.814e-08
Ep 134/300 │  0.09s │ bd 4.7720e-02 │ res 0.0000e+00 │ test 4.4163e-02 │ η_eff 9.449e-08
Ep 135/300 │  0.09s │ bd 3.9424e-02 │ res 0.0000e+00 │ test 4.3734e-02 │ η_eff 7.940e-08
Ep 136/300 │  0.10s │ bd 5.3195e-02 │ res 0.0000e+00 │ test 4.3556e-02 │ η_eff 7.729e-08
Ep 137/300 │  0.10s │ bd 6.0730e-02 │ res 0.0000e+00 │ test 4.4043e-02 │ η_eff 8.740e-08
Ep 138/300 │  0.11s │ bd 3.8806e-02 │ res 0.0000e+00 │ test 4.4284e-02 │ η_eff 9.496e-08
Ep 139/300 │  0.10s │ bd 5.3204e-02 │ res 0.0000e+00 │ test 4.3972e-02 │ η_eff 7.507e-08
Ep 140/300 │  0.09s │ bd 3.8336e-02 │ res 0.0000e+00 │ test 4.3774e-02 │ η_eff 3.671e-08
Ep 141/300 │  0.09s │ bd 4.0219e-02 │ res 0.0000e+00 │ test 4.3506e-02 │ η_eff 4.336e-08
Ep 142/300 │  0.11s │ bd 5.1391e-02 │ res 0.0000e+00 │ test 4.4306e-02 │ η_eff 4.096e-08
Ep 143/300 │  0.10s │ bd 4.9614e-02 │ res 0.0000e+00 │ test 4.4402e-02 │ η_eff 4.828e-08
Ep 144/300 │  0.11s │ bd 4.5988e-02 │ res 0.0000e+00 │ test 4.3592e-02 │ η_eff 4.373e-08
Ep 145/300 │  0.10s │ bd 4.8116e-02 │ res 0.0000e+00 │ test 4.3508e-02 │ η_eff 3.659e-08
Ep 146/300 │  0.10s │ bd 3.8967e-02 │ res 0.0000e+00 │ test 4.3714e-02 │ η_eff 4.917e-08
Ep 147/300 │  0.09s │ bd 4.3005e-02 │ res 0.0000e+00 │ test 4.3485e-02 │ η_eff 4.391e-08
Ep 148/300 │  0.09s │ bd 4.9863e-02 │ res 0.0000e+00 │ test 4.3472e-02 │ η_eff 3.816e-08
Ep 149/300 │  0.10s │ bd 4.7944e-02 │ res 0.0000e+00 │ test 4.3602e-02 │ η_eff 4.213e-08
Ep 150/300 │  0.09s │ bd 3.9939e-02 │ res 0.0000e+00 │ test 4.3573e-02 │ η_eff 2.187e-08
Ep 151/300 │  0.09s │ bd 5.4778e-02 │ res 0.0000e+00 │ test 4.3841e-02 │ η_eff 2.153e-08
Ep 152/300 │  0.10s │ bd 4.4391e-02 │ res 0.0000e+00 │ test 4.3572e-02 │ η_eff 2.463e-08
Ep 153/300 │  0.09s │ bd 5.4218e-02 │ res 0.0000e+00 │ test 4.4270e-02 │ η_eff 2.103e-08
Ep 154/300 │  0.11s │ bd 4.0957e-02 │ res 0.0000e+00 │ test 4.3836e-02 │ η_eff 2.212e-08
Ep 155/300 │  0.09s │ bd 5.6518e-02 │ res 0.0000e+00 │ test 4.3619e-02 │ η_eff 2.209e-08
Ep 156/300 │  0.09s │ bd 4.6962e-02 │ res 0.0000e+00 │ test 4.3520e-02 │ η_eff 2.143e-08
Ep 157/300 │  0.09s │ bd 6.5804e-02 │ res 0.0000e+00 │ test 4.3642e-02 │ η_eff 2.363e-08
Ep 158/300 │  0.09s │ bd 3.9349e-02 │ res 0.0000e+00 │ test 4.3644e-02 │ η_eff 2.299e-08
Ep 159/300 │  0.11s │ bd 4.6893e-02 │ res 0.0000e+00 │ test 4.3716e-02 │ η_eff 2.000e-08
Ep 160/300 │  0.11s │ bd 3.2860e-02 │ res 0.0000e+00 │ test 4.3583e-02 │ η_eff 9.996e-09
Ep 161/300 │  0.10s │ bd 4.7494e-02 │ res 0.0000e+00 │ test 4.3669e-02 │ η_eff 9.700e-09
Ep 162/300 │  0.10s │ bd 4.1150e-02 │ res 0.0000e+00 │ test 4.3615e-02 │ η_eff 1.159e-08
Ep 163/300 │  0.10s │ bd 2.6930e-02 │ res 0.0000e+00 │ test 4.3389e-02 │ η_eff 1.163e-08
Ep 164/300 │  0.11s │ bd 4.0647e-02 │ res 0.0000e+00 │ test 4.3486e-02 │ η_eff 1.104e-08
Ep 165/300 │  0.10s │ bd 4.9795e-02 │ res 0.0000e+00 │ test 4.3559e-02 │ η_eff 1.180e-08
Ep 166/300 │  0.10s │ bd 3.4395e-02 │ res 0.0000e+00 │ test 4.3556e-02 │ η_eff 1.260e-08
Ep 167/300 │  0.09s │ bd 5.4532e-02 │ res 0.0000e+00 │ test 4.3665e-02 │ η_eff 1.233e-08
Ep 168/300 │  0.11s │ bd 4.2194e-02 │ res 0.0000e+00 │ test 4.3391e-02 │ η_eff 1.143e-08
Ep 169/300 │  0.10s │ bd 3.5711e-02 │ res 0.0000e+00 │ test 4.3406e-02 │ η_eff 1.065e-08
Ep 170/300 │  0.10s │ bd 5.5081e-02 │ res 0.0000e+00 │ test 4.3586e-02 │ η_eff 5.714e-09
Ep 171/300 │  0.10s │ bd 6.0086e-02 │ res 0.0000e+00 │ test 4.4837e-02 │ η_eff 6.275e-09
Ep 172/300 │  0.10s │ bd 3.4153e-02 │ res 0.0000e+00 │ test 4.3674e-02 │ η_eff 5.707e-09
Ep 173/300 │  0.09s │ bd 4.7521e-02 │ res 0.0000e+00 │ test 4.3627e-02 │ η_eff 5.532e-09
Ep 174/300 │  0.10s │ bd 3.7801e-02 │ res 0.0000e+00 │ test 4.3519e-02 │ η_eff 5.228e-09
Ep 175/300 │  0.09s │ bd 4.9651e-02 │ res 0.0000e+00 │ test 4.3675e-02 │ η_eff 5.845e-09
Ep 176/300 │  0.10s │ bd 4.3399e-02 │ res 0.0000e+00 │ test 4.3589e-02 │ η_eff 5.327e-09
Ep 177/300 │  0.09s │ bd 3.5474e-02 │ res 0.0000e+00 │ test 4.3716e-02 │ η_eff 5.895e-09
Ep 178/300 │  0.10s │ bd 5.1631e-02 │ res 0.0000e+00 │ test 4.3641e-02 │ η_eff 5.486e-09
Ep 179/300 │  0.10s │ bd 3.8990e-02 │ res 0.0000e+00 │ test 4.3633e-02 │ η_eff 5.878e-09
Ep 180/300 │  0.10s │ bd 4.1579e-02 │ res 0.0000e+00 │ test 4.3609e-02 │ η_eff 2.897e-09
Ep 181/300 │  0.10s │ bd 3.6065e-02 │ res 0.0000e+00 │ test 4.3498e-02 │ η_eff 2.957e-09
Ep 182/300 │  0.10s │ bd 4.4226e-02 │ res 0.0000e+00 │ test 4.3447e-02 │ η_eff 3.271e-09
Ep 183/300 │  0.10s │ bd 4.1249e-02 │ res 0.0000e+00 │ test 4.3792e-02 │ η_eff 3.085e-09
Ep 184/300 │  0.10s │ bd 3.1778e-02 │ res 0.0000e+00 │ test 4.3506e-02 │ η_eff 3.339e-09
Ep 185/300 │  0.10s │ bd 4.0470e-02 │ res 0.0000e+00 │ test 4.3810e-02 │ η_eff 3.316e-09
Ep 186/300 │  0.09s │ bd 3.0498e-02 │ res 0.0000e+00 │ test 4.3599e-02 │ η_eff 3.105e-09
Ep 187/300 │  0.10s │ bd 4.1293e-02 │ res 0.0000e+00 │ test 4.3560e-02 │ η_eff 2.739e-09
Ep 188/300 │  0.10s │ bd 3.6612e-02 │ res 0.0000e+00 │ test 4.3876e-02 │ η_eff 3.353e-09
Ep 189/300 │  0.10s │ bd 4.8074e-02 │ res 0.0000e+00 │ test 4.3608e-02 │ η_eff 3.329e-09
Ep 190/300 │  0.11s │ bd 4.2511e-02 │ res 0.0000e+00 │ test 4.3660e-02 │ η_eff 1.680e-09
Ep 191/300 │  0.10s │ bd 5.2661e-02 │ res 0.0000e+00 │ test 4.3429e-02 │ η_eff 1.455e-09
Ep 192/300 │  0.10s │ bd 3.9639e-02 │ res 0.0000e+00 │ test 4.3580e-02 │ η_eff 1.741e-09
Ep 193/300 │  0.09s │ bd 5.1200e-02 │ res 0.0000e+00 │ test 4.4057e-02 │ η_eff 1.567e-09
Ep 194/300 │  0.10s │ bd 4.7325e-02 │ res 0.0000e+00 │ test 4.3725e-02 │ η_eff 1.715e-09
Ep 195/300 │  0.10s │ bd 4.4303e-02 │ res 0.0000e+00 │ test 4.3546e-02 │ η_eff 1.616e-09
Ep 196/300 │  0.10s │ bd 2.5760e-02 │ res 0.0000e+00 │ test 4.3456e-02 │ η_eff 1.618e-09
Ep 197/300 │  0.10s │ bd 3.6322e-02 │ res 0.0000e+00 │ test 4.3445e-02 │ η_eff 1.602e-09
Ep 198/300 │  0.10s │ bd 3.8103e-02 │ res 0.0000e+00 │ test 4.3532e-02 │ η_eff 1.883e-09
Ep 199/300 │  0.09s │ bd 3.4371e-02 │ res 0.0000e+00 │ test 4.3705e-02 │ η_eff 1.729e-09
Ep 200/300 │  0.09s │ bd 4.3001e-02 │ res 0.0000e+00 │ test 4.3913e-02 │ η_eff 9.380e-10
Ep 201/300 │  0.10s │ bd 3.8423e-02 │ res 0.0000e+00 │ test 4.3727e-02 │ η_eff 7.728e-10
Ep 202/300 │  0.10s │ bd 3.4003e-02 │ res 0.0000e+00 │ test 4.3456e-02 │ η_eff 8.069e-10
Ep 203/300 │  0.10s │ bd 5.9499e-02 │ res 0.0000e+00 │ test 4.3725e-02 │ η_eff 7.908e-10
Ep 204/300 │  0.10s │ bd 4.7368e-02 │ res 0.0000e+00 │ test 4.3994e-02 │ η_eff 9.478e-10
Ep 205/300 │  0.10s │ bd 2.7186e-02 │ res 0.0000e+00 │ test 4.3702e-02 │ η_eff 7.945e-10
Ep 206/300 │  0.10s │ bd 4.7265e-02 │ res 0.0000e+00 │ test 4.3563e-02 │ η_eff 8.184e-10
Ep 207/300 │  0.11s │ bd 4.5770e-02 │ res 0.0000e+00 │ test 4.3758e-02 │ η_eff 8.657e-10
Ep 208/300 │  0.10s │ bd 3.6550e-02 │ res 0.0000e+00 │ test 4.3400e-02 │ η_eff 7.477e-10
Ep 209/300 │  0.11s │ bd 3.2472e-02 │ res 0.0000e+00 │ test 4.3334e-02 │ η_eff 8.892e-10
Ep 210/300 │  0.10s │ bd 3.5860e-02 │ res 0.0000e+00 │ test 4.3376e-02 │ η_eff 4.102e-10
Ep 211/300 │  0.10s │ bd 5.2791e-02 │ res 0.0000e+00 │ test 4.4199e-02 │ η_eff 4.539e-10
Ep 212/300 │  0.10s │ bd 3.9494e-02 │ res 0.0000e+00 │ test 4.3548e-02 │ η_eff 4.497e-10
Ep 213/300 │  0.10s │ bd 3.0604e-02 │ res 0.0000e+00 │ test 4.3448e-02 │ η_eff 4.006e-10
Ep 214/300 │  0.09s │ bd 4.5025e-02 │ res 0.0000e+00 │ test 4.3635e-02 │ η_eff 4.303e-10
Ep 215/300 │  0.09s │ bd 4.3138e-02 │ res 0.0000e+00 │ test 4.3524e-02 │ η_eff 4.370e-10
Ep 216/300 │  0.10s │ bd 4.3757e-02 │ res 0.0000e+00 │ test 4.3849e-02 │ η_eff 4.081e-10
Ep 217/300 │  0.09s │ bd 3.4721e-02 │ res 0.0000e+00 │ test 4.3721e-02 │ η_eff 4.134e-10
Ep 218/300 │  0.10s │ bd 3.9380e-02 │ res 0.0000e+00 │ test 4.3942e-02 │ η_eff 4.202e-10
Ep 219/300 │  0.11s │ bd 4.5634e-02 │ res 0.0000e+00 │ test 4.3480e-02 │ η_eff 3.967e-10
Ep 220/300 │  0.10s │ bd 4.0895e-02 │ res 0.0000e+00 │ test 4.3481e-02 │ η_eff 2.050e-10
Ep 221/300 │  0.10s │ bd 2.7672e-02 │ res 0.0000e+00 │ test 4.3450e-02 │ η_eff 2.155e-10
Ep 222/300 │  0.10s │ bd 3.5774e-02 │ res 0.0000e+00 │ test 4.3519e-02 │ η_eff 2.264e-10
Ep 223/300 │  0.10s │ bd 3.6047e-02 │ res 0.0000e+00 │ test 4.3411e-02 │ η_eff 2.003e-10
Ep 224/300 │  0.10s │ bd 4.5430e-02 │ res 0.0000e+00 │ test 4.3493e-02 │ η_eff 2.399e-10
Ep 225/300 │  0.10s │ bd 4.8052e-02 │ res 0.0000e+00 │ test 4.3516e-02 │ η_eff 1.981e-10
Ep 226/300 │  0.11s │ bd 4.8326e-02 │ res 0.0000e+00 │ test 4.4093e-02 │ η_eff 2.317e-10
Ep 227/300 │  0.10s │ bd 3.4160e-02 │ res 0.0000e+00 │ test 4.3840e-02 │ η_eff 2.559e-10
Ep 228/300 │  0.10s │ bd 4.6548e-02 │ res 0.0000e+00 │ test 4.3691e-02 │ η_eff 2.521e-10
Ep 229/300 │  0.11s │ bd 3.7309e-02 │ res 0.0000e+00 │ test 4.3527e-02 │ η_eff 2.166e-10
Ep 230/300 │  0.10s │ bd 5.1059e-02 │ res 0.0000e+00 │ test 4.4141e-02 │ η_eff 1.246e-10
Ep 231/300 │  0.10s │ bd 4.2187e-02 │ res 0.0000e+00 │ test 4.3919e-02 │ η_eff 1.392e-10
Ep 232/300 │  0.10s │ bd 4.6448e-02 │ res 0.0000e+00 │ test 4.3571e-02 │ η_eff 1.129e-10
Ep 233/300 │  0.10s │ bd 3.5576e-02 │ res 0.0000e+00 │ test 4.3487e-02 │ η_eff 1.059e-10
Ep 234/300 │  0.10s │ bd 3.5748e-02 │ res 0.0000e+00 │ test 4.3553e-02 │ η_eff 1.082e-10
Ep 235/300 │  0.10s │ bd 4.4296e-02 │ res 0.0000e+00 │ test 4.3633e-02 │ η_eff 1.223e-10
Ep 236/300 │  0.10s │ bd 4.2107e-02 │ res 0.0000e+00 │ test 4.3768e-02 │ η_eff 1.096e-10
Ep 237/300 │  0.10s │ bd 3.7872e-02 │ res 0.0000e+00 │ test 4.3558e-02 │ η_eff 1.123e-10
Ep 238/300 │  0.10s │ bd 5.9775e-02 │ res 0.0000e+00 │ test 4.3545e-02 │ η_eff 1.308e-10
Ep 239/300 │  0.11s │ bd 3.5700e-02 │ res 0.0000e+00 │ test 4.3377e-02 │ η_eff 1.162e-10
Ep 240/300 │  0.10s │ bd 5.2817e-02 │ res 0.0000e+00 │ test 4.3357e-02 │ η_eff 6.738e-11
Ep 241/300 │  0.11s │ bd 4.1577e-02 │ res 0.0000e+00 │ test 4.3425e-02 │ η_eff 6.176e-11
Ep 242/300 │  0.10s │ bd 3.2089e-02 │ res 0.0000e+00 │ test 4.3474e-02 │ η_eff 6.064e-11
Ep 243/300 │  0.10s │ bd 4.8844e-02 │ res 0.0000e+00 │ test 4.4012e-02 │ η_eff 6.331e-11
Ep 244/300 │  0.10s │ bd 3.6603e-02 │ res 0.0000e+00 │ test 4.3540e-02 │ η_eff 5.622e-11
Ep 245/300 │  0.10s │ bd 3.7790e-02 │ res 0.0000e+00 │ test 4.3403e-02 │ η_eff 6.086e-11
Ep 246/300 │  0.10s │ bd 3.8885e-02 │ res 0.0000e+00 │ test 4.3515e-02 │ η_eff 5.908e-11
Ep 247/300 │  0.09s │ bd 4.1517e-02 │ res 0.0000e+00 │ test 4.3535e-02 │ η_eff 6.344e-11
Ep 248/300 │  0.11s │ bd 4.8437e-02 │ res 0.0000e+00 │ test 4.4173e-02 │ η_eff 6.843e-11
Ep 249/300 │  0.11s │ bd 3.6017e-02 │ res 0.0000e+00 │ test 4.3867e-02 │ η_eff 5.423e-11
Ep 250/300 │  0.10s │ bd 6.2829e-02 │ res 0.0000e+00 │ test 4.4038e-02 │ η_eff 3.070e-11
Ep 251/300 │  0.10s │ bd 4.6919e-02 │ res 0.0000e+00 │ test 4.3408e-02 │ η_eff 3.045e-11
Ep 252/300 │  0.10s │ bd 4.4858e-02 │ res 0.0000e+00 │ test 4.3608e-02 │ η_eff 2.860e-11
Ep 253/300 │  0.10s │ bd 4.7073e-02 │ res 0.0000e+00 │ test 4.3517e-02 │ η_eff 2.963e-11
Ep 254/300 │  0.10s │ bd 3.9613e-02 │ res 0.0000e+00 │ test 4.3655e-02 │ η_eff 3.347e-11
Ep 255/300 │  0.09s │ bd 3.9234e-02 │ res 0.0000e+00 │ test 4.3617e-02 │ η_eff 3.228e-11
Ep 256/300 │  0.10s │ bd 2.9517e-02 │ res 0.0000e+00 │ test 4.3529e-02 │ η_eff 3.169e-11
Ep 257/300 │  0.11s │ bd 6.0334e-02 │ res 0.0000e+00 │ test 4.3507e-02 │ η_eff 3.040e-11
Ep 258/300 │  0.09s │ bd 4.0057e-02 │ res 0.0000e+00 │ test 4.3532e-02 │ η_eff 3.125e-11
Ep 259/300 │  0.10s │ bd 5.1695e-02 │ res 0.0000e+00 │ test 4.3592e-02 │ η_eff 2.846e-11
Ep 260/300 │  0.10s │ bd 5.0615e-02 │ res 0.0000e+00 │ test 4.3511e-02 │ η_eff 1.468e-11
Ep 261/300 │  0.10s │ bd 5.6723e-02 │ res 0.0000e+00 │ test 4.4793e-02 │ η_eff 1.584e-11
Ep 262/300 │  0.10s │ bd 2.9210e-02 │ res 0.0000e+00 │ test 4.4095e-02 │ η_eff 1.736e-11
Ep 263/300 │  0.11s │ bd 3.4031e-02 │ res 0.0000e+00 │ test 4.3891e-02 │ η_eff 1.759e-11
Ep 264/300 │  0.10s │ bd 3.7742e-02 │ res 0.0000e+00 │ test 4.3633e-02 │ η_eff 1.928e-11
Ep 265/300 │  0.09s │ bd 3.6976e-02 │ res 0.0000e+00 │ test 4.3605e-02 │ η_eff 1.518e-11
Ep 266/300 │  0.11s │ bd 3.6865e-02 │ res 0.0000e+00 │ test 4.3577e-02 │ η_eff 1.661e-11
Ep 267/300 │  0.10s │ bd 3.7709e-02 │ res 0.0000e+00 │ test 4.3382e-02 │ η_eff 1.591e-11
Ep 268/300 │  0.10s │ bd 3.6779e-02 │ res 0.0000e+00 │ test 4.3658e-02 │ η_eff 1.590e-11
Ep 269/300 │  0.10s │ bd 3.3158e-02 │ res 0.0000e+00 │ test 4.3682e-02 │ η_eff 1.571e-11
Ep 270/300 │  0.10s │ bd 5.9720e-02 │ res 0.0000e+00 │ test 4.4108e-02 │ η_eff 9.017e-12
Ep 271/300 │  0.10s │ bd 3.4290e-02 │ res 0.0000e+00 │ test 4.3811e-02 │ η_eff 8.819e-12
Ep 272/300 │  0.11s │ bd 3.7595e-02 │ res 0.0000e+00 │ test 4.3650e-02 │ η_eff 8.547e-12
Ep 273/300 │  0.10s │ bd 3.3914e-02 │ res 0.0000e+00 │ test 4.3549e-02 │ η_eff 8.077e-12
Ep 274/300 │  0.10s │ bd 4.1230e-02 │ res 0.0000e+00 │ test 4.3567e-02 │ η_eff 7.735e-12
Ep 275/300 │  0.10s │ bd 4.0164e-02 │ res 0.0000e+00 │ test 4.3550e-02 │ η_eff 8.149e-12
Ep 276/300 │  0.10s │ bd 4.3755e-02 │ res 0.0000e+00 │ test 4.3447e-02 │ η_eff 7.845e-12
Ep 277/300 │  0.10s │ bd 4.2166e-02 │ res 0.0000e+00 │ test 4.3842e-02 │ η_eff 8.096e-12
Ep 278/300 │  0.09s │ bd 4.2398e-02 │ res 0.0000e+00 │ test 4.4257e-02 │ η_eff 1.013e-11
Ep 279/300 │  0.09s │ bd 5.5956e-02 │ res 0.0000e+00 │ test 4.3677e-02 │ η_eff 1.053e-11
Ep 280/300 │  0.10s │ bd 3.4893e-02 │ res 0.0000e+00 │ test 4.3563e-02 │ η_eff 3.839e-12
Ep 281/300 │  0.10s │ bd 3.3352e-02 │ res 0.0000e+00 │ test 4.3728e-02 │ η_eff 4.110e-12
Ep 282/300 │  0.10s │ bd 3.8521e-02 │ res 0.0000e+00 │ test 4.3598e-02 │ η_eff 3.888e-12
Ep 283/300 │  0.10s │ bd 3.4884e-02 │ res 0.0000e+00 │ test 4.3508e-02 │ η_eff 3.807e-12
Ep 284/300 │  0.10s │ bd 4.9180e-02 │ res 0.0000e+00 │ test 4.3589e-02 │ η_eff 4.022e-12
Ep 285/300 │  0.10s │ bd 5.8445e-02 │ res 0.0000e+00 │ test 4.3602e-02 │ η_eff 3.764e-12
Ep 286/300 │  0.10s │ bd 4.9977e-02 │ res 0.0000e+00 │ test 4.4010e-02 │ η_eff 3.820e-12
Ep 287/300 │  0.11s │ bd 3.0281e-02 │ res 0.0000e+00 │ test 4.3569e-02 │ η_eff 4.016e-12
Ep 288/300 │  0.10s │ bd 2.8445e-02 │ res 0.0000e+00 │ test 4.3507e-02 │ η_eff 4.469e-12
Ep 289/300 │  0.10s │ bd 4.1793e-02 │ res 0.0000e+00 │ test 4.3796e-02 │ η_eff 4.444e-12
Ep 290/300 │  0.10s │ bd 5.7134e-02 │ res 0.0000e+00 │ test 4.3742e-02 │ η_eff 2.137e-12
Ep 291/300 │  0.12s │ bd 4.2542e-02 │ res 0.0000e+00 │ test 4.3867e-02 │ η_eff 2.075e-12
Ep 292/300 │  0.10s │ bd 4.3754e-02 │ res 0.0000e+00 │ test 4.4261e-02 │ η_eff 2.281e-12
Ep 293/300 │  0.10s │ bd 4.5017e-02 │ res 0.0000e+00 │ test 4.3946e-02 │ η_eff 2.045e-12
Ep 294/300 │  0.10s │ bd 3.5351e-02 │ res 0.0000e+00 │ test 4.3500e-02 │ η_eff 2.042e-12
Ep 295/300 │  0.10s │ bd 5.6520e-02 │ res 0.0000e+00 │ test 4.3618e-02 │ η_eff 1.977e-12
Ep 296/300 │  0.10s │ bd 3.3622e-02 │ res 0.0000e+00 │ test 4.3415e-02 │ η_eff 2.034e-12
Ep 297/300 │  0.10s │ bd 4.3088e-02 │ res 0.0000e+00 │ test 4.3649e-02 │ η_eff 2.235e-12
Ep 298/300 │  0.10s │ bd 3.2301e-02 │ res 0.0000e+00 │ test 4.3576e-02 │ η_eff 2.238e-12
Ep 299/300 │  0.11s │ bd 3.4787e-02 │ res 0.0000e+00 │ test 4.3597e-02 │ η_eff 2.315e-12
Ep 300/300 │  0.10s │ bd 5.0085e-02 │ res 0.0000e+00 │ test 4.3700e-02 │ η_eff 1.056e-12
→ Saved: loss/Burger1d_phisfno_sup_90_Adam_ep300_visc0.1_m32_w64_s0/loss_supervised.csv
→ Model saved: model/Burger1d_phisfno_sup_90_Adam_ep300_visc0.1_m32_w64_s0
→ Eta-term history: loss/Burger1d_phisfno_sup_90_Adam_ep300_visc0.1_m32_w64_s0/eta_term_history.csv
  sample 0: test L2 = 3.6400e-02
  sample 1: test L2 = 1.4892e-02
  sample 2: test L2 = 3.3156e-02
  sample 3: test L2 = 3.5208e-02
  sample 4: test L2 = 1.2205e-01
  sample 5: test L2 = 4.7423e-02
  sample 6: test L2 = 3.7113e-02
  sample 7: test L2 = 2.2631e-02
  sample 8: test L2 = 3.9210e-02
  sample 9: test L2 = 4.8926e-02
→ Predictions saved: burger_test_phisfno_sup.mat
→ Figure saved: image/Burger1d_phisfno_sup_90_Adam_ep300_visc0.1_m32_w64_s0/final_velocity.png
