loaded 1D buffers
[train_model] model=phisfno | training=multistage_nr | S=2048 | nu=0.1 | dt=0.1 | modes=32 | width=64
Model parameters: 550,339

=== Phase 'full_loss_1' | epochs 100 ===

Ep   1/100 │  0.43s │ bd 3.3376e+00 │ res 3.4952e+01 │ test 2.3052e+00 │ η_eff 2.374e-03
Ep   2/100 │  0.11s │ bd 1.0238e+00 │ res 1.4695e+01 │ test 1.5633e+00 │ η_eff 1.059e-03
Ep   3/100 │  0.11s │ bd 8.1691e-01 │ res 6.5992e+00 │ test 1.7520e+00 │ η_eff 5.645e-04
Ep   4/100 │  0.12s │ bd 6.1259e-01 │ res 3.2018e+00 │ test 1.4995e+00 │ η_eff 4.556e-04
Ep   5/100 │  0.11s │ bd 4.0378e-01 │ res 2.3406e+00 │ test 1.3475e+00 │ η_eff 3.120e-04
Ep   6/100 │  0.11s │ bd 4.9455e-01 │ res 2.1845e+00 │ test 1.3233e+00 │ η_eff 2.330e-04
Ep   7/100 │  0.11s │ bd 3.4527e-01 │ res 2.5292e+00 │ test 1.2581e+00 │ η_eff 2.227e-04
Ep   8/100 │  0.11s │ bd 5.6303e-01 │ res 2.4807e+00 │ test 1.2652e+00 │ η_eff 2.000e-04
Ep   9/100 │  0.11s │ bd 5.2565e-01 │ res 1.7642e+00 │ test 1.1804e+00 │ η_eff 1.860e-04
Ep  10/100 │  0.11s │ bd 4.3513e-01 │ res 1.7092e+00 │ test 8.9021e-01 │ η_eff 1.047e-04
Ep  11/100 │  0.11s │ bd 3.1145e-01 │ res 1.2623e+00 │ test 8.7437e-01 │ η_eff 1.163e-04
Ep  12/100 │  0.11s │ bd 2.7794e-01 │ res 1.0122e+00 │ test 8.9971e-01 │ η_eff 1.288e-04
Ep  13/100 │  0.11s │ bd 2.4606e-01 │ res 9.0938e-01 │ test 8.0958e-01 │ η_eff 1.520e-04
Ep  14/100 │  0.11s │ bd 2.6511e-01 │ res 9.5297e-01 │ test 8.5470e-01 │ η_eff 8.608e-05
Ep  15/100 │  0.12s │ bd 1.8453e-01 │ res 6.3779e-01 │ test 7.7470e-01 │ η_eff 1.167e-04
Ep  16/100 │  0.12s │ bd 1.3906e-01 │ res 6.5993e-01 │ test 7.3398e-01 │ η_eff 9.528e-05
Ep  17/100 │  0.11s │ bd 1.6790e-01 │ res 4.9974e-01 │ test 7.1121e-01 │ η_eff 1.125e-04
Ep  18/100 │  0.11s │ bd 1.6032e-01 │ res 5.2507e-01 │ test 7.4501e-01 │ η_eff 8.913e-05
Ep  19/100 │  0.10s │ bd 2.0607e-01 │ res 5.9707e-01 │ test 7.7604e-01 │ η_eff 1.071e-04
Ep  20/100 │  0.13s │ bd 1.6993e-01 │ res 6.2936e-01 │ test 7.0733e-01 │ η_eff 4.945e-05
Ep  21/100 │  0.11s │ bd 1.3416e-01 │ res 4.4986e-01 │ test 6.9412e-01 │ η_eff 5.563e-05
Ep  22/100 │  0.11s │ bd 1.4773e-01 │ res 4.7708e-01 │ test 6.4039e-01 │ η_eff 6.583e-05
Ep  23/100 │  0.11s │ bd 1.8957e-01 │ res 4.8184e-01 │ test 7.4893e-01 │ η_eff 5.568e-05
Ep  24/100 │  0.11s │ bd 1.4865e-01 │ res 3.8334e-01 │ test 6.8954e-01 │ η_eff 6.962e-05
Ep  25/100 │  0.11s │ bd 1.4559e-01 │ res 4.6402e-01 │ test 6.8967e-01 │ η_eff 5.662e-05
Ep  26/100 │  0.11s │ bd 1.2476e-01 │ res 4.4668e-01 │ test 6.6153e-01 │ η_eff 5.938e-05
Ep  27/100 │  0.11s │ bd 1.0821e-01 │ res 2.8197e-01 │ test 6.4589e-01 │ η_eff 6.003e-05
Ep  28/100 │  0.12s │ bd 9.7683e-02 │ res 3.5221e-01 │ test 6.5749e-01 │ η_eff 4.915e-05
Ep  29/100 │  0.11s │ bd 7.8199e-02 │ res 3.1903e-01 │ test 6.8746e-01 │ η_eff 5.808e-05
Ep  30/100 │  0.11s │ bd 1.0665e-01 │ res 3.0828e-01 │ test 6.3473e-01 │ η_eff 2.875e-05
Ep  31/100 │  0.11s │ bd 1.2622e-01 │ res 3.8791e-01 │ test 6.9791e-01 │ η_eff 3.478e-05
Ep  32/100 │  0.11s │ bd 8.6610e-02 │ res 2.5479e-01 │ test 6.7550e-01 │ η_eff 3.223e-05
Ep  33/100 │  0.11s │ bd 6.9296e-02 │ res 2.3014e-01 │ test 6.8854e-01 │ η_eff 3.384e-05
Ep  34/100 │  0.11s │ bd 9.1642e-02 │ res 2.2146e-01 │ test 6.7360e-01 │ η_eff 2.783e-05
Ep  35/100 │  0.11s │ bd 9.3023e-02 │ res 2.6163e-01 │ test 6.8305e-01 │ η_eff 3.414e-05
Ep  36/100 │  0.11s │ bd 6.3778e-02 │ res 2.4434e-01 │ test 6.5712e-01 │ η_eff 3.046e-05
Ep  37/100 │  0.11s │ bd 5.7519e-02 │ res 2.1123e-01 │ test 6.7924e-01 │ η_eff 3.787e-05
Ep  38/100 │  0.11s │ bd 7.7478e-02 │ res 2.4073e-01 │ test 6.7719e-01 │ η_eff 3.789e-05
Ep  39/100 │  0.11s │ bd 7.5066e-02 │ res 2.0176e-01 │ test 6.8791e-01 │ η_eff 3.645e-05
Ep  40/100 │  0.12s │ bd 7.9914e-02 │ res 2.3508e-01 │ test 6.7266e-01 │ η_eff 1.595e-05
Ep  41/100 │  0.11s │ bd 5.7743e-02 │ res 1.9158e-01 │ test 6.3994e-01 │ η_eff 2.113e-05
Ep  42/100 │  0.11s │ bd 5.4502e-02 │ res 2.1205e-01 │ test 6.6594e-01 │ η_eff 1.869e-05
Ep  43/100 │  0.11s │ bd 5.0320e-02 │ res 2.2705e-01 │ test 6.7412e-01 │ η_eff 2.081e-05
Ep  44/100 │  0.11s │ bd 6.0169e-02 │ res 2.0991e-01 │ test 6.5167e-01 │ η_eff 1.680e-05
Ep  45/100 │  0.11s │ bd 5.4805e-02 │ res 2.0876e-01 │ test 6.8301e-01 │ η_eff 1.655e-05
Ep  46/100 │  0.11s │ bd 5.9168e-02 │ res 1.9581e-01 │ test 6.6403e-01 │ η_eff 2.092e-05
Ep  47/100 │  0.11s │ bd 6.4412e-02 │ res 2.1341e-01 │ test 6.6478e-01 │ η_eff 1.934e-05
Ep  48/100 │  0.11s │ bd 5.5442e-02 │ res 1.9605e-01 │ test 6.8502e-01 │ η_eff 1.813e-05
Ep  49/100 │  0.11s │ bd 6.7688e-02 │ res 2.2542e-01 │ test 6.6843e-01 │ η_eff 1.928e-05
Ep  50/100 │  0.12s │ bd 6.9269e-02 │ res 2.2249e-01 │ test 6.4568e-01 │ η_eff 1.001e-05
Ep  51/100 │  0.11s │ bd 5.4572e-02 │ res 1.9429e-01 │ test 6.7466e-01 │ η_eff 1.160e-05
Ep  52/100 │  0.11s │ bd 5.6042e-02 │ res 2.0154e-01 │ test 6.6091e-01 │ η_eff 1.201e-05
Ep  53/100 │  0.11s │ bd 4.1018e-02 │ res 1.6392e-01 │ test 6.6261e-01 │ η_eff 1.300e-05
Ep  54/100 │  0.11s │ bd 5.7391e-02 │ res 2.2387e-01 │ test 6.5902e-01 │ η_eff 1.083e-05
Ep  55/100 │  0.11s │ bd 5.2511e-02 │ res 1.9713e-01 │ test 6.5834e-01 │ η_eff 1.004e-05
Ep  56/100 │  0.11s │ bd 4.9828e-02 │ res 1.7636e-01 │ test 6.5941e-01 │ η_eff 1.158e-05
Ep  57/100 │  0.11s │ bd 5.0562e-02 │ res 1.6804e-01 │ test 6.7450e-01 │ η_eff 1.078e-05
Ep  58/100 │  0.11s │ bd 4.3342e-02 │ res 1.6634e-01 │ test 6.6340e-01 │ η_eff 9.281e-06
Ep  59/100 │  0.11s │ bd 4.7424e-02 │ res 1.8608e-01 │ test 6.6649e-01 │ η_eff 9.784e-06
Ep  60/100 │  0.11s │ bd 5.0852e-02 │ res 2.3812e-01 │ test 6.5103e-01 │ η_eff 4.597e-06
Ep  61/100 │  0.11s │ bd 4.4376e-02 │ res 2.0102e-01 │ test 6.5558e-01 │ η_eff 6.138e-06
Ep  62/100 │  0.11s │ bd 4.7723e-02 │ res 1.8368e-01 │ test 6.6008e-01 │ η_eff 5.782e-06
Ep  63/100 │  0.11s │ bd 4.9869e-02 │ res 1.7407e-01 │ test 6.6523e-01 │ η_eff 5.492e-06
Ep  64/100 │  0.12s │ bd 3.2971e-02 │ res 1.6193e-01 │ test 6.6270e-01 │ η_eff 6.145e-06
Ep  65/100 │  0.11s │ bd 3.7766e-02 │ res 1.6429e-01 │ test 6.6051e-01 │ η_eff 5.764e-06
Ep  66/100 │  0.11s │ bd 4.0413e-02 │ res 2.0020e-01 │ test 6.5897e-01 │ η_eff 5.110e-06
Ep  67/100 │  0.12s │ bd 4.5141e-02 │ res 1.5988e-01 │ test 6.6752e-01 │ η_eff 5.874e-06
Ep  68/100 │  0.11s │ bd 4.0672e-02 │ res 2.0148e-01 │ test 6.5999e-01 │ η_eff 6.082e-06
Ep  69/100 │  0.11s │ bd 3.8824e-02 │ res 1.5783e-01 │ test 6.5846e-01 │ η_eff 6.419e-06
Ep  70/100 │  0.12s │ bd 3.9880e-02 │ res 1.7841e-01 │ test 6.6467e-01 │ η_eff 3.777e-06
Ep  71/100 │  0.11s │ bd 4.0303e-02 │ res 1.8649e-01 │ test 6.6146e-01 │ η_eff 3.170e-06
Ep  72/100 │  0.11s │ bd 4.1827e-02 │ res 1.8008e-01 │ test 6.5698e-01 │ η_eff 3.458e-06
Ep  73/100 │  0.11s │ bd 3.9497e-02 │ res 1.5581e-01 │ test 6.6346e-01 │ η_eff 3.371e-06
Ep  74/100 │  0.12s │ bd 4.5499e-02 │ res 1.9844e-01 │ test 6.6111e-01 │ η_eff 2.953e-06
Ep  75/100 │  0.11s │ bd 4.2177e-02 │ res 1.7596e-01 │ test 6.5851e-01 │ η_eff 3.110e-06
Ep  76/100 │  0.11s │ bd 3.5919e-02 │ res 1.7101e-01 │ test 6.5770e-01 │ η_eff 3.417e-06
Ep  77/100 │  0.12s │ bd 3.1748e-02 │ res 1.5338e-01 │ test 6.5496e-01 │ η_eff 3.235e-06
Ep  78/100 │  0.11s │ bd 3.2752e-02 │ res 1.4467e-01 │ test 6.5326e-01 │ η_eff 2.695e-06
Ep  79/100 │  0.11s │ bd 3.6425e-02 │ res 1.6589e-01 │ test 6.5636e-01 │ η_eff 3.144e-06
Ep  80/100 │  0.11s │ bd 4.2832e-02 │ res 2.1047e-01 │ test 6.5831e-01 │ η_eff 1.563e-06
Ep  81/100 │  0.11s │ bd 4.2711e-02 │ res 1.9458e-01 │ test 6.5824e-01 │ η_eff 1.924e-06
Ep  82/100 │  0.12s │ bd 3.1783e-02 │ res 1.4805e-01 │ test 6.5667e-01 │ η_eff 1.671e-06
Ep  83/100 │  0.12s │ bd 3.4434e-02 │ res 1.3908e-01 │ test 6.5972e-01 │ η_eff 1.665e-06
Ep  84/100 │  0.11s │ bd 3.9462e-02 │ res 1.7922e-01 │ test 6.5539e-01 │ η_eff 1.549e-06
Ep  85/100 │  0.12s │ bd 3.4214e-02 │ res 1.4139e-01 │ test 6.5442e-01 │ η_eff 1.884e-06
Ep  86/100 │  0.11s │ bd 3.1976e-02 │ res 1.8595e-01 │ test 6.5782e-01 │ η_eff 1.590e-06
Ep  87/100 │  0.11s │ bd 4.0785e-02 │ res 1.6350e-01 │ test 6.5848e-01 │ η_eff 1.819e-06
Ep  88/100 │  0.11s │ bd 3.3262e-02 │ res 1.6416e-01 │ test 6.5428e-01 │ η_eff 2.023e-06
Ep  89/100 │  0.11s │ bd 3.4701e-02 │ res 1.5269e-01 │ test 6.5586e-01 │ η_eff 1.706e-06
Ep  90/100 │  0.11s │ bd 3.5971e-02 │ res 1.7420e-01 │ test 6.5633e-01 │ η_eff 7.468e-07
Ep  91/100 │  0.11s │ bd 3.5780e-02 │ res 1.4578e-01 │ test 6.5543e-01 │ η_eff 1.062e-06
Ep  92/100 │  0.11s │ bd 3.2393e-02 │ res 1.6056e-01 │ test 6.5651e-01 │ η_eff 8.159e-07
Ep  93/100 │  0.11s │ bd 3.9703e-02 │ res 2.0201e-01 │ test 6.5288e-01 │ η_eff 8.108e-07
Ep  94/100 │  0.11s │ bd 4.1416e-02 │ res 2.1260e-01 │ test 6.5431e-01 │ η_eff 8.023e-07
Ep  95/100 │  0.11s │ bd 3.0729e-02 │ res 1.5220e-01 │ test 6.5355e-01 │ η_eff 7.213e-07
Ep  96/100 │  0.11s │ bd 2.7221e-02 │ res 1.5129e-01 │ test 6.5437e-01 │ η_eff 7.756e-07
Ep  97/100 │  0.12s │ bd 3.1843e-02 │ res 1.7264e-01 │ test 6.5498e-01 │ η_eff 9.495e-07
Ep  98/100 │  0.11s │ bd 3.7729e-02 │ res 1.5208e-01 │ test 6.5710e-01 │ η_eff 7.307e-07
Ep  99/100 │  0.11s │ bd 4.0822e-02 │ res 2.0778e-01 │ test 6.5564e-01 │ η_eff 9.849e-07
Ep 100/100 │  0.12s │ bd 3.8212e-02 │ res 1.8802e-01 │ test 6.5723e-01 │ η_eff 4.935e-07
→ Saved: loss/Burger1d_phisfno_ms_nr_90_Adam_ep100_visc0.1_m32_w64_s33/loss_full_loss_1.csv

=== Phase 'full_loss_2' | epochs 100 ===

Ep   1/100 │  0.12s │ bd 4.3235e-02 │ res 2.0048e-01 │ test 6.5601e-01 │ η_eff 4.630e-07
Ep   2/100 │  0.11s │ bd 3.4997e-02 │ res 1.5667e-01 │ test 6.5280e-01 │ η_eff 3.056e-07
Ep   3/100 │  0.12s │ bd 3.4958e-02 │ res 1.7646e-01 │ test 6.5893e-01 │ η_eff 3.257e-07
Ep   4/100 │  0.13s │ bd 3.1296e-02 │ res 1.6332e-01 │ test 6.5833e-01 │ η_eff 3.024e-07
Ep   5/100 │  0.11s │ bd 3.5261e-02 │ res 2.0241e-01 │ test 6.5554e-01 │ η_eff 3.061e-07
Ep   6/100 │  0.11s │ bd 3.7010e-02 │ res 1.6383e-01 │ test 6.5338e-01 │ η_eff 3.144e-07
Ep   7/100 │  0.12s │ bd 4.1037e-02 │ res 1.6279e-01 │ test 6.5435e-01 │ η_eff 3.045e-07
Ep   8/100 │  0.12s │ bd 3.5059e-02 │ res 1.9451e-01 │ test 6.5569e-01 │ η_eff 2.852e-07
Ep   9/100 │  0.11s │ bd 3.5536e-02 │ res 1.8491e-01 │ test 6.5467e-01 │ η_eff 3.624e-07
Ep  10/100 │  0.12s │ bd 3.3856e-02 │ res 1.5409e-01 │ test 6.5571e-01 │ η_eff 1.524e-07
Ep  11/100 │  0.12s │ bd 3.5945e-02 │ res 1.6404e-01 │ test 6.5743e-01 │ η_eff 1.703e-07
Ep  12/100 │  0.12s │ bd 3.2819e-02 │ res 1.4024e-01 │ test 6.5636e-01 │ η_eff 1.835e-07
Ep  13/100 │  0.11s │ bd 3.5612e-02 │ res 1.4805e-01 │ test 6.5637e-01 │ η_eff 1.682e-07
Ep  14/100 │  0.11s │ bd 4.1034e-02 │ res 2.0075e-01 │ test 6.5635e-01 │ η_eff 2.122e-07
Ep  15/100 │  0.12s │ bd 3.0278e-02 │ res 1.5238e-01 │ test 6.5524e-01 │ η_eff 1.522e-07
Ep  16/100 │  0.11s │ bd 3.0162e-02 │ res 1.7104e-01 │ test 6.5732e-01 │ η_eff 1.615e-07
Ep  17/100 │  0.11s │ bd 2.8893e-02 │ res 1.5271e-01 │ test 6.5723e-01 │ η_eff 1.654e-07
Ep  18/100 │  0.12s │ bd 3.5889e-02 │ res 1.6906e-01 │ test 6.5725e-01 │ η_eff 1.502e-07
Ep  19/100 │  0.11s │ bd 3.5619e-02 │ res 1.5548e-01 │ test 6.5738e-01 │ η_eff 1.507e-07
Ep  20/100 │  0.11s │ bd 3.2964e-02 │ res 1.5617e-01 │ test 6.5515e-01 │ η_eff 7.210e-08
Ep  21/100 │  0.13s │ bd 3.4415e-02 │ res 1.6415e-01 │ test 6.5481e-01 │ η_eff 7.185e-08
Ep  22/100 │  0.12s │ bd 3.0094e-02 │ res 1.6420e-01 │ test 6.5636e-01 │ η_eff 7.668e-08
Ep  23/100 │  0.12s │ bd 2.8370e-02 │ res 1.5096e-01 │ test 6.5461e-01 │ η_eff 9.509e-08
Ep  24/100 │  0.11s │ bd 3.8286e-02 │ res 1.7159e-01 │ test 6.5659e-01 │ η_eff 9.624e-08
Ep  25/100 │  0.11s │ bd 3.1276e-02 │ res 1.5524e-01 │ test 6.5628e-01 │ η_eff 7.748e-08
Ep  26/100 │  0.11s │ bd 3.1587e-02 │ res 1.9340e-01 │ test 6.5757e-01 │ η_eff 8.223e-08
Ep  27/100 │  0.12s │ bd 3.6384e-02 │ res 1.9888e-01 │ test 6.5750e-01 │ η_eff 9.427e-08
Ep  28/100 │  0.11s │ bd 3.5944e-02 │ res 1.6935e-01 │ test 6.5872e-01 │ η_eff 8.101e-08
Ep  29/100 │  0.11s │ bd 3.5527e-02 │ res 1.8623e-01 │ test 6.5351e-01 │ η_eff 8.970e-08
Ep  30/100 │  0.11s │ bd 3.3767e-02 │ res 1.7404e-01 │ test 6.5646e-01 │ η_eff 5.325e-08
Ep  31/100 │  0.11s │ bd 3.2016e-02 │ res 1.7523e-01 │ test 6.5307e-01 │ η_eff 5.262e-08
Ep  32/100 │  0.12s │ bd 4.5644e-02 │ res 1.9848e-01 │ test 6.5365e-01 │ η_eff 5.339e-08
Ep  33/100 │  0.11s │ bd 3.3290e-02 │ res 1.7016e-01 │ test 6.5802e-01 │ η_eff 5.253e-08
Ep  34/100 │  0.12s │ bd 3.6823e-02 │ res 1.9469e-01 │ test 6.5536e-01 │ η_eff 4.697e-08
Ep  35/100 │  0.12s │ bd 3.3109e-02 │ res 1.4676e-01 │ test 6.6073e-01 │ η_eff 4.617e-08
Ep  36/100 │  0.12s │ bd 2.9512e-02 │ res 1.3646e-01 │ test 6.5513e-01 │ η_eff 4.013e-08
Ep  37/100 │  0.11s │ bd 3.2836e-02 │ res 1.7256e-01 │ test 6.5497e-01 │ η_eff 4.168e-08
Ep  38/100 │  0.11s │ bd 2.7328e-02 │ res 1.4240e-01 │ test 6.5711e-01 │ η_eff 5.062e-08
Ep  39/100 │  0.11s │ bd 3.2649e-02 │ res 1.7038e-01 │ test 6.5959e-01 │ η_eff 4.775e-08
Ep  40/100 │  0.11s │ bd 3.1652e-02 │ res 1.5753e-01 │ test 6.5833e-01 │ η_eff 2.677e-08
Ep  41/100 │  0.11s │ bd 2.7492e-02 │ res 1.6960e-01 │ test 6.5874e-01 │ η_eff 2.280e-08
Ep  42/100 │  0.11s │ bd 3.2811e-02 │ res 1.8330e-01 │ test 6.5926e-01 │ η_eff 2.735e-08
Ep  43/100 │  0.11s │ bd 3.5986e-02 │ res 1.8566e-01 │ test 6.5515e-01 │ η_eff 2.556e-08
Ep  44/100 │  0.12s │ bd 3.3331e-02 │ res 1.4771e-01 │ test 6.5334e-01 │ η_eff 2.418e-08
Ep  45/100 │  0.12s │ bd 4.0627e-02 │ res 1.8791e-01 │ test 6.5823e-01 │ η_eff 2.449e-08
Ep  46/100 │  0.11s │ bd 3.7180e-02 │ res 1.5887e-01 │ test 6.5773e-01 │ η_eff 2.643e-08
Ep  47/100 │  0.11s │ bd 2.9426e-02 │ res 1.4993e-01 │ test 6.5803e-01 │ η_eff 2.492e-08
Ep  48/100 │  0.12s │ bd 4.1172e-02 │ res 1.8955e-01 │ test 6.5935e-01 │ η_eff 2.575e-08
Ep  49/100 │  0.12s │ bd 3.1829e-02 │ res 1.8011e-01 │ test 6.5723e-01 │ η_eff 2.586e-08
Ep  50/100 │  0.12s │ bd 4.1612e-02 │ res 1.7900e-01 │ test 6.5397e-01 │ η_eff 1.173e-08
Ep  51/100 │  0.12s │ bd 3.6372e-02 │ res 1.7293e-01 │ test 6.5588e-01 │ η_eff 1.350e-08
Ep  52/100 │  0.12s │ bd 3.4498e-02 │ res 1.5349e-01 │ test 6.5762e-01 │ η_eff 1.385e-08
Ep  53/100 │  0.11s │ bd 3.3787e-02 │ res 1.5968e-01 │ test 6.5530e-01 │ η_eff 1.233e-08
Ep  54/100 │  0.12s │ bd 3.6580e-02 │ res 1.8510e-01 │ test 6.5612e-01 │ η_eff 1.389e-08
Ep  55/100 │  0.12s │ bd 3.7171e-02 │ res 1.8242e-01 │ test 6.5577e-01 │ η_eff 1.445e-08
Ep  56/100 │  0.12s │ bd 3.3437e-02 │ res 1.9111e-01 │ test 6.6121e-01 │ η_eff 1.287e-08
Ep  57/100 │  0.11s │ bd 3.6186e-02 │ res 1.8687e-01 │ test 6.5925e-01 │ η_eff 1.655e-08
Ep  58/100 │  0.12s │ bd 3.4586e-02 │ res 1.9428e-01 │ test 6.5988e-01 │ η_eff 1.521e-08
Ep  59/100 │  0.12s │ bd 3.1906e-02 │ res 1.6934e-01 │ test 6.5737e-01 │ η_eff 1.393e-08
Ep  60/100 │  0.11s │ bd 3.7496e-02 │ res 1.8008e-01 │ test 6.5910e-01 │ η_eff 6.307e-09
Ep  61/100 │  0.11s │ bd 3.7729e-02 │ res 1.8902e-01 │ test 6.5664e-01 │ η_eff 6.843e-09
Ep  62/100 │  0.11s │ bd 3.5335e-02 │ res 1.8186e-01 │ test 6.5520e-01 │ η_eff 6.501e-09
Ep  63/100 │  0.12s │ bd 3.3597e-02 │ res 1.7775e-01 │ test 6.5638e-01 │ η_eff 6.819e-09
Ep  64/100 │  0.11s │ bd 3.2970e-02 │ res 1.9695e-01 │ test 6.5482e-01 │ η_eff 7.814e-09
Ep  65/100 │  0.11s │ bd 2.8552e-02 │ res 1.5224e-01 │ test 6.5555e-01 │ η_eff 6.626e-09
Ep  66/100 │  0.12s │ bd 3.1741e-02 │ res 1.7866e-01 │ test 6.5773e-01 │ η_eff 7.557e-09
Ep  67/100 │  0.12s │ bd 3.3062e-02 │ res 1.6628e-01 │ test 6.5857e-01 │ η_eff 6.584e-09
Ep  68/100 │  0.11s │ bd 3.3012e-02 │ res 1.6173e-01 │ test 6.5520e-01 │ η_eff 6.867e-09
Ep  69/100 │  0.11s │ bd 3.2412e-02 │ res 1.6284e-01 │ test 6.5697e-01 │ η_eff 6.853e-09
Ep  70/100 │  0.12s │ bd 3.7220e-02 │ res 1.5596e-01 │ test 6.5657e-01 │ η_eff 3.351e-09
Ep  71/100 │  0.11s │ bd 3.8686e-02 │ res 1.8670e-01 │ test 6.5391e-01 │ η_eff 3.956e-09
Ep  72/100 │  0.11s │ bd 3.8703e-02 │ res 1.9799e-01 │ test 6.5576e-01 │ η_eff 3.286e-09
Ep  73/100 │  0.11s │ bd 3.9164e-02 │ res 1.7170e-01 │ test 6.5976e-01 │ η_eff 3.905e-09
Ep  74/100 │  0.11s │ bd 3.6344e-02 │ res 1.9019e-01 │ test 6.5631e-01 │ η_eff 4.178e-09
Ep  75/100 │  0.12s │ bd 3.8386e-02 │ res 2.0269e-01 │ test 6.5622e-01 │ η_eff 4.663e-09
Ep  76/100 │  0.11s │ bd 2.8868e-02 │ res 1.6532e-01 │ test 6.5571e-01 │ η_eff 3.141e-09
Ep  77/100 │  0.12s │ bd 3.6902e-02 │ res 1.5862e-01 │ test 6.5306e-01 │ η_eff 4.046e-09
Ep  78/100 │  0.11s │ bd 3.4903e-02 │ res 1.7270e-01 │ test 6.5553e-01 │ η_eff 3.461e-09
Ep  79/100 │  0.11s │ bd 2.8803e-02 │ res 1.6012e-01 │ test 6.5470e-01 │ η_eff 3.196e-09
Ep  80/100 │  0.12s │ bd 3.7349e-02 │ res 1.7597e-01 │ test 6.5662e-01 │ η_eff 1.782e-09
Ep  81/100 │  0.11s │ bd 3.6978e-02 │ res 1.7346e-01 │ test 6.5808e-01 │ η_eff 1.941e-09
Ep  82/100 │  0.12s │ bd 3.2821e-02 │ res 1.6278e-01 │ test 6.5634e-01 │ η_eff 2.056e-09
Ep  83/100 │  0.11s │ bd 3.6078e-02 │ res 1.7103e-01 │ test 6.5792e-01 │ η_eff 2.115e-09
Ep  84/100 │  0.11s │ bd 3.2343e-02 │ res 1.6071e-01 │ test 6.5781e-01 │ η_eff 1.985e-09
Ep  85/100 │  0.11s │ bd 3.8207e-02 │ res 1.8065e-01 │ test 6.5733e-01 │ η_eff 1.960e-09
Ep  86/100 │  0.11s │ bd 2.9158e-02 │ res 1.3797e-01 │ test 6.5694e-01 │ η_eff 1.718e-09
Ep  87/100 │  0.11s │ bd 3.7504e-02 │ res 1.7313e-01 │ test 6.5719e-01 │ η_eff 1.725e-09
Ep  88/100 │  0.11s │ bd 3.6485e-02 │ res 1.7243e-01 │ test 6.5736e-01 │ η_eff 2.513e-09
Ep  89/100 │  0.12s │ bd 3.2306e-02 │ res 1.8399e-01 │ test 6.5849e-01 │ η_eff 2.457e-09
Ep  90/100 │  0.11s │ bd 4.9630e-02 │ res 2.3126e-01 │ test 6.5771e-01 │ η_eff 1.026e-09
Ep  91/100 │  0.11s │ bd 3.7411e-02 │ res 1.7916e-01 │ test 6.5913e-01 │ η_eff 9.640e-10
Ep  92/100 │  0.12s │ bd 3.7461e-02 │ res 1.7482e-01 │ test 6.5544e-01 │ η_eff 9.638e-10
Ep  93/100 │  0.11s │ bd 3.3328e-02 │ res 1.6293e-01 │ test 6.6038e-01 │ η_eff 9.245e-10
Ep  94/100 │  0.11s │ bd 2.8438e-02 │ res 1.4896e-01 │ test 6.5743e-01 │ η_eff 9.469e-10
Ep  95/100 │  0.11s │ bd 3.1300e-02 │ res 1.5219e-01 │ test 6.5711e-01 │ η_eff 9.656e-10
Ep  96/100 │  0.12s │ bd 3.3768e-02 │ res 1.5189e-01 │ test 6.5611e-01 │ η_eff 9.491e-10
Ep  97/100 │  0.11s │ bd 3.3465e-02 │ res 1.6150e-01 │ test 6.5695e-01 │ η_eff 8.879e-10
Ep  98/100 │  0.11s │ bd 3.1152e-02 │ res 1.6258e-01 │ test 6.5654e-01 │ η_eff 9.707e-10
Ep  99/100 │  0.11s │ bd 4.1868e-02 │ res 2.0438e-01 │ test 6.5612e-01 │ η_eff 1.094e-09
Ep 100/100 │  0.12s │ bd 3.4443e-02 │ res 1.5747e-01 │ test 6.5437e-01 │ η_eff 5.443e-10
→ Saved: loss/Burger1d_phisfno_ms_nr_90_Adam_ep100_visc0.1_m32_w64_s33/loss_full_loss_2.csv

=== Phase 'full_loss_3' | epochs 100 ===

Ep   1/100 │  0.12s │ bd 3.3621e-02 │ res 1.4104e-01 │ test 6.5730e-01 │ η_eff 5.263e-10
Ep   2/100 │  0.11s │ bd 3.2762e-02 │ res 1.6030e-01 │ test 6.5739e-01 │ η_eff 6.106e-10
Ep   3/100 │  0.11s │ bd 3.0291e-02 │ res 1.5218e-01 │ test 6.5673e-01 │ η_eff 6.028e-10
Ep   4/100 │  0.12s │ bd 2.6835e-02 │ res 1.3730e-01 │ test 6.5700e-01 │ η_eff 5.141e-10
Ep   5/100 │  0.11s │ bd 3.6298e-02 │ res 1.4870e-01 │ test 6.6007e-01 │ η_eff 5.966e-10
Ep   6/100 │  0.11s │ bd 3.6269e-02 │ res 1.6637e-01 │ test 6.5919e-01 │ η_eff 5.400e-10
Ep   7/100 │  0.11s │ bd 4.0802e-02 │ res 1.6832e-01 │ test 6.5609e-01 │ η_eff 5.304e-10
Ep   8/100 │  0.11s │ bd 3.4101e-02 │ res 1.5969e-01 │ test 6.5517e-01 │ η_eff 5.377e-10
Ep   9/100 │  0.11s │ bd 4.0205e-02 │ res 1.5810e-01 │ test 6.5654e-01 │ η_eff 5.967e-10
Ep  10/100 │  0.11s │ bd 3.3449e-02 │ res 1.6042e-01 │ test 6.5551e-01 │ η_eff 2.632e-10
Ep  11/100 │  0.11s │ bd 2.7791e-02 │ res 1.4307e-01 │ test 6.5435e-01 │ η_eff 2.720e-10
Ep  12/100 │  0.11s │ bd 4.0570e-02 │ res 1.6705e-01 │ test 6.5807e-01 │ η_eff 2.761e-10
Ep  13/100 │  0.11s │ bd 3.3030e-02 │ res 1.7436e-01 │ test 6.5841e-01 │ η_eff 2.852e-10
Ep  14/100 │  0.11s │ bd 4.3458e-02 │ res 1.9259e-01 │ test 6.5665e-01 │ η_eff 3.182e-10
Ep  15/100 │  0.12s │ bd 3.0890e-02 │ res 1.4336e-01 │ test 6.5399e-01 │ η_eff 2.847e-10
Ep  16/100 │  0.12s │ bd 3.1866e-02 │ res 1.6831e-01 │ test 6.5749e-01 │ η_eff 2.748e-10
Ep  17/100 │  0.11s │ bd 3.4752e-02 │ res 1.8268e-01 │ test 6.5613e-01 │ η_eff 3.015e-10
Ep  18/100 │  0.11s │ bd 3.8523e-02 │ res 1.8185e-01 │ test 6.5597e-01 │ η_eff 3.166e-10
Ep  19/100 │  0.12s │ bd 4.1860e-02 │ res 2.0185e-01 │ test 6.5603e-01 │ η_eff 3.083e-10
Ep  20/100 │  0.11s │ bd 2.8249e-02 │ res 1.3683e-01 │ test 6.5673e-01 │ η_eff 1.465e-10
Ep  21/100 │  0.11s │ bd 4.1358e-02 │ res 1.9493e-01 │ test 6.5949e-01 │ η_eff 1.558e-10
Ep  22/100 │  0.13s │ bd 3.0924e-02 │ res 1.5912e-01 │ test 6.5630e-01 │ η_eff 1.446e-10
Ep  23/100 │  0.11s │ bd 3.2952e-02 │ res 1.6460e-01 │ test 6.5570e-01 │ η_eff 1.516e-10
Ep  24/100 │  0.11s │ bd 3.5228e-02 │ res 1.6322e-01 │ test 6.5753e-01 │ η_eff 1.512e-10
Ep  25/100 │  0.11s │ bd 3.0083e-02 │ res 1.4543e-01 │ test 6.5668e-01 │ η_eff 1.673e-10
Ep  26/100 │  0.12s │ bd 3.1544e-02 │ res 1.5805e-01 │ test 6.5757e-01 │ η_eff 1.423e-10
Ep  27/100 │  0.11s │ bd 2.9913e-02 │ res 1.4985e-01 │ test 6.5586e-01 │ η_eff 1.452e-10
Ep  28/100 │  0.11s │ bd 3.2364e-02 │ res 1.6038e-01 │ test 6.5908e-01 │ η_eff 1.544e-10
Ep  29/100 │  0.12s │ bd 3.4276e-02 │ res 1.5151e-01 │ test 6.5681e-01 │ η_eff 1.526e-10
Ep  30/100 │  0.11s │ bd 3.3649e-02 │ res 2.0227e-01 │ test 6.5579e-01 │ η_eff 8.688e-11
Ep  31/100 │  0.12s │ bd 3.0351e-02 │ res 1.5326e-01 │ test 6.5536e-01 │ η_eff 9.297e-11
Ep  32/100 │  0.11s │ bd 2.9538e-02 │ res 1.7766e-01 │ test 6.5756e-01 │ η_eff 8.656e-11
Ep  33/100 │  0.12s │ bd 4.0050e-02 │ res 1.8846e-01 │ test 6.5703e-01 │ η_eff 7.792e-11
Ep  34/100 │  0.11s │ bd 3.3575e-02 │ res 1.5467e-01 │ test 6.5645e-01 │ η_eff 9.826e-11
Ep  35/100 │  0.11s │ bd 3.5094e-02 │ res 1.8916e-01 │ test 6.5540e-01 │ η_eff 7.939e-11
Ep  36/100 │  0.11s │ bd 3.7249e-02 │ res 1.7905e-01 │ test 6.5593e-01 │ η_eff 8.186e-11
Ep  37/100 │  0.11s │ bd 3.2579e-02 │ res 1.4748e-01 │ test 6.5687e-01 │ η_eff 6.796e-11
Ep  38/100 │  0.11s │ bd 3.1727e-02 │ res 1.6644e-01 │ test 6.5339e-01 │ η_eff 6.878e-11
Ep  39/100 │  0.11s │ bd 3.9849e-02 │ res 1.8122e-01 │ test 6.5699e-01 │ η_eff 8.635e-11
Ep  40/100 │  0.11s │ bd 3.2328e-02 │ res 1.9454e-01 │ test 6.5867e-01 │ η_eff 4.047e-11
Ep  41/100 │  0.11s │ bd 3.8799e-02 │ res 2.0278e-01 │ test 6.5765e-01 │ η_eff 3.969e-11
Ep  42/100 │  0.12s │ bd 4.3539e-02 │ res 2.0618e-01 │ test 6.5674e-01 │ η_eff 3.763e-11
Ep  43/100 │  0.11s │ bd 3.3931e-02 │ res 1.8017e-01 │ test 6.5658e-01 │ η_eff 4.207e-11
Ep  44/100 │  0.11s │ bd 4.4614e-02 │ res 1.9283e-01 │ test 6.5688e-01 │ η_eff 4.530e-11
Ep  45/100 │  0.11s │ bd 3.1983e-02 │ res 1.7677e-01 │ test 6.5691e-01 │ η_eff 4.235e-11
Ep  46/100 │  0.12s │ bd 3.6126e-02 │ res 1.7176e-01 │ test 6.5775e-01 │ η_eff 4.528e-11
Ep  47/100 │  0.11s │ bd 3.9781e-02 │ res 1.6728e-01 │ test 6.5820e-01 │ η_eff 4.292e-11
Ep  48/100 │  0.11s │ bd 3.5561e-02 │ res 1.6527e-01 │ test 6.5681e-01 │ η_eff 3.660e-11
Ep  49/100 │  0.12s │ bd 3.3196e-02 │ res 1.5049e-01 │ test 6.5573e-01 │ η_eff 3.996e-11
Ep  50/100 │  0.11s │ bd 3.2053e-02 │ res 1.6364e-01 │ test 6.5493e-01 │ η_eff 2.299e-11
Ep  51/100 │  0.12s │ bd 3.0869e-02 │ res 1.5377e-01 │ test 6.5671e-01 │ η_eff 2.086e-11
Ep  52/100 │  0.12s │ bd 3.2448e-02 │ res 1.7672e-01 │ test 6.5667e-01 │ η_eff 2.257e-11
Ep  53/100 │  0.11s │ bd 3.3760e-02 │ res 1.7490e-01 │ test 6.5495e-01 │ η_eff 2.728e-11
Ep  54/100 │  0.11s │ bd 3.4024e-02 │ res 1.3720e-01 │ test 6.5665e-01 │ η_eff 2.216e-11
Ep  55/100 │  0.12s │ bd 3.2189e-02 │ res 1.4094e-01 │ test 6.5931e-01 │ η_eff 2.176e-11
Ep  56/100 │  0.11s │ bd 3.7197e-02 │ res 1.6161e-01 │ test 6.5834e-01 │ η_eff 2.197e-11
Ep  57/100 │  0.11s │ bd 3.9640e-02 │ res 1.9004e-01 │ test 6.6002e-01 │ η_eff 2.541e-11
Ep  58/100 │  0.11s │ bd 3.4946e-02 │ res 1.6871e-01 │ test 6.5922e-01 │ η_eff 2.111e-11
Ep  59/100 │  0.12s │ bd 3.6468e-02 │ res 2.0650e-01 │ test 6.6061e-01 │ η_eff 2.165e-11
Ep  60/100 │  0.11s │ bd 4.3368e-02 │ res 2.0471e-01 │ test 6.5886e-01 │ η_eff 1.171e-11
Ep  61/100 │  0.11s │ bd 3.5399e-02 │ res 1.4863e-01 │ test 6.5691e-01 │ η_eff 1.079e-11
Ep  62/100 │  0.12s │ bd 2.9850e-02 │ res 1.4614e-01 │ test 6.5856e-01 │ η_eff 1.196e-11
Ep  63/100 │  0.11s │ bd 3.9875e-02 │ res 1.7377e-01 │ test 6.5590e-01 │ η_eff 1.301e-11
Ep  64/100 │  0.12s │ bd 3.8764e-02 │ res 1.8461e-01 │ test 6.5875e-01 │ η_eff 1.069e-11
Ep  65/100 │  0.12s │ bd 4.4543e-02 │ res 2.4024e-01 │ test 6.5762e-01 │ η_eff 1.221e-11
Ep  66/100 │  0.13s │ bd 3.8003e-02 │ res 1.6360e-01 │ test 6.5512e-01 │ η_eff 1.136e-11
Ep  67/100 │  0.11s │ bd 2.7945e-02 │ res 1.3825e-01 │ test 6.5813e-01 │ η_eff 1.121e-11
Ep  68/100 │  0.12s │ bd 2.8542e-02 │ res 1.5646e-01 │ test 6.5487e-01 │ η_eff 1.002e-11
Ep  69/100 │  0.12s │ bd 3.5858e-02 │ res 1.8236e-01 │ test 6.5761e-01 │ η_eff 1.029e-11
Ep  70/100 │  0.12s │ bd 3.9558e-02 │ res 1.7745e-01 │ test 6.5645e-01 │ η_eff 5.831e-12
Ep  71/100 │  0.11s │ bd 3.1635e-02 │ res 1.4571e-01 │ test 6.5645e-01 │ η_eff 6.104e-12
Ep  72/100 │  0.11s │ bd 3.2106e-02 │ res 1.8190e-01 │ test 6.5223e-01 │ η_eff 5.584e-12
Ep  73/100 │  0.11s │ bd 3.6970e-02 │ res 1.8576e-01 │ test 6.5533e-01 │ η_eff 5.128e-12
Ep  74/100 │  0.11s │ bd 3.3163e-02 │ res 1.7698e-01 │ test 6.5765e-01 │ η_eff 5.684e-12
Ep  75/100 │  0.11s │ bd 3.6330e-02 │ res 1.5846e-01 │ test 6.5796e-01 │ η_eff 5.276e-12
Ep  76/100 │  0.11s │ bd 3.4473e-02 │ res 1.7484e-01 │ test 6.5691e-01 │ η_eff 6.361e-12
Ep  77/100 │  0.11s │ bd 4.0909e-02 │ res 1.8891e-01 │ test 6.5750e-01 │ η_eff 5.352e-12
Ep  78/100 │  0.11s │ bd 4.3863e-02 │ res 2.2946e-01 │ test 6.5716e-01 │ η_eff 6.467e-12
Ep  79/100 │  0.11s │ bd 3.0279e-02 │ res 1.4748e-01 │ test 6.5599e-01 │ η_eff 5.730e-12
Ep  80/100 │  0.11s │ bd 2.8706e-02 │ res 1.4353e-01 │ test 6.5741e-01 │ η_eff 3.065e-12
Ep  81/100 │  0.12s │ bd 3.7380e-02 │ res 1.6818e-01 │ test 6.5642e-01 │ η_eff 2.998e-12
Ep  82/100 │  0.11s │ bd 3.7573e-02 │ res 1.8010e-01 │ test 6.5900e-01 │ η_eff 3.067e-12
Ep  83/100 │  0.11s │ bd 3.8183e-02 │ res 1.6881e-01 │ test 6.5728e-01 │ η_eff 3.159e-12
Ep  84/100 │  0.11s │ bd 3.8698e-02 │ res 1.9927e-01 │ test 6.5545e-01 │ η_eff 2.807e-12
Ep  85/100 │  0.11s │ bd 2.7661e-02 │ res 1.4276e-01 │ test 6.5565e-01 │ η_eff 3.079e-12
Ep  86/100 │  0.12s │ bd 3.5355e-02 │ res 1.8103e-01 │ test 6.5516e-01 │ η_eff 2.985e-12
Ep  87/100 │  0.11s │ bd 4.0957e-02 │ res 1.6165e-01 │ test 6.5874e-01 │ η_eff 2.891e-12
Ep  88/100 │  0.11s │ bd 4.0943e-02 │ res 1.6098e-01 │ test 6.5773e-01 │ η_eff 3.197e-12
Ep  89/100 │  0.11s │ bd 2.9217e-02 │ res 1.5879e-01 │ test 6.6015e-01 │ η_eff 3.084e-12
Ep  90/100 │  0.13s │ bd 3.3221e-02 │ res 1.6679e-01 │ test 6.5569e-01 │ η_eff 1.440e-12
Ep  91/100 │  0.11s │ bd 3.6451e-02 │ res 1.6288e-01 │ test 6.5729e-01 │ η_eff 1.584e-12
Ep  92/100 │  0.12s │ bd 3.4480e-02 │ res 1.8400e-01 │ test 6.5669e-01 │ η_eff 1.641e-12
Ep  93/100 │  0.12s │ bd 3.9587e-02 │ res 1.6963e-01 │ test 6.5477e-01 │ η_eff 1.508e-12
Ep  94/100 │  0.11s │ bd 3.8402e-02 │ res 1.7024e-01 │ test 6.5504e-01 │ η_eff 1.511e-12
Ep  95/100 │  0.11s │ bd 3.3387e-02 │ res 1.6626e-01 │ test 6.5459e-01 │ η_eff 1.702e-12
Ep  96/100 │  0.12s │ bd 3.5091e-02 │ res 1.8880e-01 │ test 6.5480e-01 │ η_eff 1.686e-12
Ep  97/100 │  0.12s │ bd 3.3033e-02 │ res 1.5028e-01 │ test 6.5723e-01 │ η_eff 1.478e-12
Ep  98/100 │  0.11s │ bd 3.1936e-02 │ res 1.5999e-01 │ test 6.5671e-01 │ η_eff 1.779e-12
Ep  99/100 │  0.12s │ bd 4.3127e-02 │ res 2.2963e-01 │ test 6.5676e-01 │ η_eff 1.823e-12
Ep 100/100 │  0.11s │ bd 4.0258e-02 │ res 1.6045e-01 │ test 6.5557e-01 │ η_eff 8.873e-13
→ Saved: loss/Burger1d_phisfno_ms_nr_90_Adam_ep100_visc0.1_m32_w64_s33/loss_full_loss_3.csv
→ Model saved: model/Burger1d_phisfno_ms_nr_90_Adam_ep100_visc0.1_m32_w64_s33
→ Eta-term history: loss/Burger1d_phisfno_ms_nr_90_Adam_ep100_visc0.1_m32_w64_s33/eta_term_history.csv
  sample 0: test L2 = 6.8743e-01
  sample 1: test L2 = 4.8058e-01
  sample 2: test L2 = 5.8112e-01
  sample 3: test L2 = 5.6627e-01
  sample 4: test L2 = 1.4768e+00
  sample 5: test L2 = 6.2614e-01
  sample 6: test L2 = 4.7331e-01
  sample 7: test L2 = 4.9805e-01
  sample 8: test L2 = 5.4179e-01
  sample 9: test L2 = 6.2424e-01
→ Predictions saved: burger_test_phisfno_ms_nr.mat
→ Figure saved: image/Burger1d_phisfno_ms_nr_90_Adam_ep100_visc0.1_m32_w64_s33/final_velocity.png
