loaded 1D buffers
[train_model] model=phisfno | training=singlestage | S=2048 | nu=0.1 | dt=0.1 | modes=32 | width=64
Model parameters: 550,339

=== Phase 'full_loss_1' | epochs 200 ===

Ep   1/200 │  0.46s │ bd 3.6413e+00 │ res 4.2634e+01 │ test 1.4725e+00 │ η_eff 2.485e-03
Ep   2/200 │  0.11s │ bd 1.1895e+00 │ res 2.3891e+01 │ test 1.2068e+00 │ η_eff 1.064e-03
Ep   3/200 │  0.11s │ bd 7.4760e-01 │ res 1.0504e+01 │ test 1.3384e+00 │ η_eff 5.976e-04
Ep   4/200 │  0.11s │ bd 6.8551e-01 │ res 5.6529e+00 │ test 9.5026e-01 │ η_eff 3.700e-04
Ep   5/200 │  0.11s │ bd 7.3142e-01 │ res 2.8655e+00 │ test 8.6601e-01 │ η_eff 2.946e-04
Ep   6/200 │  0.11s │ bd 5.1773e-01 │ res 2.3761e+00 │ test 6.0462e-01 │ η_eff 3.175e-04
Ep   7/200 │  0.11s │ bd 6.7975e-01 │ res 2.7833e+00 │ test 7.2907e-01 │ η_eff 2.466e-04
Ep   8/200 │  0.11s │ bd 4.3759e-01 │ res 2.8824e+00 │ test 4.7283e-01 │ η_eff 1.831e-04
Ep   9/200 │  0.11s │ bd 3.2632e-01 │ res 1.9211e+00 │ test 4.5212e-01 │ η_eff 1.863e-04
Ep  10/200 │  0.11s │ bd 3.1598e-01 │ res 1.6477e+00 │ test 3.7175e-01 │ η_eff 1.009e-04
Ep  11/200 │  0.12s │ bd 2.2088e-01 │ res 1.1761e+00 │ test 3.5709e-01 │ η_eff 9.155e-05
Ep  12/200 │  0.11s │ bd 1.9252e-01 │ res 8.8358e-01 │ test 3.6337e-01 │ η_eff 9.271e-05
Ep  13/200 │  0.11s │ bd 2.0368e-01 │ res 8.2045e-01 │ test 3.7165e-01 │ η_eff 8.706e-05
Ep  14/200 │  0.11s │ bd 1.6979e-01 │ res 7.7598e-01 │ test 3.5849e-01 │ η_eff 1.004e-04
Ep  15/200 │  0.11s │ bd 1.8338e-01 │ res 6.6952e-01 │ test 3.3071e-01 │ η_eff 1.180e-04
Ep  16/200 │  0.11s │ bd 2.7777e-01 │ res 7.7102e-01 │ test 3.6231e-01 │ η_eff 1.096e-04
Ep  17/200 │  0.12s │ bd 1.6738e-01 │ res 7.2081e-01 │ test 3.3672e-01 │ η_eff 1.160e-04
Ep  18/200 │  0.12s │ bd 2.2139e-01 │ res 6.7043e-01 │ test 3.4605e-01 │ η_eff 1.197e-04
Ep  19/200 │  0.11s │ bd 2.3331e-01 │ res 7.6567e-01 │ test 3.5309e-01 │ η_eff 1.037e-04
Ep  20/200 │  0.11s │ bd 2.0136e-01 │ res 5.9080e-01 │ test 3.2577e-01 │ η_eff 6.280e-05
Ep  21/200 │  0.11s │ bd 1.3556e-01 │ res 4.9987e-01 │ test 3.0701e-01 │ η_eff 5.111e-05
Ep  22/200 │  0.11s │ bd 1.1213e-01 │ res 3.5458e-01 │ test 3.2676e-01 │ η_eff 4.573e-05
Ep  23/200 │  0.11s │ bd 1.2942e-01 │ res 3.6702e-01 │ test 3.1776e-01 │ η_eff 6.694e-05
Ep  24/200 │  0.11s │ bd 9.3227e-02 │ res 2.9034e-01 │ test 3.1343e-01 │ η_eff 4.479e-05
Ep  25/200 │  0.11s │ bd 1.0399e-01 │ res 3.2027e-01 │ test 3.4145e-01 │ η_eff 6.049e-05
Ep  26/200 │  0.11s │ bd 1.0488e-01 │ res 3.9850e-01 │ test 3.1525e-01 │ η_eff 6.033e-05
Ep  27/200 │  0.11s │ bd 8.2983e-02 │ res 3.0842e-01 │ test 3.2091e-01 │ η_eff 5.884e-05
Ep  28/200 │  0.12s │ bd 9.8051e-02 │ res 2.8518e-01 │ test 3.0994e-01 │ η_eff 7.003e-05
Ep  29/200 │  0.12s │ bd 1.0549e-01 │ res 2.8692e-01 │ test 3.2505e-01 │ η_eff 7.819e-05
Ep  30/200 │  0.11s │ bd 8.0099e-02 │ res 3.0473e-01 │ test 3.0310e-01 │ η_eff 3.051e-05
Ep  31/200 │  0.11s │ bd 8.6031e-02 │ res 2.7424e-01 │ test 3.0922e-01 │ η_eff 3.512e-05
Ep  32/200 │  0.12s │ bd 7.4772e-02 │ res 2.3700e-01 │ test 3.0476e-01 │ η_eff 3.680e-05
Ep  33/200 │  0.11s │ bd 6.4359e-02 │ res 2.1125e-01 │ test 3.0515e-01 │ η_eff 3.278e-05
Ep  34/200 │  0.11s │ bd 7.5820e-02 │ res 2.3173e-01 │ test 3.1225e-01 │ η_eff 3.842e-05
Ep  35/200 │  0.11s │ bd 6.1354e-02 │ res 2.2463e-01 │ test 3.0253e-01 │ η_eff 3.156e-05
Ep  36/200 │  0.11s │ bd 7.1355e-02 │ res 2.3287e-01 │ test 3.0881e-01 │ η_eff 3.647e-05
Ep  37/200 │  0.11s │ bd 8.0844e-02 │ res 2.4233e-01 │ test 3.1293e-01 │ η_eff 3.531e-05
Ep  38/200 │  0.12s │ bd 7.9699e-02 │ res 1.9936e-01 │ test 2.9847e-01 │ η_eff 3.052e-05
Ep  39/200 │  0.11s │ bd 9.1021e-02 │ res 2.5107e-01 │ test 3.0198e-01 │ η_eff 3.327e-05
Ep  40/200 │  0.11s │ bd 7.3647e-02 │ res 2.0117e-01 │ test 3.0765e-01 │ η_eff 1.831e-05
Ep  41/200 │  0.12s │ bd 7.8746e-02 │ res 2.3569e-01 │ test 3.1380e-01 │ η_eff 2.422e-05
Ep  42/200 │  0.11s │ bd 7.3099e-02 │ res 1.5468e-01 │ test 3.0888e-01 │ η_eff 2.092e-05
Ep  43/200 │  0.11s │ bd 6.8914e-02 │ res 2.0142e-01 │ test 3.0608e-01 │ η_eff 2.031e-05
Ep  44/200 │  0.11s │ bd 6.1573e-02 │ res 1.9648e-01 │ test 3.0220e-01 │ η_eff 2.152e-05
Ep  45/200 │  0.11s │ bd 8.7992e-02 │ res 1.8968e-01 │ test 3.0187e-01 │ η_eff 2.702e-05
Ep  46/200 │  0.12s │ bd 6.7097e-02 │ res 2.1453e-01 │ test 3.0422e-01 │ η_eff 1.766e-05
Ep  47/200 │  0.11s │ bd 6.5943e-02 │ res 1.9310e-01 │ test 3.0520e-01 │ η_eff 2.332e-05
Ep  48/200 │  0.11s │ bd 5.7383e-02 │ res 2.0912e-01 │ test 3.0275e-01 │ η_eff 1.828e-05
Ep  49/200 │  0.11s │ bd 5.8198e-02 │ res 1.9587e-01 │ test 3.0920e-01 │ η_eff 1.804e-05
Ep  50/200 │  0.12s │ bd 6.3054e-02 │ res 1.7949e-01 │ test 3.1053e-01 │ η_eff 1.542e-05
Ep  51/200 │  0.11s │ bd 5.5378e-02 │ res 1.8939e-01 │ test 3.0058e-01 │ η_eff 1.124e-05
Ep  52/200 │  0.11s │ bd 4.8012e-02 │ res 1.8096e-01 │ test 3.1158e-01 │ η_eff 8.819e-06
Ep  53/200 │  0.12s │ bd 4.9404e-02 │ res 1.5705e-01 │ test 3.0836e-01 │ η_eff 1.245e-05
Ep  54/200 │  0.12s │ bd 4.7103e-02 │ res 1.7302e-01 │ test 3.0629e-01 │ η_eff 1.050e-05
Ep  55/200 │  0.12s │ bd 4.7163e-02 │ res 1.6885e-01 │ test 3.0725e-01 │ η_eff 9.825e-06
Ep  56/200 │  0.12s │ bd 4.5608e-02 │ res 1.6189e-01 │ test 3.0439e-01 │ η_eff 1.007e-05
Ep  57/200 │  0.11s │ bd 5.1802e-02 │ res 2.1337e-01 │ test 3.0151e-01 │ η_eff 1.044e-05
Ep  58/200 │  0.11s │ bd 4.4863e-02 │ res 1.8179e-01 │ test 3.0388e-01 │ η_eff 1.093e-05
Ep  59/200 │  0.13s │ bd 5.7647e-02 │ res 1.6738e-01 │ test 3.0293e-01 │ η_eff 1.030e-05
Ep  60/200 │  0.12s │ bd 4.3100e-02 │ res 1.7237e-01 │ test 3.0797e-01 │ η_eff 5.337e-06
Ep  61/200 │  0.12s │ bd 4.8743e-02 │ res 1.7297e-01 │ test 3.0591e-01 │ η_eff 6.952e-06
Ep  62/200 │  0.11s │ bd 4.7737e-02 │ res 1.5259e-01 │ test 3.0244e-01 │ η_eff 5.264e-06
Ep  63/200 │  0.12s │ bd 5.9087e-02 │ res 2.3343e-01 │ test 3.0200e-01 │ η_eff 4.812e-06
Ep  64/200 │  0.12s │ bd 4.7026e-02 │ res 1.7846e-01 │ test 3.0329e-01 │ η_eff 5.337e-06
Ep  65/200 │  0.11s │ bd 4.6744e-02 │ res 1.7485e-01 │ test 3.0595e-01 │ η_eff 5.673e-06
Ep  66/200 │  0.11s │ bd 4.1956e-02 │ res 1.6148e-01 │ test 3.0350e-01 │ η_eff 5.237e-06
Ep  67/200 │  0.11s │ bd 4.1187e-02 │ res 1.5106e-01 │ test 3.0702e-01 │ η_eff 5.719e-06
Ep  68/200 │  0.12s │ bd 4.3254e-02 │ res 1.6961e-01 │ test 3.0357e-01 │ η_eff 5.464e-06
Ep  69/200 │  0.11s │ bd 3.8516e-02 │ res 1.5962e-01 │ test 3.0687e-01 │ η_eff 7.163e-06
Ep  70/200 │  0.11s │ bd 4.4117e-02 │ res 1.9768e-01 │ test 2.9927e-01 │ η_eff 2.851e-06
Ep  71/200 │  0.12s │ bd 4.2311e-02 │ res 1.7655e-01 │ test 2.9980e-01 │ η_eff 4.004e-06
Ep  72/200 │  0.11s │ bd 4.0898e-02 │ res 1.7379e-01 │ test 3.0249e-01 │ η_eff 3.082e-06
Ep  73/200 │  0.12s │ bd 4.0161e-02 │ res 1.5123e-01 │ test 3.0364e-01 │ η_eff 3.069e-06
Ep  74/200 │  0.12s │ bd 4.2104e-02 │ res 1.9050e-01 │ test 3.0032e-01 │ η_eff 3.189e-06
Ep  75/200 │  0.12s │ bd 3.8225e-02 │ res 1.7075e-01 │ test 3.0560e-01 │ η_eff 3.159e-06
Ep  76/200 │  0.12s │ bd 3.8841e-02 │ res 1.6940e-01 │ test 3.0836e-01 │ η_eff 3.145e-06
Ep  77/200 │  0.12s │ bd 4.0990e-02 │ res 1.8616e-01 │ test 3.0429e-01 │ η_eff 2.827e-06
Ep  78/200 │  0.11s │ bd 3.7531e-02 │ res 1.5468e-01 │ test 3.0243e-01 │ η_eff 2.645e-06
Ep  79/200 │  0.11s │ bd 3.5100e-02 │ res 1.3881e-01 │ test 3.0358e-01 │ η_eff 3.024e-06
Ep  80/200 │  0.11s │ bd 4.7366e-02 │ res 1.8656e-01 │ test 3.0257e-01 │ η_eff 1.471e-06
Ep  81/200 │  0.12s │ bd 3.8797e-02 │ res 1.5193e-01 │ test 3.0441e-01 │ η_eff 1.889e-06
Ep  82/200 │  0.11s │ bd 3.7829e-02 │ res 1.6659e-01 │ test 3.0508e-01 │ η_eff 1.482e-06
Ep  83/200 │  0.11s │ bd 4.3075e-02 │ res 1.6194e-01 │ test 3.0899e-01 │ η_eff 1.667e-06
Ep  84/200 │  0.11s │ bd 4.5580e-02 │ res 1.9077e-01 │ test 3.0686e-01 │ η_eff 1.864e-06
Ep  85/200 │  0.12s │ bd 3.3586e-02 │ res 1.5833e-01 │ test 3.0109e-01 │ η_eff 1.926e-06
Ep  86/200 │  0.11s │ bd 3.5747e-02 │ res 1.6019e-01 │ test 3.0219e-01 │ η_eff 1.658e-06
Ep  87/200 │  0.11s │ bd 3.9235e-02 │ res 1.5522e-01 │ test 3.0691e-01 │ η_eff 1.429e-06
Ep  88/200 │  0.11s │ bd 3.7926e-02 │ res 1.6137e-01 │ test 3.0750e-01 │ η_eff 1.584e-06
Ep  89/200 │  0.11s │ bd 4.0993e-02 │ res 1.6705e-01 │ test 3.0739e-01 │ η_eff 1.820e-06
Ep  90/200 │  0.11s │ bd 3.6703e-02 │ res 1.4376e-01 │ test 3.0794e-01 │ η_eff 7.539e-07
Ep  91/200 │  0.11s │ bd 4.7289e-02 │ res 1.9715e-01 │ test 3.1065e-01 │ η_eff 9.790e-07
Ep  92/200 │  0.11s │ bd 3.6264e-02 │ res 1.5414e-01 │ test 3.0965e-01 │ η_eff 8.510e-07
Ep  93/200 │  0.12s │ bd 4.7697e-02 │ res 1.9811e-01 │ test 3.0754e-01 │ η_eff 8.937e-07
Ep  94/200 │  0.12s │ bd 4.5945e-02 │ res 1.9906e-01 │ test 3.0610e-01 │ η_eff 9.499e-07
Ep  95/200 │  0.11s │ bd 3.5401e-02 │ res 1.5016e-01 │ test 3.0429e-01 │ η_eff 1.172e-06
Ep  96/200 │  0.11s │ bd 3.7508e-02 │ res 1.7028e-01 │ test 3.0805e-01 │ η_eff 7.392e-07
Ep  97/200 │  0.12s │ bd 3.2514e-02 │ res 1.3726e-01 │ test 3.0781e-01 │ η_eff 7.678e-07
Ep  98/200 │  0.11s │ bd 4.7887e-02 │ res 1.7264e-01 │ test 3.0710e-01 │ η_eff 7.939e-07
Ep  99/200 │  0.12s │ bd 3.4868e-02 │ res 1.2740e-01 │ test 3.0816e-01 │ η_eff 1.121e-06
Ep 100/200 │  0.12s │ bd 3.1346e-02 │ res 1.4374e-01 │ test 3.0609e-01 │ η_eff 3.817e-07
Ep 101/200 │  0.12s │ bd 3.7745e-02 │ res 1.4352e-01 │ test 3.0926e-01 │ η_eff 5.871e-07
Ep 102/200 │  0.11s │ bd 4.8272e-02 │ res 1.9729e-01 │ test 3.1326e-01 │ η_eff 5.523e-07
Ep 103/200 │  0.11s │ bd 3.8848e-02 │ res 1.4435e-01 │ test 3.0883e-01 │ η_eff 6.190e-07
Ep 104/200 │  0.11s │ bd 3.7961e-02 │ res 1.7742e-01 │ test 3.0725e-01 │ η_eff 3.606e-07
Ep 105/200 │  0.12s │ bd 4.2927e-02 │ res 1.5482e-01 │ test 3.0751e-01 │ η_eff 4.670e-07
Ep 106/200 │  0.11s │ bd 3.4117e-02 │ res 1.7008e-01 │ test 3.0570e-01 │ η_eff 4.699e-07
Ep 107/200 │  0.11s │ bd 4.1734e-02 │ res 1.7768e-01 │ test 3.0522e-01 │ η_eff 4.045e-07
Ep 108/200 │  0.11s │ bd 3.5394e-02 │ res 1.7075e-01 │ test 3.0657e-01 │ η_eff 5.881e-07
Ep 109/200 │  0.11s │ bd 4.4810e-02 │ res 1.4755e-01 │ test 3.0592e-01 │ η_eff 5.885e-07
Ep 110/200 │  0.12s │ bd 3.4013e-02 │ res 1.4945e-01 │ test 3.0475e-01 │ η_eff 2.496e-07
Ep 111/200 │  0.11s │ bd 3.8481e-02 │ res 1.5169e-01 │ test 3.0681e-01 │ η_eff 2.327e-07
Ep 112/200 │  0.11s │ bd 4.2070e-02 │ res 1.7599e-01 │ test 3.0784e-01 │ η_eff 2.299e-07
Ep 113/200 │  0.12s │ bd 4.5303e-02 │ res 1.8902e-01 │ test 3.0603e-01 │ η_eff 2.352e-07
Ep 114/200 │  0.12s │ bd 3.9098e-02 │ res 1.4627e-01 │ test 3.0651e-01 │ η_eff 2.555e-07
Ep 115/200 │  0.11s │ bd 4.0072e-02 │ res 1.7885e-01 │ test 3.0973e-01 │ η_eff 2.636e-07
Ep 116/200 │  0.11s │ bd 4.1450e-02 │ res 1.7173e-01 │ test 3.0633e-01 │ η_eff 2.231e-07
Ep 117/200 │  0.11s │ bd 3.2519e-02 │ res 1.3182e-01 │ test 3.0692e-01 │ η_eff 2.401e-07
Ep 118/200 │  0.11s │ bd 3.7278e-02 │ res 1.6843e-01 │ test 3.0691e-01 │ η_eff 2.580e-07
Ep 119/200 │  0.12s │ bd 3.5088e-02 │ res 1.3811e-01 │ test 3.0523e-01 │ η_eff 2.306e-07
Ep 120/200 │  0.11s │ bd 3.6223e-02 │ res 1.3480e-01 │ test 3.0497e-01 │ η_eff 1.164e-07
Ep 121/200 │  0.11s │ bd 4.4276e-02 │ res 1.7080e-01 │ test 3.0530e-01 │ η_eff 1.129e-07
Ep 122/200 │  0.11s │ bd 3.0606e-02 │ res 1.4924e-01 │ test 3.0550e-01 │ η_eff 1.209e-07
Ep 123/200 │  0.11s │ bd 3.3108e-02 │ res 1.6549e-01 │ test 3.0626e-01 │ η_eff 1.296e-07
Ep 124/200 │  0.12s │ bd 4.5372e-02 │ res 1.6163e-01 │ test 3.0692e-01 │ η_eff 1.260e-07
Ep 125/200 │  0.11s │ bd 3.7229e-02 │ res 1.7063e-01 │ test 3.0869e-01 │ η_eff 1.458e-07
Ep 126/200 │  0.11s │ bd 3.7782e-02 │ res 1.7374e-01 │ test 3.0955e-01 │ η_eff 1.337e-07
Ep 127/200 │  0.12s │ bd 3.8963e-02 │ res 1.5463e-01 │ test 3.0861e-01 │ η_eff 1.293e-07
Ep 128/200 │  0.11s │ bd 3.1380e-02 │ res 1.4315e-01 │ test 3.0583e-01 │ η_eff 1.711e-07
Ep 129/200 │  0.11s │ bd 3.9846e-02 │ res 1.5562e-01 │ test 3.0519e-01 │ η_eff 1.163e-07
Ep 130/200 │  0.12s │ bd 3.7886e-02 │ res 1.4962e-01 │ test 3.0415e-01 │ η_eff 6.333e-08
Ep 131/200 │  0.11s │ bd 3.4058e-02 │ res 1.5064e-01 │ test 3.0592e-01 │ η_eff 7.424e-08
Ep 132/200 │  0.11s │ bd 3.5929e-02 │ res 1.6600e-01 │ test 3.0579e-01 │ η_eff 7.224e-08
Ep 133/200 │  0.12s │ bd 3.4516e-02 │ res 1.4104e-01 │ test 3.0806e-01 │ η_eff 7.377e-08
Ep 134/200 │  0.11s │ bd 3.7261e-02 │ res 1.6570e-01 │ test 3.0882e-01 │ η_eff 7.273e-08
Ep 135/200 │  0.11s │ bd 3.9470e-02 │ res 1.5873e-01 │ test 3.0650e-01 │ η_eff 7.575e-08
Ep 136/200 │  0.11s │ bd 4.2174e-02 │ res 1.9862e-01 │ test 3.1075e-01 │ η_eff 7.894e-08
Ep 137/200 │  0.11s │ bd 4.2359e-02 │ res 1.6390e-01 │ test 3.0830e-01 │ η_eff 6.837e-08
Ep 138/200 │  0.12s │ bd 3.6307e-02 │ res 1.8417e-01 │ test 3.1087e-01 │ η_eff 6.913e-08
Ep 139/200 │  0.13s │ bd 3.2269e-02 │ res 1.3266e-01 │ test 3.0789e-01 │ η_eff 6.295e-08
Ep 140/200 │  0.12s │ bd 3.8965e-02 │ res 1.6184e-01 │ test 3.0857e-01 │ η_eff 3.647e-08
Ep 141/200 │  0.12s │ bd 3.1594e-02 │ res 1.3115e-01 │ test 3.0491e-01 │ η_eff 3.522e-08
Ep 142/200 │  0.12s │ bd 4.6345e-02 │ res 1.7715e-01 │ test 3.0646e-01 │ η_eff 4.429e-08
Ep 143/200 │  0.11s │ bd 4.3990e-02 │ res 1.7883e-01 │ test 3.0599e-01 │ η_eff 3.824e-08
Ep 144/200 │  0.11s │ bd 3.7374e-02 │ res 1.5863e-01 │ test 3.0731e-01 │ η_eff 3.609e-08
Ep 145/200 │  0.11s │ bd 3.2209e-02 │ res 1.3314e-01 │ test 3.0867e-01 │ η_eff 3.669e-08
Ep 146/200 │  0.11s │ bd 3.5817e-02 │ res 1.5296e-01 │ test 3.0735e-01 │ η_eff 4.268e-08
Ep 147/200 │  0.11s │ bd 4.6651e-02 │ res 1.7524e-01 │ test 3.0845e-01 │ η_eff 3.239e-08
Ep 148/200 │  0.11s │ bd 3.3453e-02 │ res 1.3422e-01 │ test 3.0885e-01 │ η_eff 3.624e-08
Ep 149/200 │  0.11s │ bd 3.4534e-02 │ res 1.4343e-01 │ test 3.1027e-01 │ η_eff 3.619e-08
Ep 150/200 │  0.11s │ bd 3.7370e-02 │ res 1.4535e-01 │ test 3.0667e-01 │ η_eff 1.869e-08
Ep 151/200 │  0.11s │ bd 3.8962e-02 │ res 1.4311e-01 │ test 3.0493e-01 │ η_eff 2.123e-08
Ep 152/200 │  0.12s │ bd 3.7613e-02 │ res 1.4529e-01 │ test 3.0651e-01 │ η_eff 1.751e-08
Ep 153/200 │  0.11s │ bd 3.4758e-02 │ res 1.3404e-01 │ test 3.0773e-01 │ η_eff 1.951e-08
Ep 154/200 │  0.11s │ bd 3.6157e-02 │ res 1.6383e-01 │ test 3.0806e-01 │ η_eff 1.584e-08
Ep 155/200 │  0.12s │ bd 3.7463e-02 │ res 1.4109e-01 │ test 3.0574e-01 │ η_eff 1.799e-08
Ep 156/200 │  0.12s │ bd 3.7748e-02 │ res 1.4690e-01 │ test 3.0596e-01 │ η_eff 1.569e-08
Ep 157/200 │  0.11s │ bd 3.4985e-02 │ res 1.5468e-01 │ test 3.0892e-01 │ η_eff 1.752e-08
Ep 158/200 │  0.11s │ bd 3.7819e-02 │ res 1.5735e-01 │ test 3.0627e-01 │ η_eff 2.088e-08
Ep 159/200 │  0.11s │ bd 3.7647e-02 │ res 1.4542e-01 │ test 3.0487e-01 │ η_eff 2.080e-08
Ep 160/200 │  0.11s │ bd 3.4290e-02 │ res 1.4515e-01 │ test 3.0773e-01 │ η_eff 9.794e-09
Ep 161/200 │  0.12s │ bd 3.6883e-02 │ res 1.7169e-01 │ test 3.0745e-01 │ η_eff 7.908e-09
Ep 162/200 │  0.11s │ bd 3.8435e-02 │ res 1.5832e-01 │ test 3.0615e-01 │ η_eff 1.011e-08
Ep 163/200 │  0.11s │ bd 4.5070e-02 │ res 2.0671e-01 │ test 3.0704e-01 │ η_eff 1.056e-08
Ep 164/200 │  0.12s │ bd 4.5328e-02 │ res 1.5051e-01 │ test 3.0813e-01 │ η_eff 8.246e-09
Ep 165/200 │  0.12s │ bd 4.5323e-02 │ res 2.1027e-01 │ test 3.0768e-01 │ η_eff 1.070e-08
Ep 166/200 │  0.11s │ bd 3.6447e-02 │ res 1.8357e-01 │ test 3.0806e-01 │ η_eff 8.674e-09
Ep 167/200 │  0.13s │ bd 3.8432e-02 │ res 1.5948e-01 │ test 3.0978e-01 │ η_eff 9.249e-09
Ep 168/200 │  0.13s │ bd 3.4058e-02 │ res 1.4526e-01 │ test 3.0918e-01 │ η_eff 9.084e-09
Ep 169/200 │  0.12s │ bd 3.8690e-02 │ res 1.7347e-01 │ test 3.1000e-01 │ η_eff 1.030e-08
Ep 170/200 │  0.11s │ bd 3.0827e-02 │ res 1.4971e-01 │ test 3.0730e-01 │ η_eff 5.135e-09
Ep 171/200 │  0.12s │ bd 3.5670e-02 │ res 1.4719e-01 │ test 3.0588e-01 │ η_eff 4.944e-09
Ep 172/200 │  0.12s │ bd 3.7268e-02 │ res 1.6755e-01 │ test 3.1027e-01 │ η_eff 6.062e-09
Ep 173/200 │  0.11s │ bd 4.6683e-02 │ res 1.6548e-01 │ test 3.1070e-01 │ η_eff 4.919e-09
Ep 174/200 │  0.11s │ bd 3.6189e-02 │ res 1.5405e-01 │ test 3.0761e-01 │ η_eff 4.891e-09
Ep 175/200 │  0.11s │ bd 3.5714e-02 │ res 1.5576e-01 │ test 3.1119e-01 │ η_eff 5.611e-09
Ep 176/200 │  0.12s │ bd 3.5832e-02 │ res 1.4342e-01 │ test 3.0764e-01 │ η_eff 4.908e-09
Ep 177/200 │  0.11s │ bd 3.8978e-02 │ res 1.6330e-01 │ test 3.0977e-01 │ η_eff 7.826e-09
Ep 178/200 │  0.11s │ bd 3.6154e-02 │ res 1.5069e-01 │ test 3.1254e-01 │ η_eff 4.873e-09
Ep 179/200 │  0.11s │ bd 2.9077e-02 │ res 1.3901e-01 │ test 3.0776e-01 │ η_eff 6.170e-09
Ep 180/200 │  0.11s │ bd 3.6981e-02 │ res 1.7688e-01 │ test 3.1108e-01 │ η_eff 2.580e-09
Ep 181/200 │  0.11s │ bd 3.3384e-02 │ res 1.3214e-01 │ test 3.0982e-01 │ η_eff 2.187e-09
Ep 182/200 │  0.12s │ bd 3.7658e-02 │ res 1.6059e-01 │ test 3.0777e-01 │ η_eff 2.516e-09
Ep 183/200 │  0.11s │ bd 3.9274e-02 │ res 1.7595e-01 │ test 3.0760e-01 │ η_eff 2.680e-09
Ep 184/200 │  0.11s │ bd 3.7420e-02 │ res 1.8950e-01 │ test 3.1195e-01 │ η_eff 2.868e-09
Ep 185/200 │  0.11s │ bd 3.1378e-02 │ res 1.3453e-01 │ test 3.0772e-01 │ η_eff 2.782e-09
Ep 186/200 │  0.11s │ bd 3.7232e-02 │ res 1.8067e-01 │ test 3.1012e-01 │ η_eff 2.948e-09
Ep 187/200 │  0.12s │ bd 4.3278e-02 │ res 1.8701e-01 │ test 3.0798e-01 │ η_eff 3.155e-09
Ep 188/200 │  0.12s │ bd 4.0000e-02 │ res 1.5110e-01 │ test 3.0462e-01 │ η_eff 2.965e-09
Ep 189/200 │  0.11s │ bd 3.5686e-02 │ res 1.3282e-01 │ test 3.0708e-01 │ η_eff 2.578e-09
Ep 190/200 │  0.11s │ bd 4.1156e-02 │ res 1.7198e-01 │ test 3.0916e-01 │ η_eff 1.231e-09
Ep 191/200 │  0.12s │ bd 4.4648e-02 │ res 1.9218e-01 │ test 3.0832e-01 │ η_eff 1.359e-09
Ep 192/200 │  0.12s │ bd 3.3767e-02 │ res 1.5432e-01 │ test 3.0716e-01 │ η_eff 1.326e-09
Ep 193/200 │  0.12s │ bd 3.6142e-02 │ res 1.3041e-01 │ test 3.0582e-01 │ η_eff 1.098e-09
Ep 194/200 │  0.11s │ bd 3.5257e-02 │ res 1.4428e-01 │ test 3.0973e-01 │ η_eff 1.314e-09
Ep 195/200 │  0.12s │ bd 4.3988e-02 │ res 1.6665e-01 │ test 3.0952e-01 │ η_eff 1.343e-09
Ep 196/200 │  0.11s │ bd 4.8547e-02 │ res 1.8789e-01 │ test 3.0672e-01 │ η_eff 1.380e-09
Ep 197/200 │  0.11s │ bd 4.5699e-02 │ res 2.2448e-01 │ test 3.1244e-01 │ η_eff 1.526e-09
Ep 198/200 │  0.11s │ bd 3.8372e-02 │ res 1.4049e-01 │ test 3.1012e-01 │ η_eff 1.431e-09
Ep 199/200 │  0.12s │ bd 3.2853e-02 │ res 1.5848e-01 │ test 3.1174e-01 │ η_eff 1.252e-09
Ep 200/200 │  0.11s │ bd 4.2841e-02 │ res 1.6827e-01 │ test 3.0742e-01 │ η_eff 7.133e-10
→ Saved: loss/Burger1d_phisfno_ss_90_Adam_ep200_visc0.1_m32_w64_s11/loss_full_loss_1.csv
→ Model saved: model/Burger1d_phisfno_ss_90_Adam_ep200_visc0.1_m32_w64_s11
→ Eta-term history: loss/Burger1d_phisfno_ss_90_Adam_ep200_visc0.1_m32_w64_s11/eta_term_history.csv
  sample 0: test L2 = 4.2159e-01
  sample 1: test L2 = 1.8707e-01
  sample 2: test L2 = 2.8915e-01
  sample 3: test L2 = 2.8486e-01
  sample 4: test L2 = 7.1386e-01
  sample 5: test L2 = 2.5925e-01
  sample 6: test L2 = 1.9609e-01
  sample 7: test L2 = 1.8406e-01
  sample 8: test L2 = 2.8480e-01
  sample 9: test L2 = 2.5353e-01
→ Predictions saved: burger_test_phisfno_ss.mat
→ Figure saved: image/Burger1d_phisfno_ss_90_Adam_ep200_visc0.1_m32_w64_s11/final_velocity.png
