loaded 1D buffers
[train_model] model=phisfno | training=multistage_nr | S=2048 | nu=0.1 | dt=0.1 | modes=32 | width=64
Model parameters: 550,339

=== Phase 'full_loss_1' | epochs 100 ===

Ep   1/100 │  0.52s │ bd 4.2019e+00 │ res 3.6997e+01 │ test 3.3948e+00 │ η_eff 2.390e-03
Ep   2/100 │  0.15s │ bd 1.1373e+00 │ res 2.4680e+01 │ test 2.9025e+00 │ η_eff 9.848e-04
Ep   3/100 │  0.14s │ bd 8.9800e-01 │ res 1.2389e+01 │ test 2.0454e+00 │ η_eff 4.748e-04
Ep   4/100 │  0.11s │ bd 5.7557e-01 │ res 8.1970e+00 │ test 1.6981e+00 │ η_eff 3.194e-04
Ep   5/100 │  0.11s │ bd 6.3859e-01 │ res 5.2383e+00 │ test 1.0692e+00 │ η_eff 1.955e-04
Ep   6/100 │  0.11s │ bd 4.1725e-01 │ res 3.5796e+00 │ test 1.0916e+00 │ η_eff 1.936e-04
Ep   7/100 │  0.12s │ bd 5.2219e-01 │ res 2.6182e+00 │ test 9.1288e-01 │ η_eff 1.995e-04
Ep   8/100 │  0.11s │ bd 5.5053e-01 │ res 2.7311e+00 │ test 9.1965e-01 │ η_eff 1.519e-04
Ep   9/100 │  0.11s │ bd 4.6147e-01 │ res 2.2505e+00 │ test 8.4066e-01 │ η_eff 1.346e-04
Ep  10/100 │  0.11s │ bd 4.2914e-01 │ res 2.1088e+00 │ test 8.4339e-01 │ η_eff 7.089e-05
Ep  11/100 │  0.12s │ bd 3.3235e-01 │ res 1.5043e+00 │ test 8.4652e-01 │ η_eff 6.615e-05
Ep  12/100 │  0.11s │ bd 3.2076e-01 │ res 1.6920e+00 │ test 7.9943e-01 │ η_eff 7.082e-05
Ep  13/100 │  0.11s │ bd 2.4892e-01 │ res 1.2354e+00 │ test 7.8573e-01 │ η_eff 6.083e-05
Ep  14/100 │  0.11s │ bd 2.0281e-01 │ res 1.0579e+00 │ test 7.4510e-01 │ η_eff 8.554e-05
Ep  15/100 │  0.11s │ bd 2.3932e-01 │ res 8.5327e-01 │ test 6.9829e-01 │ η_eff 8.303e-05
Ep  16/100 │  0.11s │ bd 3.2514e-01 │ res 8.8023e-01 │ test 6.8108e-01 │ η_eff 8.887e-05
Ep  17/100 │  0.11s │ bd 2.4461e-01 │ res 9.5315e-01 │ test 6.7266e-01 │ η_eff 8.623e-05
Ep  18/100 │  0.11s │ bd 2.2591e-01 │ res 9.1406e-01 │ test 6.7990e-01 │ η_eff 7.124e-05
Ep  19/100 │  0.11s │ bd 4.2300e-01 │ res 7.9216e-01 │ test 6.2070e-01 │ η_eff 1.251e-04
Ep  20/100 │  0.12s │ bd 2.5131e-01 │ res 8.5364e-01 │ test 6.0362e-01 │ η_eff 4.403e-05
Ep  21/100 │  0.11s │ bd 2.7826e-01 │ res 6.7678e-01 │ test 5.9597e-01 │ η_eff 4.327e-05
Ep  22/100 │  0.11s │ bd 2.0809e-01 │ res 6.3280e-01 │ test 5.7551e-01 │ η_eff 6.285e-05
Ep  23/100 │  0.11s │ bd 1.5814e-01 │ res 5.0095e-01 │ test 5.6442e-01 │ η_eff 4.942e-05
Ep  24/100 │  0.11s │ bd 1.7323e-01 │ res 4.8710e-01 │ test 6.0225e-01 │ η_eff 5.038e-05
Ep  25/100 │  0.11s │ bd 1.6840e-01 │ res 5.3710e-01 │ test 5.6481e-01 │ η_eff 5.415e-05
Ep  26/100 │  0.11s │ bd 1.1660e-01 │ res 4.0645e-01 │ test 5.9100e-01 │ η_eff 5.265e-05
Ep  27/100 │  0.12s │ bd 1.2267e-01 │ res 4.5688e-01 │ test 5.6395e-01 │ η_eff 5.826e-05
Ep  28/100 │  0.11s │ bd 1.5986e-01 │ res 4.9114e-01 │ test 5.3054e-01 │ η_eff 5.425e-05
Ep  29/100 │  0.12s │ bd 1.5952e-01 │ res 4.2446e-01 │ test 5.8505e-01 │ η_eff 4.688e-05
Ep  30/100 │  0.11s │ bd 1.8794e-01 │ res 4.8016e-01 │ test 4.8859e-01 │ η_eff 3.367e-05
Ep  31/100 │  0.10s │ bd 1.5341e-01 │ res 3.9317e-01 │ test 5.5164e-01 │ η_eff 2.620e-05
Ep  32/100 │  0.11s │ bd 1.2527e-01 │ res 3.6156e-01 │ test 4.9977e-01 │ η_eff 2.523e-05
Ep  33/100 │  0.11s │ bd 9.8012e-02 │ res 3.6295e-01 │ test 4.9481e-01 │ η_eff 3.075e-05
Ep  34/100 │  0.11s │ bd 9.6041e-02 │ res 3.5319e-01 │ test 4.7069e-01 │ η_eff 2.981e-05
Ep  35/100 │  0.11s │ bd 8.6438e-02 │ res 3.2732e-01 │ test 4.8452e-01 │ η_eff 3.296e-05
Ep  36/100 │  0.11s │ bd 7.5485e-02 │ res 3.0859e-01 │ test 4.9473e-01 │ η_eff 3.125e-05
Ep  37/100 │  0.10s │ bd 7.6637e-02 │ res 3.4126e-01 │ test 4.6098e-01 │ η_eff 2.810e-05
Ep  38/100 │  0.12s │ bd 7.8100e-02 │ res 3.0611e-01 │ test 4.7323e-01 │ η_eff 2.804e-05
Ep  39/100 │  0.11s │ bd 9.4790e-02 │ res 2.9491e-01 │ test 4.2886e-01 │ η_eff 3.660e-05
Ep  40/100 │  0.11s │ bd 9.9144e-02 │ res 3.1687e-01 │ test 4.6527e-01 │ η_eff 1.614e-05
Ep  41/100 │  0.12s │ bd 8.9438e-02 │ res 3.4753e-01 │ test 4.5584e-01 │ η_eff 2.032e-05
Ep  42/100 │  0.11s │ bd 7.1642e-02 │ res 2.8458e-01 │ test 4.2867e-01 │ η_eff 1.785e-05
Ep  43/100 │  0.11s │ bd 7.5912e-02 │ res 2.9111e-01 │ test 4.4787e-01 │ η_eff 1.657e-05
Ep  44/100 │  0.11s │ bd 7.7782e-02 │ res 2.8498e-01 │ test 4.5669e-01 │ η_eff 1.871e-05
Ep  45/100 │  0.12s │ bd 6.2350e-02 │ res 3.1110e-01 │ test 4.7222e-01 │ η_eff 1.539e-05
Ep  46/100 │  0.12s │ bd 6.7290e-02 │ res 2.3583e-01 │ test 4.4263e-01 │ η_eff 2.178e-05
Ep  47/100 │  0.11s │ bd 6.4556e-02 │ res 2.6500e-01 │ test 4.5241e-01 │ η_eff 2.030e-05
Ep  48/100 │  0.11s │ bd 8.5691e-02 │ res 2.4530e-01 │ test 4.3306e-01 │ η_eff 1.820e-05
Ep  49/100 │  0.13s │ bd 6.7363e-02 │ res 2.5921e-01 │ test 4.3763e-01 │ η_eff 1.761e-05
Ep  50/100 │  0.11s │ bd 5.6775e-02 │ res 2.5466e-01 │ test 4.3873e-01 │ η_eff 8.733e-06
Ep  51/100 │  0.11s │ bd 6.1982e-02 │ res 2.4317e-01 │ test 4.5172e-01 │ η_eff 9.508e-06
Ep  52/100 │  0.11s │ bd 5.1043e-02 │ res 2.4334e-01 │ test 4.3666e-01 │ η_eff 8.977e-06
Ep  53/100 │  0.11s │ bd 5.7188e-02 │ res 2.5698e-01 │ test 4.4305e-01 │ η_eff 8.415e-06
Ep  54/100 │  0.12s │ bd 5.3511e-02 │ res 2.4258e-01 │ test 4.4297e-01 │ η_eff 9.816e-06
Ep  55/100 │  0.11s │ bd 4.7708e-02 │ res 2.0311e-01 │ test 4.3724e-01 │ η_eff 8.579e-06
Ep  56/100 │  0.11s │ bd 5.2572e-02 │ res 2.5087e-01 │ test 4.3750e-01 │ η_eff 8.525e-06
Ep  57/100 │  0.11s │ bd 5.8428e-02 │ res 2.4610e-01 │ test 4.4198e-01 │ η_eff 8.011e-06
Ep  58/100 │  0.11s │ bd 4.1472e-02 │ res 2.1375e-01 │ test 4.3579e-01 │ η_eff 1.019e-05
Ep  59/100 │  0.11s │ bd 4.4964e-02 │ res 2.3103e-01 │ test 4.4547e-01 │ η_eff 8.490e-06
Ep  60/100 │  0.11s │ bd 5.5042e-02 │ res 2.6203e-01 │ test 4.4023e-01 │ η_eff 5.061e-06
Ep  61/100 │  0.11s │ bd 4.6981e-02 │ res 2.2382e-01 │ test 4.3979e-01 │ η_eff 4.825e-06
Ep  62/100 │  0.11s │ bd 5.1593e-02 │ res 2.3206e-01 │ test 4.3956e-01 │ η_eff 5.907e-06
Ep  63/100 │  0.12s │ bd 4.9305e-02 │ res 2.0671e-01 │ test 4.3800e-01 │ η_eff 5.047e-06
Ep  64/100 │  0.12s │ bd 4.6036e-02 │ res 2.5026e-01 │ test 4.3842e-01 │ η_eff 4.890e-06
Ep  65/100 │  0.12s │ bd 4.2273e-02 │ res 2.1510e-01 │ test 4.3753e-01 │ η_eff 4.426e-06
Ep  66/100 │  0.11s │ bd 4.3638e-02 │ res 2.2298e-01 │ test 4.2739e-01 │ η_eff 4.640e-06
Ep  67/100 │  0.12s │ bd 4.9999e-02 │ res 2.5221e-01 │ test 4.2766e-01 │ η_eff 4.806e-06
Ep  68/100 │  0.11s │ bd 4.4871e-02 │ res 1.9489e-01 │ test 4.3525e-01 │ η_eff 4.666e-06
Ep  69/100 │  0.11s │ bd 5.3650e-02 │ res 2.4383e-01 │ test 4.2824e-01 │ η_eff 4.999e-06
Ep  70/100 │  0.12s │ bd 5.3797e-02 │ res 2.1301e-01 │ test 4.2822e-01 │ η_eff 2.528e-06
Ep  71/100 │  0.11s │ bd 4.0838e-02 │ res 2.3875e-01 │ test 4.3024e-01 │ η_eff 2.516e-06
Ep  72/100 │  0.12s │ bd 4.9841e-02 │ res 2.4359e-01 │ test 4.3107e-01 │ η_eff 2.774e-06
Ep  73/100 │  0.12s │ bd 4.5328e-02 │ res 2.5038e-01 │ test 4.3409e-01 │ η_eff 2.946e-06
Ep  74/100 │  0.11s │ bd 5.8550e-02 │ res 2.6579e-01 │ test 4.3909e-01 │ η_eff 2.533e-06
Ep  75/100 │  0.11s │ bd 4.5125e-02 │ res 2.0505e-01 │ test 4.4222e-01 │ η_eff 2.626e-06
Ep  76/100 │  0.11s │ bd 5.6982e-02 │ res 2.6482e-01 │ test 4.3940e-01 │ η_eff 3.145e-06
Ep  77/100 │  0.11s │ bd 4.5200e-02 │ res 2.3304e-01 │ test 4.3394e-01 │ η_eff 2.593e-06
Ep  78/100 │  0.11s │ bd 5.3802e-02 │ res 2.3821e-01 │ test 4.2984e-01 │ η_eff 2.910e-06
Ep  79/100 │  0.11s │ bd 4.0255e-02 │ res 2.2283e-01 │ test 4.3242e-01 │ η_eff 2.995e-06
Ep  80/100 │  0.11s │ bd 3.9112e-02 │ res 2.1159e-01 │ test 4.2797e-01 │ η_eff 1.394e-06
Ep  81/100 │  0.12s │ bd 4.1519e-02 │ res 2.1489e-01 │ test 4.2732e-01 │ η_eff 1.467e-06
Ep  82/100 │  0.11s │ bd 5.0612e-02 │ res 2.7025e-01 │ test 4.2801e-01 │ η_eff 1.662e-06
Ep  83/100 │  0.11s │ bd 3.8823e-02 │ res 2.2052e-01 │ test 4.3285e-01 │ η_eff 1.587e-06
Ep  84/100 │  0.11s │ bd 4.2997e-02 │ res 2.3054e-01 │ test 4.3030e-01 │ η_eff 1.711e-06
Ep  85/100 │  0.11s │ bd 3.0543e-02 │ res 2.0504e-01 │ test 4.2919e-01 │ η_eff 1.431e-06
Ep  86/100 │  0.11s │ bd 4.1298e-02 │ res 2.0664e-01 │ test 4.3024e-01 │ η_eff 1.965e-06
Ep  87/100 │  0.11s │ bd 3.4064e-02 │ res 2.2122e-01 │ test 4.3693e-01 │ η_eff 1.978e-06
Ep  88/100 │  0.11s │ bd 3.9922e-02 │ res 2.5768e-01 │ test 4.3447e-01 │ η_eff 1.499e-06
Ep  89/100 │  0.11s │ bd 4.8228e-02 │ res 2.2983e-01 │ test 4.3430e-01 │ η_eff 1.692e-06
Ep  90/100 │  0.11s │ bd 3.5439e-02 │ res 2.0927e-01 │ test 4.3572e-01 │ η_eff 6.883e-07
Ep  91/100 │  0.12s │ bd 3.6502e-02 │ res 2.0387e-01 │ test 4.3320e-01 │ η_eff 7.886e-07
Ep  92/100 │  0.11s │ bd 3.6639e-02 │ res 2.2044e-01 │ test 4.3538e-01 │ η_eff 6.999e-07
Ep  93/100 │  0.11s │ bd 5.1931e-02 │ res 2.4173e-01 │ test 4.3072e-01 │ η_eff 7.650e-07
Ep  94/100 │  0.11s │ bd 4.3012e-02 │ res 2.3508e-01 │ test 4.3055e-01 │ η_eff 8.266e-07
Ep  95/100 │  0.11s │ bd 3.5901e-02 │ res 2.2509e-01 │ test 4.3221e-01 │ η_eff 1.001e-06
Ep  96/100 │  0.11s │ bd 3.9070e-02 │ res 2.1984e-01 │ test 4.2861e-01 │ η_eff 8.365e-07
Ep  97/100 │  0.12s │ bd 4.2526e-02 │ res 2.3322e-01 │ test 4.2737e-01 │ η_eff 8.275e-07
Ep  98/100 │  0.11s │ bd 4.5928e-02 │ res 2.6073e-01 │ test 4.3262e-01 │ η_eff 8.326e-07
Ep  99/100 │  0.11s │ bd 4.5370e-02 │ res 2.3846e-01 │ test 4.3436e-01 │ η_eff 1.105e-06
Ep 100/100 │  0.11s │ bd 4.8215e-02 │ res 2.6100e-01 │ test 4.3805e-01 │ η_eff 4.221e-07
→ Saved: loss/Burger1d_phisfno_ms_nr_90_Adam_ep100_visc0.1_m32_w64/loss_full_loss_1.csv

=== Phase 'full_loss_2' | epochs 100 ===

Ep   1/100 │  0.11s │ bd 4.3569e-02 │ res 2.3206e-01 │ test 4.3771e-01 │ η_eff 3.941e-07
Ep   2/100 │  0.11s │ bd 4.5596e-02 │ res 2.0947e-01 │ test 4.3602e-01 │ η_eff 3.567e-07
Ep   3/100 │  0.12s │ bd 4.6928e-02 │ res 2.2444e-01 │ test 4.3594e-01 │ η_eff 2.903e-07
Ep   4/100 │  0.11s │ bd 3.6332e-02 │ res 2.3845e-01 │ test 4.3671e-01 │ η_eff 2.879e-07
Ep   5/100 │  0.12s │ bd 4.0634e-02 │ res 2.3529e-01 │ test 4.3787e-01 │ η_eff 3.567e-07
Ep   6/100 │  0.11s │ bd 4.2094e-02 │ res 2.1173e-01 │ test 4.3232e-01 │ η_eff 2.866e-07
Ep   7/100 │  0.12s │ bd 4.5901e-02 │ res 2.3860e-01 │ test 4.3611e-01 │ η_eff 3.185e-07
Ep   8/100 │  0.11s │ bd 3.8123e-02 │ res 2.3211e-01 │ test 4.3634e-01 │ η_eff 3.490e-07
Ep   9/100 │  0.11s │ bd 4.0408e-02 │ res 2.1408e-01 │ test 4.3892e-01 │ η_eff 3.105e-07
Ep  10/100 │  0.12s │ bd 4.3561e-02 │ res 2.1253e-01 │ test 4.3810e-01 │ η_eff 1.424e-07
Ep  11/100 │  0.12s │ bd 3.9138e-02 │ res 2.0042e-01 │ test 4.3217e-01 │ η_eff 1.354e-07
Ep  12/100 │  0.11s │ bd 3.7140e-02 │ res 1.9490e-01 │ test 4.3255e-01 │ η_eff 1.438e-07
Ep  13/100 │  0.11s │ bd 3.5275e-02 │ res 2.0951e-01 │ test 4.3334e-01 │ η_eff 1.591e-07
Ep  14/100 │  0.12s │ bd 4.7019e-02 │ res 2.4831e-01 │ test 4.3003e-01 │ η_eff 1.665e-07
Ep  15/100 │  0.11s │ bd 4.4708e-02 │ res 2.0473e-01 │ test 4.3488e-01 │ η_eff 2.081e-07
Ep  16/100 │  0.11s │ bd 4.3700e-02 │ res 2.2731e-01 │ test 4.3331e-01 │ η_eff 1.385e-07
Ep  17/100 │  0.11s │ bd 3.9169e-02 │ res 1.9764e-01 │ test 4.3321e-01 │ η_eff 1.430e-07
Ep  18/100 │  0.11s │ bd 3.4764e-02 │ res 2.2523e-01 │ test 4.3302e-01 │ η_eff 1.383e-07
Ep  19/100 │  0.12s │ bd 3.9956e-02 │ res 1.9784e-01 │ test 4.3154e-01 │ η_eff 1.557e-07
Ep  20/100 │  0.11s │ bd 3.7940e-02 │ res 2.3721e-01 │ test 4.3323e-01 │ η_eff 7.955e-08
Ep  21/100 │  0.11s │ bd 4.1426e-02 │ res 2.0776e-01 │ test 4.3214e-01 │ η_eff 7.386e-08
Ep  22/100 │  0.12s │ bd 3.9312e-02 │ res 2.0229e-01 │ test 4.3431e-01 │ η_eff 8.118e-08
Ep  23/100 │  0.11s │ bd 4.3950e-02 │ res 2.3109e-01 │ test 4.3042e-01 │ η_eff 9.162e-08
Ep  24/100 │  0.11s │ bd 3.6302e-02 │ res 2.1856e-01 │ test 4.3042e-01 │ η_eff 9.204e-08
Ep  25/100 │  0.11s │ bd 4.6007e-02 │ res 2.0938e-01 │ test 4.3331e-01 │ η_eff 9.045e-08
Ep  26/100 │  0.11s │ bd 4.5326e-02 │ res 2.4127e-01 │ test 4.3199e-01 │ η_eff 8.084e-08
Ep  27/100 │  0.11s │ bd 4.3175e-02 │ res 2.1863e-01 │ test 4.3239e-01 │ η_eff 8.090e-08
Ep  28/100 │  0.11s │ bd 4.7417e-02 │ res 2.1296e-01 │ test 4.3510e-01 │ η_eff 8.566e-08
Ep  29/100 │  0.12s │ bd 3.7563e-02 │ res 2.2570e-01 │ test 4.3289e-01 │ η_eff 6.919e-08
Ep  30/100 │  0.11s │ bd 5.0462e-02 │ res 2.4015e-01 │ test 4.3559e-01 │ η_eff 4.754e-08
Ep  31/100 │  0.11s │ bd 4.1624e-02 │ res 2.2618e-01 │ test 4.3359e-01 │ η_eff 3.948e-08
Ep  32/100 │  0.11s │ bd 4.6396e-02 │ res 2.2554e-01 │ test 4.3317e-01 │ η_eff 4.241e-08
Ep  33/100 │  0.11s │ bd 3.7699e-02 │ res 2.0828e-01 │ test 4.3275e-01 │ η_eff 4.972e-08
Ep  34/100 │  0.11s │ bd 3.5204e-02 │ res 1.9156e-01 │ test 4.3270e-01 │ η_eff 4.308e-08
Ep  35/100 │  0.11s │ bd 4.3927e-02 │ res 2.3371e-01 │ test 4.3409e-01 │ η_eff 5.239e-08
Ep  36/100 │  0.12s │ bd 5.2176e-02 │ res 2.4403e-01 │ test 4.3083e-01 │ η_eff 4.085e-08
Ep  37/100 │  0.11s │ bd 3.5221e-02 │ res 2.3286e-01 │ test 4.3203e-01 │ η_eff 4.467e-08
Ep  38/100 │  0.11s │ bd 3.8354e-02 │ res 1.9018e-01 │ test 4.3244e-01 │ η_eff 4.447e-08
Ep  39/100 │  0.11s │ bd 4.1457e-02 │ res 2.2952e-01 │ test 4.3871e-01 │ η_eff 4.266e-08
Ep  40/100 │  0.11s │ bd 4.1463e-02 │ res 2.0453e-01 │ test 4.3604e-01 │ η_eff 2.347e-08
Ep  41/100 │  0.11s │ bd 3.7054e-02 │ res 2.0854e-01 │ test 4.3474e-01 │ η_eff 2.002e-08
Ep  42/100 │  0.11s │ bd 4.1669e-02 │ res 2.3838e-01 │ test 4.3392e-01 │ η_eff 1.989e-08
Ep  43/100 │  0.11s │ bd 3.9030e-02 │ res 2.1048e-01 │ test 4.3107e-01 │ η_eff 2.055e-08
Ep  44/100 │  0.12s │ bd 3.7342e-02 │ res 2.4083e-01 │ test 4.2920e-01 │ η_eff 2.376e-08
Ep  45/100 │  0.12s │ bd 3.1806e-02 │ res 2.0050e-01 │ test 4.3099e-01 │ η_eff 2.048e-08
Ep  46/100 │  0.11s │ bd 4.3296e-02 │ res 2.1363e-01 │ test 4.3512e-01 │ η_eff 2.222e-08
Ep  47/100 │  0.11s │ bd 4.5228e-02 │ res 2.0826e-01 │ test 4.3300e-01 │ η_eff 2.381e-08
Ep  48/100 │  0.11s │ bd 4.3172e-02 │ res 2.3173e-01 │ test 4.3144e-01 │ η_eff 2.334e-08
Ep  49/100 │  0.12s │ bd 3.1535e-02 │ res 1.8783e-01 │ test 4.3251e-01 │ η_eff 2.241e-08
Ep  50/100 │  0.12s │ bd 3.9173e-02 │ res 2.0028e-01 │ test 4.3307e-01 │ η_eff 1.184e-08
Ep  51/100 │  0.11s │ bd 3.0678e-02 │ res 1.9907e-01 │ test 4.3259e-01 │ η_eff 9.835e-09
Ep  52/100 │  0.11s │ bd 3.6287e-02 │ res 2.0935e-01 │ test 4.3494e-01 │ η_eff 1.235e-08
Ep  53/100 │  0.11s │ bd 4.3521e-02 │ res 2.2152e-01 │ test 4.3334e-01 │ η_eff 1.543e-08
Ep  54/100 │  0.11s │ bd 4.2314e-02 │ res 2.1795e-01 │ test 4.3340e-01 │ η_eff 1.240e-08
Ep  55/100 │  0.11s │ bd 4.4585e-02 │ res 2.1908e-01 │ test 4.2990e-01 │ η_eff 1.226e-08
Ep  56/100 │  0.11s │ bd 3.6846e-02 │ res 2.2366e-01 │ test 4.3277e-01 │ η_eff 1.061e-08
Ep  57/100 │  0.12s │ bd 3.8854e-02 │ res 2.0800e-01 │ test 4.2847e-01 │ η_eff 1.198e-08
Ep  58/100 │  0.11s │ bd 3.5138e-02 │ res 2.0650e-01 │ test 4.3326e-01 │ η_eff 1.112e-08
Ep  59/100 │  0.11s │ bd 4.8783e-02 │ res 2.4480e-01 │ test 4.3377e-01 │ η_eff 1.393e-08
Ep  60/100 │  0.11s │ bd 4.4364e-02 │ res 2.2552e-01 │ test 4.3498e-01 │ η_eff 6.741e-09
Ep  61/100 │  0.11s │ bd 4.5750e-02 │ res 2.6120e-01 │ test 4.3198e-01 │ η_eff 6.643e-09
Ep  62/100 │  0.11s │ bd 4.3345e-02 │ res 2.1329e-01 │ test 4.3225e-01 │ η_eff 5.888e-09
Ep  63/100 │  0.12s │ bd 4.8913e-02 │ res 2.2008e-01 │ test 4.3138e-01 │ η_eff 6.896e-09
Ep  64/100 │  0.11s │ bd 3.4044e-02 │ res 2.0817e-01 │ test 4.3399e-01 │ η_eff 5.360e-09
Ep  65/100 │  0.12s │ bd 3.8159e-02 │ res 1.9983e-01 │ test 4.3777e-01 │ η_eff 5.783e-09
Ep  66/100 │  0.12s │ bd 4.4501e-02 │ res 2.3478e-01 │ test 4.3798e-01 │ η_eff 5.991e-09
Ep  67/100 │  0.11s │ bd 5.1470e-02 │ res 2.8115e-01 │ test 4.3911e-01 │ η_eff 7.649e-09
Ep  68/100 │  0.11s │ bd 4.5932e-02 │ res 2.2577e-01 │ test 4.3355e-01 │ η_eff 6.440e-09
Ep  69/100 │  0.11s │ bd 3.1022e-02 │ res 1.8052e-01 │ test 4.3425e-01 │ η_eff 6.352e-09
Ep  70/100 │  0.11s │ bd 5.0722e-02 │ res 2.3942e-01 │ test 4.3260e-01 │ η_eff 3.156e-09
Ep  71/100 │  0.11s │ bd 4.1760e-02 │ res 2.3373e-01 │ test 4.3193e-01 │ η_eff 2.966e-09
Ep  72/100 │  0.11s │ bd 3.9029e-02 │ res 2.4275e-01 │ test 4.3297e-01 │ η_eff 3.517e-09
Ep  73/100 │  0.11s │ bd 3.4070e-02 │ res 2.2571e-01 │ test 4.3395e-01 │ η_eff 3.304e-09
Ep  74/100 │  0.11s │ bd 3.8115e-02 │ res 2.0900e-01 │ test 4.3709e-01 │ η_eff 3.194e-09
Ep  75/100 │  0.11s │ bd 4.7595e-02 │ res 2.4979e-01 │ test 4.3614e-01 │ η_eff 3.273e-09
Ep  76/100 │  0.11s │ bd 3.9054e-02 │ res 2.2370e-01 │ test 4.3079e-01 │ η_eff 3.403e-09
Ep  77/100 │  0.12s │ bd 3.8737e-02 │ res 2.3513e-01 │ test 4.3284e-01 │ η_eff 3.677e-09
Ep  78/100 │  0.11s │ bd 5.0751e-02 │ res 2.4473e-01 │ test 4.3112e-01 │ η_eff 3.300e-09
Ep  79/100 │  0.11s │ bd 4.5888e-02 │ res 2.3361e-01 │ test 4.3365e-01 │ η_eff 3.812e-09
Ep  80/100 │  0.11s │ bd 3.6571e-02 │ res 2.1563e-01 │ test 4.3120e-01 │ η_eff 1.796e-09
Ep  81/100 │  0.12s │ bd 4.9959e-02 │ res 2.5564e-01 │ test 4.3336e-01 │ η_eff 1.490e-09
Ep  82/100 │  0.11s │ bd 3.1322e-02 │ res 2.0036e-01 │ test 4.3325e-01 │ η_eff 1.581e-09
Ep  83/100 │  0.12s │ bd 3.4825e-02 │ res 1.9184e-01 │ test 4.3384e-01 │ η_eff 1.693e-09
Ep  84/100 │  0.11s │ bd 3.3349e-02 │ res 1.8164e-01 │ test 4.3294e-01 │ η_eff 1.809e-09
Ep  85/100 │  0.12s │ bd 4.5996e-02 │ res 2.8393e-01 │ test 4.3520e-01 │ η_eff 1.674e-09
Ep  86/100 │  0.11s │ bd 3.9191e-02 │ res 2.1546e-01 │ test 4.3491e-01 │ η_eff 1.538e-09
Ep  87/100 │  0.12s │ bd 5.3687e-02 │ res 2.9852e-01 │ test 4.3525e-01 │ η_eff 1.708e-09
Ep  88/100 │  0.11s │ bd 4.4983e-02 │ res 2.3417e-01 │ test 4.3606e-01 │ η_eff 1.742e-09
Ep  89/100 │  0.11s │ bd 4.3579e-02 │ res 2.2261e-01 │ test 4.3407e-01 │ η_eff 1.815e-09
Ep  90/100 │  0.11s │ bd 4.2144e-02 │ res 2.0498e-01 │ test 4.3495e-01 │ η_eff 8.803e-10
Ep  91/100 │  0.11s │ bd 3.3781e-02 │ res 2.1291e-01 │ test 4.3253e-01 │ η_eff 8.280e-10
Ep  92/100 │  0.11s │ bd 4.0378e-02 │ res 2.1865e-01 │ test 4.3447e-01 │ η_eff 8.190e-10
Ep  93/100 │  0.11s │ bd 4.1762e-02 │ res 2.0931e-01 │ test 4.3458e-01 │ η_eff 1.011e-09
Ep  94/100 │  0.12s │ bd 4.3032e-02 │ res 2.3500e-01 │ test 4.3286e-01 │ η_eff 9.822e-10
Ep  95/100 │  0.11s │ bd 3.7075e-02 │ res 1.9874e-01 │ test 4.3404e-01 │ η_eff 1.089e-09
Ep  96/100 │  0.11s │ bd 4.6808e-02 │ res 2.2894e-01 │ test 4.3552e-01 │ η_eff 9.150e-10
Ep  97/100 │  0.11s │ bd 3.7182e-02 │ res 2.1966e-01 │ test 4.3514e-01 │ η_eff 9.489e-10
Ep  98/100 │  0.11s │ bd 3.7389e-02 │ res 2.1239e-01 │ test 4.3458e-01 │ η_eff 9.785e-10
Ep  99/100 │  0.11s │ bd 3.8615e-02 │ res 2.2879e-01 │ test 4.3331e-01 │ η_eff 9.560e-10
Ep 100/100 │  0.11s │ bd 3.8022e-02 │ res 2.2399e-01 │ test 4.3406e-01 │ η_eff 4.360e-10
→ Saved: loss/Burger1d_phisfno_ms_nr_90_Adam_ep100_visc0.1_m32_w64/loss_full_loss_2.csv

=== Phase 'full_loss_3' | epochs 100 ===

Ep   1/100 │  0.11s │ bd 3.6846e-02 │ res 2.1039e-01 │ test 4.3116e-01 │ η_eff 4.850e-10
Ep   2/100 │  0.12s │ bd 4.1570e-02 │ res 2.2553e-01 │ test 4.3087e-01 │ η_eff 4.523e-10
Ep   3/100 │  0.11s │ bd 4.9759e-02 │ res 2.4695e-01 │ test 4.3375e-01 │ η_eff 4.670e-10
Ep   4/100 │  0.11s │ bd 4.0076e-02 │ res 1.9878e-01 │ test 4.3495e-01 │ η_eff 4.983e-10
Ep   5/100 │  0.11s │ bd 4.2135e-02 │ res 2.1808e-01 │ test 4.3109e-01 │ η_eff 5.696e-10
Ep   6/100 │  0.12s │ bd 4.3843e-02 │ res 2.4408e-01 │ test 4.3434e-01 │ η_eff 5.496e-10
Ep   7/100 │  0.12s │ bd 3.8538e-02 │ res 2.0905e-01 │ test 4.3644e-01 │ η_eff 5.236e-10
Ep   8/100 │  0.11s │ bd 4.4319e-02 │ res 2.2469e-01 │ test 4.3032e-01 │ η_eff 5.029e-10
Ep   9/100 │  0.12s │ bd 4.8631e-02 │ res 2.3120e-01 │ test 4.3380e-01 │ η_eff 5.198e-10
Ep  10/100 │  0.11s │ bd 3.9512e-02 │ res 2.3009e-01 │ test 4.3841e-01 │ η_eff 2.557e-10
Ep  11/100 │  0.11s │ bd 4.8992e-02 │ res 2.5282e-01 │ test 4.3366e-01 │ η_eff 2.748e-10
Ep  12/100 │  0.11s │ bd 4.6777e-02 │ res 2.4783e-01 │ test 4.3271e-01 │ η_eff 2.865e-10
Ep  13/100 │  0.12s │ bd 4.3551e-02 │ res 2.2289e-01 │ test 4.3504e-01 │ η_eff 2.858e-10
Ep  14/100 │  0.11s │ bd 3.8204e-02 │ res 2.2195e-01 │ test 4.3436e-01 │ η_eff 3.409e-10
Ep  15/100 │  0.11s │ bd 3.7553e-02 │ res 2.1439e-01 │ test 4.3319e-01 │ η_eff 2.746e-10
Ep  16/100 │  0.11s │ bd 3.4042e-02 │ res 2.1029e-01 │ test 4.3192e-01 │ η_eff 2.941e-10
Ep  17/100 │  0.11s │ bd 4.5122e-02 │ res 2.1721e-01 │ test 4.3504e-01 │ η_eff 2.886e-10
Ep  18/100 │  0.12s │ bd 5.0375e-02 │ res 2.6368e-01 │ test 4.3262e-01 │ η_eff 2.489e-10
Ep  19/100 │  0.12s │ bd 4.9547e-02 │ res 2.5921e-01 │ test 4.3717e-01 │ η_eff 3.039e-10
Ep  20/100 │  0.11s │ bd 3.6034e-02 │ res 2.1730e-01 │ test 4.3282e-01 │ η_eff 1.307e-10
Ep  21/100 │  0.12s │ bd 5.3795e-02 │ res 2.5288e-01 │ test 4.3228e-01 │ η_eff 1.511e-10
Ep  22/100 │  0.11s │ bd 3.5268e-02 │ res 2.2824e-01 │ test 4.3304e-01 │ η_eff 1.439e-10
Ep  23/100 │  0.12s │ bd 4.1527e-02 │ res 2.3935e-01 │ test 4.3455e-01 │ η_eff 1.249e-10
Ep  24/100 │  0.12s │ bd 4.4388e-02 │ res 2.4441e-01 │ test 4.3334e-01 │ η_eff 1.439e-10
Ep  25/100 │  0.11s │ bd 4.1296e-02 │ res 2.2130e-01 │ test 4.3279e-01 │ η_eff 1.443e-10
Ep  26/100 │  0.11s │ bd 4.4643e-02 │ res 2.2171e-01 │ test 4.3135e-01 │ η_eff 1.403e-10
Ep  27/100 │  0.12s │ bd 3.9896e-02 │ res 2.3728e-01 │ test 4.3572e-01 │ η_eff 1.449e-10
Ep  28/100 │  0.11s │ bd 3.7481e-02 │ res 2.1897e-01 │ test 4.3198e-01 │ η_eff 1.508e-10
Ep  29/100 │  0.11s │ bd 3.8655e-02 │ res 2.2954e-01 │ test 4.3071e-01 │ η_eff 1.497e-10
Ep  30/100 │  0.11s │ bd 3.7459e-02 │ res 1.9881e-01 │ test 4.3024e-01 │ η_eff 7.278e-11
Ep  31/100 │  0.11s │ bd 4.0150e-02 │ res 2.2012e-01 │ test 4.3172e-01 │ η_eff 8.086e-11
Ep  32/100 │  0.11s │ bd 4.8561e-02 │ res 2.2645e-01 │ test 4.3201e-01 │ η_eff 8.158e-11
Ep  33/100 │  0.11s │ bd 5.1565e-02 │ res 2.3390e-01 │ test 4.3606e-01 │ η_eff 8.203e-11
Ep  34/100 │  0.12s │ bd 3.8916e-02 │ res 2.2091e-01 │ test 4.3196e-01 │ η_eff 7.542e-11
Ep  35/100 │  0.12s │ bd 4.3053e-02 │ res 2.1276e-01 │ test 4.3006e-01 │ η_eff 7.787e-11
Ep  36/100 │  0.12s │ bd 3.8833e-02 │ res 2.4064e-01 │ test 4.3169e-01 │ η_eff 7.712e-11
Ep  37/100 │  0.12s │ bd 3.3058e-02 │ res 2.0130e-01 │ test 4.3423e-01 │ η_eff 7.804e-11
Ep  38/100 │  0.11s │ bd 3.6119e-02 │ res 2.0980e-01 │ test 4.3482e-01 │ η_eff 7.603e-11
Ep  39/100 │  0.12s │ bd 3.7022e-02 │ res 1.8665e-01 │ test 4.3309e-01 │ η_eff 7.317e-11
Ep  40/100 │  0.11s │ bd 3.1467e-02 │ res 2.0295e-01 │ test 4.3221e-01 │ η_eff 3.614e-11
Ep  41/100 │  0.12s │ bd 3.7087e-02 │ res 2.0750e-01 │ test 4.3178e-01 │ η_eff 4.382e-11
Ep  42/100 │  0.11s │ bd 4.4859e-02 │ res 2.3162e-01 │ test 4.3389e-01 │ η_eff 3.880e-11
Ep  43/100 │  0.11s │ bd 3.8731e-02 │ res 2.0759e-01 │ test 4.3506e-01 │ η_eff 3.981e-11
Ep  44/100 │  0.11s │ bd 4.0438e-02 │ res 1.8738e-01 │ test 4.3601e-01 │ η_eff 3.474e-11
Ep  45/100 │  0.11s │ bd 5.8372e-02 │ res 2.7498e-01 │ test 4.3456e-01 │ η_eff 3.570e-11
Ep  46/100 │  0.12s │ bd 4.3962e-02 │ res 2.3066e-01 │ test 4.3309e-01 │ η_eff 3.830e-11
Ep  47/100 │  0.11s │ bd 3.8705e-02 │ res 2.0026e-01 │ test 4.2921e-01 │ η_eff 4.496e-11
Ep  48/100 │  0.11s │ bd 3.6291e-02 │ res 2.0781e-01 │ test 4.2853e-01 │ η_eff 4.577e-11
Ep  49/100 │  0.11s │ bd 3.8442e-02 │ res 1.9735e-01 │ test 4.3084e-01 │ η_eff 4.142e-11
Ep  50/100 │  0.11s │ bd 3.7754e-02 │ res 2.0458e-01 │ test 4.3432e-01 │ η_eff 1.848e-11
Ep  51/100 │  0.11s │ bd 3.9450e-02 │ res 2.5100e-01 │ test 4.3155e-01 │ η_eff 1.946e-11
Ep  52/100 │  0.11s │ bd 3.8710e-02 │ res 1.9695e-01 │ test 4.3426e-01 │ η_eff 2.210e-11
Ep  53/100 │  0.13s │ bd 5.3611e-02 │ res 2.5291e-01 │ test 4.3021e-01 │ η_eff 2.048e-11
Ep  54/100 │  0.11s │ bd 4.4836e-02 │ res 2.1903e-01 │ test 4.3519e-01 │ η_eff 1.876e-11
Ep  55/100 │  0.11s │ bd 4.4165e-02 │ res 2.0318e-01 │ test 4.3389e-01 │ η_eff 2.008e-11
Ep  56/100 │  0.11s │ bd 3.6250e-02 │ res 2.0062e-01 │ test 4.3320e-01 │ η_eff 2.178e-11
Ep  57/100 │  0.12s │ bd 3.8907e-02 │ res 2.0165e-01 │ test 4.3057e-01 │ η_eff 2.067e-11
Ep  58/100 │  0.11s │ bd 4.5542e-02 │ res 2.4417e-01 │ test 4.3240e-01 │ η_eff 1.921e-11
Ep  59/100 │  0.11s │ bd 3.9830e-02 │ res 2.2790e-01 │ test 4.3281e-01 │ η_eff 1.890e-11
Ep  60/100 │  0.11s │ bd 4.9252e-02 │ res 2.3160e-01 │ test 4.3121e-01 │ η_eff 1.013e-11
Ep  61/100 │  0.11s │ bd 3.4621e-02 │ res 2.0230e-01 │ test 4.3254e-01 │ η_eff 9.801e-12
Ep  62/100 │  0.11s │ bd 3.9756e-02 │ res 2.2259e-01 │ test 4.3505e-01 │ η_eff 9.858e-12
Ep  63/100 │  0.12s │ bd 3.9767e-02 │ res 2.0615e-01 │ test 4.2972e-01 │ η_eff 9.466e-12
Ep  64/100 │  0.12s │ bd 4.1506e-02 │ res 2.3368e-01 │ test 4.3340e-01 │ η_eff 1.064e-11
Ep  65/100 │  0.11s │ bd 4.3712e-02 │ res 2.0061e-01 │ test 4.3522e-01 │ η_eff 1.006e-11
Ep  66/100 │  0.11s │ bd 3.8426e-02 │ res 2.2253e-01 │ test 4.3214e-01 │ η_eff 9.567e-12
Ep  67/100 │  0.11s │ bd 4.4287e-02 │ res 2.3002e-01 │ test 4.3263e-01 │ η_eff 1.261e-11
Ep  68/100 │  0.11s │ bd 4.0058e-02 │ res 2.4498e-01 │ test 4.3299e-01 │ η_eff 1.132e-11
Ep  69/100 │  0.11s │ bd 5.0645e-02 │ res 2.3261e-01 │ test 4.3290e-01 │ η_eff 1.200e-11
Ep  70/100 │  0.11s │ bd 4.3769e-02 │ res 2.1754e-01 │ test 4.3570e-01 │ η_eff 5.589e-12
Ep  71/100 │  0.11s │ bd 4.3555e-02 │ res 1.9667e-01 │ test 4.3564e-01 │ η_eff 5.085e-12
Ep  72/100 │  0.11s │ bd 3.9479e-02 │ res 2.1878e-01 │ test 4.3447e-01 │ η_eff 5.173e-12
Ep  73/100 │  0.12s │ bd 3.5222e-02 │ res 2.2489e-01 │ test 4.3270e-01 │ η_eff 5.907e-12
Ep  74/100 │  0.11s │ bd 3.4312e-02 │ res 2.0890e-01 │ test 4.3349e-01 │ η_eff 5.433e-12
Ep  75/100 │  0.11s │ bd 4.4488e-02 │ res 2.1051e-01 │ test 4.3750e-01 │ η_eff 5.364e-12
Ep  76/100 │  0.11s │ bd 4.1366e-02 │ res 2.0146e-01 │ test 4.3268e-01 │ η_eff 5.229e-12
Ep  77/100 │  0.11s │ bd 3.8806e-02 │ res 2.1748e-01 │ test 4.3480e-01 │ η_eff 5.246e-12
Ep  78/100 │  0.11s │ bd 3.8814e-02 │ res 2.3063e-01 │ test 4.3230e-01 │ η_eff 4.904e-12
Ep  79/100 │  0.12s │ bd 4.1194e-02 │ res 2.2179e-01 │ test 4.2850e-01 │ η_eff 6.026e-12
Ep  80/100 │  0.12s │ bd 4.2665e-02 │ res 2.4792e-01 │ test 4.3136e-01 │ η_eff 2.852e-12
Ep  81/100 │  0.11s │ bd 4.0729e-02 │ res 2.0095e-01 │ test 4.3419e-01 │ η_eff 2.660e-12
Ep  82/100 │  0.12s │ bd 3.8955e-02 │ res 2.1363e-01 │ test 4.3384e-01 │ η_eff 2.783e-12
Ep  83/100 │  0.12s │ bd 4.3612e-02 │ res 2.5912e-01 │ test 4.3720e-01 │ η_eff 2.717e-12
Ep  84/100 │  0.11s │ bd 3.3455e-02 │ res 1.9765e-01 │ test 4.3324e-01 │ η_eff 2.715e-12
Ep  85/100 │  0.11s │ bd 3.4933e-02 │ res 2.2537e-01 │ test 4.3317e-01 │ η_eff 2.696e-12
Ep  86/100 │  0.11s │ bd 3.2456e-02 │ res 2.0220e-01 │ test 4.3472e-01 │ η_eff 2.583e-12
Ep  87/100 │  0.11s │ bd 3.6559e-02 │ res 2.1683e-01 │ test 4.3180e-01 │ η_eff 2.957e-12
Ep  88/100 │  0.11s │ bd 4.6125e-02 │ res 2.2261e-01 │ test 4.2895e-01 │ η_eff 2.660e-12
Ep  89/100 │  0.12s │ bd 4.3633e-02 │ res 2.4696e-01 │ test 4.3456e-01 │ η_eff 2.662e-12
Ep  90/100 │  0.11s │ bd 3.8241e-02 │ res 2.1015e-01 │ test 4.3531e-01 │ η_eff 1.304e-12
Ep  91/100 │  0.12s │ bd 4.2787e-02 │ res 1.9956e-01 │ test 4.3343e-01 │ η_eff 1.297e-12
Ep  92/100 │  0.11s │ bd 4.2615e-02 │ res 2.2269e-01 │ test 4.3134e-01 │ η_eff 1.531e-12
Ep  93/100 │  0.12s │ bd 4.5626e-02 │ res 2.3578e-01 │ test 4.3349e-01 │ η_eff 1.699e-12
Ep  94/100 │  0.11s │ bd 4.0481e-02 │ res 2.0495e-01 │ test 4.3613e-01 │ η_eff 1.448e-12
Ep  95/100 │  0.12s │ bd 3.8858e-02 │ res 2.2244e-01 │ test 4.3162e-01 │ η_eff 1.503e-12
Ep  96/100 │  0.12s │ bd 4.6263e-02 │ res 2.4389e-01 │ test 4.3451e-01 │ η_eff 1.391e-12
Ep  97/100 │  0.11s │ bd 3.5811e-02 │ res 2.3327e-01 │ test 4.3198e-01 │ η_eff 1.531e-12
Ep  98/100 │  0.11s │ bd 4.1177e-02 │ res 2.1590e-01 │ test 4.3065e-01 │ η_eff 1.449e-12
Ep  99/100 │  0.12s │ bd 3.5585e-02 │ res 2.1583e-01 │ test 4.3395e-01 │ η_eff 1.410e-12
Ep 100/100 │  0.11s │ bd 3.1865e-02 │ res 2.0632e-01 │ test 4.3435e-01 │ η_eff 7.859e-13
→ Saved: loss/Burger1d_phisfno_ms_nr_90_Adam_ep100_visc0.1_m32_w64/loss_full_loss_3.csv
→ Model saved: model/Burger1d_phisfno_ms_nr_90_Adam_ep100_visc0.1_m32_w64
→ Eta-term history: loss/Burger1d_phisfno_ms_nr_90_Adam_ep100_visc0.1_m32_w64/eta_term_history.csv
  sample 0: test L2 = 2.9286e-01
  sample 1: test L2 = 4.6056e-01
  sample 2: test L2 = 3.7748e-01
  sample 3: test L2 = 2.5175e-01
  sample 4: test L2 = 5.2561e-01
  sample 5: test L2 = 5.5318e-01
  sample 6: test L2 = 5.1972e-01
  sample 7: test L2 = 4.8511e-01
  sample 8: test L2 = 2.7883e-01
  sample 9: test L2 = 5.9848e-01
→ Predictions saved: burger_test_phisfno_ms_nr.mat
→ Figure saved: image/Burger1d_phisfno_ms_nr_90_Adam_ep100_visc0.1_m32_w64/final_velocity.png
