loaded 1D buffers
[train_model] model=phisfno | training=singlestage | S=2048 | nu=0.1 | dt=0.1 | modes=32 | width=64
Model parameters: 550,339

=== Phase 'full_loss_1' | epochs 200 ===

Ep   1/200 │  0.47s │ bd 2.8854e+00 │ res 3.4049e+01 │ test 2.8548e+00 │ η_eff 2.423e-03
Ep   2/200 │  0.14s │ bd 9.0674e-01 │ res 1.0387e+01 │ test 2.2755e+00 │ η_eff 1.059e-03
Ep   3/200 │  0.14s │ bd 8.5251e-01 │ res 5.1821e+00 │ test 1.8677e+00 │ η_eff 5.806e-04
Ep   4/200 │  0.14s │ bd 5.0956e-01 │ res 2.7385e+00 │ test 1.4388e+00 │ η_eff 3.439e-04
Ep   5/200 │  0.14s │ bd 4.4296e-01 │ res 2.0046e+00 │ test 1.2485e+00 │ η_eff 2.681e-04
Ep   6/200 │  0.12s │ bd 2.9152e-01 │ res 1.6954e+00 │ test 1.0867e+00 │ η_eff 1.993e-04
Ep   7/200 │  0.11s │ bd 2.6713e-01 │ res 1.3774e+00 │ test 1.0131e+00 │ η_eff 1.854e-04
Ep   8/200 │  0.11s │ bd 2.7059e-01 │ res 1.3649e+00 │ test 1.0210e+00 │ η_eff 1.826e-04
Ep   9/200 │  0.11s │ bd 2.1290e-01 │ res 9.0981e-01 │ test 1.0159e+00 │ η_eff 1.782e-04
Ep  10/200 │  0.11s │ bd 3.0763e-01 │ res 7.3495e-01 │ test 9.8667e-01 │ η_eff 1.016e-04
Ep  11/200 │  0.11s │ bd 2.6398e-01 │ res 8.4956e-01 │ test 9.3876e-01 │ η_eff 1.144e-04
Ep  12/200 │  0.12s │ bd 1.9538e-01 │ res 6.8646e-01 │ test 9.6932e-01 │ η_eff 9.246e-05
Ep  13/200 │  0.11s │ bd 1.8653e-01 │ res 4.9665e-01 │ test 9.1416e-01 │ η_eff 1.205e-04
Ep  14/200 │  0.11s │ bd 1.7940e-01 │ res 4.7596e-01 │ test 9.3115e-01 │ η_eff 8.247e-05
Ep  15/200 │  0.11s │ bd 1.6617e-01 │ res 4.6807e-01 │ test 9.0866e-01 │ η_eff 1.147e-04
Ep  16/200 │  0.11s │ bd 1.8539e-01 │ res 5.1388e-01 │ test 8.7131e-01 │ η_eff 8.687e-05
Ep  17/200 │  0.11s │ bd 1.4972e-01 │ res 4.1740e-01 │ test 9.6302e-01 │ η_eff 1.057e-04
Ep  18/200 │  0.12s │ bd 1.6129e-01 │ res 3.2172e-01 │ test 9.7175e-01 │ η_eff 9.027e-05
Ep  19/200 │  0.11s │ bd 1.4986e-01 │ res 4.7478e-01 │ test 9.9823e-01 │ η_eff 9.051e-05
Ep  20/200 │  0.11s │ bd 1.8174e-01 │ res 4.5458e-01 │ test 8.9407e-01 │ η_eff 6.191e-05
Ep  21/200 │  0.11s │ bd 1.6584e-01 │ res 3.2714e-01 │ test 9.1747e-01 │ η_eff 8.315e-05
Ep  22/200 │  0.11s │ bd 2.0567e-01 │ res 3.7758e-01 │ test 1.0125e+00 │ η_eff 5.494e-05
Ep  23/200 │  0.12s │ bd 1.7342e-01 │ res 3.3436e-01 │ test 9.7287e-01 │ η_eff 6.905e-05
Ep  24/200 │  0.11s │ bd 1.3732e-01 │ res 2.6104e-01 │ test 8.8738e-01 │ η_eff 5.491e-05
Ep  25/200 │  0.11s │ bd 1.1411e-01 │ res 3.2788e-01 │ test 9.3507e-01 │ η_eff 6.263e-05
Ep  26/200 │  0.11s │ bd 9.3980e-02 │ res 2.8738e-01 │ test 9.8352e-01 │ η_eff 5.450e-05
Ep  27/200 │  0.11s │ bd 9.1868e-02 │ res 2.2384e-01 │ test 9.5705e-01 │ η_eff 5.386e-05
Ep  28/200 │  0.12s │ bd 8.5742e-02 │ res 2.2683e-01 │ test 9.5144e-01 │ η_eff 5.870e-05
Ep  29/200 │  0.11s │ bd 8.8506e-02 │ res 2.1020e-01 │ test 9.4631e-01 │ η_eff 6.017e-05
Ep  30/200 │  0.11s │ bd 8.5836e-02 │ res 2.2383e-01 │ test 9.5612e-01 │ η_eff 3.029e-05
Ep  31/200 │  0.12s │ bd 8.9456e-02 │ res 2.0797e-01 │ test 9.4838e-01 │ η_eff 3.336e-05
Ep  32/200 │  0.12s │ bd 7.0752e-02 │ res 1.9102e-01 │ test 9.4111e-01 │ η_eff 3.498e-05
Ep  33/200 │  0.11s │ bd 7.0560e-02 │ res 1.5622e-01 │ test 9.6075e-01 │ η_eff 3.128e-05
Ep  34/200 │  0.11s │ bd 6.4559e-02 │ res 1.5399e-01 │ test 9.8677e-01 │ η_eff 3.611e-05
Ep  35/200 │  0.12s │ bd 8.8757e-02 │ res 1.6139e-01 │ test 9.3878e-01 │ η_eff 3.339e-05
Ep  36/200 │  0.12s │ bd 5.9641e-02 │ res 1.5483e-01 │ test 9.5299e-01 │ η_eff 2.823e-05
Ep  37/200 │  0.11s │ bd 5.1554e-02 │ res 1.5143e-01 │ test 9.5641e-01 │ η_eff 2.966e-05
Ep  38/200 │  0.11s │ bd 6.7605e-02 │ res 1.8279e-01 │ test 9.6547e-01 │ η_eff 3.026e-05
Ep  39/200 │  0.11s │ bd 5.4403e-02 │ res 1.4510e-01 │ test 9.4948e-01 │ η_eff 3.488e-05
Ep  40/200 │  0.11s │ bd 6.2909e-02 │ res 1.5206e-01 │ test 9.5133e-01 │ η_eff 1.450e-05
Ep  41/200 │  0.11s │ bd 5.3592e-02 │ res 1.1816e-01 │ test 9.4099e-01 │ η_eff 2.360e-05
Ep  42/200 │  0.12s │ bd 5.4998e-02 │ res 1.3517e-01 │ test 9.3626e-01 │ η_eff 1.924e-05
Ep  43/200 │  0.11s │ bd 5.2118e-02 │ res 1.5710e-01 │ test 9.4156e-01 │ η_eff 1.787e-05
Ep  44/200 │  0.11s │ bd 5.2422e-02 │ res 1.3876e-01 │ test 9.4720e-01 │ η_eff 1.818e-05
Ep  45/200 │  0.11s │ bd 6.9186e-02 │ res 1.6483e-01 │ test 9.7029e-01 │ η_eff 2.239e-05
Ep  46/200 │  0.11s │ bd 7.3100e-02 │ res 1.5512e-01 │ test 9.3698e-01 │ η_eff 1.756e-05
Ep  47/200 │  0.11s │ bd 5.7760e-02 │ res 1.6537e-01 │ test 9.5667e-01 │ η_eff 2.014e-05
Ep  48/200 │  0.11s │ bd 5.7622e-02 │ res 1.2949e-01 │ test 9.5705e-01 │ η_eff 2.410e-05
Ep  49/200 │  0.11s │ bd 6.3839e-02 │ res 1.5958e-01 │ test 9.3692e-01 │ η_eff 2.123e-05
Ep  50/200 │  0.11s │ bd 4.7944e-02 │ res 1.5182e-01 │ test 9.3884e-01 │ η_eff 1.148e-05
Ep  51/200 │  0.12s │ bd 4.7352e-02 │ res 1.3137e-01 │ test 9.4684e-01 │ η_eff 9.225e-06
Ep  52/200 │  0.11s │ bd 5.0155e-02 │ res 1.3592e-01 │ test 9.4578e-01 │ η_eff 1.048e-05
Ep  53/200 │  0.12s │ bd 3.4064e-02 │ res 1.0641e-01 │ test 9.4083e-01 │ η_eff 1.150e-05
Ep  54/200 │  0.11s │ bd 4.3557e-02 │ res 1.6719e-01 │ test 9.4374e-01 │ η_eff 8.632e-06
Ep  55/200 │  0.11s │ bd 4.4563e-02 │ res 1.3476e-01 │ test 9.3672e-01 │ η_eff 9.162e-06
Ep  56/200 │  0.11s │ bd 3.4625e-02 │ res 1.2218e-01 │ test 9.4403e-01 │ η_eff 9.376e-06
Ep  57/200 │  0.11s │ bd 3.9278e-02 │ res 1.2893e-01 │ test 9.5573e-01 │ η_eff 1.089e-05
Ep  58/200 │  0.11s │ bd 3.5257e-02 │ res 1.1265e-01 │ test 9.4980e-01 │ η_eff 9.743e-06
Ep  59/200 │  0.11s │ bd 4.1767e-02 │ res 1.3189e-01 │ test 9.4419e-01 │ η_eff 1.197e-05
Ep  60/200 │  0.11s │ bd 4.9943e-02 │ res 1.5515e-01 │ test 9.3872e-01 │ η_eff 5.968e-06
Ep  61/200 │  0.12s │ bd 4.0829e-02 │ res 1.2639e-01 │ test 9.4434e-01 │ η_eff 5.684e-06
Ep  62/200 │  0.11s │ bd 3.9069e-02 │ res 1.1637e-01 │ test 9.5009e-01 │ η_eff 6.024e-06
Ep  63/200 │  0.11s │ bd 4.0996e-02 │ res 1.3067e-01 │ test 9.5635e-01 │ η_eff 5.880e-06
Ep  64/200 │  0.11s │ bd 3.2551e-02 │ res 1.0780e-01 │ test 9.4978e-01 │ η_eff 5.484e-06
Ep  65/200 │  0.11s │ bd 3.7578e-02 │ res 1.1989e-01 │ test 9.4634e-01 │ η_eff 5.358e-06
Ep  66/200 │  0.11s │ bd 3.6066e-02 │ res 1.4376e-01 │ test 9.3782e-01 │ η_eff 5.912e-06
Ep  67/200 │  0.12s │ bd 4.3290e-02 │ res 1.0214e-01 │ test 9.5661e-01 │ η_eff 7.227e-06
Ep  68/200 │  0.11s │ bd 3.6670e-02 │ res 1.3097e-01 │ test 9.5543e-01 │ η_eff 6.234e-06
Ep  69/200 │  0.11s │ bd 3.3286e-02 │ res 1.1445e-01 │ test 9.5576e-01 │ η_eff 6.404e-06
Ep  70/200 │  0.11s │ bd 4.1282e-02 │ res 1.2617e-01 │ test 9.5493e-01 │ η_eff 3.081e-06
Ep  71/200 │  0.11s │ bd 3.5526e-02 │ res 1.2245e-01 │ test 9.5065e-01 │ η_eff 2.623e-06
Ep  72/200 │  0.12s │ bd 3.8156e-02 │ res 1.0359e-01 │ test 9.4660e-01 │ η_eff 3.776e-06
Ep  73/200 │  0.12s │ bd 3.6852e-02 │ res 9.9241e-02 │ test 9.5345e-01 │ η_eff 3.982e-06
Ep  74/200 │  0.12s │ bd 4.0205e-02 │ res 1.2176e-01 │ test 9.5123e-01 │ η_eff 2.679e-06
Ep  75/200 │  0.12s │ bd 3.8170e-02 │ res 1.2080e-01 │ test 9.5084e-01 │ η_eff 3.460e-06
Ep  76/200 │  0.11s │ bd 3.2009e-02 │ res 1.2951e-01 │ test 9.5271e-01 │ η_eff 2.569e-06
Ep  77/200 │  0.11s │ bd 3.3725e-02 │ res 1.1241e-01 │ test 9.5159e-01 │ η_eff 3.250e-06
Ep  78/200 │  0.11s │ bd 2.8533e-02 │ res 9.9801e-02 │ test 9.4270e-01 │ η_eff 3.086e-06
Ep  79/200 │  0.11s │ bd 3.6254e-02 │ res 1.1493e-01 │ test 9.4488e-01 │ η_eff 3.656e-06
Ep  80/200 │  0.11s │ bd 3.6379e-02 │ res 1.6356e-01 │ test 9.4385e-01 │ η_eff 1.662e-06
Ep  81/200 │  0.11s │ bd 3.5939e-02 │ res 1.2671e-01 │ test 9.4522e-01 │ η_eff 1.589e-06
Ep  82/200 │  0.12s │ bd 2.5858e-02 │ res 1.0661e-01 │ test 9.4511e-01 │ η_eff 1.587e-06
Ep  83/200 │  0.11s │ bd 2.7714e-02 │ res 9.6420e-02 │ test 9.5195e-01 │ η_eff 1.701e-06
Ep  84/200 │  0.12s │ bd 3.4388e-02 │ res 1.1312e-01 │ test 9.4442e-01 │ η_eff 1.441e-06
Ep  85/200 │  0.11s │ bd 2.9368e-02 │ res 9.5935e-02 │ test 9.4510e-01 │ η_eff 1.635e-06
Ep  86/200 │  0.11s │ bd 3.1047e-02 │ res 1.3279e-01 │ test 9.4859e-01 │ η_eff 1.409e-06
Ep  87/200 │  0.11s │ bd 3.2530e-02 │ res 1.1145e-01 │ test 9.5112e-01 │ η_eff 1.614e-06
Ep  88/200 │  0.11s │ bd 3.0496e-02 │ res 1.0619e-01 │ test 9.4556e-01 │ η_eff 1.696e-06
Ep  89/200 │  0.11s │ bd 3.1746e-02 │ res 9.1587e-02 │ test 9.4994e-01 │ η_eff 1.696e-06
Ep  90/200 │  0.11s │ bd 3.4061e-02 │ res 1.3574e-01 │ test 9.4895e-01 │ η_eff 6.437e-07
Ep  91/200 │  0.11s │ bd 3.1623e-02 │ res 1.0524e-01 │ test 9.4363e-01 │ η_eff 1.181e-06
Ep  92/200 │  0.12s │ bd 2.8644e-02 │ res 1.1535e-01 │ test 9.4968e-01 │ η_eff 7.675e-07
Ep  93/200 │  0.11s │ bd 3.5999e-02 │ res 1.3199e-01 │ test 9.4561e-01 │ η_eff 8.199e-07
Ep  94/200 │  0.11s │ bd 3.6240e-02 │ res 1.3086e-01 │ test 9.4918e-01 │ η_eff 1.060e-06
Ep  95/200 │  0.11s │ bd 2.5486e-02 │ res 1.0951e-01 │ test 9.4925e-01 │ η_eff 7.248e-07
Ep  96/200 │  0.11s │ bd 2.5981e-02 │ res 1.0271e-01 │ test 9.5036e-01 │ η_eff 7.460e-07
Ep  97/200 │  0.11s │ bd 3.0024e-02 │ res 1.1068e-01 │ test 9.4873e-01 │ η_eff 7.270e-07
Ep  98/200 │  0.11s │ bd 3.2897e-02 │ res 1.0085e-01 │ test 9.5135e-01 │ η_eff 6.866e-07
Ep  99/200 │  0.11s │ bd 3.4356e-02 │ res 1.5056e-01 │ test 9.4779e-01 │ η_eff 8.253e-07
Ep 100/200 │  0.11s │ bd 3.2611e-02 │ res 1.2035e-01 │ test 9.4971e-01 │ η_eff 4.537e-07
Ep 101/200 │  0.11s │ bd 3.8758e-02 │ res 1.2797e-01 │ test 9.4935e-01 │ η_eff 5.578e-07
Ep 102/200 │  0.11s │ bd 2.9319e-02 │ res 1.2179e-01 │ test 9.4111e-01 │ η_eff 3.770e-07
Ep 103/200 │  0.11s │ bd 3.1714e-02 │ res 1.1410e-01 │ test 9.5275e-01 │ η_eff 4.544e-07
Ep 104/200 │  0.11s │ bd 2.8449e-02 │ res 1.0917e-01 │ test 9.5199e-01 │ η_eff 3.539e-07
Ep 105/200 │  0.11s │ bd 3.3178e-02 │ res 1.5871e-01 │ test 9.4763e-01 │ η_eff 4.039e-07
Ep 106/200 │  0.11s │ bd 3.0241e-02 │ res 9.8416e-02 │ test 9.4516e-01 │ η_eff 4.597e-07
Ep 107/200 │  0.11s │ bd 3.2130e-02 │ res 1.1691e-01 │ test 9.4576e-01 │ η_eff 4.228e-07
Ep 108/200 │  0.11s │ bd 2.9925e-02 │ res 1.2687e-01 │ test 9.5020e-01 │ η_eff 4.313e-07
Ep 109/200 │  0.11s │ bd 3.4808e-02 │ res 1.2783e-01 │ test 9.4570e-01 │ η_eff 5.904e-07
Ep 110/200 │  0.11s │ bd 2.8037e-02 │ res 9.3156e-02 │ test 9.4694e-01 │ η_eff 2.317e-07
Ep 111/200 │  0.12s │ bd 3.3388e-02 │ res 1.0623e-01 │ test 9.4892e-01 │ η_eff 2.474e-07
Ep 112/200 │  0.12s │ bd 2.8478e-02 │ res 9.0614e-02 │ test 9.4657e-01 │ η_eff 2.670e-07
Ep 113/200 │  0.11s │ bd 3.1052e-02 │ res 1.0588e-01 │ test 9.4927e-01 │ η_eff 2.152e-07
Ep 114/200 │  0.11s │ bd 3.8154e-02 │ res 1.2637e-01 │ test 9.5092e-01 │ η_eff 2.649e-07
Ep 115/200 │  0.13s │ bd 2.7602e-02 │ res 1.0411e-01 │ test 9.4938e-01 │ η_eff 2.219e-07
Ep 116/200 │  0.11s │ bd 2.9696e-02 │ res 1.2573e-01 │ test 9.5635e-01 │ η_eff 2.920e-07
Ep 117/200 │  0.11s │ bd 2.5734e-02 │ res 1.0502e-01 │ test 9.5291e-01 │ η_eff 2.092e-07
Ep 118/200 │  0.12s │ bd 3.4570e-02 │ res 1.2395e-01 │ test 9.5447e-01 │ η_eff 2.446e-07
Ep 119/200 │  0.11s │ bd 3.1065e-02 │ res 1.1276e-01 │ test 9.5235e-01 │ η_eff 2.432e-07
Ep 120/200 │  0.11s │ bd 2.9500e-02 │ res 1.0384e-01 │ test 9.4612e-01 │ η_eff 1.390e-07
Ep 121/200 │  0.11s │ bd 2.9614e-02 │ res 1.1380e-01 │ test 9.4728e-01 │ η_eff 1.554e-07
Ep 122/200 │  0.12s │ bd 2.6312e-02 │ res 1.1207e-01 │ test 9.4976e-01 │ η_eff 1.004e-07
Ep 123/200 │  0.11s │ bd 2.6698e-02 │ res 1.0009e-01 │ test 9.4707e-01 │ η_eff 1.221e-07
Ep 124/200 │  0.12s │ bd 3.4025e-02 │ res 1.2746e-01 │ test 9.5024e-01 │ η_eff 1.548e-07
Ep 125/200 │  0.11s │ bd 3.1915e-02 │ res 1.1019e-01 │ test 9.4848e-01 │ η_eff 1.133e-07
Ep 126/200 │  0.11s │ bd 3.0349e-02 │ res 1.3599e-01 │ test 9.4749e-01 │ η_eff 1.152e-07
Ep 127/200 │  0.12s │ bd 3.3877e-02 │ res 1.2230e-01 │ test 9.5153e-01 │ η_eff 1.240e-07
Ep 128/200 │  0.11s │ bd 3.1700e-02 │ res 1.0642e-01 │ test 9.5262e-01 │ η_eff 1.166e-07
Ep 129/200 │  0.12s │ bd 3.1492e-02 │ res 1.2473e-01 │ test 9.4391e-01 │ η_eff 1.307e-07
Ep 130/200 │  0.12s │ bd 3.2949e-02 │ res 1.3508e-01 │ test 9.4918e-01 │ η_eff 5.915e-08
Ep 131/200 │  0.11s │ bd 2.9939e-02 │ res 1.1977e-01 │ test 9.3975e-01 │ η_eff 5.531e-08
Ep 132/200 │  0.11s │ bd 3.9433e-02 │ res 1.2608e-01 │ test 9.4515e-01 │ η_eff 6.950e-08
Ep 133/200 │  0.11s │ bd 2.9737e-02 │ res 1.2619e-01 │ test 9.4867e-01 │ η_eff 6.914e-08
Ep 134/200 │  0.11s │ bd 3.1726e-02 │ res 1.3679e-01 │ test 9.4445e-01 │ η_eff 7.924e-08
Ep 135/200 │  0.12s │ bd 2.9031e-02 │ res 1.0425e-01 │ test 9.5473e-01 │ η_eff 6.469e-08
Ep 136/200 │  0.12s │ bd 2.7775e-02 │ res 9.7696e-02 │ test 9.4852e-01 │ η_eff 6.217e-08
Ep 137/200 │  0.11s │ bd 2.9154e-02 │ res 1.1370e-01 │ test 9.5030e-01 │ η_eff 6.540e-08
Ep 138/200 │  0.11s │ bd 3.1438e-02 │ res 1.0384e-01 │ test 9.5240e-01 │ η_eff 9.080e-08
Ep 139/200 │  0.12s │ bd 2.7980e-02 │ res 1.0906e-01 │ test 9.5436e-01 │ η_eff 7.335e-08
Ep 140/200 │  0.13s │ bd 2.9986e-02 │ res 1.1271e-01 │ test 9.5149e-01 │ η_eff 3.740e-08
Ep 141/200 │  0.11s │ bd 2.6807e-02 │ res 1.0867e-01 │ test 9.5233e-01 │ η_eff 3.495e-08
Ep 142/200 │  0.12s │ bd 3.0042e-02 │ res 1.2576e-01 │ test 9.5483e-01 │ η_eff 3.595e-08
Ep 143/200 │  0.11s │ bd 3.2686e-02 │ res 1.4076e-01 │ test 9.4774e-01 │ η_eff 3.141e-08
Ep 144/200 │  0.12s │ bd 2.8241e-02 │ res 1.1216e-01 │ test 9.4349e-01 │ η_eff 3.032e-08
Ep 145/200 │  0.11s │ bd 3.5934e-02 │ res 1.2137e-01 │ test 9.5444e-01 │ η_eff 3.278e-08
Ep 146/200 │  0.12s │ bd 3.0585e-02 │ res 1.0369e-01 │ test 9.5441e-01 │ η_eff 3.258e-08
Ep 147/200 │  0.11s │ bd 2.8081e-02 │ res 1.0073e-01 │ test 9.5079e-01 │ η_eff 3.247e-08
Ep 148/200 │  0.12s │ bd 3.3738e-02 │ res 1.3456e-01 │ test 9.5104e-01 │ η_eff 3.717e-08
Ep 149/200 │  0.11s │ bd 2.9637e-02 │ res 1.2683e-01 │ test 9.4873e-01 │ η_eff 3.803e-08
Ep 150/200 │  0.13s │ bd 3.5177e-02 │ res 1.2147e-01 │ test 9.4503e-01 │ η_eff 1.572e-08
Ep 151/200 │  0.12s │ bd 2.9830e-02 │ res 1.0480e-01 │ test 9.4602e-01 │ η_eff 1.598e-08
Ep 152/200 │  0.12s │ bd 2.8450e-02 │ res 9.5748e-02 │ test 9.4956e-01 │ η_eff 1.613e-08
Ep 153/200 │  0.11s │ bd 3.0469e-02 │ res 1.1445e-01 │ test 9.4791e-01 │ η_eff 1.799e-08
Ep 154/200 │  0.11s │ bd 3.4430e-02 │ res 1.3727e-01 │ test 9.4630e-01 │ η_eff 1.644e-08
Ep 155/200 │  0.11s │ bd 3.2981e-02 │ res 1.0723e-01 │ test 9.4722e-01 │ η_eff 1.831e-08
Ep 156/200 │  0.11s │ bd 3.2266e-02 │ res 1.3291e-01 │ test 9.5374e-01 │ η_eff 1.724e-08
Ep 157/200 │  0.11s │ bd 2.9511e-02 │ res 1.4264e-01 │ test 9.5512e-01 │ η_eff 1.809e-08
Ep 158/200 │  0.11s │ bd 3.0600e-02 │ res 1.3866e-01 │ test 9.5683e-01 │ η_eff 1.652e-08
Ep 159/200 │  0.11s │ bd 2.8972e-02 │ res 1.2136e-01 │ test 9.4996e-01 │ η_eff 2.074e-08
Ep 160/200 │  0.11s │ bd 3.4383e-02 │ res 1.1998e-01 │ test 9.5119e-01 │ η_eff 1.012e-08
Ep 161/200 │  0.11s │ bd 3.1004e-02 │ res 1.3944e-01 │ test 9.4537e-01 │ η_eff 1.023e-08
Ep 162/200 │  0.13s │ bd 3.0123e-02 │ res 1.3732e-01 │ test 9.4550e-01 │ η_eff 9.435e-09
Ep 163/200 │  0.12s │ bd 3.1017e-02 │ res 1.2196e-01 │ test 9.4903e-01 │ η_eff 7.223e-09
Ep 164/200 │  0.11s │ bd 3.0598e-02 │ res 1.4654e-01 │ test 9.4877e-01 │ η_eff 8.288e-09
Ep 165/200 │  0.12s │ bd 2.6967e-02 │ res 1.0695e-01 │ test 9.5281e-01 │ η_eff 7.284e-09
Ep 166/200 │  0.11s │ bd 3.1954e-02 │ res 1.2199e-01 │ test 9.5223e-01 │ η_eff 8.645e-09
Ep 167/200 │  0.11s │ bd 2.8492e-02 │ res 1.1693e-01 │ test 9.5376e-01 │ η_eff 9.159e-09
Ep 168/200 │  0.12s │ bd 2.9372e-02 │ res 1.1334e-01 │ test 9.4605e-01 │ η_eff 9.602e-09
Ep 169/200 │  0.11s │ bd 2.5334e-02 │ res 1.2204e-01 │ test 9.4707e-01 │ η_eff 9.044e-09
Ep 170/200 │  0.11s │ bd 2.9275e-02 │ res 9.6537e-02 │ test 9.4774e-01 │ η_eff 4.692e-09
Ep 171/200 │  0.11s │ bd 3.0914e-02 │ res 1.3593e-01 │ test 9.4504e-01 │ η_eff 4.921e-09
Ep 172/200 │  0.11s │ bd 3.2976e-02 │ res 1.4751e-01 │ test 9.4714e-01 │ η_eff 4.976e-09
Ep 173/200 │  0.12s │ bd 3.3129e-02 │ res 1.2090e-01 │ test 9.5380e-01 │ η_eff 5.143e-09
Ep 174/200 │  0.12s │ bd 3.4054e-02 │ res 1.3420e-01 │ test 9.5056e-01 │ η_eff 6.259e-09
Ep 175/200 │  0.14s │ bd 3.6245e-02 │ res 1.5452e-01 │ test 9.4975e-01 │ η_eff 4.932e-09
Ep 176/200 │  0.11s │ bd 3.0259e-02 │ res 1.1346e-01 │ test 9.4461e-01 │ η_eff 4.473e-09
Ep 177/200 │  0.12s │ bd 3.1450e-02 │ res 1.0471e-01 │ test 9.4378e-01 │ η_eff 5.557e-09
Ep 178/200 │  0.11s │ bd 3.0928e-02 │ res 1.0540e-01 │ test 9.4714e-01 │ η_eff 4.355e-09
Ep 179/200 │  0.12s │ bd 2.6988e-02 │ res 1.0368e-01 │ test 9.5038e-01 │ η_eff 4.676e-09
Ep 180/200 │  0.12s │ bd 3.1967e-02 │ res 1.0864e-01 │ test 9.4965e-01 │ η_eff 2.755e-09
Ep 181/200 │  0.11s │ bd 3.1826e-02 │ res 1.0690e-01 │ test 9.5141e-01 │ η_eff 2.276e-09
Ep 182/200 │  0.11s │ bd 2.9107e-02 │ res 1.2044e-01 │ test 9.5141e-01 │ η_eff 2.627e-09
Ep 183/200 │  0.12s │ bd 3.2674e-02 │ res 1.2668e-01 │ test 9.5118e-01 │ η_eff 2.855e-09
Ep 184/200 │  0.11s │ bd 3.1114e-02 │ res 1.0719e-01 │ test 9.4840e-01 │ η_eff 3.428e-09
Ep 185/200 │  0.11s │ bd 3.3565e-02 │ res 1.1194e-01 │ test 9.4858e-01 │ η_eff 2.577e-09
Ep 186/200 │  0.11s │ bd 2.6096e-02 │ res 9.3348e-02 │ test 9.5050e-01 │ η_eff 2.572e-09
Ep 187/200 │  0.11s │ bd 3.0929e-02 │ res 1.1012e-01 │ test 9.4948e-01 │ η_eff 2.191e-09
Ep 188/200 │  0.12s │ bd 3.4409e-02 │ res 1.1970e-01 │ test 9.4917e-01 │ η_eff 2.745e-09
Ep 189/200 │  0.12s │ bd 3.1175e-02 │ res 1.3163e-01 │ test 9.5275e-01 │ η_eff 3.063e-09
Ep 190/200 │  0.12s │ bd 4.3435e-02 │ res 1.4143e-01 │ test 9.5068e-01 │ η_eff 1.448e-09
Ep 191/200 │  0.11s │ bd 3.3477e-02 │ res 1.2001e-01 │ test 9.5081e-01 │ η_eff 1.204e-09
Ep 192/200 │  0.11s │ bd 3.0547e-02 │ res 1.1553e-01 │ test 9.4620e-01 │ η_eff 1.212e-09
Ep 193/200 │  0.11s │ bd 2.6587e-02 │ res 1.2440e-01 │ test 9.5420e-01 │ η_eff 1.187e-09
Ep 194/200 │  0.11s │ bd 2.5853e-02 │ res 9.7077e-02 │ test 9.5148e-01 │ η_eff 1.317e-09
Ep 195/200 │  0.11s │ bd 2.6744e-02 │ res 1.0251e-01 │ test 9.5054e-01 │ η_eff 1.164e-09
Ep 196/200 │  0.11s │ bd 2.9437e-02 │ res 1.0982e-01 │ test 9.5013e-01 │ η_eff 1.420e-09
Ep 197/200 │  0.12s │ bd 3.1572e-02 │ res 1.0746e-01 │ test 9.5181e-01 │ η_eff 1.379e-09
Ep 198/200 │  0.11s │ bd 2.9744e-02 │ res 1.0568e-01 │ test 9.5437e-01 │ η_eff 1.276e-09
Ep 199/200 │  0.11s │ bd 3.4428e-02 │ res 1.2913e-01 │ test 9.5039e-01 │ η_eff 1.414e-09
Ep 200/200 │  0.11s │ bd 2.6929e-02 │ res 1.1058e-01 │ test 9.4883e-01 │ η_eff 7.011e-10
→ Saved: loss/Burger1d_phisfno_ss_90_Adam_ep200_visc0.1_m32_w64_s33/loss_full_loss_1.csv
→ Model saved: model/Burger1d_phisfno_ss_90_Adam_ep200_visc0.1_m32_w64_s33
→ Eta-term history: loss/Burger1d_phisfno_ss_90_Adam_ep200_visc0.1_m32_w64_s33/eta_term_history.csv
  sample 0: test L2 = 9.1763e-01
  sample 1: test L2 = 6.8115e-01
  sample 2: test L2 = 6.2127e-01
  sample 3: test L2 = 8.3558e-01
  sample 4: test L2 = 2.1473e+00
  sample 5: test L2 = 8.8429e-01
  sample 6: test L2 = 6.9923e-01
  sample 7: test L2 = 7.9460e-01
  sample 8: test L2 = 8.2226e-01
  sample 9: test L2 = 1.0850e+00
→ Predictions saved: burger_test_phisfno_ss.mat
→ Figure saved: image/Burger1d_phisfno_ss_90_Adam_ep200_visc0.1_m32_w64_s33/final_velocity.png
