loaded 1D buffers
[train_model] model=phisfno | training=multistage_nr | S=2048 | nu=0.1 | dt=0.1 | modes=32 | width=64
Model parameters: 550,339

=== Phase 'full_loss_1' | epochs 100 ===

Ep   1/100 │  0.45s │ bd 5.3913e+00 │ res 4.5593e+01 │ test 5.3388e+00 │ η_eff 2.380e-03
Ep   2/100 │  0.11s │ bd 1.9279e+00 │ res 2.4815e+01 │ test 1.2788e+00 │ η_eff 1.013e-03
Ep   3/100 │  0.11s │ bd 9.6305e-01 │ res 1.6913e+01 │ test 9.5937e-01 │ η_eff 5.203e-04
Ep   4/100 │  0.11s │ bd 6.1928e-01 │ res 8.6442e+00 │ test 4.8239e-01 │ η_eff 3.250e-04
Ep   5/100 │  0.11s │ bd 5.6269e-01 │ res 4.9239e+00 │ test 5.4005e-01 │ η_eff 2.257e-04
Ep   6/100 │  0.11s │ bd 8.1401e-01 │ res 3.1442e+00 │ test 6.4825e-01 │ η_eff 1.759e-04
Ep   7/100 │  0.12s │ bd 4.6115e-01 │ res 2.6578e+00 │ test 5.9342e-01 │ η_eff 1.720e-04
Ep   8/100 │  0.11s │ bd 3.5488e-01 │ res 2.3105e+00 │ test 4.0276e-01 │ η_eff 1.443e-04
Ep   9/100 │  0.11s │ bd 2.5194e-01 │ res 1.7844e+00 │ test 4.1290e-01 │ η_eff 1.437e-04
Ep  10/100 │  0.11s │ bd 3.1566e-01 │ res 1.6579e+00 │ test 4.0879e-01 │ η_eff 7.854e-05
Ep  11/100 │  0.11s │ bd 2.1102e-01 │ res 1.3286e+00 │ test 3.1572e-01 │ η_eff 7.728e-05
Ep  12/100 │  0.11s │ bd 1.9498e-01 │ res 1.1874e+00 │ test 3.6895e-01 │ η_eff 7.378e-05
Ep  13/100 │  0.11s │ bd 2.6632e-01 │ res 1.2651e+00 │ test 4.5014e-01 │ η_eff 1.166e-04
Ep  14/100 │  0.11s │ bd 3.7226e-01 │ res 1.3500e+00 │ test 3.3310e-01 │ η_eff 7.035e-05
Ep  15/100 │  0.11s │ bd 1.9532e-01 │ res 1.1509e+00 │ test 3.1280e-01 │ η_eff 1.003e-04
Ep  16/100 │  0.11s │ bd 3.0471e-01 │ res 1.1154e+00 │ test 3.1859e-01 │ η_eff 1.048e-04
Ep  17/100 │  0.11s │ bd 2.9025e-01 │ res 9.8290e-01 │ test 2.7446e-01 │ η_eff 1.049e-04
Ep  18/100 │  0.11s │ bd 2.8078e-01 │ res 8.8396e-01 │ test 2.7280e-01 │ η_eff 1.018e-04
Ep  19/100 │  0.12s │ bd 1.9425e-01 │ res 9.4454e-01 │ test 3.0250e-01 │ η_eff 8.220e-05
Ep  20/100 │  0.11s │ bd 1.6410e-01 │ res 9.1849e-01 │ test 3.2253e-01 │ η_eff 5.160e-05
Ep  21/100 │  0.11s │ bd 1.4611e-01 │ res 7.5924e-01 │ test 2.7167e-01 │ η_eff 3.983e-05
Ep  22/100 │  0.11s │ bd 1.1545e-01 │ res 6.3799e-01 │ test 2.7828e-01 │ η_eff 4.806e-05
Ep  23/100 │  0.11s │ bd 1.2753e-01 │ res 6.7835e-01 │ test 2.3299e-01 │ η_eff 4.385e-05
Ep  24/100 │  0.11s │ bd 1.0687e-01 │ res 5.6889e-01 │ test 2.7201e-01 │ η_eff 4.851e-05
Ep  25/100 │  0.11s │ bd 9.2623e-02 │ res 4.3443e-01 │ test 2.6365e-01 │ η_eff 5.067e-05
Ep  26/100 │  0.11s │ bd 1.5054e-01 │ res 5.2732e-01 │ test 2.9555e-01 │ η_eff 5.720e-05
Ep  27/100 │  0.11s │ bd 1.1679e-01 │ res 5.3374e-01 │ test 2.6464e-01 │ η_eff 4.711e-05
Ep  28/100 │  0.11s │ bd 8.7738e-02 │ res 4.1151e-01 │ test 2.6429e-01 │ η_eff 4.364e-05
Ep  29/100 │  0.11s │ bd 1.0203e-01 │ res 4.9220e-01 │ test 2.8851e-01 │ η_eff 5.283e-05
Ep  30/100 │  0.11s │ bd 9.1687e-02 │ res 4.1757e-01 │ test 2.7227e-01 │ η_eff 2.424e-05
Ep  31/100 │  0.12s │ bd 8.3436e-02 │ res 5.1650e-01 │ test 2.6462e-01 │ η_eff 2.364e-05
Ep  32/100 │  0.11s │ bd 7.3947e-02 │ res 4.1293e-01 │ test 2.6116e-01 │ η_eff 2.280e-05
Ep  33/100 │  0.11s │ bd 7.6022e-02 │ res 3.8402e-01 │ test 2.6439e-01 │ η_eff 2.488e-05
Ep  34/100 │  0.12s │ bd 6.4406e-02 │ res 3.2576e-01 │ test 2.7894e-01 │ η_eff 2.811e-05
Ep  35/100 │  0.11s │ bd 6.7315e-02 │ res 3.3592e-01 │ test 2.6051e-01 │ η_eff 2.277e-05
Ep  36/100 │  0.11s │ bd 6.8815e-02 │ res 3.9780e-01 │ test 2.6681e-01 │ η_eff 2.346e-05
Ep  37/100 │  0.11s │ bd 7.0472e-02 │ res 3.7784e-01 │ test 2.9550e-01 │ η_eff 2.708e-05
Ep  38/100 │  0.11s │ bd 6.5712e-02 │ res 3.3625e-01 │ test 2.8539e-01 │ η_eff 2.518e-05
Ep  39/100 │  0.11s │ bd 7.9506e-02 │ res 3.6348e-01 │ test 2.9063e-01 │ η_eff 3.783e-05
Ep  40/100 │  0.11s │ bd 9.2221e-02 │ res 3.7669e-01 │ test 2.5150e-01 │ η_eff 2.202e-05
Ep  41/100 │  0.12s │ bd 8.4547e-02 │ res 3.2404e-01 │ test 2.8931e-01 │ η_eff 2.081e-05
Ep  42/100 │  0.11s │ bd 7.0336e-02 │ res 3.2971e-01 │ test 2.7605e-01 │ η_eff 1.544e-05
Ep  43/100 │  0.12s │ bd 5.5841e-02 │ res 3.4211e-01 │ test 3.0044e-01 │ η_eff 1.658e-05
Ep  44/100 │  0.11s │ bd 6.3271e-02 │ res 3.3091e-01 │ test 2.8869e-01 │ η_eff 2.121e-05
Ep  45/100 │  0.11s │ bd 7.2495e-02 │ res 3.4194e-01 │ test 2.9149e-01 │ η_eff 2.214e-05
Ep  46/100 │  0.11s │ bd 7.9905e-02 │ res 3.4348e-01 │ test 3.0253e-01 │ η_eff 1.738e-05
Ep  47/100 │  0.11s │ bd 6.3916e-02 │ res 2.7464e-01 │ test 2.7897e-01 │ η_eff 1.577e-05
Ep  48/100 │  0.11s │ bd 5.5998e-02 │ res 2.6795e-01 │ test 2.8546e-01 │ η_eff 1.610e-05
Ep  49/100 │  0.11s │ bd 6.7313e-02 │ res 3.0879e-01 │ test 2.9160e-01 │ η_eff 2.089e-05
Ep  50/100 │  0.11s │ bd 7.6921e-02 │ res 3.1667e-01 │ test 2.8333e-01 │ η_eff 7.296e-06
Ep  51/100 │  0.11s │ bd 5.3501e-02 │ res 2.8883e-01 │ test 2.7753e-01 │ η_eff 9.892e-06
Ep  52/100 │  0.11s │ bd 5.4953e-02 │ res 3.0471e-01 │ test 2.7764e-01 │ η_eff 9.211e-06
Ep  53/100 │  0.12s │ bd 4.8262e-02 │ res 2.5776e-01 │ test 2.8960e-01 │ η_eff 8.282e-06
Ep  54/100 │  0.11s │ bd 4.8609e-02 │ res 2.8560e-01 │ test 2.7468e-01 │ η_eff 8.345e-06
Ep  55/100 │  0.11s │ bd 4.4894e-02 │ res 2.6132e-01 │ test 2.7905e-01 │ η_eff 8.997e-06
Ep  56/100 │  0.12s │ bd 5.9278e-02 │ res 2.8059e-01 │ test 2.8377e-01 │ η_eff 7.767e-06
Ep  57/100 │  0.12s │ bd 5.2012e-02 │ res 2.4327e-01 │ test 2.7865e-01 │ η_eff 7.776e-06
Ep  58/100 │  0.12s │ bd 4.7524e-02 │ res 2.5867e-01 │ test 2.8161e-01 │ η_eff 9.178e-06
Ep  59/100 │  0.12s │ bd 4.5496e-02 │ res 2.4161e-01 │ test 2.9375e-01 │ η_eff 9.052e-06
Ep  60/100 │  0.11s │ bd 3.9829e-02 │ res 2.1447e-01 │ test 2.7366e-01 │ η_eff 5.370e-06
Ep  61/100 │  0.11s │ bd 6.6393e-02 │ res 3.3464e-01 │ test 2.7456e-01 │ η_eff 6.825e-06
Ep  62/100 │  0.12s │ bd 4.5305e-02 │ res 2.2528e-01 │ test 2.8406e-01 │ η_eff 4.969e-06
Ep  63/100 │  0.12s │ bd 4.5280e-02 │ res 2.4724e-01 │ test 2.8498e-01 │ η_eff 4.614e-06
Ep  64/100 │  0.11s │ bd 5.0086e-02 │ res 2.5281e-01 │ test 2.8435e-01 │ η_eff 5.205e-06
Ep  65/100 │  0.11s │ bd 4.7418e-02 │ res 2.7580e-01 │ test 2.7850e-01 │ η_eff 4.827e-06
Ep  66/100 │  0.11s │ bd 5.5693e-02 │ res 2.4524e-01 │ test 2.8515e-01 │ η_eff 8.169e-06
Ep  67/100 │  0.12s │ bd 4.9980e-02 │ res 2.7468e-01 │ test 2.8651e-01 │ η_eff 5.006e-06
Ep  68/100 │  0.11s │ bd 4.1801e-02 │ res 2.7433e-01 │ test 2.8763e-01 │ η_eff 4.673e-06
Ep  69/100 │  0.11s │ bd 5.0989e-02 │ res 2.7020e-01 │ test 2.8244e-01 │ η_eff 4.910e-06
Ep  70/100 │  0.11s │ bd 4.1914e-02 │ res 2.2486e-01 │ test 2.8390e-01 │ η_eff 2.379e-06
Ep  71/100 │  0.11s │ bd 6.0589e-02 │ res 2.9364e-01 │ test 2.8799e-01 │ η_eff 2.170e-06
Ep  72/100 │  0.12s │ bd 3.8280e-02 │ res 2.2504e-01 │ test 2.8407e-01 │ η_eff 2.382e-06
Ep  73/100 │  0.11s │ bd 3.6555e-02 │ res 2.1130e-01 │ test 2.8427e-01 │ η_eff 2.085e-06
Ep  74/100 │  0.12s │ bd 5.4110e-02 │ res 2.9641e-01 │ test 2.8234e-01 │ η_eff 2.213e-06
Ep  75/100 │  0.11s │ bd 3.6839e-02 │ res 2.2021e-01 │ test 2.8134e-01 │ η_eff 2.769e-06
Ep  76/100 │  0.11s │ bd 3.5016e-02 │ res 2.1977e-01 │ test 2.8382e-01 │ η_eff 1.957e-06
Ep  77/100 │  0.11s │ bd 4.4114e-02 │ res 2.4581e-01 │ test 2.8502e-01 │ η_eff 2.656e-06
Ep  78/100 │  0.11s │ bd 4.6132e-02 │ res 2.6860e-01 │ test 2.8016e-01 │ η_eff 2.551e-06
Ep  79/100 │  0.11s │ bd 3.6928e-02 │ res 2.3125e-01 │ test 2.8240e-01 │ η_eff 3.060e-06
Ep  80/100 │  0.11s │ bd 4.6723e-02 │ res 2.4488e-01 │ test 2.8309e-01 │ η_eff 1.195e-06
Ep  81/100 │  0.11s │ bd 4.4864e-02 │ res 2.8461e-01 │ test 2.8404e-01 │ η_eff 1.565e-06
Ep  82/100 │  0.11s │ bd 3.4588e-02 │ res 2.2904e-01 │ test 2.8382e-01 │ η_eff 1.268e-06
Ep  83/100 │  0.12s │ bd 4.4111e-02 │ res 2.5786e-01 │ test 2.8584e-01 │ η_eff 1.247e-06
Ep  84/100 │  0.11s │ bd 4.2690e-02 │ res 2.5309e-01 │ test 2.8528e-01 │ η_eff 1.223e-06
Ep  85/100 │  0.11s │ bd 4.3534e-02 │ res 2.4404e-01 │ test 2.8884e-01 │ η_eff 1.203e-06
Ep  86/100 │  0.11s │ bd 4.5291e-02 │ res 2.6285e-01 │ test 2.8835e-01 │ η_eff 1.198e-06
Ep  87/100 │  0.11s │ bd 5.6985e-02 │ res 3.6943e-01 │ test 2.8551e-01 │ η_eff 1.575e-06
Ep  88/100 │  0.11s │ bd 3.4639e-02 │ res 2.1235e-01 │ test 2.8679e-01 │ η_eff 1.601e-06
Ep  89/100 │  0.11s │ bd 3.6160e-02 │ res 2.2288e-01 │ test 2.8804e-01 │ η_eff 1.294e-06
Ep  90/100 │  0.12s │ bd 4.4602e-02 │ res 2.3408e-01 │ test 2.8701e-01 │ η_eff 5.896e-07
Ep  91/100 │  0.12s │ bd 4.8019e-02 │ res 2.7191e-01 │ test 2.8551e-01 │ η_eff 5.850e-07
Ep  92/100 │  0.12s │ bd 3.8869e-02 │ res 2.7455e-01 │ test 2.8530e-01 │ η_eff 7.285e-07
Ep  93/100 │  0.12s │ bd 4.1074e-02 │ res 2.1354e-01 │ test 2.8639e-01 │ η_eff 7.282e-07
Ep  94/100 │  0.11s │ bd 3.2522e-02 │ res 2.2117e-01 │ test 2.8641e-01 │ η_eff 6.683e-07
Ep  95/100 │  0.11s │ bd 3.7297e-02 │ res 2.2796e-01 │ test 2.8711e-01 │ η_eff 6.824e-07
Ep  96/100 │  0.11s │ bd 3.9984e-02 │ res 2.3190e-01 │ test 2.8443e-01 │ η_eff 7.048e-07
Ep  97/100 │  0.11s │ bd 5.0534e-02 │ res 3.0713e-01 │ test 2.8412e-01 │ η_eff 9.011e-07
Ep  98/100 │  0.11s │ bd 4.0116e-02 │ res 2.3463e-01 │ test 2.8638e-01 │ η_eff 8.705e-07
Ep  99/100 │  0.11s │ bd 3.9845e-02 │ res 2.5802e-01 │ test 2.8541e-01 │ η_eff 7.443e-07
Ep 100/100 │  0.12s │ bd 5.3975e-02 │ res 2.5194e-01 │ test 2.8194e-01 │ η_eff 4.505e-07
→ Saved: loss/Burger1d_phisfno_ms_nr_90_Adam_ep100_visc0.1_m32_w64_s22/loss_full_loss_1.csv

=== Phase 'full_loss_2' | epochs 100 ===

Ep   1/100 │  0.11s │ bd 5.2242e-02 │ res 3.3158e-01 │ test 2.8272e-01 │ η_eff 3.468e-07
Ep   2/100 │  0.12s │ bd 3.5637e-02 │ res 2.6225e-01 │ test 2.8414e-01 │ η_eff 2.937e-07
Ep   3/100 │  0.11s │ bd 4.5586e-02 │ res 2.4020e-01 │ test 2.8452e-01 │ η_eff 2.960e-07
Ep   4/100 │  0.11s │ bd 4.4382e-02 │ res 2.4890e-01 │ test 2.8452e-01 │ η_eff 3.175e-07
Ep   5/100 │  0.11s │ bd 4.2831e-02 │ res 2.8420e-01 │ test 2.8455e-01 │ η_eff 3.340e-07
Ep   6/100 │  0.12s │ bd 4.7127e-02 │ res 2.6045e-01 │ test 2.8341e-01 │ η_eff 2.661e-07
Ep   7/100 │  0.12s │ bd 4.2435e-02 │ res 2.3627e-01 │ test 2.8397e-01 │ η_eff 3.514e-07
Ep   8/100 │  0.11s │ bd 3.7360e-02 │ res 2.3684e-01 │ test 2.8411e-01 │ η_eff 2.855e-07
Ep   9/100 │  0.12s │ bd 4.2094e-02 │ res 3.0737e-01 │ test 2.8379e-01 │ η_eff 3.369e-07
Ep  10/100 │  0.11s │ bd 4.6522e-02 │ res 2.6010e-01 │ test 2.8640e-01 │ η_eff 1.262e-07
Ep  11/100 │  0.11s │ bd 3.9680e-02 │ res 2.3444e-01 │ test 2.8526e-01 │ η_eff 1.381e-07
Ep  12/100 │  0.12s │ bd 4.5167e-02 │ res 2.7451e-01 │ test 2.8490e-01 │ η_eff 1.385e-07
Ep  13/100 │  0.12s │ bd 4.2985e-02 │ res 2.7667e-01 │ test 2.8424e-01 │ η_eff 1.300e-07
Ep  14/100 │  0.12s │ bd 3.5670e-02 │ res 2.2891e-01 │ test 2.8592e-01 │ η_eff 1.445e-07
Ep  15/100 │  0.11s │ bd 3.6347e-02 │ res 2.4772e-01 │ test 2.8588e-01 │ η_eff 1.366e-07
Ep  16/100 │  0.11s │ bd 4.7255e-02 │ res 3.0139e-01 │ test 2.8374e-01 │ η_eff 1.263e-07
Ep  17/100 │  0.11s │ bd 3.9940e-02 │ res 2.2318e-01 │ test 2.8456e-01 │ η_eff 1.401e-07
Ep  18/100 │  0.11s │ bd 3.7239e-02 │ res 2.2204e-01 │ test 2.8596e-01 │ η_eff 1.353e-07
Ep  19/100 │  0.11s │ bd 3.5901e-02 │ res 2.2928e-01 │ test 2.8564e-01 │ η_eff 1.438e-07
Ep  20/100 │  0.12s │ bd 4.4797e-02 │ res 2.6016e-01 │ test 2.8774e-01 │ η_eff 8.229e-08
Ep  21/100 │  0.11s │ bd 3.3103e-02 │ res 2.0736e-01 │ test 2.8564e-01 │ η_eff 7.739e-08
Ep  22/100 │  0.11s │ bd 3.7359e-02 │ res 2.6282e-01 │ test 2.8630e-01 │ η_eff 8.095e-08
Ep  23/100 │  0.11s │ bd 4.0653e-02 │ res 2.6205e-01 │ test 2.8674e-01 │ η_eff 7.497e-08
Ep  24/100 │  0.11s │ bd 3.8113e-02 │ res 2.2495e-01 │ test 2.8674e-01 │ η_eff 8.061e-08
Ep  25/100 │  0.12s │ bd 4.2525e-02 │ res 2.4495e-01 │ test 2.8519e-01 │ η_eff 8.133e-08
Ep  26/100 │  0.11s │ bd 3.8908e-02 │ res 2.4921e-01 │ test 2.8411e-01 │ η_eff 7.796e-08
Ep  27/100 │  0.11s │ bd 3.8706e-02 │ res 2.1983e-01 │ test 2.8388e-01 │ η_eff 8.395e-08
Ep  28/100 │  0.11s │ bd 4.0604e-02 │ res 2.4850e-01 │ test 2.8225e-01 │ η_eff 1.006e-07
Ep  29/100 │  0.11s │ bd 3.7247e-02 │ res 2.2159e-01 │ test 2.8364e-01 │ η_eff 1.005e-07
Ep  30/100 │  0.11s │ bd 3.9789e-02 │ res 2.2402e-01 │ test 2.8495e-01 │ η_eff 4.553e-08
Ep  31/100 │  0.12s │ bd 3.2142e-02 │ res 2.2411e-01 │ test 2.8445e-01 │ η_eff 4.091e-08
Ep  32/100 │  0.11s │ bd 4.3425e-02 │ res 3.0169e-01 │ test 2.8466e-01 │ η_eff 4.599e-08
Ep  33/100 │  0.11s │ bd 3.5566e-02 │ res 2.4551e-01 │ test 2.8388e-01 │ η_eff 3.672e-08
Ep  34/100 │  0.12s │ bd 3.3251e-02 │ res 2.3393e-01 │ test 2.8357e-01 │ η_eff 4.165e-08
Ep  35/100 │  0.11s │ bd 4.2438e-02 │ res 2.6702e-01 │ test 2.8420e-01 │ η_eff 4.279e-08
Ep  36/100 │  0.11s │ bd 4.6522e-02 │ res 2.8596e-01 │ test 2.8375e-01 │ η_eff 4.989e-08
Ep  37/100 │  0.12s │ bd 3.8564e-02 │ res 2.4324e-01 │ test 2.8529e-01 │ η_eff 4.467e-08
Ep  38/100 │  0.12s │ bd 3.7640e-02 │ res 2.3430e-01 │ test 2.8673e-01 │ η_eff 4.237e-08
Ep  39/100 │  0.12s │ bd 4.2833e-02 │ res 2.4379e-01 │ test 2.8503e-01 │ η_eff 4.545e-08
Ep  40/100 │  0.11s │ bd 3.3159e-02 │ res 2.2865e-01 │ test 2.8583e-01 │ η_eff 2.325e-08
Ep  41/100 │  0.11s │ bd 4.9727e-02 │ res 2.7788e-01 │ test 2.8313e-01 │ η_eff 2.190e-08
Ep  42/100 │  0.12s │ bd 3.0773e-02 │ res 2.2593e-01 │ test 2.8465e-01 │ η_eff 2.136e-08
Ep  43/100 │  0.11s │ bd 4.9163e-02 │ res 2.5019e-01 │ test 2.8657e-01 │ η_eff 2.256e-08
Ep  44/100 │  0.11s │ bd 4.7617e-02 │ res 2.8090e-01 │ test 2.8620e-01 │ η_eff 2.317e-08
Ep  45/100 │  0.11s │ bd 3.5402e-02 │ res 2.2868e-01 │ test 2.8498e-01 │ η_eff 2.075e-08
Ep  46/100 │  0.11s │ bd 4.3971e-02 │ res 2.4434e-01 │ test 2.8451e-01 │ η_eff 2.364e-08
Ep  47/100 │  0.12s │ bd 4.2191e-02 │ res 2.6835e-01 │ test 2.8459e-01 │ η_eff 2.357e-08
Ep  48/100 │  0.12s │ bd 3.3481e-02 │ res 2.1545e-01 │ test 2.8526e-01 │ η_eff 2.283e-08
Ep  49/100 │  0.11s │ bd 3.3138e-02 │ res 2.1968e-01 │ test 2.8600e-01 │ η_eff 2.177e-08
Ep  50/100 │  0.11s │ bd 3.8174e-02 │ res 2.3367e-01 │ test 2.8630e-01 │ η_eff 1.194e-08
Ep  51/100 │  0.11s │ bd 3.6188e-02 │ res 2.3796e-01 │ test 2.8620e-01 │ η_eff 1.216e-08
Ep  52/100 │  0.12s │ bd 3.5817e-02 │ res 2.2441e-01 │ test 2.8419e-01 │ η_eff 1.220e-08
Ep  53/100 │  0.11s │ bd 4.5816e-02 │ res 2.3612e-01 │ test 2.8490e-01 │ η_eff 1.121e-08
Ep  54/100 │  0.11s │ bd 3.7689e-02 │ res 2.1957e-01 │ test 2.8443e-01 │ η_eff 1.070e-08
Ep  55/100 │  0.11s │ bd 4.6046e-02 │ res 3.1978e-01 │ test 2.8404e-01 │ η_eff 1.244e-08
Ep  56/100 │  0.11s │ bd 3.7623e-02 │ res 2.5209e-01 │ test 2.8475e-01 │ η_eff 1.076e-08
Ep  57/100 │  0.11s │ bd 4.7466e-02 │ res 2.5432e-01 │ test 2.8631e-01 │ η_eff 1.207e-08
Ep  58/100 │  0.11s │ bd 3.8972e-02 │ res 2.2025e-01 │ test 2.8540e-01 │ η_eff 1.045e-08
Ep  59/100 │  0.12s │ bd 4.0990e-02 │ res 2.2839e-01 │ test 2.8530e-01 │ η_eff 1.224e-08
Ep  60/100 │  0.11s │ bd 3.5623e-02 │ res 2.2511e-01 │ test 2.8531e-01 │ η_eff 5.199e-09
Ep  61/100 │  0.11s │ bd 3.8074e-02 │ res 2.2820e-01 │ test 2.8365e-01 │ η_eff 5.748e-09
Ep  62/100 │  0.12s │ bd 4.1144e-02 │ res 2.6654e-01 │ test 2.8380e-01 │ η_eff 5.970e-09
Ep  63/100 │  0.12s │ bd 4.2579e-02 │ res 2.6586e-01 │ test 2.8459e-01 │ η_eff 7.252e-09
Ep  64/100 │  0.11s │ bd 4.1169e-02 │ res 2.4222e-01 │ test 2.8740e-01 │ η_eff 6.055e-09
Ep  65/100 │  0.11s │ bd 4.1354e-02 │ res 2.5560e-01 │ test 2.8471e-01 │ η_eff 6.425e-09
Ep  66/100 │  0.12s │ bd 4.3857e-02 │ res 2.6515e-01 │ test 2.8592e-01 │ η_eff 6.040e-09
Ep  67/100 │  0.11s │ bd 3.4605e-02 │ res 2.4603e-01 │ test 2.8497e-01 │ η_eff 5.438e-09
Ep  68/100 │  0.11s │ bd 4.0828e-02 │ res 2.4699e-01 │ test 2.8344e-01 │ η_eff 6.132e-09
Ep  69/100 │  0.12s │ bd 4.7237e-02 │ res 2.6032e-01 │ test 2.8389e-01 │ η_eff 5.982e-09
Ep  70/100 │  0.11s │ bd 4.4976e-02 │ res 2.7901e-01 │ test 2.8399e-01 │ η_eff 2.893e-09
Ep  71/100 │  0.11s │ bd 4.4072e-02 │ res 2.7591e-01 │ test 2.8526e-01 │ η_eff 2.804e-09
Ep  72/100 │  0.13s │ bd 4.4082e-02 │ res 2.6825e-01 │ test 2.8388e-01 │ η_eff 2.998e-09
Ep  73/100 │  0.11s │ bd 4.2937e-02 │ res 2.5861e-01 │ test 2.8360e-01 │ η_eff 2.804e-09
Ep  74/100 │  0.12s │ bd 4.9300e-02 │ res 2.8038e-01 │ test 2.8632e-01 │ η_eff 2.994e-09
Ep  75/100 │  0.11s │ bd 3.5309e-02 │ res 2.0397e-01 │ test 2.8678e-01 │ η_eff 2.996e-09
Ep  76/100 │  0.11s │ bd 3.5122e-02 │ res 2.3550e-01 │ test 2.8602e-01 │ η_eff 2.958e-09
Ep  77/100 │  0.11s │ bd 3.4593e-02 │ res 2.2191e-01 │ test 2.8569e-01 │ η_eff 3.384e-09
Ep  78/100 │  0.11s │ bd 4.0968e-02 │ res 2.6289e-01 │ test 2.8437e-01 │ η_eff 3.487e-09
Ep  79/100 │  0.11s │ bd 5.7828e-02 │ res 2.9542e-01 │ test 2.8250e-01 │ η_eff 3.834e-09
Ep  80/100 │  0.11s │ bd 4.3683e-02 │ res 2.6436e-01 │ test 2.8518e-01 │ η_eff 1.391e-09
Ep  81/100 │  0.11s │ bd 4.4762e-02 │ res 2.5338e-01 │ test 2.8513e-01 │ η_eff 1.523e-09
Ep  82/100 │  0.11s │ bd 4.0934e-02 │ res 2.4600e-01 │ test 2.8679e-01 │ η_eff 1.520e-09
Ep  83/100 │  0.11s │ bd 4.0803e-02 │ res 2.3645e-01 │ test 2.8393e-01 │ η_eff 1.552e-09
Ep  84/100 │  0.11s │ bd 4.1991e-02 │ res 2.5629e-01 │ test 2.8634e-01 │ η_eff 1.611e-09
Ep  85/100 │  0.12s │ bd 3.5424e-02 │ res 2.1400e-01 │ test 2.8577e-01 │ η_eff 1.653e-09
Ep  86/100 │  0.11s │ bd 3.9154e-02 │ res 2.5755e-01 │ test 2.8534e-01 │ η_eff 1.750e-09
Ep  87/100 │  0.11s │ bd 3.9263e-02 │ res 2.0439e-01 │ test 2.8369e-01 │ η_eff 1.519e-09
Ep  88/100 │  0.12s │ bd 3.5007e-02 │ res 2.3440e-01 │ test 2.8547e-01 │ η_eff 1.460e-09
Ep  89/100 │  0.11s │ bd 4.2338e-02 │ res 2.6112e-01 │ test 2.8367e-01 │ η_eff 1.969e-09
Ep  90/100 │  0.11s │ bd 4.1116e-02 │ res 2.4393e-01 │ test 2.8632e-01 │ η_eff 9.249e-10
Ep  91/100 │  0.11s │ bd 4.1955e-02 │ res 2.4859e-01 │ test 2.8469e-01 │ η_eff 1.046e-09
Ep  92/100 │  0.11s │ bd 4.1415e-02 │ res 2.2449e-01 │ test 2.8540e-01 │ η_eff 8.765e-10
Ep  93/100 │  0.11s │ bd 4.2002e-02 │ res 2.3570e-01 │ test 2.8598e-01 │ η_eff 8.922e-10
Ep  94/100 │  0.12s │ bd 3.3939e-02 │ res 2.1860e-01 │ test 2.8608e-01 │ η_eff 8.858e-10
Ep  95/100 │  0.11s │ bd 3.6649e-02 │ res 2.4279e-01 │ test 2.8449e-01 │ η_eff 8.345e-10
Ep  96/100 │  0.11s │ bd 4.0084e-02 │ res 2.5189e-01 │ test 2.8604e-01 │ η_eff 8.350e-10
Ep  97/100 │  0.11s │ bd 3.6294e-02 │ res 2.3391e-01 │ test 2.8646e-01 │ η_eff 7.977e-10
Ep  98/100 │  0.11s │ bd 3.5823e-02 │ res 2.2515e-01 │ test 2.8653e-01 │ η_eff 9.630e-10
Ep  99/100 │  0.11s │ bd 4.2572e-02 │ res 2.3705e-01 │ test 2.8566e-01 │ η_eff 9.454e-10
Ep 100/100 │  0.11s │ bd 4.3931e-02 │ res 2.2762e-01 │ test 2.8381e-01 │ η_eff 4.069e-10
→ Saved: loss/Burger1d_phisfno_ms_nr_90_Adam_ep100_visc0.1_m32_w64_s22/loss_full_loss_2.csv

=== Phase 'full_loss_3' | epochs 100 ===

Ep   1/100 │  0.12s │ bd 3.7786e-02 │ res 2.2393e-01 │ test 2.8498e-01 │ η_eff 5.225e-10
Ep   2/100 │  0.11s │ bd 3.5275e-02 │ res 2.3828e-01 │ test 2.8461e-01 │ η_eff 5.180e-10
Ep   3/100 │  0.11s │ bd 3.5933e-02 │ res 2.3017e-01 │ test 2.8465e-01 │ η_eff 4.802e-10
Ep   4/100 │  0.11s │ bd 3.8175e-02 │ res 2.3615e-01 │ test 2.8385e-01 │ η_eff 5.659e-10
Ep   5/100 │  0.11s │ bd 4.0645e-02 │ res 2.2821e-01 │ test 2.8510e-01 │ η_eff 4.562e-10
Ep   6/100 │  0.11s │ bd 4.8481e-02 │ res 2.6093e-01 │ test 2.8556e-01 │ η_eff 4.759e-10
Ep   7/100 │  0.11s │ bd 4.2943e-02 │ res 2.6343e-01 │ test 2.8474e-01 │ η_eff 4.883e-10
Ep   8/100 │  0.12s │ bd 4.0143e-02 │ res 2.2693e-01 │ test 2.8434e-01 │ η_eff 5.109e-10
Ep   9/100 │  0.11s │ bd 4.0718e-02 │ res 2.5082e-01 │ test 2.8554e-01 │ η_eff 5.121e-10
Ep  10/100 │  0.11s │ bd 3.2647e-02 │ res 2.2061e-01 │ test 2.8520e-01 │ η_eff 2.592e-10
Ep  11/100 │  0.11s │ bd 4.8742e-02 │ res 2.6176e-01 │ test 2.8458e-01 │ η_eff 2.863e-10
Ep  12/100 │  0.11s │ bd 4.8397e-02 │ res 2.5638e-01 │ test 2.8489e-01 │ η_eff 2.527e-10
Ep  13/100 │  0.12s │ bd 4.5361e-02 │ res 2.6302e-01 │ test 2.8459e-01 │ η_eff 2.949e-10
Ep  14/100 │  0.11s │ bd 4.8594e-02 │ res 2.6751e-01 │ test 2.8542e-01 │ η_eff 2.621e-10
Ep  15/100 │  0.11s │ bd 4.3316e-02 │ res 2.4431e-01 │ test 2.8551e-01 │ η_eff 2.757e-10
Ep  16/100 │  0.12s │ bd 3.9704e-02 │ res 2.6304e-01 │ test 2.8588e-01 │ η_eff 2.620e-10
Ep  17/100 │  0.11s │ bd 3.6039e-02 │ res 2.2030e-01 │ test 2.8432e-01 │ η_eff 2.682e-10
Ep  18/100 │  0.11s │ bd 5.0987e-02 │ res 2.7349e-01 │ test 2.8378e-01 │ η_eff 2.779e-10
Ep  19/100 │  0.11s │ bd 4.2924e-02 │ res 2.4737e-01 │ test 2.8517e-01 │ η_eff 2.452e-10
Ep  20/100 │  0.11s │ bd 4.9703e-02 │ res 2.8427e-01 │ test 2.8541e-01 │ η_eff 1.238e-10
Ep  21/100 │  0.11s │ bd 4.2575e-02 │ res 2.5727e-01 │ test 2.8739e-01 │ η_eff 1.352e-10
Ep  22/100 │  0.12s │ bd 4.8922e-02 │ res 2.8090e-01 │ test 2.8693e-01 │ η_eff 1.182e-10
Ep  23/100 │  0.11s │ bd 3.9834e-02 │ res 2.6183e-01 │ test 2.8498e-01 │ η_eff 1.409e-10
Ep  24/100 │  0.11s │ bd 3.6809e-02 │ res 2.1442e-01 │ test 2.8373e-01 │ η_eff 1.295e-10
Ep  25/100 │  0.12s │ bd 4.0084e-02 │ res 2.4325e-01 │ test 2.8503e-01 │ η_eff 1.406e-10
Ep  26/100 │  0.12s │ bd 4.1646e-02 │ res 2.5686e-01 │ test 2.8463e-01 │ η_eff 1.439e-10
Ep  27/100 │  0.12s │ bd 3.8940e-02 │ res 2.5150e-01 │ test 2.8397e-01 │ η_eff 1.496e-10
Ep  28/100 │  0.11s │ bd 4.1059e-02 │ res 2.4898e-01 │ test 2.8621e-01 │ η_eff 1.444e-10
Ep  29/100 │  0.12s │ bd 3.6077e-02 │ res 2.5205e-01 │ test 2.8536e-01 │ η_eff 1.525e-10
Ep  30/100 │  0.11s │ bd 4.7053e-02 │ res 2.7755e-01 │ test 2.8452e-01 │ η_eff 7.459e-11
Ep  31/100 │  0.11s │ bd 4.0860e-02 │ res 2.2431e-01 │ test 2.8439e-01 │ η_eff 7.601e-11
Ep  32/100 │  0.11s │ bd 3.9088e-02 │ res 2.1678e-01 │ test 2.8497e-01 │ η_eff 6.551e-11
Ep  33/100 │  0.11s │ bd 4.9558e-02 │ res 2.9300e-01 │ test 2.8384e-01 │ η_eff 7.102e-11
Ep  34/100 │  0.11s │ bd 4.4378e-02 │ res 2.2884e-01 │ test 2.8431e-01 │ η_eff 6.829e-11
Ep  35/100 │  0.11s │ bd 3.8385e-02 │ res 2.4550e-01 │ test 2.8550e-01 │ η_eff 1.019e-10
Ep  36/100 │  0.11s │ bd 4.4011e-02 │ res 2.6663e-01 │ test 2.8613e-01 │ η_eff 9.471e-11
Ep  37/100 │  0.11s │ bd 3.8662e-02 │ res 2.5036e-01 │ test 2.8510e-01 │ η_eff 7.137e-11
Ep  38/100 │  0.11s │ bd 4.2430e-02 │ res 2.3908e-01 │ test 2.8402e-01 │ η_eff 6.762e-11
Ep  39/100 │  0.11s │ bd 3.7662e-02 │ res 2.2207e-01 │ test 2.8477e-01 │ η_eff 6.414e-11
Ep  40/100 │  0.11s │ bd 4.4158e-02 │ res 2.5148e-01 │ test 2.8461e-01 │ η_eff 4.041e-11
Ep  41/100 │  0.11s │ bd 4.0677e-02 │ res 2.4069e-01 │ test 2.8482e-01 │ η_eff 3.940e-11
Ep  42/100 │  0.12s │ bd 3.2967e-02 │ res 2.3658e-01 │ test 2.8551e-01 │ η_eff 3.772e-11
Ep  43/100 │  0.11s │ bd 5.0125e-02 │ res 3.0518e-01 │ test 2.8581e-01 │ η_eff 3.333e-11
Ep  44/100 │  0.11s │ bd 4.5705e-02 │ res 2.5609e-01 │ test 2.8428e-01 │ η_eff 3.527e-11
Ep  45/100 │  0.11s │ bd 4.2003e-02 │ res 2.8924e-01 │ test 2.8294e-01 │ η_eff 3.805e-11
Ep  46/100 │  0.11s │ bd 3.6201e-02 │ res 2.1458e-01 │ test 2.8309e-01 │ η_eff 3.318e-11
Ep  47/100 │  0.11s │ bd 4.1193e-02 │ res 2.4527e-01 │ test 2.8312e-01 │ η_eff 3.774e-11
Ep  48/100 │  0.11s │ bd 5.1436e-02 │ res 2.8049e-01 │ test 2.8530e-01 │ η_eff 3.621e-11
Ep  49/100 │  0.12s │ bd 4.6112e-02 │ res 2.5386e-01 │ test 2.8354e-01 │ η_eff 3.622e-11
Ep  50/100 │  0.11s │ bd 4.0496e-02 │ res 2.6772e-01 │ test 2.8388e-01 │ η_eff 1.834e-11
Ep  51/100 │  0.11s │ bd 4.3579e-02 │ res 2.8868e-01 │ test 2.8558e-01 │ η_eff 2.082e-11
Ep  52/100 │  0.11s │ bd 3.9993e-02 │ res 2.4541e-01 │ test 2.8644e-01 │ η_eff 1.859e-11
Ep  53/100 │  0.12s │ bd 4.1608e-02 │ res 2.4521e-01 │ test 2.8460e-01 │ η_eff 1.918e-11
Ep  54/100 │  0.11s │ bd 3.9289e-02 │ res 2.1547e-01 │ test 2.8518e-01 │ η_eff 1.618e-11
Ep  55/100 │  0.11s │ bd 4.5603e-02 │ res 2.4813e-01 │ test 2.8650e-01 │ η_eff 1.861e-11
Ep  56/100 │  0.12s │ bd 4.1300e-02 │ res 2.5799e-01 │ test 2.8630e-01 │ η_eff 1.944e-11
Ep  57/100 │  0.11s │ bd 4.3462e-02 │ res 2.2187e-01 │ test 2.8444e-01 │ η_eff 1.872e-11
Ep  58/100 │  0.11s │ bd 3.7541e-02 │ res 2.1538e-01 │ test 2.8695e-01 │ η_eff 2.045e-11
Ep  59/100 │  0.11s │ bd 3.1507e-02 │ res 2.2923e-01 │ test 2.8621e-01 │ η_eff 2.126e-11
Ep  60/100 │  0.12s │ bd 4.2413e-02 │ res 2.4048e-01 │ test 2.8644e-01 │ η_eff 1.094e-11
Ep  61/100 │  0.11s │ bd 4.9402e-02 │ res 2.9986e-01 │ test 2.8588e-01 │ η_eff 1.111e-11
Ep  62/100 │  0.11s │ bd 3.6032e-02 │ res 2.2361e-01 │ test 2.8617e-01 │ η_eff 9.531e-12
Ep  63/100 │  0.12s │ bd 3.8352e-02 │ res 2.4470e-01 │ test 2.8664e-01 │ η_eff 1.043e-11
Ep  64/100 │  0.11s │ bd 3.1475e-02 │ res 2.1673e-01 │ test 2.8554e-01 │ η_eff 9.745e-12
Ep  65/100 │  0.11s │ bd 4.2876e-02 │ res 2.8196e-01 │ test 2.8601e-01 │ η_eff 8.974e-12
Ep  66/100 │  0.11s │ bd 3.8844e-02 │ res 2.3305e-01 │ test 2.8473e-01 │ η_eff 9.058e-12
Ep  67/100 │  0.11s │ bd 3.5313e-02 │ res 2.2767e-01 │ test 2.8434e-01 │ η_eff 1.078e-11
Ep  68/100 │  0.11s │ bd 4.1848e-02 │ res 2.2135e-01 │ test 2.8582e-01 │ η_eff 1.057e-11
Ep  69/100 │  0.12s │ bd 4.8741e-02 │ res 2.4927e-01 │ test 2.8334e-01 │ η_eff 9.047e-12
Ep  70/100 │  0.12s │ bd 4.9551e-02 │ res 3.0828e-01 │ test 2.8511e-01 │ η_eff 4.993e-12
Ep  71/100 │  0.11s │ bd 4.4969e-02 │ res 2.5584e-01 │ test 2.8667e-01 │ η_eff 5.286e-12
Ep  72/100 │  0.12s │ bd 3.9656e-02 │ res 2.1273e-01 │ test 2.8489e-01 │ η_eff 5.243e-12
Ep  73/100 │  0.11s │ bd 4.0612e-02 │ res 2.2659e-01 │ test 2.8366e-01 │ η_eff 4.927e-12
Ep  74/100 │  0.11s │ bd 4.6471e-02 │ res 2.4948e-01 │ test 2.8470e-01 │ η_eff 5.586e-12
Ep  75/100 │  0.11s │ bd 3.6723e-02 │ res 2.3026e-01 │ test 2.8556e-01 │ η_eff 5.301e-12
Ep  76/100 │  0.12s │ bd 4.1231e-02 │ res 2.2704e-01 │ test 2.8304e-01 │ η_eff 4.812e-12
Ep  77/100 │  0.12s │ bd 3.7080e-02 │ res 2.2171e-01 │ test 2.8415e-01 │ η_eff 4.810e-12
Ep  78/100 │  0.11s │ bd 3.4543e-02 │ res 2.4072e-01 │ test 2.8505e-01 │ η_eff 5.246e-12
Ep  79/100 │  0.11s │ bd 3.9487e-02 │ res 2.3215e-01 │ test 2.8510e-01 │ η_eff 5.728e-12
Ep  80/100 │  0.11s │ bd 4.1301e-02 │ res 2.6451e-01 │ test 2.8602e-01 │ η_eff 2.761e-12
Ep  81/100 │  0.12s │ bd 3.6989e-02 │ res 2.3893e-01 │ test 2.8506e-01 │ η_eff 2.767e-12
Ep  82/100 │  0.11s │ bd 4.8857e-02 │ res 2.2863e-01 │ test 2.8543e-01 │ η_eff 2.826e-12
Ep  83/100 │  0.11s │ bd 3.5573e-02 │ res 2.1942e-01 │ test 2.8460e-01 │ η_eff 2.473e-12
Ep  84/100 │  0.11s │ bd 4.0645e-02 │ res 2.3078e-01 │ test 2.8384e-01 │ η_eff 2.454e-12
Ep  85/100 │  0.11s │ bd 3.9589e-02 │ res 2.3100e-01 │ test 2.8503e-01 │ η_eff 2.555e-12
Ep  86/100 │  0.11s │ bd 5.1082e-02 │ res 2.7604e-01 │ test 2.8292e-01 │ η_eff 2.861e-12
Ep  87/100 │  0.11s │ bd 4.2564e-02 │ res 2.2971e-01 │ test 2.8473e-01 │ η_eff 2.576e-12
Ep  88/100 │  0.11s │ bd 3.6362e-02 │ res 2.2841e-01 │ test 2.8455e-01 │ η_eff 2.758e-12
Ep  89/100 │  0.12s │ bd 4.2127e-02 │ res 2.5022e-01 │ test 2.8385e-01 │ η_eff 2.533e-12
Ep  90/100 │  0.11s │ bd 4.5592e-02 │ res 2.7426e-01 │ test 2.8452e-01 │ η_eff 1.422e-12
Ep  91/100 │  0.11s │ bd 3.8678e-02 │ res 2.3245e-01 │ test 2.8576e-01 │ η_eff 1.335e-12
Ep  92/100 │  0.11s │ bd 3.7527e-02 │ res 2.3740e-01 │ test 2.8597e-01 │ η_eff 1.153e-12
Ep  93/100 │  0.11s │ bd 5.7049e-02 │ res 3.2043e-01 │ test 2.8416e-01 │ η_eff 1.364e-12
Ep  94/100 │  0.12s │ bd 4.2428e-02 │ res 2.4053e-01 │ test 2.8361e-01 │ η_eff 1.416e-12
Ep  95/100 │  0.11s │ bd 3.9936e-02 │ res 2.3348e-01 │ test 2.8401e-01 │ η_eff 1.531e-12
Ep  96/100 │  0.11s │ bd 4.2737e-02 │ res 2.2918e-01 │ test 2.8267e-01 │ η_eff 1.368e-12
Ep  97/100 │  0.11s │ bd 4.2277e-02 │ res 2.2961e-01 │ test 2.8535e-01 │ η_eff 1.301e-12
Ep  98/100 │  0.11s │ bd 3.4377e-02 │ res 2.2915e-01 │ test 2.8669e-01 │ η_eff 1.352e-12
Ep  99/100 │  0.11s │ bd 4.4996e-02 │ res 2.6270e-01 │ test 2.8546e-01 │ η_eff 1.418e-12
Ep 100/100 │  0.11s │ bd 4.3773e-02 │ res 2.4640e-01 │ test 2.8487e-01 │ η_eff 6.798e-13
→ Saved: loss/Burger1d_phisfno_ms_nr_90_Adam_ep100_visc0.1_m32_w64_s22/loss_full_loss_3.csv
→ Model saved: model/Burger1d_phisfno_ms_nr_90_Adam_ep100_visc0.1_m32_w64_s22
→ Eta-term history: loss/Burger1d_phisfno_ms_nr_90_Adam_ep100_visc0.1_m32_w64_s22/eta_term_history.csv
  sample 0: test L2 = 2.4289e-01
  sample 1: test L2 = 2.5213e-01
  sample 2: test L2 = 2.0415e-01
  sample 3: test L2 = 2.8249e-01
  sample 4: test L2 = 5.1280e-01
  sample 5: test L2 = 3.2017e-01
  sample 6: test L2 = 2.3034e-01
  sample 7: test L2 = 2.3695e-01
  sample 8: test L2 = 2.3440e-01
  sample 9: test L2 = 3.3231e-01
→ Predictions saved: burger_test_phisfno_ms_nr.mat
→ Figure saved: image/Burger1d_phisfno_ms_nr_90_Adam_ep100_visc0.1_m32_w64_s22/final_velocity.png
