loaded 1D buffers
[train_model] model=phisfno | training=supervised | S=2048 | nu=0.1 | dt=0.1 | modes=32 | width=64
Model parameters: 550,339

=== Phase 'supervised' | epochs 300 ===

Ep   1/300 │  0.39s │ bd 1.5461e+00 │ res 0.0000e+00 │ test 1.6564e+00 │ η_eff 2.497e-03
Ep   2/300 │  0.13s │ bd 7.5642e-01 │ res 0.0000e+00 │ test 2.4288e+00 │ η_eff 1.093e-03
Ep   3/300 │  0.11s │ bd 4.9038e-01 │ res 0.0000e+00 │ test 1.9606e+00 │ η_eff 5.915e-04
Ep   4/300 │  0.10s │ bd 4.5818e-01 │ res 0.0000e+00 │ test 4.2921e-01 │ η_eff 4.047e-04
Ep   5/300 │  0.10s │ bd 3.1081e-01 │ res 0.0000e+00 │ test 2.8560e-01 │ η_eff 3.126e-04
Ep   6/300 │  0.10s │ bd 2.8772e-01 │ res 0.0000e+00 │ test 2.7433e-01 │ η_eff 2.968e-04
Ep   7/300 │  0.10s │ bd 2.3996e-01 │ res 0.0000e+00 │ test 1.7625e-01 │ η_eff 2.752e-04
Ep   8/300 │  0.10s │ bd 1.6946e-01 │ res 0.0000e+00 │ test 2.3823e-01 │ η_eff 2.263e-04
Ep   9/300 │  0.09s │ bd 1.7972e-01 │ res 0.0000e+00 │ test 9.8001e-02 │ η_eff 2.303e-04
Ep  10/300 │  0.09s │ bd 1.4119e-01 │ res 0.0000e+00 │ test 1.3145e-01 │ η_eff 1.068e-04
Ep  11/300 │  0.09s │ bd 1.2042e-01 │ res 0.0000e+00 │ test 7.7844e-02 │ η_eff 1.158e-04
Ep  12/300 │  0.11s │ bd 1.0370e-01 │ res 0.0000e+00 │ test 1.1402e-01 │ η_eff 1.248e-04
Ep  13/300 │  0.10s │ bd 1.8877e-01 │ res 0.0000e+00 │ test 9.5106e-02 │ η_eff 1.189e-04
Ep  14/300 │  0.10s │ bd 1.0286e-01 │ res 0.0000e+00 │ test 8.1414e-02 │ η_eff 1.233e-04
Ep  15/300 │  0.10s │ bd 1.2595e-01 │ res 0.0000e+00 │ test 9.3319e-02 │ η_eff 1.066e-04
Ep  16/300 │  0.10s │ bd 1.4233e-01 │ res 0.0000e+00 │ test 7.7304e-02 │ η_eff 1.093e-04
Ep  17/300 │  0.09s │ bd 1.0870e-01 │ res 0.0000e+00 │ test 1.0137e-01 │ η_eff 1.117e-04
Ep  18/300 │  0.09s │ bd 9.5243e-02 │ res 0.0000e+00 │ test 1.4010e-01 │ η_eff 1.197e-04
Ep  19/300 │  0.09s │ bd 1.2200e-01 │ res 0.0000e+00 │ test 1.2848e-01 │ η_eff 1.143e-04
Ep  20/300 │  0.09s │ bd 1.0408e-01 │ res 0.0000e+00 │ test 7.0722e-02 │ η_eff 5.829e-05
Ep  21/300 │  0.10s │ bd 7.3268e-02 │ res 0.0000e+00 │ test 8.7604e-02 │ η_eff 6.775e-05
Ep  22/300 │  0.09s │ bd 1.2697e-01 │ res 0.0000e+00 │ test 7.7585e-02 │ η_eff 6.720e-05
Ep  23/300 │  0.09s │ bd 9.9037e-02 │ res 0.0000e+00 │ test 5.5510e-02 │ η_eff 7.132e-05
Ep  24/300 │  0.09s │ bd 8.7856e-02 │ res 0.0000e+00 │ test 9.5579e-02 │ η_eff 6.492e-05
Ep  25/300 │  0.09s │ bd 7.4585e-02 │ res 0.0000e+00 │ test 7.5500e-02 │ η_eff 6.763e-05
Ep  26/300 │  0.09s │ bd 8.7787e-02 │ res 0.0000e+00 │ test 6.1306e-02 │ η_eff 7.160e-05
Ep  27/300 │  0.10s │ bd 1.0128e-01 │ res 0.0000e+00 │ test 5.1656e-02 │ η_eff 6.581e-05
Ep  28/300 │  0.09s │ bd 8.0895e-02 │ res 0.0000e+00 │ test 5.3962e-02 │ η_eff 5.798e-05
Ep  29/300 │  0.09s │ bd 1.1499e-01 │ res 0.0000e+00 │ test 1.1523e-01 │ η_eff 5.987e-05
Ep  30/300 │  0.10s │ bd 8.8543e-02 │ res 0.0000e+00 │ test 7.1590e-02 │ η_eff 3.797e-05
Ep  31/300 │  0.10s │ bd 8.0946e-02 │ res 0.0000e+00 │ test 4.8319e-02 │ η_eff 4.424e-05
Ep  32/300 │  0.09s │ bd 6.4196e-02 │ res 0.0000e+00 │ test 5.7300e-02 │ η_eff 3.257e-05
Ep  33/300 │  0.09s │ bd 4.1271e-02 │ res 0.0000e+00 │ test 4.6347e-02 │ η_eff 3.628e-05
Ep  34/300 │  0.09s │ bd 4.2069e-02 │ res 0.0000e+00 │ test 4.9735e-02 │ η_eff 3.771e-05
Ep  35/300 │  0.10s │ bd 5.1469e-02 │ res 0.0000e+00 │ test 5.5183e-02 │ η_eff 3.785e-05
Ep  36/300 │  0.09s │ bd 4.6850e-02 │ res 0.0000e+00 │ test 4.9377e-02 │ η_eff 3.763e-05
Ep  37/300 │  0.09s │ bd 6.9284e-02 │ res 0.0000e+00 │ test 5.0992e-02 │ η_eff 4.577e-05
Ep  38/300 │  0.09s │ bd 7.4662e-02 │ res 0.0000e+00 │ test 4.8483e-02 │ η_eff 3.893e-05
Ep  39/300 │  0.09s │ bd 6.5610e-02 │ res 0.0000e+00 │ test 6.2787e-02 │ η_eff 4.316e-05
Ep  40/300 │  0.10s │ bd 5.9683e-02 │ res 0.0000e+00 │ test 6.3529e-02 │ η_eff 1.843e-05
Ep  41/300 │  0.09s │ bd 7.2419e-02 │ res 0.0000e+00 │ test 4.3972e-02 │ η_eff 2.555e-05
Ep  42/300 │  0.09s │ bd 6.3474e-02 │ res 0.0000e+00 │ test 4.2749e-02 │ η_eff 2.249e-05
Ep  43/300 │  0.09s │ bd 4.8804e-02 │ res 0.0000e+00 │ test 4.3059e-02 │ η_eff 2.482e-05
Ep  44/300 │  0.09s │ bd 5.5646e-02 │ res 0.0000e+00 │ test 4.7932e-02 │ η_eff 2.294e-05
Ep  45/300 │  0.09s │ bd 4.9789e-02 │ res 0.0000e+00 │ test 4.3243e-02 │ η_eff 2.190e-05
Ep  46/300 │  0.09s │ bd 6.3359e-02 │ res 0.0000e+00 │ test 4.3302e-02 │ η_eff 2.050e-05
Ep  47/300 │  0.09s │ bd 4.2934e-02 │ res 0.0000e+00 │ test 4.8704e-02 │ η_eff 3.051e-05
Ep  48/300 │  0.10s │ bd 5.4465e-02 │ res 0.0000e+00 │ test 4.2418e-02 │ η_eff 2.349e-05
Ep  49/300 │  0.09s │ bd 4.5915e-02 │ res 0.0000e+00 │ test 4.1131e-02 │ η_eff 2.250e-05
Ep  50/300 │  0.09s │ bd 4.8799e-02 │ res 0.0000e+00 │ test 4.6820e-02 │ η_eff 1.159e-05
Ep  51/300 │  0.10s │ bd 5.2958e-02 │ res 0.0000e+00 │ test 4.2946e-02 │ η_eff 1.078e-05
Ep  52/300 │  0.10s │ bd 5.5573e-02 │ res 0.0000e+00 │ test 4.4942e-02 │ η_eff 1.181e-05
Ep  53/300 │  0.09s │ bd 4.1883e-02 │ res 0.0000e+00 │ test 4.2825e-02 │ η_eff 1.120e-05
Ep  54/300 │  0.10s │ bd 4.8851e-02 │ res 0.0000e+00 │ test 4.0591e-02 │ η_eff 1.367e-05
Ep  55/300 │  0.09s │ bd 3.5508e-02 │ res 0.0000e+00 │ test 3.8902e-02 │ η_eff 1.270e-05
Ep  56/300 │  0.09s │ bd 5.0778e-02 │ res 0.0000e+00 │ test 4.7269e-02 │ η_eff 1.076e-05
Ep  57/300 │  0.09s │ bd 4.4025e-02 │ res 0.0000e+00 │ test 4.0962e-02 │ η_eff 1.021e-05
Ep  58/300 │  0.09s │ bd 3.9309e-02 │ res 0.0000e+00 │ test 4.0517e-02 │ η_eff 1.209e-05
Ep  59/300 │  0.10s │ bd 3.9038e-02 │ res 0.0000e+00 │ test 4.4241e-02 │ η_eff 1.220e-05
Ep  60/300 │  0.09s │ bd 3.6407e-02 │ res 0.0000e+00 │ test 4.0087e-02 │ η_eff 5.671e-06
Ep  61/300 │  0.09s │ bd 5.6484e-02 │ res 0.0000e+00 │ test 3.9701e-02 │ η_eff 8.737e-06
Ep  62/300 │  0.09s │ bd 4.8548e-02 │ res 0.0000e+00 │ test 4.1975e-02 │ η_eff 7.197e-06
Ep  63/300 │  0.10s │ bd 3.8043e-02 │ res 0.0000e+00 │ test 3.9041e-02 │ η_eff 5.643e-06
Ep  64/300 │  0.09s │ bd 4.5196e-02 │ res 0.0000e+00 │ test 3.9823e-02 │ η_eff 5.686e-06
Ep  65/300 │  0.09s │ bd 4.2942e-02 │ res 0.0000e+00 │ test 4.0715e-02 │ η_eff 7.434e-06
Ep  66/300 │  0.10s │ bd 5.0895e-02 │ res 0.0000e+00 │ test 4.0047e-02 │ η_eff 7.900e-06
Ep  67/300 │  0.09s │ bd 4.6628e-02 │ res 0.0000e+00 │ test 4.1512e-02 │ η_eff 6.135e-06
Ep  68/300 │  0.10s │ bd 3.6296e-02 │ res 0.0000e+00 │ test 4.0295e-02 │ η_eff 6.727e-06
Ep  69/300 │  0.09s │ bd 4.8288e-02 │ res 0.0000e+00 │ test 3.9173e-02 │ η_eff 6.314e-06
Ep  70/300 │  0.10s │ bd 3.9079e-02 │ res 0.0000e+00 │ test 4.3543e-02 │ η_eff 3.168e-06
Ep  71/300 │  0.09s │ bd 5.7136e-02 │ res 0.0000e+00 │ test 4.2776e-02 │ η_eff 3.303e-06
Ep  72/300 │  0.09s │ bd 3.4288e-02 │ res 0.0000e+00 │ test 3.9918e-02 │ η_eff 3.548e-06
Ep  73/300 │  0.09s │ bd 3.7191e-02 │ res 0.0000e+00 │ test 3.9618e-02 │ η_eff 3.080e-06
Ep  74/300 │  0.11s │ bd 4.6997e-02 │ res 0.0000e+00 │ test 3.9043e-02 │ η_eff 3.187e-06
Ep  75/300 │  0.10s │ bd 3.4852e-02 │ res 0.0000e+00 │ test 3.9701e-02 │ η_eff 3.299e-06
Ep  76/300 │  0.09s │ bd 3.3183e-02 │ res 0.0000e+00 │ test 3.8519e-02 │ η_eff 3.337e-06
Ep  77/300 │  0.10s │ bd 3.6504e-02 │ res 0.0000e+00 │ test 3.9028e-02 │ η_eff 3.733e-06
Ep  78/300 │  0.10s │ bd 5.0454e-02 │ res 0.0000e+00 │ test 3.8982e-02 │ η_eff 3.578e-06
Ep  79/300 │  0.11s │ bd 3.5790e-02 │ res 0.0000e+00 │ test 3.8438e-02 │ η_eff 3.611e-06
Ep  80/300 │  0.10s │ bd 4.8535e-02 │ res 0.0000e+00 │ test 3.9087e-02 │ η_eff 1.729e-06
Ep  81/300 │  0.09s │ bd 4.8311e-02 │ res 0.0000e+00 │ test 3.9492e-02 │ η_eff 2.016e-06
Ep  82/300 │  0.11s │ bd 3.6843e-02 │ res 0.0000e+00 │ test 3.8635e-02 │ η_eff 2.295e-06
Ep  83/300 │  0.10s │ bd 4.2897e-02 │ res 0.0000e+00 │ test 3.9072e-02 │ η_eff 1.599e-06
Ep  84/300 │  0.10s │ bd 3.8839e-02 │ res 0.0000e+00 │ test 3.9595e-02 │ η_eff 1.910e-06
Ep  85/300 │  0.09s │ bd 4.7157e-02 │ res 0.0000e+00 │ test 4.1138e-02 │ η_eff 2.067e-06
Ep  86/300 │  0.10s │ bd 4.4336e-02 │ res 0.0000e+00 │ test 3.9203e-02 │ η_eff 1.862e-06
Ep  87/300 │  0.10s │ bd 5.1076e-02 │ res 0.0000e+00 │ test 3.8453e-02 │ η_eff 2.273e-06
Ep  88/300 │  0.10s │ bd 3.3031e-02 │ res 0.0000e+00 │ test 3.8965e-02 │ η_eff 1.933e-06
Ep  89/300 │  0.10s │ bd 2.7331e-02 │ res 0.0000e+00 │ test 3.8538e-02 │ η_eff 1.786e-06
Ep  90/300 │  0.10s │ bd 3.4101e-02 │ res 0.0000e+00 │ test 3.8514e-02 │ η_eff 9.207e-07
Ep  91/300 │  0.10s │ bd 5.3088e-02 │ res 0.0000e+00 │ test 3.8380e-02 │ η_eff 1.065e-06
Ep  92/300 │  0.10s │ bd 3.4854e-02 │ res 0.0000e+00 │ test 3.8430e-02 │ η_eff 9.812e-07
Ep  93/300 │  0.10s │ bd 3.4249e-02 │ res 0.0000e+00 │ test 3.8603e-02 │ η_eff 9.494e-07
Ep  94/300 │  0.10s │ bd 2.8744e-02 │ res 0.0000e+00 │ test 3.8576e-02 │ η_eff 9.224e-07
Ep  95/300 │  0.09s │ bd 3.7905e-02 │ res 0.0000e+00 │ test 3.8570e-02 │ η_eff 9.142e-07
Ep  96/300 │  0.10s │ bd 4.7609e-02 │ res 0.0000e+00 │ test 3.8573e-02 │ η_eff 1.020e-06
Ep  97/300 │  0.10s │ bd 5.6216e-02 │ res 0.0000e+00 │ test 3.9046e-02 │ η_eff 1.547e-06
Ep  98/300 │  0.10s │ bd 2.9782e-02 │ res 0.0000e+00 │ test 3.8251e-02 │ η_eff 9.090e-07
Ep  99/300 │  0.10s │ bd 3.4727e-02 │ res 0.0000e+00 │ test 3.8795e-02 │ η_eff 1.100e-06
Ep 100/300 │  0.10s │ bd 4.1541e-02 │ res 0.0000e+00 │ test 3.8330e-02 │ η_eff 5.331e-07
Ep 101/300 │  0.10s │ bd 4.3730e-02 │ res 0.0000e+00 │ test 3.8348e-02 │ η_eff 5.324e-07
Ep 102/300 │  0.12s │ bd 3.7256e-02 │ res 0.0000e+00 │ test 3.8510e-02 │ η_eff 5.453e-07
Ep 103/300 │  0.09s │ bd 3.9645e-02 │ res 0.0000e+00 │ test 3.8876e-02 │ η_eff 5.280e-07
Ep 104/300 │  0.10s │ bd 4.6639e-02 │ res 0.0000e+00 │ test 3.8790e-02 │ η_eff 5.083e-07
Ep 105/300 │  0.10s │ bd 4.5108e-02 │ res 0.0000e+00 │ test 3.8364e-02 │ η_eff 5.021e-07
Ep 106/300 │  0.10s │ bd 4.2739e-02 │ res 0.0000e+00 │ test 3.8719e-02 │ η_eff 5.940e-07
Ep 107/300 │  0.10s │ bd 4.2319e-02 │ res 0.0000e+00 │ test 3.8166e-02 │ η_eff 5.287e-07
Ep 108/300 │  0.10s │ bd 3.6831e-02 │ res 0.0000e+00 │ test 3.8124e-02 │ η_eff 6.155e-07
Ep 109/300 │  0.09s │ bd 3.5311e-02 │ res 0.0000e+00 │ test 3.7967e-02 │ η_eff 6.990e-07
Ep 110/300 │  0.10s │ bd 4.4699e-02 │ res 0.0000e+00 │ test 3.9359e-02 │ η_eff 2.602e-07
Ep 111/300 │  0.10s │ bd 4.1514e-02 │ res 0.0000e+00 │ test 3.9536e-02 │ η_eff 2.637e-07
Ep 112/300 │  0.10s │ bd 4.2673e-02 │ res 0.0000e+00 │ test 3.8758e-02 │ η_eff 2.548e-07
Ep 113/300 │  0.10s │ bd 4.5012e-02 │ res 0.0000e+00 │ test 3.8880e-02 │ η_eff 2.661e-07
Ep 114/300 │  0.10s │ bd 3.5864e-02 │ res 0.0000e+00 │ test 3.9517e-02 │ η_eff 2.882e-07
Ep 115/300 │  0.10s │ bd 3.0250e-02 │ res 0.0000e+00 │ test 3.9434e-02 │ η_eff 2.934e-07
Ep 116/300 │  0.10s │ bd 4.5119e-02 │ res 0.0000e+00 │ test 3.8494e-02 │ η_eff 2.420e-07
Ep 117/300 │  0.10s │ bd 3.7756e-02 │ res 0.0000e+00 │ test 3.8503e-02 │ η_eff 2.429e-07
Ep 118/300 │  0.11s │ bd 3.4977e-02 │ res 0.0000e+00 │ test 3.8603e-02 │ η_eff 2.547e-07
Ep 119/300 │  0.10s │ bd 3.0083e-02 │ res 0.0000e+00 │ test 3.8600e-02 │ η_eff 2.595e-07
Ep 120/300 │  0.10s │ bd 4.5024e-02 │ res 0.0000e+00 │ test 3.9948e-02 │ η_eff 1.636e-07
Ep 121/300 │  0.09s │ bd 3.0965e-02 │ res 0.0000e+00 │ test 3.9012e-02 │ η_eff 1.511e-07
Ep 122/300 │  0.10s │ bd 3.8794e-02 │ res 0.0000e+00 │ test 3.8420e-02 │ η_eff 1.468e-07
Ep 123/300 │  0.10s │ bd 3.0339e-02 │ res 0.0000e+00 │ test 3.8453e-02 │ η_eff 1.619e-07
Ep 124/300 │  0.11s │ bd 3.3985e-02 │ res 0.0000e+00 │ test 3.8919e-02 │ η_eff 1.525e-07
Ep 125/300 │  0.10s │ bd 4.3782e-02 │ res 0.0000e+00 │ test 3.8439e-02 │ η_eff 1.642e-07
Ep 126/300 │  0.10s │ bd 3.8785e-02 │ res 0.0000e+00 │ test 3.8184e-02 │ η_eff 1.420e-07
Ep 127/300 │  0.09s │ bd 3.8472e-02 │ res 0.0000e+00 │ test 3.8298e-02 │ η_eff 1.541e-07
Ep 128/300 │  0.11s │ bd 3.5537e-02 │ res 0.0000e+00 │ test 3.8692e-02 │ η_eff 1.486e-07
Ep 129/300 │  0.10s │ bd 3.7495e-02 │ res 0.0000e+00 │ test 3.8599e-02 │ η_eff 1.450e-07
Ep 130/300 │  0.10s │ bd 4.0000e-02 │ res 0.0000e+00 │ test 3.9100e-02 │ η_eff 7.731e-08
Ep 131/300 │  0.10s │ bd 3.6426e-02 │ res 0.0000e+00 │ test 3.8450e-02 │ η_eff 8.034e-08
Ep 132/300 │  0.10s │ bd 3.7365e-02 │ res 0.0000e+00 │ test 3.8333e-02 │ η_eff 8.174e-08
Ep 133/300 │  0.10s │ bd 3.0129e-02 │ res 0.0000e+00 │ test 3.8363e-02 │ η_eff 7.784e-08
Ep 134/300 │  0.10s │ bd 3.4395e-02 │ res 0.0000e+00 │ test 3.8240e-02 │ η_eff 8.068e-08
Ep 135/300 │  0.10s │ bd 4.4430e-02 │ res 0.0000e+00 │ test 3.8319e-02 │ η_eff 6.759e-08
Ep 136/300 │  0.10s │ bd 5.1350e-02 │ res 0.0000e+00 │ test 3.8181e-02 │ η_eff 8.196e-08
Ep 137/300 │  0.11s │ bd 2.8343e-02 │ res 0.0000e+00 │ test 3.8165e-02 │ η_eff 8.443e-08
Ep 138/300 │  0.10s │ bd 3.3020e-02 │ res 0.0000e+00 │ test 3.8286e-02 │ η_eff 7.848e-08
Ep 139/300 │  0.10s │ bd 3.2057e-02 │ res 0.0000e+00 │ test 3.8589e-02 │ η_eff 9.059e-08
Ep 140/300 │  0.12s │ bd 3.7509e-02 │ res 0.0000e+00 │ test 3.8225e-02 │ η_eff 3.676e-08
Ep 141/300 │  0.10s │ bd 4.6725e-02 │ res 0.0000e+00 │ test 3.8123e-02 │ η_eff 3.864e-08
Ep 142/300 │  0.10s │ bd 2.6329e-02 │ res 0.0000e+00 │ test 3.8397e-02 │ η_eff 3.592e-08
Ep 143/300 │  0.10s │ bd 5.4902e-02 │ res 0.0000e+00 │ test 3.9225e-02 │ η_eff 5.203e-08
Ep 144/300 │  0.10s │ bd 4.9771e-02 │ res 0.0000e+00 │ test 3.8215e-02 │ η_eff 4.239e-08
Ep 145/300 │  0.10s │ bd 3.4993e-02 │ res 0.0000e+00 │ test 3.8744e-02 │ η_eff 4.777e-08
Ep 146/300 │  0.10s │ bd 3.8448e-02 │ res 0.0000e+00 │ test 3.8231e-02 │ η_eff 3.920e-08
Ep 147/300 │  0.11s │ bd 3.8327e-02 │ res 0.0000e+00 │ test 3.8381e-02 │ η_eff 4.020e-08
Ep 148/300 │  0.10s │ bd 3.7347e-02 │ res 0.0000e+00 │ test 3.8537e-02 │ η_eff 3.807e-08
Ep 149/300 │  0.10s │ bd 3.4177e-02 │ res 0.0000e+00 │ test 3.8682e-02 │ η_eff 3.790e-08
Ep 150/300 │  0.10s │ bd 4.2367e-02 │ res 0.0000e+00 │ test 3.8710e-02 │ η_eff 1.966e-08
Ep 151/300 │  0.10s │ bd 3.2930e-02 │ res 0.0000e+00 │ test 3.8369e-02 │ η_eff 1.909e-08
Ep 152/300 │  0.10s │ bd 3.2556e-02 │ res 0.0000e+00 │ test 3.8252e-02 │ η_eff 2.049e-08
Ep 153/300 │  0.10s │ bd 4.0100e-02 │ res 0.0000e+00 │ test 3.8330e-02 │ η_eff 2.361e-08
Ep 154/300 │  0.10s │ bd 3.3876e-02 │ res 0.0000e+00 │ test 3.8334e-02 │ η_eff 2.234e-08
Ep 155/300 │  0.10s │ bd 4.8394e-02 │ res 0.0000e+00 │ test 3.8125e-02 │ η_eff 2.207e-08
Ep 156/300 │  0.11s │ bd 4.5322e-02 │ res 0.0000e+00 │ test 3.8243e-02 │ η_eff 2.220e-08
Ep 157/300 │  0.10s │ bd 4.4585e-02 │ res 0.0000e+00 │ test 3.8148e-02 │ η_eff 2.056e-08
Ep 158/300 │  0.10s │ bd 3.2033e-02 │ res 0.0000e+00 │ test 3.8245e-02 │ η_eff 2.155e-08
Ep 159/300 │  0.10s │ bd 4.5216e-02 │ res 0.0000e+00 │ test 3.8188e-02 │ η_eff 2.086e-08
Ep 160/300 │  0.11s │ bd 3.1483e-02 │ res 0.0000e+00 │ test 3.8422e-02 │ η_eff 1.102e-08
Ep 161/300 │  0.10s │ bd 3.2711e-02 │ res 0.0000e+00 │ test 3.8250e-02 │ η_eff 1.183e-08
Ep 162/300 │  0.10s │ bd 3.7257e-02 │ res 0.0000e+00 │ test 3.8099e-02 │ η_eff 1.033e-08
Ep 163/300 │  0.11s │ bd 5.0219e-02 │ res 0.0000e+00 │ test 3.8150e-02 │ η_eff 1.107e-08
Ep 164/300 │  0.10s │ bd 4.2370e-02 │ res 0.0000e+00 │ test 3.8328e-02 │ η_eff 1.087e-08
Ep 165/300 │  0.11s │ bd 4.2994e-02 │ res 0.0000e+00 │ test 3.8128e-02 │ η_eff 1.099e-08
Ep 166/300 │  0.10s │ bd 3.9385e-02 │ res 0.0000e+00 │ test 3.8067e-02 │ η_eff 1.109e-08
Ep 167/300 │  0.10s │ bd 3.9629e-02 │ res 0.0000e+00 │ test 3.8302e-02 │ η_eff 1.089e-08
Ep 168/300 │  0.10s │ bd 3.8403e-02 │ res 0.0000e+00 │ test 3.8036e-02 │ η_eff 1.072e-08
Ep 169/300 │  0.10s │ bd 4.6554e-02 │ res 0.0000e+00 │ test 3.8336e-02 │ η_eff 1.098e-08
Ep 170/300 │  0.11s │ bd 5.2503e-02 │ res 0.0000e+00 │ test 3.8111e-02 │ η_eff 6.410e-09
Ep 171/300 │  0.10s │ bd 4.6426e-02 │ res 0.0000e+00 │ test 3.8030e-02 │ η_eff 6.111e-09
Ep 172/300 │  0.10s │ bd 5.0956e-02 │ res 0.0000e+00 │ test 3.8157e-02 │ η_eff 5.483e-09
Ep 173/300 │  0.10s │ bd 3.8812e-02 │ res 0.0000e+00 │ test 3.8176e-02 │ η_eff 6.293e-09
Ep 174/300 │  0.10s │ bd 4.4334e-02 │ res 0.0000e+00 │ test 3.8168e-02 │ η_eff 5.720e-09
Ep 175/300 │  0.10s │ bd 3.1005e-02 │ res 0.0000e+00 │ test 3.8081e-02 │ η_eff 5.807e-09
Ep 176/300 │  0.11s │ bd 2.9531e-02 │ res 0.0000e+00 │ test 3.8173e-02 │ η_eff 6.119e-09
Ep 177/300 │  0.10s │ bd 3.2045e-02 │ res 0.0000e+00 │ test 3.8109e-02 │ η_eff 7.538e-09
Ep 178/300 │  0.10s │ bd 3.9371e-02 │ res 0.0000e+00 │ test 3.8121e-02 │ η_eff 5.931e-09
Ep 179/300 │  0.10s │ bd 4.9051e-02 │ res 0.0000e+00 │ test 3.8279e-02 │ η_eff 5.788e-09
Ep 180/300 │  0.10s │ bd 4.8842e-02 │ res 0.0000e+00 │ test 3.8575e-02 │ η_eff 2.751e-09
Ep 181/300 │  0.10s │ bd 4.6390e-02 │ res 0.0000e+00 │ test 3.8113e-02 │ η_eff 3.204e-09
Ep 182/300 │  0.10s │ bd 4.0529e-02 │ res 0.0000e+00 │ test 3.8459e-02 │ η_eff 3.011e-09
Ep 183/300 │  0.10s │ bd 4.0598e-02 │ res 0.0000e+00 │ test 3.8090e-02 │ η_eff 3.657e-09
Ep 184/300 │  0.10s │ bd 3.8822e-02 │ res 0.0000e+00 │ test 3.8294e-02 │ η_eff 3.198e-09
Ep 185/300 │  0.10s │ bd 3.6100e-02 │ res 0.0000e+00 │ test 3.8278e-02 │ η_eff 2.832e-09
Ep 186/300 │  0.10s │ bd 4.7549e-02 │ res 0.0000e+00 │ test 3.8068e-02 │ η_eff 4.337e-09
Ep 187/300 │  0.10s │ bd 3.5223e-02 │ res 0.0000e+00 │ test 3.8127e-02 │ η_eff 3.389e-09
Ep 188/300 │  0.12s │ bd 3.8909e-02 │ res 0.0000e+00 │ test 3.8087e-02 │ η_eff 3.633e-09
Ep 189/300 │  0.10s │ bd 4.1239e-02 │ res 0.0000e+00 │ test 3.8141e-02 │ η_eff 3.479e-09
Ep 190/300 │  0.10s │ bd 3.5686e-02 │ res 0.0000e+00 │ test 3.8182e-02 │ η_eff 1.400e-09
Ep 191/300 │  0.10s │ bd 4.8584e-02 │ res 0.0000e+00 │ test 3.8263e-02 │ η_eff 1.466e-09
Ep 192/300 │  0.11s │ bd 3.7179e-02 │ res 0.0000e+00 │ test 3.8647e-02 │ η_eff 1.502e-09
Ep 193/300 │  0.10s │ bd 3.6529e-02 │ res 0.0000e+00 │ test 3.8514e-02 │ η_eff 1.559e-09
Ep 194/300 │  0.11s │ bd 2.5960e-02 │ res 0.0000e+00 │ test 3.8286e-02 │ η_eff 1.458e-09
Ep 195/300 │  0.11s │ bd 3.4534e-02 │ res 0.0000e+00 │ test 3.8564e-02 │ η_eff 1.576e-09
Ep 196/300 │  0.11s │ bd 3.7829e-02 │ res 0.0000e+00 │ test 3.8251e-02 │ η_eff 1.732e-09
Ep 197/300 │  0.10s │ bd 4.0199e-02 │ res 0.0000e+00 │ test 3.8113e-02 │ η_eff 2.163e-09
Ep 198/300 │  0.10s │ bd 3.6068e-02 │ res 0.0000e+00 │ test 3.8327e-02 │ η_eff 1.486e-09
Ep 199/300 │  0.10s │ bd 3.9831e-02 │ res 0.0000e+00 │ test 3.8234e-02 │ η_eff 1.509e-09
Ep 200/300 │  0.11s │ bd 3.6039e-02 │ res 0.0000e+00 │ test 3.8208e-02 │ η_eff 8.122e-10
Ep 201/300 │  0.10s │ bd 3.4517e-02 │ res 0.0000e+00 │ test 3.8168e-02 │ η_eff 7.965e-10
Ep 202/300 │  0.11s │ bd 3.5169e-02 │ res 0.0000e+00 │ test 3.8422e-02 │ η_eff 7.049e-10
Ep 203/300 │  0.11s │ bd 3.5214e-02 │ res 0.0000e+00 │ test 3.8614e-02 │ η_eff 8.803e-10
Ep 204/300 │  0.10s │ bd 3.1575e-02 │ res 0.0000e+00 │ test 3.8122e-02 │ η_eff 8.129e-10
Ep 205/300 │  0.10s │ bd 3.1641e-02 │ res 0.0000e+00 │ test 3.8191e-02 │ η_eff 7.503e-10
Ep 206/300 │  0.10s │ bd 4.4412e-02 │ res 0.0000e+00 │ test 3.8830e-02 │ η_eff 6.811e-10
Ep 207/300 │  0.10s │ bd 4.2551e-02 │ res 0.0000e+00 │ test 3.8429e-02 │ η_eff 7.610e-10
Ep 208/300 │  0.10s │ bd 3.4885e-02 │ res 0.0000e+00 │ test 3.8238e-02 │ η_eff 7.575e-10
Ep 209/300 │  0.10s │ bd 4.5914e-02 │ res 0.0000e+00 │ test 3.8191e-02 │ η_eff 8.330e-10
Ep 210/300 │  0.10s │ bd 3.2413e-02 │ res 0.0000e+00 │ test 3.8553e-02 │ η_eff 3.983e-10
Ep 211/300 │  0.10s │ bd 5.7086e-02 │ res 0.0000e+00 │ test 3.8104e-02 │ η_eff 4.356e-10
Ep 212/300 │  0.11s │ bd 4.6386e-02 │ res 0.0000e+00 │ test 3.8080e-02 │ η_eff 4.055e-10
Ep 213/300 │  0.10s │ bd 3.9959e-02 │ res 0.0000e+00 │ test 3.8294e-02 │ η_eff 4.427e-10
Ep 214/300 │  0.11s │ bd 4.8110e-02 │ res 0.0000e+00 │ test 3.8473e-02 │ η_eff 3.815e-10
Ep 215/300 │  0.10s │ bd 4.7264e-02 │ res 0.0000e+00 │ test 3.8373e-02 │ η_eff 3.685e-10
Ep 216/300 │  0.10s │ bd 3.9679e-02 │ res 0.0000e+00 │ test 3.8422e-02 │ η_eff 3.955e-10
Ep 217/300 │  0.10s │ bd 3.1742e-02 │ res 0.0000e+00 │ test 3.8449e-02 │ η_eff 4.334e-10
Ep 218/300 │  0.10s │ bd 4.9275e-02 │ res 0.0000e+00 │ test 3.8361e-02 │ η_eff 4.392e-10
Ep 219/300 │  0.10s │ bd 4.3040e-02 │ res 0.0000e+00 │ test 3.8263e-02 │ η_eff 3.811e-10
Ep 220/300 │  0.11s │ bd 5.1792e-02 │ res 0.0000e+00 │ test 3.8588e-02 │ η_eff 2.073e-10
Ep 221/300 │  0.09s │ bd 4.0285e-02 │ res 0.0000e+00 │ test 3.9391e-02 │ η_eff 1.972e-10
Ep 222/300 │  0.10s │ bd 5.6297e-02 │ res 0.0000e+00 │ test 3.8812e-02 │ η_eff 1.968e-10
Ep 223/300 │  0.10s │ bd 3.8763e-02 │ res 0.0000e+00 │ test 3.8336e-02 │ η_eff 2.071e-10
Ep 224/300 │  0.10s │ bd 3.1540e-02 │ res 0.0000e+00 │ test 3.8354e-02 │ η_eff 1.968e-10
Ep 225/300 │  0.12s │ bd 3.7243e-02 │ res 0.0000e+00 │ test 3.8105e-02 │ η_eff 2.006e-10
Ep 226/300 │  0.11s │ bd 4.8443e-02 │ res 0.0000e+00 │ test 3.8143e-02 │ η_eff 1.977e-10
Ep 227/300 │  0.10s │ bd 3.9085e-02 │ res 0.0000e+00 │ test 3.8230e-02 │ η_eff 2.425e-10
Ep 228/300 │  0.10s │ bd 3.0149e-02 │ res 0.0000e+00 │ test 3.8387e-02 │ η_eff 2.125e-10
Ep 229/300 │  0.10s │ bd 3.5328e-02 │ res 0.0000e+00 │ test 3.8341e-02 │ η_eff 2.022e-10
Ep 230/300 │  0.11s │ bd 4.8390e-02 │ res 0.0000e+00 │ test 3.8126e-02 │ η_eff 1.319e-10
Ep 231/300 │  0.11s │ bd 4.2436e-02 │ res 0.0000e+00 │ test 3.8118e-02 │ η_eff 1.069e-10
Ep 232/300 │  0.10s │ bd 3.6291e-02 │ res 0.0000e+00 │ test 3.8253e-02 │ η_eff 1.111e-10
Ep 233/300 │  0.10s │ bd 4.7367e-02 │ res 0.0000e+00 │ test 3.8135e-02 │ η_eff 1.084e-10
Ep 234/300 │  0.10s │ bd 3.5441e-02 │ res 0.0000e+00 │ test 3.8310e-02 │ η_eff 1.105e-10
Ep 235/300 │  0.10s │ bd 3.0284e-02 │ res 0.0000e+00 │ test 3.8074e-02 │ η_eff 1.193e-10
Ep 236/300 │  0.10s │ bd 5.2144e-02 │ res 0.0000e+00 │ test 3.8186e-02 │ η_eff 1.137e-10
Ep 237/300 │  0.10s │ bd 3.8478e-02 │ res 0.0000e+00 │ test 3.8354e-02 │ η_eff 1.083e-10
Ep 238/300 │  0.11s │ bd 3.4579e-02 │ res 0.0000e+00 │ test 3.8110e-02 │ η_eff 1.193e-10
Ep 239/300 │  0.10s │ bd 4.3722e-02 │ res 0.0000e+00 │ test 3.8386e-02 │ η_eff 1.094e-10
Ep 240/300 │  0.10s │ bd 4.1826e-02 │ res 0.0000e+00 │ test 3.8315e-02 │ η_eff 5.690e-11
Ep 241/300 │  0.10s │ bd 3.5167e-02 │ res 0.0000e+00 │ test 3.8315e-02 │ η_eff 5.929e-11
Ep 242/300 │  0.11s │ bd 2.9818e-02 │ res 0.0000e+00 │ test 3.8934e-02 │ η_eff 6.431e-11
Ep 243/300 │  0.10s │ bd 4.3169e-02 │ res 0.0000e+00 │ test 3.9263e-02 │ η_eff 7.172e-11
Ep 244/300 │  0.10s │ bd 4.8915e-02 │ res 0.0000e+00 │ test 3.8109e-02 │ η_eff 5.483e-11
Ep 245/300 │  0.10s │ bd 4.7079e-02 │ res 0.0000e+00 │ test 3.8328e-02 │ η_eff 6.435e-11
Ep 246/300 │  0.10s │ bd 3.6883e-02 │ res 0.0000e+00 │ test 3.8226e-02 │ η_eff 5.895e-11
Ep 247/300 │  0.10s │ bd 4.6653e-02 │ res 0.0000e+00 │ test 3.8141e-02 │ η_eff 6.804e-11
Ep 248/300 │  0.10s │ bd 4.5075e-02 │ res 0.0000e+00 │ test 3.8048e-02 │ η_eff 6.493e-11
Ep 249/300 │  0.10s │ bd 4.6205e-02 │ res 0.0000e+00 │ test 3.8110e-02 │ η_eff 5.739e-11
Ep 250/300 │  0.10s │ bd 3.1973e-02 │ res 0.0000e+00 │ test 3.8219e-02 │ η_eff 2.775e-11
Ep 251/300 │  0.10s │ bd 4.7478e-02 │ res 0.0000e+00 │ test 3.8117e-02 │ η_eff 3.655e-11
Ep 252/300 │  0.11s │ bd 3.9818e-02 │ res 0.0000e+00 │ test 3.8476e-02 │ η_eff 3.060e-11
Ep 253/300 │  0.10s │ bd 4.4554e-02 │ res 0.0000e+00 │ test 3.8098e-02 │ η_eff 2.928e-11
Ep 254/300 │  0.10s │ bd 3.4187e-02 │ res 0.0000e+00 │ test 3.8128e-02 │ η_eff 3.096e-11
Ep 255/300 │  0.10s │ bd 3.6661e-02 │ res 0.0000e+00 │ test 3.8405e-02 │ η_eff 3.190e-11
Ep 256/300 │  0.11s │ bd 3.9320e-02 │ res 0.0000e+00 │ test 3.8364e-02 │ η_eff 3.043e-11
Ep 257/300 │  0.10s │ bd 3.6623e-02 │ res 0.0000e+00 │ test 3.8240e-02 │ η_eff 2.922e-11
Ep 258/300 │  0.11s │ bd 3.6838e-02 │ res 0.0000e+00 │ test 3.8537e-02 │ η_eff 3.122e-11
Ep 259/300 │  0.10s │ bd 2.7799e-02 │ res 0.0000e+00 │ test 3.8838e-02 │ η_eff 2.923e-11
Ep 260/300 │  0.10s │ bd 3.4234e-02 │ res 0.0000e+00 │ test 3.8868e-02 │ η_eff 1.462e-11
Ep 261/300 │  0.10s │ bd 4.4061e-02 │ res 0.0000e+00 │ test 3.8491e-02 │ η_eff 1.724e-11
Ep 262/300 │  0.10s │ bd 3.6584e-02 │ res 0.0000e+00 │ test 3.8384e-02 │ η_eff 1.577e-11
Ep 263/300 │  0.11s │ bd 3.3917e-02 │ res 0.0000e+00 │ test 3.8239e-02 │ η_eff 1.762e-11
Ep 264/300 │  0.10s │ bd 3.0129e-02 │ res 0.0000e+00 │ test 3.8288e-02 │ η_eff 1.702e-11
Ep 265/300 │  0.10s │ bd 3.9690e-02 │ res 0.0000e+00 │ test 3.8212e-02 │ η_eff 1.712e-11
Ep 266/300 │  0.11s │ bd 4.3522e-02 │ res 0.0000e+00 │ test 3.8094e-02 │ η_eff 1.584e-11
Ep 267/300 │  0.10s │ bd 3.5257e-02 │ res 0.0000e+00 │ test 3.8291e-02 │ η_eff 1.512e-11
Ep 268/300 │  0.10s │ bd 3.7997e-02 │ res 0.0000e+00 │ test 3.8498e-02 │ η_eff 1.505e-11
Ep 269/300 │  0.11s │ bd 3.9733e-02 │ res 0.0000e+00 │ test 3.8105e-02 │ η_eff 1.402e-11
Ep 270/300 │  0.10s │ bd 4.3733e-02 │ res 0.0000e+00 │ test 3.8369e-02 │ η_eff 7.594e-12
Ep 271/300 │  0.10s │ bd 4.2614e-02 │ res 0.0000e+00 │ test 3.8350e-02 │ η_eff 7.715e-12
Ep 272/300 │  0.10s │ bd 3.4905e-02 │ res 0.0000e+00 │ test 3.8353e-02 │ η_eff 7.975e-12
Ep 273/300 │  0.10s │ bd 3.9354e-02 │ res 0.0000e+00 │ test 3.8252e-02 │ η_eff 7.776e-12
Ep 274/300 │  0.11s │ bd 4.1784e-02 │ res 0.0000e+00 │ test 3.8203e-02 │ η_eff 7.869e-12
Ep 275/300 │  0.10s │ bd 3.2554e-02 │ res 0.0000e+00 │ test 3.8095e-02 │ η_eff 7.048e-12
Ep 276/300 │  0.10s │ bd 3.9577e-02 │ res 0.0000e+00 │ test 3.8140e-02 │ η_eff 8.632e-12
Ep 277/300 │  0.10s │ bd 4.0189e-02 │ res 0.0000e+00 │ test 3.8231e-02 │ η_eff 7.489e-12
Ep 278/300 │  0.10s │ bd 4.2598e-02 │ res 0.0000e+00 │ test 3.8394e-02 │ η_eff 7.944e-12
Ep 279/300 │  0.09s │ bd 4.0432e-02 │ res 0.0000e+00 │ test 3.8538e-02 │ η_eff 8.802e-12
Ep 280/300 │  0.09s │ bd 4.0096e-02 │ res 0.0000e+00 │ test 3.8720e-02 │ η_eff 4.375e-12
Ep 281/300 │  0.11s │ bd 3.5902e-02 │ res 0.0000e+00 │ test 3.8304e-02 │ η_eff 3.887e-12
Ep 282/300 │  0.10s │ bd 5.2819e-02 │ res 0.0000e+00 │ test 3.8120e-02 │ η_eff 4.253e-12
Ep 283/300 │  0.10s │ bd 3.7222e-02 │ res 0.0000e+00 │ test 3.8218e-02 │ η_eff 4.059e-12
Ep 284/300 │  0.10s │ bd 3.8613e-02 │ res 0.0000e+00 │ test 3.8106e-02 │ η_eff 4.905e-12
Ep 285/300 │  0.10s │ bd 3.8215e-02 │ res 0.0000e+00 │ test 3.8292e-02 │ η_eff 4.042e-12
Ep 286/300 │  0.10s │ bd 4.7979e-02 │ res 0.0000e+00 │ test 3.8064e-02 │ η_eff 3.926e-12
Ep 287/300 │  0.10s │ bd 3.3795e-02 │ res 0.0000e+00 │ test 3.8154e-02 │ η_eff 3.686e-12
Ep 288/300 │  0.10s │ bd 4.0162e-02 │ res 0.0000e+00 │ test 3.8094e-02 │ η_eff 4.153e-12
Ep 289/300 │  0.10s │ bd 3.8880e-02 │ res 0.0000e+00 │ test 3.8179e-02 │ η_eff 4.207e-12
Ep 290/300 │  0.11s │ bd 4.3787e-02 │ res 0.0000e+00 │ test 3.8603e-02 │ η_eff 2.140e-12
Ep 291/300 │  0.11s │ bd 3.9719e-02 │ res 0.0000e+00 │ test 3.8306e-02 │ η_eff 2.038e-12
Ep 292/300 │  0.11s │ bd 3.6500e-02 │ res 0.0000e+00 │ test 3.8780e-02 │ η_eff 2.042e-12
Ep 293/300 │  0.10s │ bd 5.4932e-02 │ res 0.0000e+00 │ test 3.8178e-02 │ η_eff 2.265e-12
Ep 294/300 │  0.11s │ bd 3.2318e-02 │ res 0.0000e+00 │ test 3.8205e-02 │ η_eff 2.162e-12
Ep 295/300 │  0.10s │ bd 3.5010e-02 │ res 0.0000e+00 │ test 3.8345e-02 │ η_eff 2.642e-12
Ep 296/300 │  0.10s │ bd 2.9942e-02 │ res 0.0000e+00 │ test 3.8305e-02 │ η_eff 2.323e-12
Ep 297/300 │  0.10s │ bd 3.4771e-02 │ res 0.0000e+00 │ test 3.8512e-02 │ η_eff 1.936e-12
Ep 298/300 │  0.10s │ bd 2.7630e-02 │ res 0.0000e+00 │ test 3.8380e-02 │ η_eff 1.990e-12
Ep 299/300 │  0.11s │ bd 4.6111e-02 │ res 0.0000e+00 │ test 3.9006e-02 │ η_eff 2.115e-12
Ep 300/300 │  0.10s │ bd 3.8881e-02 │ res 0.0000e+00 │ test 3.8510e-02 │ η_eff 1.065e-12
→ Saved: loss/Burger1d_phisfno_sup_90_Adam_ep300_visc0.1_m32_w64_s22/loss_supervised.csv
→ Model saved: model/Burger1d_phisfno_sup_90_Adam_ep300_visc0.1_m32_w64_s22
→ Eta-term history: loss/Burger1d_phisfno_sup_90_Adam_ep300_visc0.1_m32_w64_s22/eta_term_history.csv
  sample 0: test L2 = 4.7188e-02
  sample 1: test L2 = 1.4213e-02
  sample 2: test L2 = 3.8328e-02
  sample 3: test L2 = 4.2862e-02
  sample 4: test L2 = 8.0962e-02
  sample 5: test L2 = 2.9832e-02
  sample 6: test L2 = 3.1651e-02
  sample 7: test L2 = 1.6819e-02
  sample 8: test L2 = 4.2957e-02
  sample 9: test L2 = 4.0311e-02
→ Predictions saved: burger_test_phisfno_sup.mat
→ Figure saved: image/Burger1d_phisfno_sup_90_Adam_ep300_visc0.1_m32_w64_s22/final_velocity.png
