loaded 1D buffers
[train_model] model=phisfno | training=supervised | S=2048 | nu=0.1 | dt=0.1 | modes=32 | width=64
Model parameters: 550,339

=== Phase 'supervised' | epochs 300 ===

Ep   1/300 │  0.39s │ bd 1.5007e+00 │ res 0.0000e+00 │ test 2.0049e+00 │ η_eff 2.435e-03
Ep   2/300 │  0.13s │ bd 9.8345e-01 │ res 0.0000e+00 │ test 3.1204e+00 │ η_eff 1.009e-03
Ep   3/300 │  0.12s │ bd 7.5803e-01 │ res 0.0000e+00 │ test 2.2196e+00 │ η_eff 5.549e-04
Ep   4/300 │  0.09s │ bd 5.7991e-01 │ res 0.0000e+00 │ test 1.0151e+00 │ η_eff 3.741e-04
Ep   5/300 │  0.09s │ bd 4.5921e-01 │ res 0.0000e+00 │ test 5.6112e-01 │ η_eff 3.043e-04
Ep   6/300 │  0.09s │ bd 4.4436e-01 │ res 0.0000e+00 │ test 3.4032e-01 │ η_eff 2.914e-04
Ep   7/300 │  0.10s │ bd 3.2408e-01 │ res 0.0000e+00 │ test 3.7774e-01 │ η_eff 2.268e-04
Ep   8/300 │  0.09s │ bd 2.5601e-01 │ res 0.0000e+00 │ test 2.0627e-01 │ η_eff 2.225e-04
Ep   9/300 │  0.10s │ bd 2.4190e-01 │ res 0.0000e+00 │ test 2.1581e-01 │ η_eff 2.136e-04
Ep  10/300 │  0.10s │ bd 2.2926e-01 │ res 0.0000e+00 │ test 2.6153e-01 │ η_eff 1.045e-04
Ep  11/300 │  0.09s │ bd 2.1417e-01 │ res 0.0000e+00 │ test 2.2052e-01 │ η_eff 1.109e-04
Ep  12/300 │  0.11s │ bd 1.1605e-01 │ res 0.0000e+00 │ test 1.8540e-01 │ η_eff 1.092e-04
Ep  13/300 │  0.09s │ bd 1.6101e-01 │ res 0.0000e+00 │ test 1.5390e-01 │ η_eff 1.123e-04
Ep  14/300 │  0.10s │ bd 1.2223e-01 │ res 0.0000e+00 │ test 6.9229e-02 │ η_eff 9.654e-05
Ep  15/300 │  0.09s │ bd 1.3324e-01 │ res 0.0000e+00 │ test 1.1159e-01 │ η_eff 1.158e-04
Ep  16/300 │  0.09s │ bd 1.4527e-01 │ res 0.0000e+00 │ test 1.7248e-01 │ η_eff 9.914e-05
Ep  17/300 │  0.11s │ bd 1.2529e-01 │ res 0.0000e+00 │ test 1.1962e-01 │ η_eff 9.318e-05
Ep  18/300 │  0.09s │ bd 1.0798e-01 │ res 0.0000e+00 │ test 1.6521e-01 │ η_eff 1.022e-04
Ep  19/300 │  0.09s │ bd 1.2614e-01 │ res 0.0000e+00 │ test 1.3464e-01 │ η_eff 1.184e-04
Ep  20/300 │  0.10s │ bd 1.4705e-01 │ res 0.0000e+00 │ test 1.9383e-01 │ η_eff 5.280e-05
Ep  21/300 │  0.09s │ bd 1.4760e-01 │ res 0.0000e+00 │ test 1.0699e-01 │ η_eff 5.967e-05
Ep  22/300 │  0.09s │ bd 8.0878e-02 │ res 0.0000e+00 │ test 8.4696e-02 │ η_eff 6.531e-05
Ep  23/300 │  0.09s │ bd 8.2410e-02 │ res 0.0000e+00 │ test 8.0697e-02 │ η_eff 5.733e-05
Ep  24/300 │  0.11s │ bd 1.0140e-01 │ res 0.0000e+00 │ test 6.3980e-02 │ η_eff 6.234e-05
Ep  25/300 │  0.09s │ bd 1.0145e-01 │ res 0.0000e+00 │ test 7.0271e-02 │ η_eff 5.395e-05
Ep  26/300 │  0.09s │ bd 7.3272e-02 │ res 0.0000e+00 │ test 6.0018e-02 │ η_eff 5.849e-05
Ep  27/300 │  0.09s │ bd 9.5659e-02 │ res 0.0000e+00 │ test 6.3427e-02 │ η_eff 6.573e-05
Ep  28/300 │  0.10s │ bd 1.0886e-01 │ res 0.0000e+00 │ test 7.2031e-02 │ η_eff 5.723e-05
Ep  29/300 │  0.10s │ bd 7.8193e-02 │ res 0.0000e+00 │ test 9.2788e-02 │ η_eff 5.001e-05
Ep  30/300 │  0.09s │ bd 9.5296e-02 │ res 0.0000e+00 │ test 8.2290e-02 │ η_eff 3.235e-05
Ep  31/300 │  0.09s │ bd 7.9118e-02 │ res 0.0000e+00 │ test 7.7831e-02 │ η_eff 3.056e-05
Ep  32/300 │  0.09s │ bd 7.6761e-02 │ res 0.0000e+00 │ test 5.6016e-02 │ η_eff 3.336e-05
Ep  33/300 │  0.09s │ bd 7.6183e-02 │ res 0.0000e+00 │ test 4.9278e-02 │ η_eff 3.237e-05
Ep  34/300 │  0.10s │ bd 6.1852e-02 │ res 0.0000e+00 │ test 6.7633e-02 │ η_eff 2.733e-05
Ep  35/300 │  0.10s │ bd 6.5282e-02 │ res 0.0000e+00 │ test 5.5395e-02 │ η_eff 2.944e-05
Ep  36/300 │  0.11s │ bd 6.5108e-02 │ res 0.0000e+00 │ test 5.7472e-02 │ η_eff 3.279e-05
Ep  37/300 │  0.09s │ bd 8.5116e-02 │ res 0.0000e+00 │ test 4.4194e-02 │ η_eff 3.891e-05
Ep  38/300 │  0.10s │ bd 6.9094e-02 │ res 0.0000e+00 │ test 5.3320e-02 │ η_eff 3.286e-05
Ep  39/300 │  0.09s │ bd 6.7278e-02 │ res 0.0000e+00 │ test 6.1437e-02 │ η_eff 3.006e-05
Ep  40/300 │  0.10s │ bd 6.3772e-02 │ res 0.0000e+00 │ test 4.5314e-02 │ η_eff 1.712e-05
Ep  41/300 │  0.09s │ bd 9.4049e-02 │ res 0.0000e+00 │ test 5.1704e-02 │ η_eff 1.682e-05
Ep  42/300 │  0.11s │ bd 6.2387e-02 │ res 0.0000e+00 │ test 5.4342e-02 │ η_eff 1.813e-05
Ep  43/300 │  0.09s │ bd 6.6596e-02 │ res 0.0000e+00 │ test 4.4421e-02 │ η_eff 1.691e-05
Ep  44/300 │  0.10s │ bd 6.0406e-02 │ res 0.0000e+00 │ test 4.1193e-02 │ η_eff 1.802e-05
Ep  45/300 │  0.09s │ bd 5.3079e-02 │ res 0.0000e+00 │ test 4.1805e-02 │ η_eff 1.846e-05
Ep  46/300 │  0.09s │ bd 4.2755e-02 │ res 0.0000e+00 │ test 4.2146e-02 │ η_eff 2.110e-05
Ep  47/300 │  0.10s │ bd 4.0605e-02 │ res 0.0000e+00 │ test 4.3146e-02 │ η_eff 1.894e-05
Ep  48/300 │  0.10s │ bd 5.5174e-02 │ res 0.0000e+00 │ test 4.2890e-02 │ η_eff 1.767e-05
Ep  49/300 │  0.09s │ bd 5.0914e-02 │ res 0.0000e+00 │ test 4.5799e-02 │ η_eff 2.050e-05
Ep  50/300 │  0.10s │ bd 5.8693e-02 │ res 0.0000e+00 │ test 4.3740e-02 │ η_eff 1.145e-05
Ep  51/300 │  0.11s │ bd 6.4705e-02 │ res 0.0000e+00 │ test 4.5370e-02 │ η_eff 9.667e-06
Ep  52/300 │  0.09s │ bd 4.3064e-02 │ res 0.0000e+00 │ test 4.0318e-02 │ η_eff 1.022e-05
Ep  53/300 │  0.09s │ bd 5.6364e-02 │ res 0.0000e+00 │ test 4.4664e-02 │ η_eff 9.585e-06
Ep  54/300 │  0.09s │ bd 5.1007e-02 │ res 0.0000e+00 │ test 3.9345e-02 │ η_eff 9.901e-06
Ep  55/300 │  0.09s │ bd 4.0553e-02 │ res 0.0000e+00 │ test 3.8577e-02 │ η_eff 9.386e-06
Ep  56/300 │  0.11s │ bd 5.0379e-02 │ res 0.0000e+00 │ test 4.0576e-02 │ η_eff 1.113e-05
Ep  57/300 │  0.09s │ bd 5.2218e-02 │ res 0.0000e+00 │ test 4.3481e-02 │ η_eff 1.064e-05
Ep  58/300 │  0.10s │ bd 3.3365e-02 │ res 0.0000e+00 │ test 3.7500e-02 │ η_eff 1.142e-05
Ep  59/300 │  0.09s │ bd 5.8380e-02 │ res 0.0000e+00 │ test 3.8558e-02 │ η_eff 1.156e-05
Ep  60/300 │  0.10s │ bd 5.6612e-02 │ res 0.0000e+00 │ test 3.9148e-02 │ η_eff 5.375e-06
Ep  61/300 │  0.09s │ bd 5.0846e-02 │ res 0.0000e+00 │ test 3.8940e-02 │ η_eff 5.161e-06
Ep  62/300 │  0.11s │ bd 4.6355e-02 │ res 0.0000e+00 │ test 4.1464e-02 │ η_eff 5.441e-06
Ep  63/300 │  0.09s │ bd 4.1620e-02 │ res 0.0000e+00 │ test 4.1778e-02 │ η_eff 5.157e-06
Ep  64/300 │  0.09s │ bd 5.1419e-02 │ res 0.0000e+00 │ test 3.8911e-02 │ η_eff 5.182e-06
Ep  65/300 │  0.09s │ bd 3.6517e-02 │ res 0.0000e+00 │ test 3.9436e-02 │ η_eff 5.802e-06
Ep  66/300 │  0.09s │ bd 4.7354e-02 │ res 0.0000e+00 │ test 3.9056e-02 │ η_eff 5.938e-06
Ep  67/300 │  0.10s │ bd 6.3954e-02 │ res 0.0000e+00 │ test 3.9321e-02 │ η_eff 5.692e-06
Ep  68/300 │  0.09s │ bd 4.2518e-02 │ res 0.0000e+00 │ test 3.8827e-02 │ η_eff 5.387e-06
Ep  69/300 │  0.10s │ bd 4.5958e-02 │ res 0.0000e+00 │ test 4.0603e-02 │ η_eff 5.663e-06
Ep  70/300 │  0.10s │ bd 5.2571e-02 │ res 0.0000e+00 │ test 3.9231e-02 │ η_eff 2.834e-06
Ep  71/300 │  0.10s │ bd 4.7044e-02 │ res 0.0000e+00 │ test 3.7731e-02 │ η_eff 3.066e-06
Ep  72/300 │  0.09s │ bd 4.2690e-02 │ res 0.0000e+00 │ test 3.9058e-02 │ η_eff 2.700e-06
Ep  73/300 │  0.10s │ bd 4.4236e-02 │ res 0.0000e+00 │ test 3.9466e-02 │ η_eff 3.036e-06
Ep  74/300 │  0.11s │ bd 6.8604e-02 │ res 0.0000e+00 │ test 3.8884e-02 │ η_eff 2.746e-06
Ep  75/300 │  0.09s │ bd 3.8676e-02 │ res 0.0000e+00 │ test 3.8129e-02 │ η_eff 2.610e-06
Ep  76/300 │  0.10s │ bd 8.0284e-02 │ res 0.0000e+00 │ test 3.8040e-02 │ η_eff 2.914e-06
Ep  77/300 │  0.09s │ bd 4.8260e-02 │ res 0.0000e+00 │ test 3.7762e-02 │ η_eff 2.754e-06
Ep  78/300 │  0.10s │ bd 5.5598e-02 │ res 0.0000e+00 │ test 3.9422e-02 │ η_eff 2.969e-06
Ep  79/300 │  0.11s │ bd 4.4396e-02 │ res 0.0000e+00 │ test 3.9237e-02 │ η_eff 3.148e-06
Ep  80/300 │  0.11s │ bd 3.9745e-02 │ res 0.0000e+00 │ test 3.8180e-02 │ η_eff 1.407e-06
Ep  81/300 │  0.09s │ bd 4.0890e-02 │ res 0.0000e+00 │ test 3.7642e-02 │ η_eff 1.598e-06
Ep  82/300 │  0.10s │ bd 5.6639e-02 │ res 0.0000e+00 │ test 3.7916e-02 │ η_eff 1.595e-06
Ep  83/300 │  0.09s │ bd 3.2665e-02 │ res 0.0000e+00 │ test 3.8149e-02 │ η_eff 1.521e-06
Ep  84/300 │  0.10s │ bd 5.2770e-02 │ res 0.0000e+00 │ test 3.8773e-02 │ η_eff 1.317e-06
Ep  85/300 │  0.09s │ bd 3.7089e-02 │ res 0.0000e+00 │ test 3.9878e-02 │ η_eff 1.717e-06
Ep  86/300 │  0.10s │ bd 4.6859e-02 │ res 0.0000e+00 │ test 4.1290e-02 │ η_eff 1.901e-06
Ep  87/300 │  0.09s │ bd 3.4288e-02 │ res 0.0000e+00 │ test 3.8081e-02 │ η_eff 1.555e-06
Ep  88/300 │  0.10s │ bd 4.1686e-02 │ res 0.0000e+00 │ test 3.7690e-02 │ η_eff 1.637e-06
Ep  89/300 │  0.09s │ bd 4.7080e-02 │ res 0.0000e+00 │ test 3.7808e-02 │ η_eff 1.586e-06
Ep  90/300 │  0.09s │ bd 4.5103e-02 │ res 0.0000e+00 │ test 3.7901e-02 │ η_eff 7.439e-07
Ep  91/300 │  0.10s │ bd 3.8447e-02 │ res 0.0000e+00 │ test 3.7808e-02 │ η_eff 8.050e-07
Ep  92/300 │  0.10s │ bd 4.0070e-02 │ res 0.0000e+00 │ test 3.7571e-02 │ η_eff 8.454e-07
Ep  93/300 │  0.09s │ bd 6.7946e-02 │ res 0.0000e+00 │ test 3.7630e-02 │ η_eff 7.488e-07
Ep  94/300 │  0.10s │ bd 5.6530e-02 │ res 0.0000e+00 │ test 3.7723e-02 │ η_eff 8.643e-07
Ep  95/300 │  0.10s │ bd 4.6682e-02 │ res 0.0000e+00 │ test 3.8513e-02 │ η_eff 7.775e-07
Ep  96/300 │  0.10s │ bd 4.0976e-02 │ res 0.0000e+00 │ test 3.8607e-02 │ η_eff 8.589e-07
Ep  97/300 │  0.11s │ bd 6.0002e-02 │ res 0.0000e+00 │ test 3.9484e-02 │ η_eff 8.997e-07
Ep  98/300 │  0.09s │ bd 5.3012e-02 │ res 0.0000e+00 │ test 3.8043e-02 │ η_eff 8.642e-07
Ep  99/300 │  0.10s │ bd 4.3192e-02 │ res 0.0000e+00 │ test 3.7871e-02 │ η_eff 9.321e-07
Ep 100/300 │  0.09s │ bd 5.3178e-02 │ res 0.0000e+00 │ test 3.7938e-02 │ η_eff 4.359e-07
Ep 101/300 │  0.10s │ bd 4.9800e-02 │ res 0.0000e+00 │ test 3.7828e-02 │ η_eff 4.081e-07
Ep 102/300 │  0.09s │ bd 5.5927e-02 │ res 0.0000e+00 │ test 3.8409e-02 │ η_eff 4.619e-07
Ep 103/300 │  0.10s │ bd 5.2523e-02 │ res 0.0000e+00 │ test 3.7787e-02 │ η_eff 4.119e-07
Ep 104/300 │  0.09s │ bd 4.9652e-02 │ res 0.0000e+00 │ test 3.7745e-02 │ η_eff 3.743e-07
Ep 105/300 │  0.09s │ bd 4.4329e-02 │ res 0.0000e+00 │ test 3.7679e-02 │ η_eff 4.213e-07
Ep 106/300 │  0.10s │ bd 4.1797e-02 │ res 0.0000e+00 │ test 3.7795e-02 │ η_eff 4.879e-07
Ep 107/300 │  0.10s │ bd 4.8850e-02 │ res 0.0000e+00 │ test 3.8075e-02 │ η_eff 5.065e-07
Ep 108/300 │  0.10s │ bd 4.9351e-02 │ res 0.0000e+00 │ test 3.7864e-02 │ η_eff 4.893e-07
Ep 109/300 │  0.10s │ bd 4.2965e-02 │ res 0.0000e+00 │ test 3.7961e-02 │ η_eff 3.944e-07
Ep 110/300 │  0.11s │ bd 4.3068e-02 │ res 0.0000e+00 │ test 3.8315e-02 │ η_eff 2.116e-07
Ep 111/300 │  0.09s │ bd 4.4485e-02 │ res 0.0000e+00 │ test 3.8010e-02 │ η_eff 2.251e-07
Ep 112/300 │  0.09s │ bd 4.1008e-02 │ res 0.0000e+00 │ test 3.8469e-02 │ η_eff 2.461e-07
Ep 113/300 │  0.09s │ bd 4.1755e-02 │ res 0.0000e+00 │ test 3.8119e-02 │ η_eff 2.299e-07
Ep 114/300 │  0.10s │ bd 4.4878e-02 │ res 0.0000e+00 │ test 3.8110e-02 │ η_eff 2.183e-07
Ep 115/300 │  0.10s │ bd 4.2822e-02 │ res 0.0000e+00 │ test 3.8144e-02 │ η_eff 2.339e-07
Ep 116/300 │  0.09s │ bd 5.0866e-02 │ res 0.0000e+00 │ test 3.7778e-02 │ η_eff 2.100e-07
Ep 117/300 │  0.09s │ bd 4.4415e-02 │ res 0.0000e+00 │ test 3.7938e-02 │ η_eff 2.292e-07
Ep 118/300 │  0.10s │ bd 3.9524e-02 │ res 0.0000e+00 │ test 3.8033e-02 │ η_eff 2.447e-07
Ep 119/300 │  0.11s │ bd 4.9462e-02 │ res 0.0000e+00 │ test 3.7584e-02 │ η_eff 2.319e-07
Ep 120/300 │  0.10s │ bd 4.6020e-02 │ res 0.0000e+00 │ test 3.7706e-02 │ η_eff 1.173e-07
Ep 121/300 │  0.09s │ bd 4.0267e-02 │ res 0.0000e+00 │ test 3.8167e-02 │ η_eff 1.146e-07
Ep 122/300 │  0.09s │ bd 4.0311e-02 │ res 0.0000e+00 │ test 3.7742e-02 │ η_eff 1.140e-07
Ep 123/300 │  0.10s │ bd 5.1404e-02 │ res 0.0000e+00 │ test 3.8515e-02 │ η_eff 1.203e-07
Ep 124/300 │  0.09s │ bd 4.0699e-02 │ res 0.0000e+00 │ test 3.7868e-02 │ η_eff 1.425e-07
Ep 125/300 │  0.10s │ bd 4.9936e-02 │ res 0.0000e+00 │ test 3.8145e-02 │ η_eff 1.237e-07
Ep 126/300 │  0.09s │ bd 5.3910e-02 │ res 0.0000e+00 │ test 3.8685e-02 │ η_eff 1.252e-07
Ep 127/300 │  0.10s │ bd 4.7603e-02 │ res 0.0000e+00 │ test 3.7876e-02 │ η_eff 1.155e-07
Ep 128/300 │  0.10s │ bd 5.6493e-02 │ res 0.0000e+00 │ test 3.9848e-02 │ η_eff 1.324e-07
Ep 129/300 │  0.10s │ bd 4.2428e-02 │ res 0.0000e+00 │ test 3.8719e-02 │ η_eff 1.241e-07
Ep 130/300 │  0.09s │ bd 5.4955e-02 │ res 0.0000e+00 │ test 4.0012e-02 │ η_eff 7.477e-08
Ep 131/300 │  0.09s │ bd 4.4777e-02 │ res 0.0000e+00 │ test 3.9101e-02 │ η_eff 7.013e-08
Ep 132/300 │  0.10s │ bd 5.2980e-02 │ res 0.0000e+00 │ test 3.8858e-02 │ η_eff 6.869e-08
Ep 133/300 │  0.10s │ bd 4.1404e-02 │ res 0.0000e+00 │ test 3.7971e-02 │ η_eff 6.605e-08
Ep 134/300 │  0.09s │ bd 4.3159e-02 │ res 0.0000e+00 │ test 3.8722e-02 │ η_eff 7.021e-08
Ep 135/300 │  0.10s │ bd 4.8125e-02 │ res 0.0000e+00 │ test 3.8564e-02 │ η_eff 6.948e-08
Ep 136/300 │  0.09s │ bd 5.7534e-02 │ res 0.0000e+00 │ test 3.7688e-02 │ η_eff 5.789e-08
Ep 137/300 │  0.10s │ bd 4.1482e-02 │ res 0.0000e+00 │ test 3.8163e-02 │ η_eff 6.359e-08
Ep 138/300 │  0.11s │ bd 4.6001e-02 │ res 0.0000e+00 │ test 3.8802e-02 │ η_eff 6.662e-08
Ep 139/300 │  0.09s │ bd 3.7826e-02 │ res 0.0000e+00 │ test 3.7887e-02 │ η_eff 6.539e-08
Ep 140/300 │  0.10s │ bd 3.2310e-02 │ res 0.0000e+00 │ test 3.7809e-02 │ η_eff 3.399e-08
Ep 141/300 │  0.10s │ bd 4.8868e-02 │ res 0.0000e+00 │ test 3.7542e-02 │ η_eff 3.181e-08
Ep 142/300 │  0.10s │ bd 4.9166e-02 │ res 0.0000e+00 │ test 3.7518e-02 │ η_eff 3.241e-08
Ep 143/300 │  0.11s │ bd 3.8137e-02 │ res 0.0000e+00 │ test 3.7713e-02 │ η_eff 3.011e-08
Ep 144/300 │  0.10s │ bd 3.7350e-02 │ res 0.0000e+00 │ test 3.7599e-02 │ η_eff 3.308e-08
Ep 145/300 │  0.10s │ bd 3.1570e-02 │ res 0.0000e+00 │ test 3.7575e-02 │ η_eff 3.356e-08
Ep 146/300 │  0.10s │ bd 5.2828e-02 │ res 0.0000e+00 │ test 3.7780e-02 │ η_eff 3.446e-08
Ep 147/300 │  0.11s │ bd 4.9493e-02 │ res 0.0000e+00 │ test 3.8089e-02 │ η_eff 3.404e-08
Ep 148/300 │  0.10s │ bd 4.6126e-02 │ res 0.0000e+00 │ test 3.7631e-02 │ η_eff 3.448e-08
Ep 149/300 │  0.09s │ bd 3.3076e-02 │ res 0.0000e+00 │ test 3.7684e-02 │ η_eff 3.500e-08
Ep 150/300 │  0.11s │ bd 4.1862e-02 │ res 0.0000e+00 │ test 3.7546e-02 │ η_eff 1.765e-08
Ep 151/300 │  0.10s │ bd 4.4457e-02 │ res 0.0000e+00 │ test 3.7680e-02 │ η_eff 1.672e-08
Ep 152/300 │  0.09s │ bd 3.9580e-02 │ res 0.0000e+00 │ test 3.8216e-02 │ η_eff 1.781e-08
Ep 153/300 │  0.10s │ bd 4.7737e-02 │ res 0.0000e+00 │ test 3.7637e-02 │ η_eff 1.745e-08
Ep 154/300 │  0.10s │ bd 4.4746e-02 │ res 0.0000e+00 │ test 3.7563e-02 │ η_eff 1.582e-08
Ep 155/300 │  0.10s │ bd 4.9317e-02 │ res 0.0000e+00 │ test 3.7519e-02 │ η_eff 1.696e-08
Ep 156/300 │  0.10s │ bd 3.9377e-02 │ res 0.0000e+00 │ test 3.7469e-02 │ η_eff 1.632e-08
Ep 157/300 │  0.10s │ bd 3.4118e-02 │ res 0.0000e+00 │ test 3.7621e-02 │ η_eff 1.952e-08
Ep 158/300 │  0.09s │ bd 4.1860e-02 │ res 0.0000e+00 │ test 3.7730e-02 │ η_eff 1.744e-08
Ep 159/300 │  0.11s │ bd 5.3230e-02 │ res 0.0000e+00 │ test 3.9527e-02 │ η_eff 2.030e-08
Ep 160/300 │  0.09s │ bd 4.2743e-02 │ res 0.0000e+00 │ test 3.8928e-02 │ η_eff 9.206e-09
Ep 161/300 │  0.10s │ bd 4.2465e-02 │ res 0.0000e+00 │ test 3.8589e-02 │ η_eff 1.018e-08
Ep 162/300 │  0.11s │ bd 4.5921e-02 │ res 0.0000e+00 │ test 3.8051e-02 │ η_eff 1.056e-08
Ep 163/300 │  0.10s │ bd 5.6526e-02 │ res 0.0000e+00 │ test 3.7763e-02 │ η_eff 8.780e-09
Ep 164/300 │  0.10s │ bd 4.0082e-02 │ res 0.0000e+00 │ test 3.7487e-02 │ η_eff 8.913e-09
Ep 165/300 │  0.10s │ bd 4.9761e-02 │ res 0.0000e+00 │ test 3.7634e-02 │ η_eff 8.284e-09
Ep 166/300 │  0.10s │ bd 4.5223e-02 │ res 0.0000e+00 │ test 3.7498e-02 │ η_eff 1.009e-08
Ep 167/300 │  0.11s │ bd 5.4340e-02 │ res 0.0000e+00 │ test 3.8895e-02 │ η_eff 9.840e-09
Ep 168/300 │  0.10s │ bd 4.9387e-02 │ res 0.0000e+00 │ test 3.8189e-02 │ η_eff 1.016e-08
Ep 169/300 │  0.10s │ bd 3.2272e-02 │ res 0.0000e+00 │ test 3.7634e-02 │ η_eff 9.432e-09
Ep 170/300 │  0.09s │ bd 4.9299e-02 │ res 0.0000e+00 │ test 3.7673e-02 │ η_eff 4.860e-09
Ep 171/300 │  0.09s │ bd 4.1357e-02 │ res 0.0000e+00 │ test 3.7721e-02 │ η_eff 5.143e-09
Ep 172/300 │  0.11s │ bd 5.0516e-02 │ res 0.0000e+00 │ test 3.7625e-02 │ η_eff 4.999e-09
Ep 173/300 │  0.10s │ bd 3.7159e-02 │ res 0.0000e+00 │ test 3.7766e-02 │ η_eff 4.882e-09
Ep 174/300 │  0.10s │ bd 4.7772e-02 │ res 0.0000e+00 │ test 3.7765e-02 │ η_eff 4.606e-09
Ep 175/300 │  0.10s │ bd 4.8149e-02 │ res 0.0000e+00 │ test 3.7970e-02 │ η_eff 5.594e-09
Ep 176/300 │  0.11s │ bd 4.4425e-02 │ res 0.0000e+00 │ test 3.7792e-02 │ η_eff 5.317e-09
Ep 177/300 │  0.11s │ bd 4.6805e-02 │ res 0.0000e+00 │ test 3.8159e-02 │ η_eff 6.063e-09
Ep 178/300 │  0.10s │ bd 5.7254e-02 │ res 0.0000e+00 │ test 3.8148e-02 │ η_eff 5.264e-09
Ep 179/300 │  0.10s │ bd 4.7379e-02 │ res 0.0000e+00 │ test 3.7927e-02 │ η_eff 4.881e-09
Ep 180/300 │  0.10s │ bd 4.7276e-02 │ res 0.0000e+00 │ test 3.7606e-02 │ η_eff 2.251e-09
Ep 181/300 │  0.10s │ bd 6.2425e-02 │ res 0.0000e+00 │ test 3.7597e-02 │ η_eff 2.255e-09
Ep 182/300 │  0.09s │ bd 3.4362e-02 │ res 0.0000e+00 │ test 3.7925e-02 │ η_eff 2.456e-09
Ep 183/300 │  0.10s │ bd 3.5343e-02 │ res 0.0000e+00 │ test 3.7964e-02 │ η_eff 2.429e-09
Ep 184/300 │  0.11s │ bd 3.6674e-02 │ res 0.0000e+00 │ test 3.7675e-02 │ η_eff 2.573e-09
Ep 185/300 │  0.10s │ bd 5.0832e-02 │ res 0.0000e+00 │ test 3.7689e-02 │ η_eff 2.510e-09
Ep 186/300 │  0.10s │ bd 3.8405e-02 │ res 0.0000e+00 │ test 3.7627e-02 │ η_eff 2.625e-09
Ep 187/300 │  0.11s │ bd 5.2588e-02 │ res 0.0000e+00 │ test 3.7699e-02 │ η_eff 2.712e-09
Ep 188/300 │  0.10s │ bd 5.7518e-02 │ res 0.0000e+00 │ test 3.7818e-02 │ η_eff 2.532e-09
Ep 189/300 │  0.10s │ bd 5.0834e-02 │ res 0.0000e+00 │ test 3.7762e-02 │ η_eff 2.465e-09
Ep 190/300 │  0.11s │ bd 4.6150e-02 │ res 0.0000e+00 │ test 3.8393e-02 │ η_eff 1.356e-09
Ep 191/300 │  0.10s │ bd 3.3945e-02 │ res 0.0000e+00 │ test 3.7962e-02 │ η_eff 1.322e-09
Ep 192/300 │  0.10s │ bd 4.8947e-02 │ res 0.0000e+00 │ test 3.7782e-02 │ η_eff 1.245e-09
Ep 193/300 │  0.11s │ bd 5.0844e-02 │ res 0.0000e+00 │ test 3.7658e-02 │ η_eff 1.225e-09
Ep 194/300 │  0.10s │ bd 4.8995e-02 │ res 0.0000e+00 │ test 3.7827e-02 │ η_eff 1.475e-09
Ep 195/300 │  0.09s │ bd 3.3058e-02 │ res 0.0000e+00 │ test 3.7607e-02 │ η_eff 1.397e-09
Ep 196/300 │  0.10s │ bd 4.0893e-02 │ res 0.0000e+00 │ test 3.7667e-02 │ η_eff 1.355e-09
Ep 197/300 │  0.09s │ bd 4.7582e-02 │ res 0.0000e+00 │ test 3.7673e-02 │ η_eff 1.205e-09
Ep 198/300 │  0.10s │ bd 4.3565e-02 │ res 0.0000e+00 │ test 3.7628e-02 │ η_eff 1.403e-09
Ep 199/300 │  0.10s │ bd 4.3893e-02 │ res 0.0000e+00 │ test 3.8182e-02 │ η_eff 1.517e-09
Ep 200/300 │  0.10s │ bd 3.8791e-02 │ res 0.0000e+00 │ test 3.7762e-02 │ η_eff 6.983e-10
Ep 201/300 │  0.10s │ bd 4.4656e-02 │ res 0.0000e+00 │ test 3.7555e-02 │ η_eff 7.017e-10
Ep 202/300 │  0.10s │ bd 4.2013e-02 │ res 0.0000e+00 │ test 3.7851e-02 │ η_eff 7.486e-10
Ep 203/300 │  0.10s │ bd 6.1153e-02 │ res 0.0000e+00 │ test 3.7688e-02 │ η_eff 6.929e-10
Ep 204/300 │  0.10s │ bd 4.4947e-02 │ res 0.0000e+00 │ test 3.7774e-02 │ η_eff 6.640e-10
Ep 205/300 │  0.10s │ bd 4.3327e-02 │ res 0.0000e+00 │ test 3.7921e-02 │ η_eff 7.072e-10
Ep 206/300 │  0.10s │ bd 5.1461e-02 │ res 0.0000e+00 │ test 3.7744e-02 │ η_eff 7.500e-10
Ep 207/300 │  0.10s │ bd 3.7946e-02 │ res 0.0000e+00 │ test 3.7505e-02 │ η_eff 7.077e-10
Ep 208/300 │  0.11s │ bd 4.5463e-02 │ res 0.0000e+00 │ test 3.7818e-02 │ η_eff 8.130e-10
Ep 209/300 │  0.10s │ bd 4.6934e-02 │ res 0.0000e+00 │ test 3.8704e-02 │ η_eff 7.966e-10
Ep 210/300 │  0.09s │ bd 4.2644e-02 │ res 0.0000e+00 │ test 3.7789e-02 │ η_eff 3.864e-10
Ep 211/300 │  0.11s │ bd 5.6518e-02 │ res 0.0000e+00 │ test 3.9984e-02 │ η_eff 4.300e-10
Ep 212/300 │  0.10s │ bd 5.3960e-02 │ res 0.0000e+00 │ test 3.9015e-02 │ η_eff 3.681e-10
Ep 213/300 │  0.11s │ bd 5.1608e-02 │ res 0.0000e+00 │ test 3.8097e-02 │ η_eff 3.777e-10
Ep 214/300 │  0.10s │ bd 4.2064e-02 │ res 0.0000e+00 │ test 3.8514e-02 │ η_eff 4.129e-10
Ep 215/300 │  0.10s │ bd 4.4097e-02 │ res 0.0000e+00 │ test 3.8597e-02 │ η_eff 4.416e-10
Ep 216/300 │  0.10s │ bd 3.8030e-02 │ res 0.0000e+00 │ test 3.8194e-02 │ η_eff 4.116e-10
Ep 217/300 │  0.11s │ bd 4.1629e-02 │ res 0.0000e+00 │ test 3.7927e-02 │ η_eff 4.140e-10
Ep 218/300 │  0.10s │ bd 6.5734e-02 │ res 0.0000e+00 │ test 3.7572e-02 │ η_eff 3.827e-10
Ep 219/300 │  0.10s │ bd 6.9182e-02 │ res 0.0000e+00 │ test 3.7439e-02 │ η_eff 4.023e-10
Ep 220/300 │  0.11s │ bd 3.5886e-02 │ res 0.0000e+00 │ test 3.7742e-02 │ η_eff 1.679e-10
Ep 221/300 │  0.09s │ bd 6.3038e-02 │ res 0.0000e+00 │ test 3.8548e-02 │ η_eff 1.961e-10
Ep 222/300 │  0.11s │ bd 2.9155e-02 │ res 0.0000e+00 │ test 3.8046e-02 │ η_eff 1.867e-10
Ep 223/300 │  0.09s │ bd 5.4397e-02 │ res 0.0000e+00 │ test 3.7803e-02 │ η_eff 1.791e-10
Ep 224/300 │  0.11s │ bd 5.8178e-02 │ res 0.0000e+00 │ test 3.7736e-02 │ η_eff 1.973e-10
Ep 225/300 │  0.10s │ bd 4.8278e-02 │ res 0.0000e+00 │ test 3.7798e-02 │ η_eff 1.885e-10
Ep 226/300 │  0.11s │ bd 5.2561e-02 │ res 0.0000e+00 │ test 3.9180e-02 │ η_eff 1.948e-10
Ep 227/300 │  0.10s │ bd 4.8001e-02 │ res 0.0000e+00 │ test 3.8142e-02 │ η_eff 1.763e-10
Ep 228/300 │  0.10s │ bd 4.5866e-02 │ res 0.0000e+00 │ test 3.8953e-02 │ η_eff 2.148e-10
Ep 229/300 │  0.11s │ bd 4.7564e-02 │ res 0.0000e+00 │ test 3.9261e-02 │ η_eff 2.151e-10
Ep 230/300 │  0.11s │ bd 3.8689e-02 │ res 0.0000e+00 │ test 3.8104e-02 │ η_eff 1.031e-10
Ep 231/300 │  0.10s │ bd 4.2888e-02 │ res 0.0000e+00 │ test 3.8241e-02 │ η_eff 1.012e-10
Ep 232/300 │  0.10s │ bd 5.3777e-02 │ res 0.0000e+00 │ test 3.9896e-02 │ η_eff 1.003e-10
Ep 233/300 │  0.10s │ bd 6.1584e-02 │ res 0.0000e+00 │ test 3.8231e-02 │ η_eff 9.936e-11
Ep 234/300 │  0.09s │ bd 3.6583e-02 │ res 0.0000e+00 │ test 3.7808e-02 │ η_eff 1.009e-10
Ep 235/300 │  0.10s │ bd 4.3028e-02 │ res 0.0000e+00 │ test 3.7809e-02 │ η_eff 8.918e-11
Ep 236/300 │  0.10s │ bd 4.2632e-02 │ res 0.0000e+00 │ test 3.7622e-02 │ η_eff 9.826e-11
Ep 237/300 │  0.10s │ bd 3.7042e-02 │ res 0.0000e+00 │ test 3.7842e-02 │ η_eff 9.723e-11
Ep 238/300 │  0.11s │ bd 4.0244e-02 │ res 0.0000e+00 │ test 3.7532e-02 │ η_eff 9.034e-11
Ep 239/300 │  0.11s │ bd 3.9577e-02 │ res 0.0000e+00 │ test 3.7554e-02 │ η_eff 1.042e-10
Ep 240/300 │  0.10s │ bd 3.6950e-02 │ res 0.0000e+00 │ test 3.7741e-02 │ η_eff 4.716e-11
Ep 241/300 │  0.10s │ bd 4.4839e-02 │ res 0.0000e+00 │ test 3.7972e-02 │ η_eff 5.337e-11
Ep 242/300 │  0.09s │ bd 5.6576e-02 │ res 0.0000e+00 │ test 3.7572e-02 │ η_eff 4.549e-11
Ep 243/300 │  0.11s │ bd 3.5272e-02 │ res 0.0000e+00 │ test 3.7707e-02 │ η_eff 5.222e-11
Ep 244/300 │  0.10s │ bd 3.9473e-02 │ res 0.0000e+00 │ test 3.7629e-02 │ η_eff 4.863e-11
Ep 245/300 │  0.10s │ bd 7.5839e-02 │ res 0.0000e+00 │ test 3.9975e-02 │ η_eff 5.304e-11
Ep 246/300 │  0.10s │ bd 4.8808e-02 │ res 0.0000e+00 │ test 3.8660e-02 │ η_eff 4.897e-11
Ep 247/300 │  0.10s │ bd 3.9611e-02 │ res 0.0000e+00 │ test 3.8247e-02 │ η_eff 5.114e-11
Ep 248/300 │  0.09s │ bd 4.0298e-02 │ res 0.0000e+00 │ test 3.7717e-02 │ η_eff 5.212e-11
Ep 249/300 │  0.10s │ bd 3.9892e-02 │ res 0.0000e+00 │ test 3.8019e-02 │ η_eff 4.646e-11
Ep 250/300 │  0.10s │ bd 3.9765e-02 │ res 0.0000e+00 │ test 3.7722e-02 │ η_eff 2.609e-11
Ep 251/300 │  0.10s │ bd 5.2845e-02 │ res 0.0000e+00 │ test 3.8026e-02 │ η_eff 2.479e-11
Ep 252/300 │  0.10s │ bd 4.5303e-02 │ res 0.0000e+00 │ test 3.7877e-02 │ η_eff 2.620e-11
Ep 253/300 │  0.09s │ bd 6.3286e-02 │ res 0.0000e+00 │ test 3.8082e-02 │ η_eff 2.519e-11
Ep 254/300 │  0.10s │ bd 4.9593e-02 │ res 0.0000e+00 │ test 3.7680e-02 │ η_eff 2.707e-11
Ep 255/300 │  0.10s │ bd 5.6482e-02 │ res 0.0000e+00 │ test 3.8105e-02 │ η_eff 2.568e-11
Ep 256/300 │  0.11s │ bd 3.8171e-02 │ res 0.0000e+00 │ test 3.8263e-02 │ η_eff 3.103e-11
Ep 257/300 │  0.10s │ bd 3.7225e-02 │ res 0.0000e+00 │ test 3.7879e-02 │ η_eff 2.715e-11
Ep 258/300 │  0.10s │ bd 5.4676e-02 │ res 0.0000e+00 │ test 3.8654e-02 │ η_eff 2.824e-11
Ep 259/300 │  0.10s │ bd 4.5761e-02 │ res 0.0000e+00 │ test 3.7745e-02 │ η_eff 2.649e-11
Ep 260/300 │  0.10s │ bd 5.7979e-02 │ res 0.0000e+00 │ test 3.8380e-02 │ η_eff 1.256e-11
Ep 261/300 │  0.10s │ bd 3.6096e-02 │ res 0.0000e+00 │ test 3.7802e-02 │ η_eff 1.267e-11
Ep 262/300 │  0.10s │ bd 4.8152e-02 │ res 0.0000e+00 │ test 3.7600e-02 │ η_eff 1.398e-11
Ep 263/300 │  0.11s │ bd 4.7083e-02 │ res 0.0000e+00 │ test 3.7558e-02 │ η_eff 1.337e-11
Ep 264/300 │  0.09s │ bd 4.7867e-02 │ res 0.0000e+00 │ test 3.7536e-02 │ η_eff 1.353e-11
Ep 265/300 │  0.09s │ bd 4.8380e-02 │ res 0.0000e+00 │ test 3.7843e-02 │ η_eff 1.333e-11
Ep 266/300 │  0.10s │ bd 3.4885e-02 │ res 0.0000e+00 │ test 3.7862e-02 │ η_eff 1.501e-11
Ep 267/300 │  0.11s │ bd 4.9302e-02 │ res 0.0000e+00 │ test 3.7532e-02 │ η_eff 1.333e-11
Ep 268/300 │  0.10s │ bd 4.0866e-02 │ res 0.0000e+00 │ test 3.7577e-02 │ η_eff 1.448e-11
Ep 269/300 │  0.09s │ bd 4.8314e-02 │ res 0.0000e+00 │ test 3.7703e-02 │ η_eff 1.406e-11
Ep 270/300 │  0.12s │ bd 5.1988e-02 │ res 0.0000e+00 │ test 3.8006e-02 │ η_eff 7.673e-12
Ep 271/300 │  0.09s │ bd 4.5307e-02 │ res 0.0000e+00 │ test 3.7681e-02 │ η_eff 8.235e-12
Ep 272/300 │  0.11s │ bd 4.0951e-02 │ res 0.0000e+00 │ test 3.7797e-02 │ η_eff 7.442e-12
Ep 273/300 │  0.10s │ bd 3.7365e-02 │ res 0.0000e+00 │ test 3.7874e-02 │ η_eff 7.528e-12
Ep 274/300 │  0.10s │ bd 4.6334e-02 │ res 0.0000e+00 │ test 3.8029e-02 │ η_eff 8.265e-12
Ep 275/300 │  0.10s │ bd 5.5836e-02 │ res 0.0000e+00 │ test 3.7593e-02 │ η_eff 6.868e-12
Ep 276/300 │  0.11s │ bd 4.7924e-02 │ res 0.0000e+00 │ test 3.7700e-02 │ η_eff 6.910e-12
Ep 277/300 │  0.10s │ bd 4.1732e-02 │ res 0.0000e+00 │ test 3.8149e-02 │ η_eff 6.909e-12
Ep 278/300 │  0.10s │ bd 4.3906e-02 │ res 0.0000e+00 │ test 3.7895e-02 │ η_eff 7.080e-12
Ep 279/300 │  0.10s │ bd 4.0478e-02 │ res 0.0000e+00 │ test 3.7775e-02 │ η_eff 6.657e-12
Ep 280/300 │  0.11s │ bd 4.7816e-02 │ res 0.0000e+00 │ test 3.8116e-02 │ η_eff 3.329e-12
Ep 281/300 │  0.10s │ bd 4.6362e-02 │ res 0.0000e+00 │ test 3.7657e-02 │ η_eff 3.464e-12
Ep 282/300 │  0.10s │ bd 4.7478e-02 │ res 0.0000e+00 │ test 3.8045e-02 │ η_eff 3.514e-12
Ep 283/300 │  0.10s │ bd 4.6212e-02 │ res 0.0000e+00 │ test 3.8026e-02 │ η_eff 3.621e-12
Ep 284/300 │  0.10s │ bd 3.9349e-02 │ res 0.0000e+00 │ test 3.7827e-02 │ η_eff 3.751e-12
Ep 285/300 │  0.10s │ bd 3.5862e-02 │ res 0.0000e+00 │ test 3.7604e-02 │ η_eff 3.886e-12
Ep 286/300 │  0.10s │ bd 3.0199e-02 │ res 0.0000e+00 │ test 3.7621e-02 │ η_eff 3.787e-12
Ep 287/300 │  0.11s │ bd 3.4491e-02 │ res 0.0000e+00 │ test 3.7924e-02 │ η_eff 4.083e-12
Ep 288/300 │  0.10s │ bd 4.3898e-02 │ res 0.0000e+00 │ test 3.7753e-02 │ η_eff 3.665e-12
Ep 289/300 │  0.10s │ bd 4.6094e-02 │ res 0.0000e+00 │ test 3.7853e-02 │ η_eff 3.816e-12
Ep 290/300 │  0.11s │ bd 4.4573e-02 │ res 0.0000e+00 │ test 3.7710e-02 │ η_eff 1.737e-12
Ep 291/300 │  0.10s │ bd 4.2986e-02 │ res 0.0000e+00 │ test 3.7565e-02 │ η_eff 1.950e-12
Ep 292/300 │  0.09s │ bd 4.8958e-02 │ res 0.0000e+00 │ test 3.7853e-02 │ η_eff 2.049e-12
Ep 293/300 │  0.09s │ bd 4.4538e-02 │ res 0.0000e+00 │ test 3.8067e-02 │ η_eff 2.054e-12
Ep 294/300 │  0.10s │ bd 5.2351e-02 │ res 0.0000e+00 │ test 3.7695e-02 │ η_eff 1.901e-12
Ep 295/300 │  0.09s │ bd 3.9112e-02 │ res 0.0000e+00 │ test 3.8479e-02 │ η_eff 2.150e-12
Ep 296/300 │  0.10s │ bd 4.0909e-02 │ res 0.0000e+00 │ test 3.7963e-02 │ η_eff 2.161e-12
Ep 297/300 │  0.11s │ bd 3.2225e-02 │ res 0.0000e+00 │ test 3.7456e-02 │ η_eff 1.861e-12
Ep 298/300 │  0.10s │ bd 4.3323e-02 │ res 0.0000e+00 │ test 3.7529e-02 │ η_eff 1.824e-12
Ep 299/300 │  0.10s │ bd 3.5531e-02 │ res 0.0000e+00 │ test 3.7675e-02 │ η_eff 1.912e-12
Ep 300/300 │  0.11s │ bd 3.4929e-02 │ res 0.0000e+00 │ test 3.7540e-02 │ η_eff 9.381e-13
→ Saved: loss/Burger1d_phisfno_sup_90_Adam_ep300_visc0.1_m32_w64/loss_supervised.csv
→ Model saved: model/Burger1d_phisfno_sup_90_Adam_ep300_visc0.1_m32_w64
→ Eta-term history: loss/Burger1d_phisfno_sup_90_Adam_ep300_visc0.1_m32_w64/eta_term_history.csv
  sample 0: test L2 = 5.4783e-02
  sample 1: test L2 = 1.7871e-02
  sample 2: test L2 = 3.7477e-02
  sample 3: test L2 = 2.6194e-02
  sample 4: test L2 = 7.2906e-02
  sample 5: test L2 = 4.0433e-02
  sample 6: test L2 = 4.1744e-02
  sample 7: test L2 = 1.4554e-02
  sample 8: test L2 = 2.8353e-02
  sample 9: test L2 = 4.1064e-02
→ Predictions saved: burger_test_phisfno_sup.mat
→ Figure saved: image/Burger1d_phisfno_sup_90_Adam_ep300_visc0.1_m32_w64/final_velocity.png
