loaded 1D buffers
[train_model] model=phisfno | training=multistage | S=2048 | nu=0.1 | dt=0.1 | modes=32 | width=64
Model parameters: 550,339

=== Phase 'full_loss_1' | epochs 100 ===

Ep   1/100 │  0.85s │ bd 3.7493e+00 │ res 4.0799e+01 │ test 5.3735e+00 │ η_eff 2.405e-03
Ep   2/100 │  0.15s │ bd 1.2148e+00 │ res 2.7096e+01 │ test 4.6150e+00 │ η_eff 9.748e-04
Ep   3/100 │  0.15s │ bd 9.9960e-01 │ res 1.7809e+01 │ test 2.9459e+00 │ η_eff 4.745e-04
Ep   4/100 │  0.15s │ bd 7.2554e-01 │ res 1.0955e+01 │ test 1.7649e+00 │ η_eff 2.456e-04
Ep   5/100 │  0.15s │ bd 6.5956e-01 │ res 7.3933e+00 │ test 1.4035e+00 │ η_eff 1.750e-04
Ep   6/100 │  0.13s │ bd 7.1663e-01 │ res 4.8228e+00 │ test 1.6067e+00 │ η_eff 2.008e-04
Ep   7/100 │  0.12s │ bd 6.9202e-01 │ res 4.9101e+00 │ test 1.3301e+00 │ η_eff 1.514e-04
Ep   8/100 │  0.11s │ bd 6.0628e-01 │ res 3.4781e+00 │ test 1.1496e+00 │ η_eff 1.418e-04
Ep   9/100 │  0.11s │ bd 5.1561e-01 │ res 2.6041e+00 │ test 1.2281e+00 │ η_eff 1.413e-04
Ep  10/100 │  0.12s │ bd 5.7628e-01 │ res 2.3972e+00 │ test 1.1454e+00 │ η_eff 6.818e-05
Ep  11/100 │  0.11s │ bd 3.4364e-01 │ res 2.0234e+00 │ test 1.1013e+00 │ η_eff 7.435e-05
Ep  12/100 │  0.11s │ bd 2.5335e-01 │ res 1.3625e+00 │ test 9.3938e-01 │ η_eff 7.711e-05
Ep  13/100 │  0.11s │ bd 2.7649e-01 │ res 1.2079e+00 │ test 9.8869e-01 │ η_eff 6.987e-05
Ep  14/100 │  0.12s │ bd 2.4302e-01 │ res 1.0928e+00 │ test 9.6286e-01 │ η_eff 8.767e-05
Ep  15/100 │  0.11s │ bd 3.1445e-01 │ res 1.3363e+00 │ test 9.0580e-01 │ η_eff 7.966e-05
Ep  16/100 │  0.11s │ bd 2.6388e-01 │ res 1.0108e+00 │ test 9.0495e-01 │ η_eff 9.071e-05
Ep  17/100 │  0.11s │ bd 2.0650e-01 │ res 1.1579e+00 │ test 8.2077e-01 │ η_eff 8.802e-05
Ep  18/100 │  0.11s │ bd 1.9032e-01 │ res 9.2538e-01 │ test 7.6246e-01 │ η_eff 8.792e-05
Ep  19/100 │  0.13s │ bd 1.8544e-01 │ res 8.6631e-01 │ test 7.8717e-01 │ η_eff 8.109e-05
Ep  20/100 │  0.11s │ bd 1.9244e-01 │ res 7.3100e-01 │ test 8.0185e-01 │ η_eff 4.743e-05
Ep  21/100 │  0.11s │ bd 1.6304e-01 │ res 6.3766e-01 │ test 8.0419e-01 │ η_eff 4.528e-05
Ep  22/100 │  0.11s │ bd 1.6136e-01 │ res 5.8503e-01 │ test 7.3285e-01 │ η_eff 5.748e-05
Ep  23/100 │  0.11s │ bd 1.2894e-01 │ res 5.2653e-01 │ test 7.4350e-01 │ η_eff 4.363e-05
Ep  24/100 │  0.12s │ bd 1.3163e-01 │ res 5.2302e-01 │ test 8.0172e-01 │ η_eff 5.487e-05
Ep  25/100 │  0.11s │ bd 1.7363e-01 │ res 6.1654e-01 │ test 7.1001e-01 │ η_eff 4.961e-05
Ep  26/100 │  0.12s │ bd 1.4906e-01 │ res 5.1574e-01 │ test 7.4696e-01 │ η_eff 5.470e-05
Ep  27/100 │  0.11s │ bd 1.0640e-01 │ res 4.8874e-01 │ test 7.0803e-01 │ η_eff 5.864e-05
Ep  28/100 │  0.11s │ bd 1.4167e-01 │ res 5.5015e-01 │ test 6.6537e-01 │ η_eff 5.083e-05
Ep  29/100 │  0.11s │ bd 1.0020e-01 │ res 5.9303e-01 │ test 7.4057e-01 │ η_eff 6.439e-05
Ep  30/100 │  0.10s │ bd 1.1788e-01 │ res 4.7914e-01 │ test 6.8034e-01 │ η_eff 3.114e-05
Ep  31/100 │  0.11s │ bd 8.6119e-02 │ res 4.2495e-01 │ test 6.7270e-01 │ η_eff 2.642e-05
Ep  32/100 │  0.11s │ bd 8.8586e-02 │ res 4.1943e-01 │ test 6.5826e-01 │ η_eff 3.101e-05
Ep  33/100 │  0.11s │ bd 1.0572e-01 │ res 4.8853e-01 │ test 6.8773e-01 │ η_eff 3.220e-05
Ep  34/100 │  0.11s │ bd 7.9941e-02 │ res 3.5443e-01 │ test 6.3927e-01 │ η_eff 2.534e-05
Ep  35/100 │  0.11s │ bd 1.0241e-01 │ res 4.3252e-01 │ test 6.8565e-01 │ η_eff 2.605e-05
Ep  36/100 │  0.11s │ bd 9.9744e-02 │ res 4.3380e-01 │ test 6.7559e-01 │ η_eff 3.199e-05
Ep  37/100 │  0.12s │ bd 9.7632e-02 │ res 5.1237e-01 │ test 6.5767e-01 │ η_eff 2.863e-05
Ep  38/100 │  0.11s │ bd 7.8360e-02 │ res 3.5985e-01 │ test 6.7172e-01 │ η_eff 3.010e-05
Ep  39/100 │  0.12s │ bd 7.4520e-02 │ res 3.5432e-01 │ test 6.3417e-01 │ η_eff 2.985e-05
Ep  40/100 │  0.11s │ bd 7.3045e-02 │ res 3.1950e-01 │ test 6.5001e-01 │ η_eff 1.255e-05
Ep  41/100 │  0.11s │ bd 6.3207e-02 │ res 3.1459e-01 │ test 6.2482e-01 │ η_eff 1.636e-05
Ep  42/100 │  0.11s │ bd 7.1625e-02 │ res 3.3106e-01 │ test 6.4738e-01 │ η_eff 1.808e-05
Ep  43/100 │  0.11s │ bd 7.2129e-02 │ res 2.7852e-01 │ test 6.2692e-01 │ η_eff 1.638e-05
Ep  44/100 │  0.11s │ bd 6.9731e-02 │ res 3.0059e-01 │ test 6.6336e-01 │ η_eff 1.321e-05
Ep  45/100 │  0.11s │ bd 6.0187e-02 │ res 3.1252e-01 │ test 6.3466e-01 │ η_eff 1.636e-05
Ep  46/100 │  0.12s │ bd 6.4920e-02 │ res 2.9795e-01 │ test 6.4256e-01 │ η_eff 1.537e-05
Ep  47/100 │  0.11s │ bd 5.8548e-02 │ res 3.0981e-01 │ test 6.6519e-01 │ η_eff 1.701e-05
Ep  48/100 │  0.12s │ bd 6.3905e-02 │ res 2.9429e-01 │ test 6.4834e-01 │ η_eff 1.808e-05
Ep  49/100 │  0.11s │ bd 6.4367e-02 │ res 3.0908e-01 │ test 6.5910e-01 │ η_eff 2.237e-05
Ep  50/100 │  0.11s │ bd 5.7145e-02 │ res 3.1560e-01 │ test 6.5732e-01 │ η_eff 9.149e-06
Ep  51/100 │  0.11s │ bd 5.5667e-02 │ res 3.1568e-01 │ test 6.4823e-01 │ η_eff 8.554e-06
Ep  52/100 │  0.11s │ bd 5.2411e-02 │ res 2.8826e-01 │ test 6.5318e-01 │ η_eff 1.037e-05
Ep  53/100 │  0.11s │ bd 4.3577e-02 │ res 2.8003e-01 │ test 6.4436e-01 │ η_eff 9.236e-06
Ep  54/100 │  0.11s │ bd 5.5818e-02 │ res 3.3671e-01 │ test 6.5809e-01 │ η_eff 1.046e-05
Ep  55/100 │  0.12s │ bd 4.7024e-02 │ res 2.8145e-01 │ test 6.3165e-01 │ η_eff 1.042e-05
Ep  56/100 │  0.11s │ bd 5.2624e-02 │ res 3.0395e-01 │ test 6.4696e-01 │ η_eff 1.011e-05
Ep  57/100 │  0.12s │ bd 5.6446e-02 │ res 3.2735e-01 │ test 6.3684e-01 │ η_eff 1.213e-05
Ep  58/100 │  0.11s │ bd 5.4017e-02 │ res 2.5381e-01 │ test 6.4269e-01 │ η_eff 1.135e-05
Ep  59/100 │  0.11s │ bd 4.8864e-02 │ res 2.6509e-01 │ test 6.3600e-01 │ η_eff 8.537e-06
Ep  60/100 │  0.11s │ bd 4.7760e-02 │ res 3.0932e-01 │ test 6.3285e-01 │ η_eff 4.438e-06
Ep  61/100 │  0.11s │ bd 4.6548e-02 │ res 2.9195e-01 │ test 6.3602e-01 │ η_eff 4.099e-06
Ep  62/100 │  0.11s │ bd 4.4251e-02 │ res 3.0873e-01 │ test 6.3324e-01 │ η_eff 4.599e-06
Ep  63/100 │  0.12s │ bd 5.0693e-02 │ res 3.3509e-01 │ test 6.4473e-01 │ η_eff 4.701e-06
Ep  64/100 │  0.11s │ bd 4.7427e-02 │ res 2.5090e-01 │ test 6.4060e-01 │ η_eff 5.348e-06
Ep  65/100 │  0.11s │ bd 4.5657e-02 │ res 2.4507e-01 │ test 6.3620e-01 │ η_eff 4.398e-06
Ep  66/100 │  0.11s │ bd 4.2014e-02 │ res 2.4127e-01 │ test 6.3468e-01 │ η_eff 5.137e-06
Ep  67/100 │  0.11s │ bd 4.3753e-02 │ res 2.6641e-01 │ test 6.3580e-01 │ η_eff 4.970e-06
Ep  68/100 │  0.12s │ bd 4.5365e-02 │ res 2.7310e-01 │ test 6.3465e-01 │ η_eff 5.141e-06
Ep  69/100 │  0.12s │ bd 4.8926e-02 │ res 2.8487e-01 │ test 6.3527e-01 │ η_eff 6.049e-06
Ep  70/100 │  0.11s │ bd 3.8807e-02 │ res 2.6680e-01 │ test 6.4494e-01 │ η_eff 2.888e-06
Ep  71/100 │  0.11s │ bd 5.3969e-02 │ res 3.0922e-01 │ test 6.4276e-01 │ η_eff 2.158e-06
Ep  72/100 │  0.11s │ bd 4.9401e-02 │ res 3.5122e-01 │ test 6.4243e-01 │ η_eff 3.232e-06
Ep  73/100 │  0.11s │ bd 4.9345e-02 │ res 2.7947e-01 │ test 6.4236e-01 │ η_eff 2.370e-06
Ep  74/100 │  0.11s │ bd 4.1959e-02 │ res 2.5120e-01 │ test 6.4258e-01 │ η_eff 2.559e-06
Ep  75/100 │  0.11s │ bd 4.7086e-02 │ res 2.7398e-01 │ test 6.4445e-01 │ η_eff 2.404e-06
Ep  76/100 │  0.13s │ bd 4.7876e-02 │ res 3.0147e-01 │ test 6.3936e-01 │ η_eff 3.177e-06
Ep  77/100 │  0.12s │ bd 4.6255e-02 │ res 3.0222e-01 │ test 6.4199e-01 │ η_eff 3.090e-06
Ep  78/100 │  0.11s │ bd 5.0307e-02 │ res 3.2671e-01 │ test 6.4392e-01 │ η_eff 2.290e-06
Ep  79/100 │  0.11s │ bd 4.6677e-02 │ res 2.6380e-01 │ test 6.3816e-01 │ η_eff 3.785e-06
Ep  80/100 │  0.11s │ bd 4.8702e-02 │ res 3.0219e-01 │ test 6.4470e-01 │ η_eff 1.254e-06
Ep  81/100 │  0.11s │ bd 4.0659e-02 │ res 2.9142e-01 │ test 6.4522e-01 │ η_eff 1.506e-06
Ep  82/100 │  0.11s │ bd 4.4127e-02 │ res 2.6147e-01 │ test 6.4205e-01 │ η_eff 1.618e-06
Ep  83/100 │  0.12s │ bd 4.3463e-02 │ res 2.5491e-01 │ test 6.4128e-01 │ η_eff 1.303e-06
Ep  84/100 │  0.11s │ bd 4.1818e-02 │ res 2.3348e-01 │ test 6.4126e-01 │ η_eff 1.449e-06
Ep  85/100 │  0.11s │ bd 4.5790e-02 │ res 2.7144e-01 │ test 6.4008e-01 │ η_eff 1.338e-06
Ep  86/100 │  0.11s │ bd 4.2368e-02 │ res 2.3390e-01 │ test 6.3855e-01 │ η_eff 1.456e-06
Ep  87/100 │  0.12s │ bd 4.8212e-02 │ res 2.9334e-01 │ test 6.4309e-01 │ η_eff 1.358e-06
Ep  88/100 │  0.12s │ bd 4.0270e-02 │ res 2.5918e-01 │ test 6.4054e-01 │ η_eff 1.669e-06
Ep  89/100 │  0.11s │ bd 3.8029e-02 │ res 2.2413e-01 │ test 6.3230e-01 │ η_eff 1.685e-06
Ep  90/100 │  0.12s │ bd 3.5006e-02 │ res 2.4798e-01 │ test 6.3442e-01 │ η_eff 6.539e-07
Ep  91/100 │  0.11s │ bd 3.8676e-02 │ res 2.7539e-01 │ test 6.3647e-01 │ η_eff 9.654e-07
Ep  92/100 │  0.11s │ bd 4.9817e-02 │ res 2.5489e-01 │ test 6.2878e-01 │ η_eff 7.163e-07
Ep  93/100 │  0.12s │ bd 5.4475e-02 │ res 3.1822e-01 │ test 6.3584e-01 │ η_eff 7.068e-07
Ep  94/100 │  0.11s │ bd 4.0421e-02 │ res 2.7224e-01 │ test 6.3805e-01 │ η_eff 6.860e-07
Ep  95/100 │  0.11s │ bd 4.9591e-02 │ res 3.1613e-01 │ test 6.3943e-01 │ η_eff 9.696e-07
Ep  96/100 │  0.11s │ bd 5.9687e-02 │ res 3.0234e-01 │ test 6.4070e-01 │ η_eff 7.654e-07
Ep  97/100 │  0.11s │ bd 4.0989e-02 │ res 2.9876e-01 │ test 6.3912e-01 │ η_eff 7.898e-07
Ep  98/100 │  0.12s │ bd 5.3195e-02 │ res 3.0618e-01 │ test 6.4033e-01 │ η_eff 8.546e-07
Ep  99/100 │  0.12s │ bd 4.9286e-02 │ res 2.9173e-01 │ test 6.4667e-01 │ η_eff 7.913e-07
Ep 100/100 │  0.12s │ bd 4.0225e-02 │ res 2.5285e-01 │ test 6.3222e-01 │ η_eff 4.248e-07
→ Saved: loss/Burger1d_phisfno_ms_90_Adam_ep100_visc0.1_m32_w64_s0/loss_full_loss_1.csv

=== Phase 'full_loss_2' | epochs 100 ===

Ep   1/100 │  0.15s │ bd 1.1166e+00 │ res 1.6145e+01 │ test 1.9836e+00 │ η_eff 3.264e-03
Ep   2/100 │  0.11s │ bd 5.6402e-01 │ res 3.1411e+00 │ test 1.1465e+00 │ η_eff 1.667e-03
Ep   3/100 │  0.12s │ bd 3.7595e-01 │ res 1.8493e+00 │ test 4.9971e-01 │ η_eff 1.099e-03
Ep   4/100 │  0.12s │ bd 3.9520e-01 │ res 8.6854e-01 │ test 5.4470e-01 │ η_eff 9.801e-04
Ep   5/100 │  0.12s │ bd 3.7853e-01 │ res 1.0245e+00 │ test 2.6899e-01 │ η_eff 8.461e-04
Ep   6/100 │  0.12s │ bd 2.6745e-01 │ res 7.7857e-01 │ test 2.6485e-01 │ η_eff 7.813e-04
Ep   7/100 │  0.12s │ bd 2.5238e-01 │ res 6.3500e-01 │ test 2.7399e-01 │ η_eff 8.178e-04
Ep   8/100 │  0.11s │ bd 2.5575e-01 │ res 7.4793e-01 │ test 2.0583e-01 │ η_eff 6.818e-04
Ep   9/100 │  0.12s │ bd 1.8347e-01 │ res 5.0466e-01 │ test 1.7468e-01 │ η_eff 6.497e-04
Ep  10/100 │  0.12s │ bd 2.5671e-01 │ res 3.8786e-01 │ test 2.5676e-01 │ η_eff 3.073e-04
Ep  11/100 │  0.11s │ bd 1.8226e-01 │ res 3.1987e-01 │ test 1.1631e-01 │ η_eff 3.331e-04
Ep  12/100 │  0.11s │ bd 1.2902e-01 │ res 3.1189e-01 │ test 1.2148e-01 │ η_eff 3.293e-04
Ep  13/100 │  0.11s │ bd 1.4129e-01 │ res 2.0615e-01 │ test 1.1124e-01 │ η_eff 2.971e-04
Ep  14/100 │  0.12s │ bd 1.1718e-01 │ res 2.4468e-01 │ test 1.8161e-01 │ η_eff 2.735e-04
Ep  15/100 │  0.11s │ bd 1.7616e-01 │ res 3.1272e-01 │ test 1.4749e-01 │ η_eff 2.922e-04
Ep  16/100 │  0.11s │ bd 1.2692e-01 │ res 2.1999e-01 │ test 2.1076e-01 │ η_eff 2.659e-04
Ep  17/100 │  0.12s │ bd 1.4537e-01 │ res 2.0540e-01 │ test 1.0850e-01 │ η_eff 2.741e-04
Ep  18/100 │  0.11s │ bd 1.3264e-01 │ res 1.6852e-01 │ test 1.6760e-01 │ η_eff 3.007e-04
Ep  19/100 │  0.12s │ bd 2.0445e-01 │ res 2.8101e-01 │ test 2.0634e-01 │ η_eff 2.639e-04
Ep  20/100 │  0.12s │ bd 1.3866e-01 │ res 3.6775e-01 │ test 1.4163e-01 │ η_eff 1.326e-04
Ep  21/100 │  0.12s │ bd 1.0131e-01 │ res 2.6709e-01 │ test 1.0781e-01 │ η_eff 1.505e-04
Ep  22/100 │  0.11s │ bd 8.5678e-02 │ res 1.4963e-01 │ test 1.0367e-01 │ η_eff 1.488e-04
Ep  23/100 │  0.11s │ bd 7.5745e-02 │ res 1.0969e-01 │ test 1.1041e-01 │ η_eff 1.507e-04
Ep  24/100 │  0.11s │ bd 1.0624e-01 │ res 1.2566e-01 │ test 1.3070e-01 │ η_eff 1.316e-04
Ep  25/100 │  0.11s │ bd 9.0958e-02 │ res 8.7406e-02 │ test 9.9097e-02 │ η_eff 1.594e-04
Ep  26/100 │  0.11s │ bd 7.6365e-02 │ res 8.2839e-02 │ test 1.0979e-01 │ η_eff 1.534e-04
Ep  27/100 │  0.11s │ bd 9.1211e-02 │ res 9.2352e-02 │ test 9.9341e-02 │ η_eff 1.293e-04
Ep  28/100 │  0.11s │ bd 1.1208e-01 │ res 2.0075e-01 │ test 1.1260e-01 │ η_eff 1.378e-04
Ep  29/100 │  0.11s │ bd 1.1607e-01 │ res 2.2049e-01 │ test 1.1641e-01 │ η_eff 1.732e-04
Ep  30/100 │  0.11s │ bd 1.4066e-01 │ res 2.1823e-01 │ test 1.7064e-01 │ η_eff 9.117e-05
Ep  31/100 │  0.11s │ bd 9.4751e-02 │ res 1.1331e-01 │ test 9.6475e-02 │ η_eff 8.820e-05
Ep  32/100 │  0.11s │ bd 6.4400e-02 │ res 1.2418e-01 │ test 1.1449e-01 │ η_eff 9.101e-05
Ep  33/100 │  0.12s │ bd 9.2286e-02 │ res 1.1809e-01 │ test 8.8762e-02 │ η_eff 9.322e-05
Ep  34/100 │  0.11s │ bd 5.9692e-02 │ res 8.3504e-02 │ test 9.6567e-02 │ η_eff 9.167e-05
Ep  35/100 │  0.12s │ bd 5.1106e-02 │ res 6.8209e-02 │ test 9.9395e-02 │ η_eff 8.831e-05
Ep  36/100 │  0.11s │ bd 6.1642e-02 │ res 1.0238e-01 │ test 1.0293e-01 │ η_eff 8.563e-05
Ep  37/100 │  0.11s │ bd 6.3226e-02 │ res 1.0345e-01 │ test 9.4235e-02 │ η_eff 8.982e-05
Ep  38/100 │  0.12s │ bd 6.0773e-02 │ res 8.1660e-02 │ test 9.6579e-02 │ η_eff 7.212e-05
Ep  39/100 │  0.11s │ bd 6.3590e-02 │ res 9.3744e-02 │ test 8.5053e-02 │ η_eff 8.738e-05
Ep  40/100 │  0.11s │ bd 6.3043e-02 │ res 8.5913e-02 │ test 1.0746e-01 │ η_eff 4.173e-05
Ep  41/100 │  0.12s │ bd 5.3962e-02 │ res 6.1188e-02 │ test 8.2639e-02 │ η_eff 4.464e-05
Ep  42/100 │  0.11s │ bd 7.1015e-02 │ res 8.0218e-02 │ test 9.6386e-02 │ η_eff 5.161e-05
Ep  43/100 │  0.11s │ bd 6.5388e-02 │ res 6.0117e-02 │ test 9.8601e-02 │ η_eff 4.406e-05
Ep  44/100 │  0.11s │ bd 5.5961e-02 │ res 7.4578e-02 │ test 8.8438e-02 │ η_eff 5.148e-05
Ep  45/100 │  0.11s │ bd 4.8083e-02 │ res 8.3096e-02 │ test 8.9924e-02 │ η_eff 3.980e-05
Ep  46/100 │  0.11s │ bd 5.0452e-02 │ res 7.5349e-02 │ test 7.6991e-02 │ η_eff 5.134e-05
Ep  47/100 │  0.12s │ bd 5.5810e-02 │ res 5.9859e-02 │ test 1.0732e-01 │ η_eff 4.580e-05
Ep  48/100 │  0.11s │ bd 6.2821e-02 │ res 8.1896e-02 │ test 8.5965e-02 │ η_eff 4.510e-05
Ep  49/100 │  0.12s │ bd 4.8818e-02 │ res 9.4251e-02 │ test 8.2357e-02 │ η_eff 4.713e-05
Ep  50/100 │  0.11s │ bd 6.3916e-02 │ res 6.8008e-02 │ test 8.5999e-02 │ η_eff 2.774e-05
Ep  51/100 │  0.11s │ bd 5.6475e-02 │ res 8.7867e-02 │ test 1.0138e-01 │ η_eff 2.963e-05
Ep  52/100 │  0.11s │ bd 4.9448e-02 │ res 5.8288e-02 │ test 8.7587e-02 │ η_eff 2.644e-05
Ep  53/100 │  0.11s │ bd 6.1424e-02 │ res 1.0058e-01 │ test 8.8841e-02 │ η_eff 2.538e-05
Ep  54/100 │  0.11s │ bd 4.1900e-02 │ res 6.1564e-02 │ test 9.1011e-02 │ η_eff 2.468e-05
Ep  55/100 │  0.13s │ bd 4.6302e-02 │ res 8.5086e-02 │ test 8.8790e-02 │ η_eff 2.674e-05
Ep  56/100 │  0.11s │ bd 4.3417e-02 │ res 6.2667e-02 │ test 8.7911e-02 │ η_eff 2.470e-05
Ep  57/100 │  0.11s │ bd 4.7081e-02 │ res 7.6567e-02 │ test 9.0405e-02 │ η_eff 2.262e-05
Ep  58/100 │  0.11s │ bd 4.3068e-02 │ res 5.8526e-02 │ test 8.7887e-02 │ η_eff 2.574e-05
Ep  59/100 │  0.12s │ bd 3.9178e-02 │ res 6.3836e-02 │ test 9.1675e-02 │ η_eff 2.592e-05
Ep  60/100 │  0.11s │ bd 4.0189e-02 │ res 5.0561e-02 │ test 8.2640e-02 │ η_eff 1.389e-05
Ep  61/100 │  0.11s │ bd 4.4311e-02 │ res 7.1435e-02 │ test 8.7175e-02 │ η_eff 1.334e-05
Ep  62/100 │  0.11s │ bd 3.6388e-02 │ res 6.8312e-02 │ test 8.8898e-02 │ η_eff 1.453e-05
Ep  63/100 │  0.12s │ bd 2.6735e-02 │ res 4.5415e-02 │ test 8.6052e-02 │ η_eff 1.341e-05
Ep  64/100 │  0.11s │ bd 3.8823e-02 │ res 5.7445e-02 │ test 8.7992e-02 │ η_eff 1.307e-05
Ep  65/100 │  0.11s │ bd 4.0652e-02 │ res 7.5395e-02 │ test 8.7391e-02 │ η_eff 1.446e-05
Ep  66/100 │  0.11s │ bd 2.9725e-02 │ res 4.6985e-02 │ test 8.5212e-02 │ η_eff 1.266e-05
Ep  67/100 │  0.11s │ bd 3.6499e-02 │ res 5.9916e-02 │ test 8.0517e-02 │ η_eff 1.262e-05
Ep  68/100 │  0.12s │ bd 3.8050e-02 │ res 6.9804e-02 │ test 8.6167e-02 │ η_eff 1.231e-05
Ep  69/100 │  0.11s │ bd 2.8862e-02 │ res 4.4647e-02 │ test 8.6761e-02 │ η_eff 1.380e-05
Ep  70/100 │  0.11s │ bd 4.0558e-02 │ res 6.4931e-02 │ test 8.6938e-02 │ η_eff 8.404e-06
Ep  71/100 │  0.11s │ bd 5.0156e-02 │ res 7.0343e-02 │ test 8.7584e-02 │ η_eff 6.535e-06
Ep  72/100 │  0.11s │ bd 2.8204e-02 │ res 6.0482e-02 │ test 8.6900e-02 │ η_eff 6.656e-06
Ep  73/100 │  0.11s │ bd 4.0476e-02 │ res 7.3204e-02 │ test 8.6874e-02 │ η_eff 6.481e-06
Ep  74/100 │  0.11s │ bd 3.3577e-02 │ res 6.7391e-02 │ test 8.6167e-02 │ η_eff 6.902e-06
Ep  75/100 │  0.11s │ bd 3.7728e-02 │ res 5.6922e-02 │ test 8.5545e-02 │ η_eff 6.564e-06
Ep  76/100 │  0.12s │ bd 3.2652e-02 │ res 6.5621e-02 │ test 8.5960e-02 │ η_eff 6.741e-06
Ep  77/100 │  0.11s │ bd 3.1247e-02 │ res 6.4343e-02 │ test 8.6650e-02 │ η_eff 7.048e-06
Ep  78/100 │  0.11s │ bd 4.0618e-02 │ res 6.6302e-02 │ test 8.6454e-02 │ η_eff 6.504e-06
Ep  79/100 │  0.11s │ bd 3.2584e-02 │ res 5.1339e-02 │ test 8.7139e-02 │ η_eff 8.162e-06
Ep  80/100 │  0.11s │ bd 3.3411e-02 │ res 5.3601e-02 │ test 8.7424e-02 │ η_eff 3.850e-06
Ep  81/100 │  0.11s │ bd 3.1682e-02 │ res 4.8381e-02 │ test 8.6842e-02 │ η_eff 3.985e-06
Ep  82/100 │  0.11s │ bd 3.8089e-02 │ res 5.6318e-02 │ test 8.6268e-02 │ η_eff 3.514e-06
Ep  83/100 │  0.11s │ bd 3.1226e-02 │ res 5.4050e-02 │ test 8.7541e-02 │ η_eff 3.679e-06
Ep  84/100 │  0.11s │ bd 2.7652e-02 │ res 4.8973e-02 │ test 8.7884e-02 │ η_eff 3.610e-06
Ep  85/100 │  0.11s │ bd 3.6202e-02 │ res 6.0465e-02 │ test 8.6369e-02 │ η_eff 4.250e-06
Ep  86/100 │  0.12s │ bd 2.8009e-02 │ res 5.0423e-02 │ test 8.5410e-02 │ η_eff 3.639e-06
Ep  87/100 │  0.11s │ bd 2.8867e-02 │ res 4.1099e-02 │ test 8.5513e-02 │ η_eff 3.777e-06
Ep  88/100 │  0.11s │ bd 2.8433e-02 │ res 4.4587e-02 │ test 8.5849e-02 │ η_eff 4.016e-06
Ep  89/100 │  0.11s │ bd 3.8406e-02 │ res 6.8873e-02 │ test 8.6648e-02 │ η_eff 3.915e-06
Ep  90/100 │  0.12s │ bd 2.9534e-02 │ res 4.8312e-02 │ test 8.6575e-02 │ η_eff 1.835e-06
Ep  91/100 │  0.11s │ bd 3.9722e-02 │ res 6.5992e-02 │ test 8.6378e-02 │ η_eff 1.907e-06
Ep  92/100 │  0.11s │ bd 2.6965e-02 │ res 4.6138e-02 │ test 8.5480e-02 │ η_eff 2.197e-06
Ep  93/100 │  0.11s │ bd 4.0493e-02 │ res 6.4301e-02 │ test 8.5820e-02 │ η_eff 2.118e-06
Ep  94/100 │  0.11s │ bd 3.4944e-02 │ res 5.9218e-02 │ test 8.5204e-02 │ η_eff 2.209e-06
Ep  95/100 │  0.12s │ bd 3.3064e-02 │ res 5.6985e-02 │ test 8.5532e-02 │ η_eff 2.110e-06
Ep  96/100 │  0.12s │ bd 2.3596e-02 │ res 3.4962e-02 │ test 8.5369e-02 │ η_eff 2.152e-06
Ep  97/100 │  0.11s │ bd 2.7842e-02 │ res 3.7652e-02 │ test 8.5930e-02 │ η_eff 2.284e-06
Ep  98/100 │  0.12s │ bd 2.8960e-02 │ res 5.1154e-02 │ test 8.6579e-02 │ η_eff 2.177e-06
Ep  99/100 │  0.11s │ bd 2.8194e-02 │ res 5.0282e-02 │ test 8.6148e-02 │ η_eff 2.176e-06
Ep 100/100 │  0.11s │ bd 3.1814e-02 │ res 6.4467e-02 │ test 8.6070e-02 │ η_eff 1.038e-06
→ Saved: loss/Burger1d_phisfno_ms_90_Adam_ep100_visc0.1_m32_w64_s0/loss_full_loss_2.csv

=== Phase 'full_loss_3' | epochs 100 ===

Ep   1/100 │  0.16s │ bd 5.6320e-01 │ res 1.9650e+00 │ test 5.3851e-01 │ η_eff 2.931e-03
Ep   2/100 │  0.11s │ bd 3.5473e-01 │ res 5.8719e-01 │ test 2.7293e-01 │ η_eff 2.240e-03
Ep   3/100 │  0.11s │ bd 2.7271e-01 │ res 4.6522e-01 │ test 1.6619e-01 │ η_eff 2.141e-03
Ep   4/100 │  0.11s │ bd 2.2105e-01 │ res 7.6494e-01 │ test 1.8847e-01 │ η_eff 1.720e-03
Ep   5/100 │  0.12s │ bd 1.6566e-01 │ res 4.9698e-01 │ test 3.3034e-01 │ η_eff 1.465e-03
Ep   6/100 │  0.12s │ bd 1.8874e-01 │ res 3.5156e-01 │ test 1.2620e-01 │ η_eff 1.407e-03
Ep   7/100 │  0.11s │ bd 1.6431e-01 │ res 4.5544e-01 │ test 1.8820e-01 │ η_eff 1.237e-03
Ep   8/100 │  0.11s │ bd 1.6803e-01 │ res 3.0708e-01 │ test 1.9500e-01 │ η_eff 1.243e-03
Ep   9/100 │  0.12s │ bd 1.4483e-01 │ res 2.5063e-01 │ test 1.4837e-01 │ η_eff 1.146e-03
Ep  10/100 │  0.12s │ bd 1.4186e-01 │ res 1.6956e-01 │ test 1.1721e-01 │ η_eff 6.231e-04
Ep  11/100 │  0.11s │ bd 1.1038e-01 │ res 1.6469e-01 │ test 1.1006e-01 │ η_eff 7.156e-04
Ep  12/100 │  0.11s │ bd 1.0463e-01 │ res 1.5856e-01 │ test 1.1740e-01 │ η_eff 6.055e-04
Ep  13/100 │  0.12s │ bd 9.9709e-02 │ res 1.2070e-01 │ test 1.4465e-01 │ η_eff 5.668e-04
Ep  14/100 │  0.11s │ bd 1.0348e-01 │ res 1.8631e-01 │ test 2.0523e-01 │ η_eff 6.082e-04
Ep  15/100 │  0.11s │ bd 1.7421e-01 │ res 2.5102e-01 │ test 2.2462e-01 │ η_eff 6.028e-04
Ep  16/100 │  0.12s │ bd 1.3712e-01 │ res 1.8345e-01 │ test 1.4345e-01 │ η_eff 6.077e-04
Ep  17/100 │  0.12s │ bd 9.3830e-02 │ res 1.8660e-01 │ test 9.8086e-02 │ η_eff 6.681e-04
Ep  18/100 │  0.11s │ bd 1.2590e-01 │ res 1.6272e-01 │ test 1.0599e-01 │ η_eff 6.818e-04
Ep  19/100 │  0.12s │ bd 1.3247e-01 │ res 1.7533e-01 │ test 1.0556e-01 │ η_eff 5.541e-04
Ep  20/100 │  0.11s │ bd 1.0993e-01 │ res 2.2657e-01 │ test 1.1988e-01 │ η_eff 3.066e-04
Ep  21/100 │  0.11s │ bd 1.0024e-01 │ res 1.0618e-01 │ test 9.3052e-02 │ η_eff 3.949e-04
Ep  22/100 │  0.12s │ bd 7.9000e-02 │ res 7.3471e-02 │ test 1.1671e-01 │ η_eff 3.571e-04
Ep  23/100 │  0.12s │ bd 6.7016e-02 │ res 7.5717e-02 │ test 7.3653e-02 │ η_eff 3.167e-04
Ep  24/100 │  0.11s │ bd 6.7162e-02 │ res 8.7449e-02 │ test 1.1152e-01 │ η_eff 3.096e-04
Ep  25/100 │  0.12s │ bd 8.3973e-02 │ res 9.1275e-02 │ test 1.0603e-01 │ η_eff 3.334e-04
Ep  26/100 │  0.12s │ bd 9.2998e-02 │ res 9.5118e-02 │ test 7.9446e-02 │ η_eff 4.020e-04
Ep  27/100 │  0.12s │ bd 7.1488e-02 │ res 7.7973e-02 │ test 8.6197e-02 │ η_eff 3.139e-04
Ep  28/100 │  0.12s │ bd 6.1769e-02 │ res 8.2440e-02 │ test 1.1993e-01 │ η_eff 3.404e-04
Ep  29/100 │  0.12s │ bd 6.8587e-02 │ res 8.9311e-02 │ test 8.7227e-02 │ η_eff 2.852e-04
Ep  30/100 │  0.11s │ bd 5.9335e-02 │ res 8.4806e-02 │ test 1.0872e-01 │ η_eff 1.595e-04
Ep  31/100 │  0.11s │ bd 8.0335e-02 │ res 8.1123e-02 │ test 9.3006e-02 │ η_eff 1.750e-04
Ep  32/100 │  0.12s │ bd 6.0759e-02 │ res 6.7590e-02 │ test 9.0226e-02 │ η_eff 1.800e-04
Ep  33/100 │  0.11s │ bd 4.6147e-02 │ res 4.2284e-02 │ test 7.8227e-02 │ η_eff 1.695e-04
Ep  34/100 │  0.11s │ bd 5.9256e-02 │ res 7.0373e-02 │ test 8.0814e-02 │ η_eff 1.736e-04
Ep  35/100 │  0.11s │ bd 5.3253e-02 │ res 6.2958e-02 │ test 1.0094e-01 │ η_eff 1.866e-04
Ep  36/100 │  0.12s │ bd 6.9914e-02 │ res 5.5525e-02 │ test 8.6840e-02 │ η_eff 1.392e-04
Ep  37/100 │  0.11s │ bd 4.7222e-02 │ res 5.1441e-02 │ test 9.2030e-02 │ η_eff 1.715e-04
Ep  38/100 │  0.11s │ bd 5.5751e-02 │ res 8.1923e-02 │ test 8.5347e-02 │ η_eff 1.543e-04
Ep  39/100 │  0.12s │ bd 4.5095e-02 │ res 5.9019e-02 │ test 8.6553e-02 │ η_eff 1.560e-04
Ep  40/100 │  0.11s │ bd 5.3259e-02 │ res 7.0870e-02 │ test 8.9109e-02 │ η_eff 8.665e-05
Ep  41/100 │  0.11s │ bd 4.8787e-02 │ res 6.3383e-02 │ test 7.6710e-02 │ η_eff 9.584e-05
Ep  42/100 │  0.12s │ bd 4.2040e-02 │ res 4.8514e-02 │ test 8.0639e-02 │ η_eff 9.660e-05
Ep  43/100 │  0.12s │ bd 5.0068e-02 │ res 4.6492e-02 │ test 7.8746e-02 │ η_eff 1.022e-04
Ep  44/100 │  0.11s │ bd 3.5134e-02 │ res 5.3899e-02 │ test 8.5003e-02 │ η_eff 1.069e-04
Ep  45/100 │  0.11s │ bd 4.0895e-02 │ res 3.6601e-02 │ test 7.9346e-02 │ η_eff 8.163e-05
Ep  46/100 │  0.11s │ bd 4.0239e-02 │ res 4.8578e-02 │ test 7.9624e-02 │ η_eff 1.006e-04
Ep  47/100 │  0.11s │ bd 4.8335e-02 │ res 7.0134e-02 │ test 7.7860e-02 │ η_eff 8.764e-05
Ep  48/100 │  0.11s │ bd 5.1804e-02 │ res 5.4102e-02 │ test 7.5391e-02 │ η_eff 1.111e-04
Ep  49/100 │  0.11s │ bd 3.7394e-02 │ res 5.0171e-02 │ test 7.9992e-02 │ η_eff 1.009e-04
Ep  50/100 │  0.11s │ bd 5.0524e-02 │ res 7.8779e-02 │ test 8.9346e-02 │ η_eff 4.679e-05
Ep  51/100 │  0.11s │ bd 4.3140e-02 │ res 4.4416e-02 │ test 8.1470e-02 │ η_eff 4.369e-05
Ep  52/100 │  0.11s │ bd 4.0655e-02 │ res 6.2742e-02 │ test 7.9140e-02 │ η_eff 4.675e-05
Ep  53/100 │  0.11s │ bd 3.4533e-02 │ res 5.1232e-02 │ test 7.4052e-02 │ η_eff 4.536e-05
Ep  54/100 │  0.11s │ bd 3.4439e-02 │ res 3.7924e-02 │ test 7.8843e-02 │ η_eff 4.771e-05
Ep  55/100 │  0.11s │ bd 3.5612e-02 │ res 4.2068e-02 │ test 7.6549e-02 │ η_eff 4.897e-05
Ep  56/100 │  0.11s │ bd 2.7287e-02 │ res 3.2489e-02 │ test 7.5463e-02 │ η_eff 4.336e-05
Ep  57/100 │  0.12s │ bd 4.1404e-02 │ res 5.8987e-02 │ test 7.5821e-02 │ η_eff 4.793e-05
Ep  58/100 │  0.12s │ bd 3.0898e-02 │ res 2.8533e-02 │ test 7.9009e-02 │ η_eff 4.845e-05
Ep  59/100 │  0.12s │ bd 3.9571e-02 │ res 5.2304e-02 │ test 7.6232e-02 │ η_eff 4.431e-05
Ep  60/100 │  0.12s │ bd 3.9588e-02 │ res 5.7734e-02 │ test 7.3343e-02 │ η_eff 2.254e-05
Ep  61/100 │  0.11s │ bd 4.1416e-02 │ res 4.5041e-02 │ test 7.4738e-02 │ η_eff 2.615e-05
Ep  62/100 │  0.12s │ bd 2.8536e-02 │ res 3.4495e-02 │ test 7.3243e-02 │ η_eff 2.571e-05
Ep  63/100 │  0.11s │ bd 3.0780e-02 │ res 5.4465e-02 │ test 7.3839e-02 │ η_eff 2.362e-05
Ep  64/100 │  0.12s │ bd 2.9081e-02 │ res 6.1128e-02 │ test 7.3405e-02 │ η_eff 2.581e-05
Ep  65/100 │  0.11s │ bd 3.3188e-02 │ res 4.9019e-02 │ test 7.6061e-02 │ η_eff 2.180e-05
Ep  66/100 │  0.11s │ bd 2.8769e-02 │ res 4.2468e-02 │ test 7.5580e-02 │ η_eff 2.733e-05
Ep  67/100 │  0.11s │ bd 3.1184e-02 │ res 3.4616e-02 │ test 7.6609e-02 │ η_eff 2.772e-05
Ep  68/100 │  0.12s │ bd 3.2452e-02 │ res 3.4732e-02 │ test 7.3291e-02 │ η_eff 2.873e-05
Ep  69/100 │  0.11s │ bd 2.8729e-02 │ res 2.2975e-02 │ test 7.3327e-02 │ η_eff 2.578e-05
Ep  70/100 │  0.12s │ bd 4.1887e-02 │ res 7.7607e-02 │ test 7.4681e-02 │ η_eff 1.417e-05
Ep  71/100 │  0.11s │ bd 2.7430e-02 │ res 2.8855e-02 │ test 7.6098e-02 │ η_eff 1.387e-05
Ep  72/100 │  0.11s │ bd 2.6595e-02 │ res 3.7447e-02 │ test 7.7262e-02 │ η_eff 1.210e-05
Ep  73/100 │  0.11s │ bd 2.8109e-02 │ res 3.2463e-02 │ test 7.6269e-02 │ η_eff 1.248e-05
Ep  74/100 │  0.11s │ bd 3.1316e-02 │ res 3.7766e-02 │ test 7.6936e-02 │ η_eff 1.215e-05
Ep  75/100 │  0.11s │ bd 3.1514e-02 │ res 5.8436e-02 │ test 7.7775e-02 │ η_eff 1.245e-05
Ep  76/100 │  0.11s │ bd 3.1985e-02 │ res 3.9587e-02 │ test 7.6967e-02 │ η_eff 1.485e-05
Ep  77/100 │  0.11s │ bd 3.3196e-02 │ res 5.2260e-02 │ test 7.7360e-02 │ η_eff 1.286e-05
Ep  78/100 │  0.12s │ bd 3.2205e-02 │ res 4.9243e-02 │ test 7.8480e-02 │ η_eff 1.380e-05
Ep  79/100 │  0.12s │ bd 3.3586e-02 │ res 7.4162e-02 │ test 7.9447e-02 │ η_eff 1.356e-05
Ep  80/100 │  0.11s │ bd 3.2065e-02 │ res 4.9744e-02 │ test 7.8406e-02 │ η_eff 6.310e-06
Ep  81/100 │  0.11s │ bd 2.6542e-02 │ res 2.4783e-02 │ test 7.7085e-02 │ η_eff 6.681e-06
Ep  82/100 │  0.11s │ bd 2.7308e-02 │ res 4.3792e-02 │ test 7.6364e-02 │ η_eff 6.189e-06
Ep  83/100 │  0.11s │ bd 2.8640e-02 │ res 3.4547e-02 │ test 7.6290e-02 │ η_eff 5.927e-06
Ep  84/100 │  0.12s │ bd 3.4878e-02 │ res 4.1969e-02 │ test 7.6464e-02 │ η_eff 7.234e-06
Ep  85/100 │  0.12s │ bd 3.7969e-02 │ res 6.2415e-02 │ test 7.7384e-02 │ η_eff 6.482e-06
Ep  86/100 │  0.11s │ bd 4.0455e-02 │ res 7.3623e-02 │ test 7.7235e-02 │ η_eff 6.633e-06
Ep  87/100 │  0.11s │ bd 2.3092e-02 │ res 3.4070e-02 │ test 7.6010e-02 │ η_eff 6.509e-06
Ep  88/100 │  0.12s │ bd 2.4281e-02 │ res 4.0717e-02 │ test 7.4927e-02 │ η_eff 6.024e-06
Ep  89/100 │  0.11s │ bd 3.2059e-02 │ res 6.3258e-02 │ test 7.4316e-02 │ η_eff 6.529e-06
Ep  90/100 │  0.12s │ bd 4.1718e-02 │ res 8.0502e-02 │ test 7.4849e-02 │ η_eff 3.680e-06
Ep  91/100 │  0.11s │ bd 2.9090e-02 │ res 4.3343e-02 │ test 7.5492e-02 │ η_eff 4.371e-06
Ep  92/100 │  0.11s │ bd 3.2870e-02 │ res 5.1362e-02 │ test 7.5743e-02 │ η_eff 3.479e-06
Ep  93/100 │  0.12s │ bd 2.8496e-02 │ res 3.4270e-02 │ test 7.5108e-02 │ η_eff 3.255e-06
Ep  94/100 │  0.11s │ bd 2.7318e-02 │ res 4.5681e-02 │ test 7.5415e-02 │ η_eff 3.061e-06
Ep  95/100 │  0.11s │ bd 3.9819e-02 │ res 6.2098e-02 │ test 7.5907e-02 │ η_eff 3.323e-06
Ep  96/100 │  0.11s │ bd 2.4931e-02 │ res 2.1220e-02 │ test 7.6071e-02 │ η_eff 3.097e-06
Ep  97/100 │  0.11s │ bd 3.1241e-02 │ res 4.7209e-02 │ test 7.5818e-02 │ η_eff 3.318e-06
Ep  98/100 │  0.11s │ bd 2.5195e-02 │ res 3.4387e-02 │ test 7.5910e-02 │ η_eff 3.074e-06
Ep  99/100 │  0.11s │ bd 2.3764e-02 │ res 3.0157e-02 │ test 7.5973e-02 │ η_eff 3.176e-06
Ep 100/100 │  0.12s │ bd 3.4243e-02 │ res 6.2437e-02 │ test 7.6093e-02 │ η_eff 1.624e-06
→ Saved: loss/Burger1d_phisfno_ms_90_Adam_ep100_visc0.1_m32_w64_s0/loss_full_loss_3.csv
→ Model saved: model/Burger1d_phisfno_ms_90_Adam_ep100_visc0.1_m32_w64_s0
→ Eta-term history: loss/Burger1d_phisfno_ms_90_Adam_ep100_visc0.1_m32_w64_s0/eta_term_history.csv
  sample 0: test L2 = 1.3741e-01
  sample 1: test L2 = 4.9114e-02
  sample 2: test L2 = 4.7084e-02
  sample 3: test L2 = 9.2554e-02
  sample 4: test L2 = 1.1183e-01
  sample 5: test L2 = 5.5685e-02
  sample 6: test L2 = 6.2965e-02
  sample 7: test L2 = 5.7472e-02
  sample 8: test L2 = 6.4612e-02
  sample 9: test L2 = 8.2215e-02
→ Predictions saved: burger_test_phisfno_ms.mat
→ Figure saved: image/Burger1d_phisfno_ms_90_Adam_ep100_visc0.1_m32_w64_s0/final_velocity.png
