loaded 1D buffers
[train_model] model=phisfno | training=multistage | S=2048 | nu=0.1 | dt=0.1 | modes=32 | width=64
Model parameters: 550,339

=== Phase 'full_loss_1' | epochs 100 ===

Ep   1/100 │  0.52s │ bd 3.4180e+00 │ res 3.8020e+01 │ test 1.3579e+00 │ η_eff 2.386e-03
Ep   2/100 │  0.12s │ bd 1.0263e+00 │ res 1.5515e+01 │ test 1.9818e+00 │ η_eff 1.002e-03
Ep   3/100 │  0.11s │ bd 5.5344e-01 │ res 7.3058e+00 │ test 1.6844e+00 │ η_eff 6.097e-04
Ep   4/100 │  0.11s │ bd 7.2447e-01 │ res 5.5237e+00 │ test 9.8928e-01 │ η_eff 3.170e-04
Ep   5/100 │  0.11s │ bd 4.3904e-01 │ res 3.8642e+00 │ test 6.6972e-01 │ η_eff 2.649e-04
Ep   6/100 │  0.11s │ bd 5.1726e-01 │ res 2.5889e+00 │ test 7.1846e-01 │ η_eff 2.509e-04
Ep   7/100 │  0.11s │ bd 6.4580e-01 │ res 3.0225e+00 │ test 4.8880e-01 │ η_eff 1.879e-04
Ep   8/100 │  0.11s │ bd 4.2053e-01 │ res 2.4779e+00 │ test 5.2543e-01 │ η_eff 1.942e-04
Ep   9/100 │  0.11s │ bd 3.0142e-01 │ res 2.3723e+00 │ test 4.4328e-01 │ η_eff 1.665e-04
Ep  10/100 │  0.11s │ bd 2.9610e-01 │ res 1.8018e+00 │ test 4.8919e-01 │ η_eff 9.279e-05
Ep  11/100 │  0.11s │ bd 2.4179e-01 │ res 1.4309e+00 │ test 4.2579e-01 │ η_eff 8.997e-05
Ep  12/100 │  0.11s │ bd 1.8680e-01 │ res 1.1745e+00 │ test 4.0400e-01 │ η_eff 1.022e-04
Ep  13/100 │  0.11s │ bd 1.5180e-01 │ res 8.7094e-01 │ test 4.0269e-01 │ η_eff 8.946e-05
Ep  14/100 │  0.11s │ bd 1.4694e-01 │ res 8.9002e-01 │ test 4.0820e-01 │ η_eff 1.046e-04
Ep  15/100 │  0.12s │ bd 1.9417e-01 │ res 7.3680e-01 │ test 3.4563e-01 │ η_eff 1.037e-04
Ep  16/100 │  0.11s │ bd 3.5358e-01 │ res 8.2616e-01 │ test 4.3705e-01 │ η_eff 1.030e-04
Ep  17/100 │  0.11s │ bd 2.0935e-01 │ res 9.0054e-01 │ test 5.7424e-01 │ η_eff 1.164e-04
Ep  18/100 │  0.11s │ bd 2.9761e-01 │ res 1.1584e+00 │ test 4.2557e-01 │ η_eff 1.272e-04
Ep  19/100 │  0.11s │ bd 2.6868e-01 │ res 1.1085e+00 │ test 4.4828e-01 │ η_eff 1.151e-04
Ep  20/100 │  0.11s │ bd 2.5406e-01 │ res 9.0143e-01 │ test 3.7242e-01 │ η_eff 7.674e-05
Ep  21/100 │  0.11s │ bd 1.4059e-01 │ res 6.7808e-01 │ test 4.0563e-01 │ η_eff 6.251e-05
Ep  22/100 │  0.11s │ bd 1.2012e-01 │ res 4.7745e-01 │ test 3.9131e-01 │ η_eff 5.831e-05
Ep  23/100 │  0.11s │ bd 1.4502e-01 │ res 4.3511e-01 │ test 3.9564e-01 │ η_eff 5.909e-05
Ep  24/100 │  0.11s │ bd 1.0903e-01 │ res 3.6957e-01 │ test 3.9849e-01 │ η_eff 5.410e-05
Ep  25/100 │  0.11s │ bd 1.2040e-01 │ res 4.0526e-01 │ test 4.0209e-01 │ η_eff 5.815e-05
Ep  26/100 │  0.11s │ bd 1.3230e-01 │ res 5.1216e-01 │ test 3.9512e-01 │ η_eff 6.614e-05
Ep  27/100 │  0.12s │ bd 9.0643e-02 │ res 4.7075e-01 │ test 4.1815e-01 │ η_eff 5.405e-05
Ep  28/100 │  0.12s │ bd 9.6792e-02 │ res 4.5387e-01 │ test 4.0089e-01 │ η_eff 6.182e-05
Ep  29/100 │  0.11s │ bd 1.2791e-01 │ res 4.7505e-01 │ test 4.1917e-01 │ η_eff 7.635e-05
Ep  30/100 │  0.11s │ bd 8.3809e-02 │ res 4.3253e-01 │ test 3.7347e-01 │ η_eff 3.149e-05
Ep  31/100 │  0.11s │ bd 9.1936e-02 │ res 3.7604e-01 │ test 3.8628e-01 │ η_eff 3.701e-05
Ep  32/100 │  0.11s │ bd 8.7794e-02 │ res 3.3203e-01 │ test 4.1686e-01 │ η_eff 2.765e-05
Ep  33/100 │  0.11s │ bd 7.2335e-02 │ res 2.7715e-01 │ test 3.9316e-01 │ η_eff 3.659e-05
Ep  34/100 │  0.11s │ bd 8.0272e-02 │ res 3.0938e-01 │ test 4.4881e-01 │ η_eff 3.216e-05
Ep  35/100 │  0.11s │ bd 8.6263e-02 │ res 3.3601e-01 │ test 3.8424e-01 │ η_eff 3.091e-05
Ep  36/100 │  0.12s │ bd 1.0468e-01 │ res 3.5462e-01 │ test 4.4844e-01 │ η_eff 3.556e-05
Ep  37/100 │  0.11s │ bd 8.5682e-02 │ res 3.3622e-01 │ test 4.2189e-01 │ η_eff 4.225e-05
Ep  38/100 │  0.11s │ bd 9.4044e-02 │ res 2.8289e-01 │ test 4.1054e-01 │ η_eff 3.257e-05
Ep  39/100 │  0.11s │ bd 8.2852e-02 │ res 3.2187e-01 │ test 4.1738e-01 │ η_eff 3.416e-05
Ep  40/100 │  0.11s │ bd 6.5019e-02 │ res 2.3817e-01 │ test 3.9993e-01 │ η_eff 1.677e-05
Ep  41/100 │  0.11s │ bd 7.1477e-02 │ res 2.8228e-01 │ test 4.3092e-01 │ η_eff 1.967e-05
Ep  42/100 │  0.11s │ bd 6.7260e-02 │ res 2.1235e-01 │ test 4.2301e-01 │ η_eff 1.641e-05
Ep  43/100 │  0.11s │ bd 7.7963e-02 │ res 2.6580e-01 │ test 4.1795e-01 │ η_eff 1.582e-05
Ep  44/100 │  0.11s │ bd 5.7004e-02 │ res 2.6390e-01 │ test 4.2206e-01 │ η_eff 2.144e-05
Ep  45/100 │  0.11s │ bd 8.4599e-02 │ res 2.4701e-01 │ test 4.2858e-01 │ η_eff 2.641e-05
Ep  46/100 │  0.12s │ bd 8.4510e-02 │ res 2.7823e-01 │ test 4.3040e-01 │ η_eff 2.673e-05
Ep  47/100 │  0.11s │ bd 6.9485e-02 │ res 2.5737e-01 │ test 4.4617e-01 │ η_eff 1.771e-05
Ep  48/100 │  0.11s │ bd 6.6539e-02 │ res 2.7877e-01 │ test 4.2441e-01 │ η_eff 1.491e-05
Ep  49/100 │  0.11s │ bd 7.7482e-02 │ res 2.7743e-01 │ test 4.4026e-01 │ η_eff 1.811e-05
Ep  50/100 │  0.11s │ bd 6.7772e-02 │ res 2.5516e-01 │ test 4.4593e-01 │ η_eff 1.178e-05
Ep  51/100 │  0.11s │ bd 5.9564e-02 │ res 2.6150e-01 │ test 4.3082e-01 │ η_eff 1.054e-05
Ep  52/100 │  0.11s │ bd 4.9404e-02 │ res 2.4966e-01 │ test 4.4091e-01 │ η_eff 8.299e-06
Ep  53/100 │  0.11s │ bd 4.8532e-02 │ res 2.1879e-01 │ test 4.4014e-01 │ η_eff 1.118e-05
Ep  54/100 │  0.11s │ bd 5.5657e-02 │ res 2.1801e-01 │ test 4.2822e-01 │ η_eff 1.294e-05
Ep  55/100 │  0.13s │ bd 5.4327e-02 │ res 2.2411e-01 │ test 4.3111e-01 │ η_eff 8.492e-06
Ep  56/100 │  0.12s │ bd 5.5318e-02 │ res 2.2530e-01 │ test 4.3017e-01 │ η_eff 1.082e-05
Ep  57/100 │  0.12s │ bd 5.5193e-02 │ res 2.8941e-01 │ test 4.1712e-01 │ η_eff 1.103e-05
Ep  58/100 │  0.11s │ bd 5.6375e-02 │ res 2.4707e-01 │ test 4.3415e-01 │ η_eff 1.022e-05
Ep  59/100 │  0.11s │ bd 5.8170e-02 │ res 2.4150e-01 │ test 4.2271e-01 │ η_eff 8.739e-06
Ep  60/100 │  0.12s │ bd 5.0527e-02 │ res 2.3969e-01 │ test 4.2439e-01 │ η_eff 5.322e-06
Ep  61/100 │  0.11s │ bd 5.2146e-02 │ res 2.3511e-01 │ test 4.2888e-01 │ η_eff 5.234e-06
Ep  62/100 │  0.12s │ bd 4.8632e-02 │ res 2.1554e-01 │ test 4.3204e-01 │ η_eff 4.906e-06
Ep  63/100 │  0.11s │ bd 5.6873e-02 │ res 3.0912e-01 │ test 4.3090e-01 │ η_eff 5.362e-06
Ep  64/100 │  0.11s │ bd 5.4750e-02 │ res 2.5503e-01 │ test 4.3472e-01 │ η_eff 5.607e-06
Ep  65/100 │  0.11s │ bd 5.1660e-02 │ res 2.4313e-01 │ test 4.4024e-01 │ η_eff 5.734e-06
Ep  66/100 │  0.11s │ bd 4.2894e-02 │ res 2.1467e-01 │ test 4.3861e-01 │ η_eff 4.880e-06
Ep  67/100 │  0.11s │ bd 3.9981e-02 │ res 1.9690e-01 │ test 4.4051e-01 │ η_eff 5.534e-06
Ep  68/100 │  0.11s │ bd 4.7160e-02 │ res 2.3345e-01 │ test 4.3590e-01 │ η_eff 5.423e-06
Ep  69/100 │  0.11s │ bd 4.3753e-02 │ res 2.1997e-01 │ test 4.4478e-01 │ η_eff 5.519e-06
Ep  70/100 │  0.12s │ bd 4.3157e-02 │ res 2.6535e-01 │ test 4.2911e-01 │ η_eff 2.554e-06
Ep  71/100 │  0.12s │ bd 4.4633e-02 │ res 2.6014e-01 │ test 4.2995e-01 │ η_eff 3.254e-06
Ep  72/100 │  0.11s │ bd 4.7956e-02 │ res 2.4395e-01 │ test 4.3128e-01 │ η_eff 2.399e-06
Ep  73/100 │  0.12s │ bd 3.7519e-02 │ res 2.0457e-01 │ test 4.3160e-01 │ η_eff 2.856e-06
Ep  74/100 │  0.13s │ bd 4.7554e-02 │ res 2.3434e-01 │ test 4.2987e-01 │ η_eff 2.970e-06
Ep  75/100 │  0.12s │ bd 3.8489e-02 │ res 2.4405e-01 │ test 4.3896e-01 │ η_eff 2.991e-06
Ep  76/100 │  0.11s │ bd 3.9187e-02 │ res 2.4277e-01 │ test 4.4186e-01 │ η_eff 3.135e-06
Ep  77/100 │  0.12s │ bd 4.6106e-02 │ res 2.2725e-01 │ test 4.3533e-01 │ η_eff 3.058e-06
Ep  78/100 │  0.12s │ bd 4.4664e-02 │ res 2.0764e-01 │ test 4.3432e-01 │ η_eff 2.576e-06
Ep  79/100 │  0.11s │ bd 3.7548e-02 │ res 1.8869e-01 │ test 4.3642e-01 │ η_eff 3.060e-06
Ep  80/100 │  0.11s │ bd 5.2423e-02 │ res 2.5782e-01 │ test 4.3354e-01 │ η_eff 1.302e-06
Ep  81/100 │  0.11s │ bd 4.0937e-02 │ res 2.0663e-01 │ test 4.3534e-01 │ η_eff 2.049e-06
Ep  82/100 │  0.11s │ bd 3.8965e-02 │ res 2.3711e-01 │ test 4.3839e-01 │ η_eff 1.597e-06
Ep  83/100 │  0.12s │ bd 4.5676e-02 │ res 2.1782e-01 │ test 4.4451e-01 │ η_eff 1.541e-06
Ep  84/100 │  0.11s │ bd 4.9245e-02 │ res 2.8336e-01 │ test 4.4145e-01 │ η_eff 1.749e-06
Ep  85/100 │  0.12s │ bd 3.8677e-02 │ res 2.2455e-01 │ test 4.3081e-01 │ η_eff 1.873e-06
Ep  86/100 │  0.12s │ bd 3.8402e-02 │ res 2.0857e-01 │ test 4.3174e-01 │ η_eff 1.567e-06
Ep  87/100 │  0.11s │ bd 4.1116e-02 │ res 2.1984e-01 │ test 4.3654e-01 │ η_eff 1.616e-06
Ep  88/100 │  0.12s │ bd 3.8710e-02 │ res 2.3085e-01 │ test 4.3849e-01 │ η_eff 1.668e-06
Ep  89/100 │  0.11s │ bd 4.0546e-02 │ res 2.1623e-01 │ test 4.3892e-01 │ η_eff 1.713e-06
Ep  90/100 │  0.11s │ bd 3.8178e-02 │ res 1.8475e-01 │ test 4.3946e-01 │ η_eff 7.659e-07
Ep  91/100 │  0.12s │ bd 4.6703e-02 │ res 2.5063e-01 │ test 4.4419e-01 │ η_eff 9.457e-07
Ep  92/100 │  0.12s │ bd 3.5412e-02 │ res 2.0484e-01 │ test 4.4346e-01 │ η_eff 8.004e-07
Ep  93/100 │  0.11s │ bd 4.7694e-02 │ res 2.5152e-01 │ test 4.3843e-01 │ η_eff 7.223e-07
Ep  94/100 │  0.11s │ bd 4.8435e-02 │ res 2.5724e-01 │ test 4.3655e-01 │ η_eff 7.630e-07
Ep  95/100 │  0.11s │ bd 3.8567e-02 │ res 2.0398e-01 │ test 4.3535e-01 │ η_eff 1.002e-06
Ep  96/100 │  0.12s │ bd 4.0210e-02 │ res 2.3824e-01 │ test 4.4172e-01 │ η_eff 7.776e-07
Ep  97/100 │  0.12s │ bd 3.5375e-02 │ res 1.9010e-01 │ test 4.4143e-01 │ η_eff 7.185e-07
Ep  98/100 │  0.11s │ bd 4.8657e-02 │ res 2.4961e-01 │ test 4.4133e-01 │ η_eff 6.654e-07
Ep  99/100 │  0.11s │ bd 3.5066e-02 │ res 1.7485e-01 │ test 4.4096e-01 │ η_eff 8.364e-07
Ep 100/100 │  0.11s │ bd 3.3765e-02 │ res 2.0475e-01 │ test 4.3655e-01 │ η_eff 3.710e-07
→ Saved: loss/Burger1d_phisfno_ms_90_Adam_ep100_visc0.1_m32_w64_s11/loss_full_loss_1.csv

=== Phase 'full_loss_2' | epochs 100 ===

Ep   1/100 │  0.15s │ bd 6.8762e-01 │ res 1.2157e+01 │ test 9.1902e-01 │ η_eff 3.657e-03
Ep   2/100 │  0.12s │ bd 6.0714e-01 │ res 2.2949e+00 │ test 1.2152e+00 │ η_eff 2.270e-03
Ep   3/100 │  0.12s │ bd 3.9993e-01 │ res 1.3489e+00 │ test 7.3427e-01 │ η_eff 1.616e-03
Ep   4/100 │  0.12s │ bd 3.3096e-01 │ res 1.2030e+00 │ test 5.7153e-01 │ η_eff 1.204e-03
Ep   5/100 │  0.11s │ bd 2.9696e-01 │ res 8.9281e-01 │ test 3.5519e-01 │ η_eff 1.006e-03
Ep   6/100 │  0.12s │ bd 2.4851e-01 │ res 6.2070e-01 │ test 3.4447e-01 │ η_eff 8.723e-04
Ep   7/100 │  0.11s │ bd 3.5119e-01 │ res 4.8510e-01 │ test 2.7023e-01 │ η_eff 8.809e-04
Ep   8/100 │  0.11s │ bd 2.0741e-01 │ res 3.8970e-01 │ test 1.7721e-01 │ η_eff 8.285e-04
Ep   9/100 │  0.11s │ bd 1.8811e-01 │ res 3.4713e-01 │ test 1.9637e-01 │ η_eff 7.823e-04
Ep  10/100 │  0.11s │ bd 2.5248e-01 │ res 4.9477e-01 │ test 2.2781e-01 │ η_eff 3.409e-04
Ep  11/100 │  0.12s │ bd 1.4304e-01 │ res 4.2482e-01 │ test 1.7426e-01 │ η_eff 3.601e-04
Ep  12/100 │  0.11s │ bd 1.2540e-01 │ res 2.3288e-01 │ test 1.9089e-01 │ η_eff 3.314e-04
Ep  13/100 │  0.11s │ bd 1.3870e-01 │ res 2.4455e-01 │ test 1.5550e-01 │ η_eff 3.165e-04
Ep  14/100 │  0.12s │ bd 1.2352e-01 │ res 1.3983e-01 │ test 1.0395e-01 │ η_eff 3.099e-04
Ep  15/100 │  0.12s │ bd 9.4090e-02 │ res 1.6762e-01 │ test 2.0520e-01 │ η_eff 3.372e-04
Ep  16/100 │  0.13s │ bd 1.3806e-01 │ res 2.1613e-01 │ test 1.4072e-01 │ η_eff 3.110e-04
Ep  17/100 │  0.12s │ bd 8.3483e-02 │ res 1.2172e-01 │ test 1.3216e-01 │ η_eff 3.046e-04
Ep  18/100 │  0.12s │ bd 1.0808e-01 │ res 1.1584e-01 │ test 1.5424e-01 │ η_eff 3.509e-04
Ep  19/100 │  0.11s │ bd 1.4038e-01 │ res 1.3430e-01 │ test 1.1325e-01 │ η_eff 3.708e-04
Ep  20/100 │  0.11s │ bd 1.3058e-01 │ res 1.1066e-01 │ test 1.6121e-01 │ η_eff 1.534e-04
Ep  21/100 │  0.11s │ bd 1.4502e-01 │ res 2.4138e-01 │ test 1.0727e-01 │ η_eff 1.939e-04
Ep  22/100 │  0.12s │ bd 9.1780e-02 │ res 1.7149e-01 │ test 1.0916e-01 │ η_eff 1.854e-04
Ep  23/100 │  0.11s │ bd 8.5871e-02 │ res 1.3047e-01 │ test 1.4164e-01 │ η_eff 1.766e-04
Ep  24/100 │  0.12s │ bd 7.6274e-02 │ res 9.0790e-02 │ test 1.1102e-01 │ η_eff 1.913e-04
Ep  25/100 │  0.12s │ bd 7.7954e-02 │ res 1.1560e-01 │ test 1.2338e-01 │ η_eff 1.879e-04
Ep  26/100 │  0.13s │ bd 7.7263e-02 │ res 1.1531e-01 │ test 1.2854e-01 │ η_eff 1.716e-04
Ep  27/100 │  0.11s │ bd 9.4528e-02 │ res 1.4793e-01 │ test 1.0654e-01 │ η_eff 1.618e-04
Ep  28/100 │  0.11s │ bd 7.8211e-02 │ res 7.4525e-02 │ test 1.0270e-01 │ η_eff 1.729e-04
Ep  29/100 │  0.12s │ bd 6.9024e-02 │ res 6.6760e-02 │ test 1.0629e-01 │ η_eff 1.904e-04
Ep  30/100 │  0.11s │ bd 8.3331e-02 │ res 8.4917e-02 │ test 1.2774e-01 │ η_eff 9.885e-05
Ep  31/100 │  0.11s │ bd 6.1597e-02 │ res 7.1764e-02 │ test 1.0951e-01 │ η_eff 9.189e-05
Ep  32/100 │  0.11s │ bd 5.5648e-02 │ res 7.2993e-02 │ test 1.0166e-01 │ η_eff 1.044e-04
Ep  33/100 │  0.12s │ bd 4.1818e-02 │ res 6.9259e-02 │ test 9.8983e-02 │ η_eff 8.647e-05
Ep  34/100 │  0.11s │ bd 5.3816e-02 │ res 8.3598e-02 │ test 1.0723e-01 │ η_eff 1.130e-04
Ep  35/100 │  0.11s │ bd 5.1982e-02 │ res 6.7656e-02 │ test 9.8276e-02 │ η_eff 9.454e-05
Ep  36/100 │  0.11s │ bd 5.4152e-02 │ res 8.9066e-02 │ test 8.9059e-02 │ η_eff 1.015e-04
Ep  37/100 │  0.11s │ bd 6.0418e-02 │ res 9.0065e-02 │ test 1.0650e-01 │ η_eff 1.039e-04
Ep  38/100 │  0.11s │ bd 4.8979e-02 │ res 7.8212e-02 │ test 1.0442e-01 │ η_eff 9.564e-05
Ep  39/100 │  0.12s │ bd 5.1254e-02 │ res 6.1825e-02 │ test 1.1148e-01 │ η_eff 9.896e-05
Ep  40/100 │  0.12s │ bd 5.1384e-02 │ res 7.8182e-02 │ test 9.9172e-02 │ η_eff 5.787e-05
Ep  41/100 │  0.11s │ bd 4.3249e-02 │ res 5.4460e-02 │ test 1.0767e-01 │ η_eff 4.911e-05
Ep  42/100 │  0.11s │ bd 4.3804e-02 │ res 6.0649e-02 │ test 1.0553e-01 │ η_eff 5.810e-05
Ep  43/100 │  0.11s │ bd 5.3442e-02 │ res 8.0298e-02 │ test 1.0685e-01 │ η_eff 5.598e-05
Ep  44/100 │  0.11s │ bd 4.3265e-02 │ res 7.2447e-02 │ test 9.7259e-02 │ η_eff 5.351e-05
Ep  45/100 │  0.12s │ bd 3.3812e-02 │ res 5.0092e-02 │ test 1.0445e-01 │ η_eff 5.116e-05
Ep  46/100 │  0.12s │ bd 3.6708e-02 │ res 5.8625e-02 │ test 1.0313e-01 │ η_eff 5.402e-05
Ep  47/100 │  0.11s │ bd 5.3470e-02 │ res 7.4776e-02 │ test 1.0296e-01 │ η_eff 5.217e-05
Ep  48/100 │  0.12s │ bd 3.8447e-02 │ res 3.7592e-02 │ test 9.6361e-02 │ η_eff 5.418e-05
Ep  49/100 │  0.11s │ bd 3.9538e-02 │ res 5.1030e-02 │ test 9.8290e-02 │ η_eff 5.627e-05
Ep  50/100 │  0.11s │ bd 3.8624e-02 │ res 6.2505e-02 │ test 1.0697e-01 │ η_eff 3.340e-05
Ep  51/100 │  0.11s │ bd 4.4764e-02 │ res 5.4017e-02 │ test 1.0743e-01 │ η_eff 2.910e-05
Ep  52/100 │  0.11s │ bd 3.0548e-02 │ res 4.7976e-02 │ test 1.0141e-01 │ η_eff 2.905e-05
Ep  53/100 │  0.12s │ bd 3.0489e-02 │ res 4.2988e-02 │ test 9.6053e-02 │ η_eff 3.084e-05
Ep  54/100 │  0.12s │ bd 4.2251e-02 │ res 7.8908e-02 │ test 1.0761e-01 │ η_eff 2.779e-05
Ep  55/100 │  0.11s │ bd 3.5312e-02 │ res 4.2069e-02 │ test 1.0250e-01 │ η_eff 2.801e-05
Ep  56/100 │  0.12s │ bd 3.7035e-02 │ res 4.4620e-02 │ test 9.8692e-02 │ η_eff 2.907e-05
Ep  57/100 │  0.11s │ bd 3.1969e-02 │ res 4.0676e-02 │ test 1.0615e-01 │ η_eff 2.896e-05
Ep  58/100 │  0.13s │ bd 3.5410e-02 │ res 5.3752e-02 │ test 9.6844e-02 │ η_eff 3.335e-05
Ep  59/100 │  0.11s │ bd 3.7939e-02 │ res 5.2516e-02 │ test 9.9685e-02 │ η_eff 2.994e-05
Ep  60/100 │  0.11s │ bd 3.3173e-02 │ res 4.6450e-02 │ test 1.0033e-01 │ η_eff 1.693e-05
Ep  61/100 │  0.12s │ bd 3.7593e-02 │ res 7.1471e-02 │ test 1.0369e-01 │ η_eff 1.580e-05
Ep  62/100 │  0.11s │ bd 4.0391e-02 │ res 5.7828e-02 │ test 9.9634e-02 │ η_eff 1.819e-05
Ep  63/100 │  0.12s │ bd 4.3878e-02 │ res 1.1221e-01 │ test 1.0184e-01 │ η_eff 1.606e-05
Ep  64/100 │  0.11s │ bd 4.3762e-02 │ res 5.7794e-02 │ test 9.9391e-02 │ η_eff 1.484e-05
Ep  65/100 │  0.13s │ bd 3.8589e-02 │ res 7.7480e-02 │ test 9.5102e-02 │ η_eff 1.599e-05
Ep  66/100 │  0.11s │ bd 3.7007e-02 │ res 8.3553e-02 │ test 9.5194e-02 │ η_eff 1.822e-05
Ep  67/100 │  0.12s │ bd 3.1493e-02 │ res 5.5209e-02 │ test 9.8362e-02 │ η_eff 1.703e-05
Ep  68/100 │  0.11s │ bd 3.0293e-02 │ res 4.9487e-02 │ test 1.0162e-01 │ η_eff 1.869e-05
Ep  69/100 │  0.11s │ bd 3.1687e-02 │ res 4.9535e-02 │ test 9.9479e-02 │ η_eff 1.634e-05
Ep  70/100 │  0.11s │ bd 2.7276e-02 │ res 6.0308e-02 │ test 9.9520e-02 │ η_eff 8.213e-06
Ep  71/100 │  0.12s │ bd 3.2815e-02 │ res 4.7233e-02 │ test 9.8344e-02 │ η_eff 8.194e-06
Ep  72/100 │  0.11s │ bd 3.2335e-02 │ res 4.9694e-02 │ test 9.6651e-02 │ η_eff 8.921e-06
Ep  73/100 │  0.11s │ bd 3.9911e-02 │ res 5.1031e-02 │ test 9.7009e-02 │ η_eff 7.624e-06
Ep  74/100 │  0.11s │ bd 3.3588e-02 │ res 5.3103e-02 │ test 9.8311e-02 │ η_eff 8.763e-06
Ep  75/100 │  0.11s │ bd 3.3028e-02 │ res 4.3999e-02 │ test 9.8400e-02 │ η_eff 9.437e-06
Ep  76/100 │  0.12s │ bd 2.6612e-02 │ res 3.5281e-02 │ test 9.9704e-02 │ η_eff 7.842e-06
Ep  77/100 │  0.11s │ bd 3.0885e-02 │ res 5.0597e-02 │ test 1.0187e-01 │ η_eff 9.745e-06
Ep  78/100 │  0.11s │ bd 2.4528e-02 │ res 4.5864e-02 │ test 1.0029e-01 │ η_eff 8.707e-06
Ep  79/100 │  0.12s │ bd 2.7316e-02 │ res 4.0882e-02 │ test 9.9179e-02 │ η_eff 8.349e-06
Ep  80/100 │  0.12s │ bd 2.9351e-02 │ res 4.9283e-02 │ test 9.8564e-02 │ η_eff 4.238e-06
Ep  81/100 │  0.12s │ bd 2.7236e-02 │ res 3.9011e-02 │ test 9.8222e-02 │ η_eff 4.021e-06
Ep  82/100 │  0.14s │ bd 3.4184e-02 │ res 4.9289e-02 │ test 9.7458e-02 │ η_eff 4.204e-06
Ep  83/100 │  0.11s │ bd 3.4842e-02 │ res 7.5918e-02 │ test 9.6317e-02 │ η_eff 4.869e-06
Ep  84/100 │  0.11s │ bd 3.0870e-02 │ res 5.6507e-02 │ test 9.5638e-02 │ η_eff 4.756e-06
Ep  85/100 │  0.12s │ bd 2.8837e-02 │ res 5.8093e-02 │ test 9.6136e-02 │ η_eff 4.575e-06
Ep  86/100 │  0.11s │ bd 3.6325e-02 │ res 6.4611e-02 │ test 9.8408e-02 │ η_eff 4.258e-06
Ep  87/100 │  0.11s │ bd 3.4899e-02 │ res 4.9723e-02 │ test 9.8812e-02 │ η_eff 4.507e-06
Ep  88/100 │  0.11s │ bd 3.1306e-02 │ res 3.5688e-02 │ test 9.9435e-02 │ η_eff 4.409e-06
Ep  89/100 │  0.11s │ bd 2.8068e-02 │ res 4.1221e-02 │ test 9.8075e-02 │ η_eff 4.844e-06
Ep  90/100 │  0.12s │ bd 2.9295e-02 │ res 4.5528e-02 │ test 9.8201e-02 │ η_eff 2.387e-06
Ep  91/100 │  0.11s │ bd 3.9056e-02 │ res 7.8273e-02 │ test 9.8655e-02 │ η_eff 2.194e-06
Ep  92/100 │  0.13s │ bd 2.4485e-02 │ res 4.9970e-02 │ test 9.8615e-02 │ η_eff 2.497e-06
Ep  93/100 │  0.11s │ bd 3.0114e-02 │ res 4.0286e-02 │ test 9.8574e-02 │ η_eff 2.165e-06
Ep  94/100 │  0.12s │ bd 2.5978e-02 │ res 3.9855e-02 │ test 9.8402e-02 │ η_eff 2.767e-06
Ep  95/100 │  0.11s │ bd 3.4881e-02 │ res 5.9695e-02 │ test 9.8702e-02 │ η_eff 2.703e-06
Ep  96/100 │  0.13s │ bd 2.9946e-02 │ res 5.9179e-02 │ test 9.8865e-02 │ η_eff 2.414e-06
Ep  97/100 │  0.11s │ bd 3.5299e-02 │ res 6.3210e-02 │ test 9.8979e-02 │ η_eff 2.478e-06
Ep  98/100 │  0.12s │ bd 2.9233e-02 │ res 3.6537e-02 │ test 9.8443e-02 │ η_eff 2.420e-06
Ep  99/100 │  0.12s │ bd 2.6879e-02 │ res 4.4529e-02 │ test 9.7869e-02 │ η_eff 2.313e-06
Ep 100/100 │  0.12s │ bd 3.2018e-02 │ res 4.8475e-02 │ test 9.7818e-02 │ η_eff 1.081e-06
→ Saved: loss/Burger1d_phisfno_ms_90_Adam_ep100_visc0.1_m32_w64_s11/loss_full_loss_2.csv

=== Phase 'full_loss_3' | epochs 100 ===

Ep   1/100 │  0.15s │ bd 6.2100e-01 │ res 5.2579e+00 │ test 8.3189e-01 │ η_eff 3.266e-03
Ep   2/100 │  0.11s │ bd 4.3828e-01 │ res 1.1349e+00 │ test 3.8688e-01 │ η_eff 2.397e-03
Ep   3/100 │  0.12s │ bd 3.1471e-01 │ res 6.5231e-01 │ test 4.3793e-01 │ η_eff 1.847e-03
Ep   4/100 │  0.11s │ bd 2.2057e-01 │ res 4.0043e-01 │ test 2.2771e-01 │ η_eff 1.704e-03
Ep   5/100 │  0.11s │ bd 1.3175e-01 │ res 2.2879e-01 │ test 2.4211e-01 │ η_eff 1.354e-03
Ep   6/100 │  0.12s │ bd 1.7583e-01 │ res 2.0638e-01 │ test 1.6090e-01 │ η_eff 1.165e-03
Ep   7/100 │  0.12s │ bd 1.2561e-01 │ res 1.8977e-01 │ test 1.2540e-01 │ η_eff 1.147e-03
Ep   8/100 │  0.11s │ bd 1.6595e-01 │ res 2.6508e-01 │ test 2.2741e-01 │ η_eff 1.180e-03
Ep   9/100 │  0.11s │ bd 2.1239e-01 │ res 3.8170e-01 │ test 1.6231e-01 │ η_eff 1.214e-03
Ep  10/100 │  0.11s │ bd 1.6415e-01 │ res 3.1632e-01 │ test 1.3685e-01 │ η_eff 5.383e-04
Ep  11/100 │  0.11s │ bd 1.2792e-01 │ res 2.4530e-01 │ test 1.1183e-01 │ η_eff 6.328e-04
Ep  12/100 │  0.11s │ bd 1.2552e-01 │ res 1.7158e-01 │ test 1.1094e-01 │ η_eff 5.499e-04
Ep  13/100 │  0.11s │ bd 1.1148e-01 │ res 1.2958e-01 │ test 1.2187e-01 │ η_eff 5.685e-04
Ep  14/100 │  0.12s │ bd 1.0827e-01 │ res 9.9958e-02 │ test 1.1639e-01 │ η_eff 5.500e-04
Ep  15/100 │  0.12s │ bd 8.9943e-02 │ res 1.0798e-01 │ test 8.2157e-02 │ η_eff 5.665e-04
Ep  16/100 │  0.12s │ bd 8.6595e-02 │ res 1.2487e-01 │ test 1.0644e-01 │ η_eff 5.554e-04
Ep  17/100 │  0.12s │ bd 1.0487e-01 │ res 1.1180e-01 │ test 9.0901e-02 │ η_eff 5.510e-04
Ep  18/100 │  0.11s │ bd 8.8040e-02 │ res 1.3196e-01 │ test 9.9865e-02 │ η_eff 5.649e-04
Ep  19/100 │  0.11s │ bd 9.9978e-02 │ res 9.3051e-02 │ test 9.8124e-02 │ η_eff 5.879e-04
Ep  20/100 │  0.11s │ bd 9.6462e-02 │ res 1.2625e-01 │ test 1.4576e-01 │ η_eff 3.086e-04
Ep  21/100 │  0.12s │ bd 9.1739e-02 │ res 1.0682e-01 │ test 8.5396e-02 │ η_eff 3.072e-04
Ep  22/100 │  0.11s │ bd 9.4443e-02 │ res 8.6368e-02 │ test 1.2086e-01 │ η_eff 3.299e-04
Ep  23/100 │  0.11s │ bd 7.8300e-02 │ res 5.1668e-02 │ test 8.4269e-02 │ η_eff 3.030e-04
Ep  24/100 │  0.11s │ bd 9.0632e-02 │ res 1.0312e-01 │ test 1.2645e-01 │ η_eff 3.203e-04
Ep  25/100 │  0.12s │ bd 1.0517e-01 │ res 1.4623e-01 │ test 6.9067e-02 │ η_eff 3.472e-04
Ep  26/100 │  0.12s │ bd 7.8996e-02 │ res 1.3663e-01 │ test 9.2273e-02 │ η_eff 2.821e-04
Ep  27/100 │  0.11s │ bd 7.6787e-02 │ res 1.2466e-01 │ test 1.0019e-01 │ η_eff 3.099e-04
Ep  28/100 │  0.11s │ bd 7.5101e-02 │ res 8.4197e-02 │ test 7.2466e-02 │ η_eff 3.541e-04
Ep  29/100 │  0.11s │ bd 6.7121e-02 │ res 8.7616e-02 │ test 6.9652e-02 │ η_eff 3.351e-04
Ep  30/100 │  0.11s │ bd 6.1123e-02 │ res 5.0492e-02 │ test 8.7471e-02 │ η_eff 1.550e-04
Ep  31/100 │  0.11s │ bd 6.4354e-02 │ res 7.0478e-02 │ test 6.9606e-02 │ η_eff 1.814e-04
Ep  32/100 │  0.11s │ bd 6.8405e-02 │ res 6.4135e-02 │ test 6.9432e-02 │ η_eff 1.894e-04
Ep  33/100 │  0.13s │ bd 6.2762e-02 │ res 5.4387e-02 │ test 7.5411e-02 │ η_eff 1.952e-04
Ep  34/100 │  0.11s │ bd 7.0387e-02 │ res 6.7886e-02 │ test 7.9588e-02 │ η_eff 1.747e-04
Ep  35/100 │  0.12s │ bd 6.4896e-02 │ res 7.8053e-02 │ test 7.0785e-02 │ η_eff 1.605e-04
Ep  36/100 │  0.11s │ bd 5.5540e-02 │ res 6.0061e-02 │ test 8.0927e-02 │ η_eff 1.892e-04
Ep  37/100 │  0.12s │ bd 4.8161e-02 │ res 5.5530e-02 │ test 7.3117e-02 │ η_eff 1.675e-04
Ep  38/100 │  0.11s │ bd 5.7543e-02 │ res 5.7240e-02 │ test 7.3013e-02 │ η_eff 1.595e-04
Ep  39/100 │  0.11s │ bd 5.1628e-02 │ res 5.8588e-02 │ test 6.4153e-02 │ η_eff 1.723e-04
Ep  40/100 │  0.11s │ bd 3.7921e-02 │ res 5.6591e-02 │ test 6.9682e-02 │ η_eff 8.760e-05
Ep  41/100 │  0.12s │ bd 6.3272e-02 │ res 8.2294e-02 │ test 6.8144e-02 │ η_eff 8.873e-05
Ep  42/100 │  0.12s │ bd 3.2163e-02 │ res 3.0955e-02 │ test 6.0849e-02 │ η_eff 8.989e-05
Ep  43/100 │  0.12s │ bd 4.9334e-02 │ res 8.0451e-02 │ test 6.9825e-02 │ η_eff 9.227e-05
Ep  44/100 │  0.12s │ bd 5.1324e-02 │ res 4.7178e-02 │ test 6.2860e-02 │ η_eff 8.230e-05
Ep  45/100 │  0.12s │ bd 3.8144e-02 │ res 3.4850e-02 │ test 7.3032e-02 │ η_eff 8.822e-05
Ep  46/100 │  0.11s │ bd 3.6636e-02 │ res 4.8422e-02 │ test 6.0454e-02 │ η_eff 9.973e-05
Ep  47/100 │  0.12s │ bd 4.8108e-02 │ res 8.3011e-02 │ test 7.3265e-02 │ η_eff 9.891e-05
Ep  48/100 │  0.11s │ bd 5.0390e-02 │ res 5.1131e-02 │ test 7.2334e-02 │ η_eff 9.435e-05
Ep  49/100 │  0.11s │ bd 4.9922e-02 │ res 5.9452e-02 │ test 6.4785e-02 │ η_eff 1.022e-04
Ep  50/100 │  0.12s │ bd 4.1661e-02 │ res 4.2860e-02 │ test 6.1095e-02 │ η_eff 4.507e-05
Ep  51/100 │  0.11s │ bd 3.8122e-02 │ res 5.3553e-02 │ test 6.6498e-02 │ η_eff 4.308e-05
Ep  52/100 │  0.11s │ bd 3.9982e-02 │ res 7.3748e-02 │ test 6.4287e-02 │ η_eff 4.817e-05
Ep  53/100 │  0.11s │ bd 5.5071e-02 │ res 8.6229e-02 │ test 6.3658e-02 │ η_eff 5.116e-05
Ep  54/100 │  0.11s │ bd 3.8311e-02 │ res 3.6438e-02 │ test 6.0506e-02 │ η_eff 5.164e-05
Ep  55/100 │  0.12s │ bd 3.5683e-02 │ res 5.2083e-02 │ test 5.9183e-02 │ η_eff 4.914e-05
Ep  56/100 │  0.12s │ bd 2.9747e-02 │ res 2.8311e-02 │ test 5.9845e-02 │ η_eff 4.619e-05
Ep  57/100 │  0.11s │ bd 3.6872e-02 │ res 3.0812e-02 │ test 6.1653e-02 │ η_eff 5.007e-05
Ep  58/100 │  0.11s │ bd 4.3578e-02 │ res 5.2318e-02 │ test 6.3493e-02 │ η_eff 4.547e-05
Ep  59/100 │  0.12s │ bd 3.3073e-02 │ res 4.3796e-02 │ test 6.2778e-02 │ η_eff 4.582e-05
Ep  60/100 │  0.11s │ bd 4.6119e-02 │ res 5.4719e-02 │ test 6.7082e-02 │ η_eff 2.177e-05
Ep  61/100 │  0.11s │ bd 3.2552e-02 │ res 4.5975e-02 │ test 6.6775e-02 │ η_eff 2.585e-05
Ep  62/100 │  0.12s │ bd 4.2327e-02 │ res 5.6414e-02 │ test 6.3555e-02 │ η_eff 2.342e-05
Ep  63/100 │  0.11s │ bd 3.7148e-02 │ res 3.3797e-02 │ test 6.3914e-02 │ η_eff 2.659e-05
Ep  64/100 │  0.11s │ bd 3.1978e-02 │ res 5.4738e-02 │ test 6.4670e-02 │ η_eff 2.508e-05
Ep  65/100 │  0.11s │ bd 3.6500e-02 │ res 6.0145e-02 │ test 6.1437e-02 │ η_eff 2.515e-05
Ep  66/100 │  0.11s │ bd 4.4286e-02 │ res 8.0245e-02 │ test 6.1083e-02 │ η_eff 2.603e-05
Ep  67/100 │  0.11s │ bd 3.9234e-02 │ res 3.5410e-02 │ test 6.2450e-02 │ η_eff 2.412e-05
Ep  68/100 │  0.11s │ bd 3.8913e-02 │ res 5.6330e-02 │ test 5.9123e-02 │ η_eff 2.643e-05
Ep  69/100 │  0.12s │ bd 2.6225e-02 │ res 4.2933e-02 │ test 5.8975e-02 │ η_eff 2.717e-05
Ep  70/100 │  0.11s │ bd 2.9546e-02 │ res 3.9299e-02 │ test 6.4001e-02 │ η_eff 1.332e-05
Ep  71/100 │  0.13s │ bd 3.4259e-02 │ res 2.9371e-02 │ test 6.3875e-02 │ η_eff 1.315e-05
Ep  72/100 │  0.11s │ bd 3.4152e-02 │ res 3.6178e-02 │ test 6.3331e-02 │ η_eff 1.286e-05
Ep  73/100 │  0.11s │ bd 2.8447e-02 │ res 4.2444e-02 │ test 6.1725e-02 │ η_eff 1.487e-05
Ep  74/100 │  0.11s │ bd 3.1772e-02 │ res 4.0449e-02 │ test 6.2423e-02 │ η_eff 1.376e-05
Ep  75/100 │  0.11s │ bd 2.8632e-02 │ res 3.0687e-02 │ test 6.3182e-02 │ η_eff 1.207e-05
Ep  76/100 │  0.11s │ bd 2.5357e-02 │ res 3.7862e-02 │ test 6.1551e-02 │ η_eff 1.313e-05
Ep  77/100 │  0.12s │ bd 2.1866e-02 │ res 4.3138e-02 │ test 6.2865e-02 │ η_eff 1.411e-05
Ep  78/100 │  0.12s │ bd 3.0287e-02 │ res 4.7613e-02 │ test 6.3379e-02 │ η_eff 1.260e-05
Ep  79/100 │  0.11s │ bd 3.4349e-02 │ res 6.6816e-02 │ test 6.3134e-02 │ η_eff 1.396e-05
Ep  80/100 │  0.11s │ bd 3.0907e-02 │ res 3.4168e-02 │ test 6.3668e-02 │ η_eff 6.517e-06
Ep  81/100 │  0.12s │ bd 3.0026e-02 │ res 3.8177e-02 │ test 6.1961e-02 │ η_eff 6.437e-06
Ep  82/100 │  0.11s │ bd 3.3471e-02 │ res 4.5188e-02 │ test 6.2955e-02 │ η_eff 7.578e-06
Ep  83/100 │  0.11s │ bd 3.2472e-02 │ res 4.3512e-02 │ test 6.1625e-02 │ η_eff 7.339e-06
Ep  84/100 │  0.11s │ bd 2.1009e-02 │ res 3.0337e-02 │ test 6.1374e-02 │ η_eff 5.787e-06
Ep  85/100 │  0.12s │ bd 2.9010e-02 │ res 3.8893e-02 │ test 6.0287e-02 │ η_eff 5.919e-06
Ep  86/100 │  0.12s │ bd 3.0421e-02 │ res 5.2699e-02 │ test 6.0298e-02 │ η_eff 6.304e-06
Ep  87/100 │  0.12s │ bd 3.3016e-02 │ res 6.7911e-02 │ test 5.9968e-02 │ η_eff 6.497e-06
Ep  88/100 │  0.12s │ bd 2.9371e-02 │ res 2.9692e-02 │ test 6.0343e-02 │ η_eff 6.333e-06
Ep  89/100 │  0.12s │ bd 2.7316e-02 │ res 3.1466e-02 │ test 6.0340e-02 │ η_eff 6.637e-06
Ep  90/100 │  0.11s │ bd 3.6452e-02 │ res 7.3561e-02 │ test 6.1523e-02 │ η_eff 3.553e-06
Ep  91/100 │  0.11s │ bd 2.5438e-02 │ res 4.0760e-02 │ test 6.1175e-02 │ η_eff 3.171e-06
Ep  92/100 │  0.11s │ bd 2.8068e-02 │ res 4.1286e-02 │ test 6.0896e-02 │ η_eff 3.227e-06
Ep  93/100 │  0.11s │ bd 2.6725e-02 │ res 4.7612e-02 │ test 6.0940e-02 │ η_eff 3.319e-06
Ep  94/100 │  0.12s │ bd 2.7011e-02 │ res 4.4144e-02 │ test 6.2464e-02 │ η_eff 3.629e-06
Ep  95/100 │  0.11s │ bd 3.0449e-02 │ res 5.5614e-02 │ test 6.2479e-02 │ η_eff 3.393e-06
Ep  96/100 │  0.12s │ bd 3.9862e-02 │ res 5.1214e-02 │ test 6.2011e-02 │ η_eff 3.402e-06
Ep  97/100 │  0.11s │ bd 4.2769e-02 │ res 6.8837e-02 │ test 6.1822e-02 │ η_eff 3.564e-06
Ep  98/100 │  0.11s │ bd 3.2625e-02 │ res 2.5045e-02 │ test 6.1934e-02 │ η_eff 3.279e-06
Ep  99/100 │  0.11s │ bd 3.6454e-02 │ res 5.2500e-02 │ test 6.1369e-02 │ η_eff 3.959e-06
Ep 100/100 │  0.11s │ bd 3.0763e-02 │ res 4.9654e-02 │ test 6.1759e-02 │ η_eff 1.779e-06
→ Saved: loss/Burger1d_phisfno_ms_90_Adam_ep100_visc0.1_m32_w64_s11/loss_full_loss_3.csv
→ Model saved: model/Burger1d_phisfno_ms_90_Adam_ep100_visc0.1_m32_w64_s11
→ Eta-term history: loss/Burger1d_phisfno_ms_90_Adam_ep100_visc0.1_m32_w64_s11/eta_term_history.csv
  sample 0: test L2 = 1.0810e-01
  sample 1: test L2 = 4.1423e-02
  sample 2: test L2 = 4.3581e-02
  sample 3: test L2 = 4.9210e-02
  sample 4: test L2 = 1.5668e-01
  sample 5: test L2 = 4.0833e-02
  sample 6: test L2 = 2.8123e-02
  sample 7: test L2 = 5.7971e-02
  sample 8: test L2 = 3.3965e-02
  sample 9: test L2 = 5.7760e-02
→ Predictions saved: burger_test_phisfno_ms.mat
→ Figure saved: image/Burger1d_phisfno_ms_90_Adam_ep100_visc0.1_m32_w64_s11/final_velocity.png
