loaded 1D buffers
[train_model] model=phisfno | training=singlestage | S=2048 | nu=0.1 | dt=0.1 | modes=32 | width=64
Model parameters: 550,339

=== Phase 'full_loss_1' | epochs 200 ===

Ep   1/200 │  0.46s │ bd 3.9035e+00 │ res 5.5782e+01 │ test 2.2463e+00 │ η_eff 2.453e-03
Ep   2/200 │  0.12s │ bd 1.0219e+00 │ res 2.1732e+01 │ test 1.6826e+00 │ η_eff 1.066e-03
Ep   3/200 │  0.11s │ bd 6.1336e-01 │ res 8.7910e+00 │ test 1.5206e+00 │ η_eff 5.941e-04
Ep   4/200 │  0.11s │ bd 5.5824e-01 │ res 5.4306e+00 │ test 1.6201e+00 │ η_eff 3.275e-04
Ep   5/200 │  0.11s │ bd 3.6053e-01 │ res 2.9208e+00 │ test 1.0341e+00 │ η_eff 2.264e-04
Ep   6/200 │  0.11s │ bd 3.6820e-01 │ res 2.2060e+00 │ test 1.0578e+00 │ η_eff 1.621e-04
Ep   7/200 │  0.11s │ bd 3.9949e-01 │ res 1.6485e+00 │ test 8.5425e-01 │ η_eff 1.761e-04
Ep   8/200 │  0.11s │ bd 3.3381e-01 │ res 1.3510e+00 │ test 8.0907e-01 │ η_eff 1.539e-04
Ep   9/200 │  0.12s │ bd 2.1114e-01 │ res 1.1302e+00 │ test 8.9134e-01 │ η_eff 1.437e-04
Ep  10/200 │  0.11s │ bd 2.2119e-01 │ res 9.8043e-01 │ test 7.7761e-01 │ η_eff 6.742e-05
Ep  11/200 │  0.10s │ bd 2.2104e-01 │ res 7.6961e-01 │ test 8.6252e-01 │ η_eff 1.044e-04
Ep  12/200 │  0.11s │ bd 3.0255e-01 │ res 7.4936e-01 │ test 8.3053e-01 │ η_eff 9.434e-05
Ep  13/200 │  0.11s │ bd 3.1071e-01 │ res 8.5799e-01 │ test 8.1159e-01 │ η_eff 9.974e-05
Ep  14/200 │  0.11s │ bd 3.5702e-01 │ res 7.4949e-01 │ test 7.9182e-01 │ η_eff 7.302e-05
Ep  15/200 │  0.11s │ bd 2.1178e-01 │ res 6.3433e-01 │ test 8.1224e-01 │ η_eff 7.826e-05
Ep  16/200 │  0.12s │ bd 2.5436e-01 │ res 6.2245e-01 │ test 7.3676e-01 │ η_eff 1.011e-04
Ep  17/200 │  0.12s │ bd 3.1778e-01 │ res 5.8425e-01 │ test 7.9924e-01 │ η_eff 8.729e-05
Ep  18/200 │  0.12s │ bd 2.4950e-01 │ res 5.3306e-01 │ test 7.5622e-01 │ η_eff 9.476e-05
Ep  19/200 │  0.11s │ bd 1.4936e-01 │ res 5.9000e-01 │ test 7.5717e-01 │ η_eff 7.702e-05
Ep  20/200 │  0.12s │ bd 1.5938e-01 │ res 6.6478e-01 │ test 7.7670e-01 │ η_eff 4.911e-05
Ep  21/200 │  0.11s │ bd 1.1579e-01 │ res 3.7813e-01 │ test 7.3249e-01 │ η_eff 4.575e-05
Ep  22/200 │  0.11s │ bd 1.3398e-01 │ res 4.0715e-01 │ test 7.7295e-01 │ η_eff 5.242e-05
Ep  23/200 │  0.12s │ bd 1.1421e-01 │ res 4.1692e-01 │ test 7.1973e-01 │ η_eff 4.013e-05
Ep  24/200 │  0.11s │ bd 1.0673e-01 │ res 3.1385e-01 │ test 7.3597e-01 │ η_eff 4.263e-05
Ep  25/200 │  0.11s │ bd 1.1552e-01 │ res 2.4683e-01 │ test 7.1397e-01 │ η_eff 3.649e-05
Ep  26/200 │  0.11s │ bd 1.7360e-01 │ res 3.0594e-01 │ test 7.0415e-01 │ η_eff 6.266e-05
Ep  27/200 │  0.11s │ bd 1.7084e-01 │ res 3.4914e-01 │ test 7.0844e-01 │ η_eff 5.631e-05
Ep  28/200 │  0.11s │ bd 1.3506e-01 │ res 2.9319e-01 │ test 7.1318e-01 │ η_eff 4.702e-05
Ep  29/200 │  0.11s │ bd 1.0862e-01 │ res 3.0015e-01 │ test 7.2001e-01 │ η_eff 6.281e-05
Ep  30/200 │  0.11s │ bd 1.3043e-01 │ res 2.7033e-01 │ test 7.0637e-01 │ η_eff 2.137e-05
Ep  31/200 │  0.11s │ bd 1.2023e-01 │ res 3.1877e-01 │ test 7.1227e-01 │ η_eff 2.655e-05
Ep  32/200 │  0.11s │ bd 9.8847e-02 │ res 2.3737e-01 │ test 7.0636e-01 │ η_eff 2.992e-05
Ep  33/200 │  0.11s │ bd 8.7137e-02 │ res 2.3073e-01 │ test 7.0225e-01 │ η_eff 2.202e-05
Ep  34/200 │  0.11s │ bd 7.6918e-02 │ res 2.1447e-01 │ test 7.0175e-01 │ η_eff 2.441e-05
Ep  35/200 │  0.11s │ bd 6.8277e-02 │ res 2.1603e-01 │ test 6.9306e-01 │ η_eff 2.205e-05
Ep  36/200 │  0.11s │ bd 8.9566e-02 │ res 2.5410e-01 │ test 6.9652e-01 │ η_eff 2.516e-05
Ep  37/200 │  0.11s │ bd 8.9689e-02 │ res 2.6199e-01 │ test 6.9964e-01 │ η_eff 2.781e-05
Ep  38/200 │  0.11s │ bd 1.0942e-01 │ res 2.3969e-01 │ test 6.8037e-01 │ η_eff 2.643e-05
Ep  39/200 │  0.11s │ bd 1.0665e-01 │ res 2.9325e-01 │ test 7.0102e-01 │ η_eff 3.269e-05
Ep  40/200 │  0.11s │ bd 9.0386e-02 │ res 2.8445e-01 │ test 6.9008e-01 │ η_eff 1.551e-05
Ep  41/200 │  0.12s │ bd 6.8662e-02 │ res 2.2039e-01 │ test 6.9378e-01 │ η_eff 1.244e-05
Ep  42/200 │  0.11s │ bd 7.0607e-02 │ res 2.0062e-01 │ test 7.0133e-01 │ η_eff 1.286e-05
Ep  43/200 │  0.11s │ bd 6.5677e-02 │ res 1.9430e-01 │ test 6.9855e-01 │ η_eff 1.207e-05
Ep  44/200 │  0.11s │ bd 5.2336e-02 │ res 2.0362e-01 │ test 6.9295e-01 │ η_eff 1.362e-05
Ep  45/200 │  0.11s │ bd 7.7458e-02 │ res 2.2405e-01 │ test 6.8766e-01 │ η_eff 1.264e-05
Ep  46/200 │  0.11s │ bd 7.9973e-02 │ res 2.4741e-01 │ test 6.9479e-01 │ η_eff 1.822e-05
Ep  47/200 │  0.12s │ bd 7.2405e-02 │ res 1.8554e-01 │ test 6.8393e-01 │ η_eff 1.420e-05
Ep  48/200 │  0.11s │ bd 5.3754e-02 │ res 1.6398e-01 │ test 6.8253e-01 │ η_eff 1.306e-05
Ep  49/200 │  0.11s │ bd 5.1651e-02 │ res 2.0919e-01 │ test 6.9547e-01 │ η_eff 1.406e-05
Ep  50/200 │  0.11s │ bd 7.8173e-02 │ res 2.1754e-01 │ test 6.8623e-01 │ η_eff 6.515e-06
Ep  51/200 │  0.12s │ bd 7.5070e-02 │ res 2.1271e-01 │ test 6.8668e-01 │ η_eff 9.679e-06
Ep  52/200 │  0.11s │ bd 6.8775e-02 │ res 1.9024e-01 │ test 6.8297e-01 │ η_eff 8.484e-06
Ep  53/200 │  0.11s │ bd 5.3078e-02 │ res 1.8893e-01 │ test 6.8304e-01 │ η_eff 6.916e-06
Ep  54/200 │  0.11s │ bd 5.9882e-02 │ res 1.9713e-01 │ test 6.8380e-01 │ η_eff 9.550e-06
Ep  55/200 │  0.11s │ bd 5.5743e-02 │ res 1.6066e-01 │ test 6.8404e-01 │ η_eff 7.550e-06
Ep  56/200 │  0.11s │ bd 6.5993e-02 │ res 1.8441e-01 │ test 6.8381e-01 │ η_eff 6.979e-06
Ep  57/200 │  0.12s │ bd 5.5335e-02 │ res 1.6912e-01 │ test 6.7865e-01 │ η_eff 7.229e-06
Ep  58/200 │  0.11s │ bd 4.6267e-02 │ res 1.7534e-01 │ test 6.7975e-01 │ η_eff 8.455e-06
Ep  59/200 │  0.11s │ bd 5.4659e-02 │ res 1.6416e-01 │ test 6.7860e-01 │ η_eff 6.746e-06
Ep  60/200 │  0.12s │ bd 4.6494e-02 │ res 1.3889e-01 │ test 6.8150e-01 │ η_eff 5.119e-06
Ep  61/200 │  0.12s │ bd 7.5385e-02 │ res 2.6019e-01 │ test 6.7990e-01 │ η_eff 4.799e-06
Ep  62/200 │  0.12s │ bd 5.0882e-02 │ res 1.4907e-01 │ test 6.7898e-01 │ η_eff 4.929e-06
Ep  63/200 │  0.12s │ bd 5.1184e-02 │ res 1.7690e-01 │ test 6.8152e-01 │ η_eff 3.912e-06
Ep  64/200 │  0.11s │ bd 4.5313e-02 │ res 1.6000e-01 │ test 6.7757e-01 │ η_eff 3.869e-06
Ep  65/200 │  0.12s │ bd 4.4557e-02 │ res 1.8293e-01 │ test 6.7864e-01 │ η_eff 4.111e-06
Ep  66/200 │  0.11s │ bd 6.2516e-02 │ res 1.7335e-01 │ test 6.8134e-01 │ η_eff 5.929e-06
Ep  67/200 │  0.11s │ bd 5.4292e-02 │ res 1.8693e-01 │ test 6.8545e-01 │ η_eff 4.295e-06
Ep  68/200 │  0.11s │ bd 5.1067e-02 │ res 1.8690e-01 │ test 6.7571e-01 │ η_eff 3.909e-06
Ep  69/200 │  0.11s │ bd 5.0840e-02 │ res 1.8725e-01 │ test 6.7345e-01 │ η_eff 4.588e-06
Ep  70/200 │  0.11s │ bd 5.5220e-02 │ res 1.6913e-01 │ test 6.7234e-01 │ η_eff 2.025e-06
Ep  71/200 │  0.11s │ bd 6.6283e-02 │ res 2.0860e-01 │ test 6.7188e-01 │ η_eff 2.004e-06
Ep  72/200 │  0.11s │ bd 4.2151e-02 │ res 1.5724e-01 │ test 6.7551e-01 │ η_eff 2.481e-06
Ep  73/200 │  0.12s │ bd 3.7681e-02 │ res 1.3873e-01 │ test 6.7473e-01 │ η_eff 2.030e-06
Ep  74/200 │  0.12s │ bd 5.7077e-02 │ res 1.9595e-01 │ test 6.7815e-01 │ η_eff 2.529e-06
Ep  75/200 │  0.11s │ bd 4.2573e-02 │ res 1.4857e-01 │ test 6.7535e-01 │ η_eff 2.080e-06
Ep  76/200 │  0.11s │ bd 3.6471e-02 │ res 1.3482e-01 │ test 6.7435e-01 │ η_eff 2.309e-06
Ep  77/200 │  0.12s │ bd 4.6816e-02 │ res 1.6602e-01 │ test 6.7491e-01 │ η_eff 2.239e-06
Ep  78/200 │  0.11s │ bd 4.8184e-02 │ res 1.8791e-01 │ test 6.7947e-01 │ η_eff 2.253e-06
Ep  79/200 │  0.12s │ bd 4.0642e-02 │ res 1.6588e-01 │ test 6.8242e-01 │ η_eff 2.579e-06
Ep  80/200 │  0.12s │ bd 4.7754e-02 │ res 1.8763e-01 │ test 6.7546e-01 │ η_eff 1.041e-06
Ep  81/200 │  0.11s │ bd 4.3856e-02 │ res 1.7043e-01 │ test 6.7334e-01 │ η_eff 1.436e-06
Ep  82/200 │  0.11s │ bd 4.2510e-02 │ res 1.5896e-01 │ test 6.7499e-01 │ η_eff 1.260e-06
Ep  83/200 │  0.11s │ bd 4.9415e-02 │ res 1.6532e-01 │ test 6.7689e-01 │ η_eff 1.109e-06
Ep  84/200 │  0.11s │ bd 4.6493e-02 │ res 1.7198e-01 │ test 6.7733e-01 │ η_eff 1.284e-06
Ep  85/200 │  0.12s │ bd 5.2812e-02 │ res 1.7438e-01 │ test 6.7062e-01 │ η_eff 1.086e-06
Ep  86/200 │  0.12s │ bd 5.0270e-02 │ res 1.6333e-01 │ test 6.7479e-01 │ η_eff 1.289e-06
Ep  87/200 │  0.12s │ bd 6.2307e-02 │ res 2.5312e-01 │ test 6.7536e-01 │ η_eff 1.453e-06
Ep  88/200 │  0.12s │ bd 3.6525e-02 │ res 1.4244e-01 │ test 6.7640e-01 │ η_eff 1.302e-06
Ep  89/200 │  0.11s │ bd 3.8889e-02 │ res 1.5127e-01 │ test 6.7940e-01 │ η_eff 1.216e-06
Ep  90/200 │  0.12s │ bd 5.1722e-02 │ res 1.6478e-01 │ test 6.7335e-01 │ η_eff 6.447e-07
Ep  91/200 │  0.15s │ bd 5.1035e-02 │ res 1.7990e-01 │ test 6.7135e-01 │ η_eff 6.048e-07
Ep  92/200 │  0.12s │ bd 4.7122e-02 │ res 1.8247e-01 │ test 6.7381e-01 │ η_eff 6.787e-07
Ep  93/200 │  0.11s │ bd 4.3618e-02 │ res 1.4531e-01 │ test 6.7334e-01 │ η_eff 6.739e-07
Ep  94/200 │  0.11s │ bd 3.8034e-02 │ res 1.2516e-01 │ test 6.7331e-01 │ η_eff 6.081e-07
Ep  95/200 │  0.12s │ bd 4.7716e-02 │ res 1.6421e-01 │ test 6.7251e-01 │ η_eff 5.616e-07
Ep  96/200 │  0.12s │ bd 4.4704e-02 │ res 1.6205e-01 │ test 6.7338e-01 │ η_eff 8.095e-07
Ep  97/200 │  0.11s │ bd 5.6600e-02 │ res 2.2108e-01 │ test 6.7437e-01 │ η_eff 8.655e-07
Ep  98/200 │  0.11s │ bd 4.7928e-02 │ res 1.7253e-01 │ test 6.7366e-01 │ η_eff 7.032e-07
Ep  99/200 │  0.11s │ bd 4.2924e-02 │ res 1.6629e-01 │ test 6.7239e-01 │ η_eff 5.914e-07
Ep 100/200 │  0.12s │ bd 6.3369e-02 │ res 1.7515e-01 │ test 6.7493e-01 │ η_eff 3.895e-07
Ep 101/200 │  0.11s │ bd 6.7923e-02 │ res 2.5177e-01 │ test 6.7123e-01 │ η_eff 3.726e-07
Ep 102/200 │  0.11s │ bd 4.0569e-02 │ res 1.5772e-01 │ test 6.7286e-01 │ η_eff 2.968e-07
Ep 103/200 │  0.11s │ bd 4.4130e-02 │ res 1.4011e-01 │ test 6.7522e-01 │ η_eff 4.097e-07
Ep 104/200 │  0.12s │ bd 4.4186e-02 │ res 1.7530e-01 │ test 6.7419e-01 │ η_eff 3.728e-07
Ep 105/200 │  0.11s │ bd 4.6821e-02 │ res 2.0926e-01 │ test 6.7158e-01 │ η_eff 3.300e-07
Ep 106/200 │  0.11s │ bd 5.0671e-02 │ res 1.6875e-01 │ test 6.7098e-01 │ η_eff 4.649e-07
Ep 107/200 │  0.12s │ bd 5.2071e-02 │ res 1.7220e-01 │ test 6.7212e-01 │ η_eff 3.801e-07
Ep 108/200 │  0.11s │ bd 4.9601e-02 │ res 1.6504e-01 │ test 6.7270e-01 │ η_eff 3.678e-07
Ep 109/200 │  0.12s │ bd 4.4307e-02 │ res 2.2770e-01 │ test 6.7793e-01 │ η_eff 4.129e-07
Ep 110/200 │  0.12s │ bd 5.5834e-02 │ res 1.9969e-01 │ test 6.7660e-01 │ η_eff 1.682e-07
Ep 111/200 │  0.11s │ bd 4.9312e-02 │ res 1.8020e-01 │ test 6.7511e-01 │ η_eff 2.199e-07
Ep 112/200 │  0.11s │ bd 4.7491e-02 │ res 1.8748e-01 │ test 6.7235e-01 │ η_eff 1.919e-07
Ep 113/200 │  0.11s │ bd 5.1231e-02 │ res 1.9845e-01 │ test 6.7435e-01 │ η_eff 1.889e-07
Ep 114/200 │  0.12s │ bd 4.5289e-02 │ res 1.5870e-01 │ test 6.7383e-01 │ η_eff 1.774e-07
Ep 115/200 │  0.13s │ bd 4.9162e-02 │ res 1.7260e-01 │ test 6.7303e-01 │ η_eff 2.014e-07
Ep 116/200 │  0.12s │ bd 5.0999e-02 │ res 1.9513e-01 │ test 6.7395e-01 │ η_eff 1.976e-07
Ep 117/200 │  0.11s │ bd 4.3344e-02 │ res 1.6958e-01 │ test 6.7434e-01 │ η_eff 1.725e-07
Ep 118/200 │  0.13s │ bd 4.2291e-02 │ res 1.4891e-01 │ test 6.7279e-01 │ η_eff 1.816e-07
Ep 119/200 │  0.11s │ bd 4.4817e-02 │ res 1.4959e-01 │ test 6.7261e-01 │ η_eff 2.166e-07
Ep 120/200 │  0.12s │ bd 4.7535e-02 │ res 2.0797e-01 │ test 6.7493e-01 │ η_eff 1.214e-07
Ep 121/200 │  0.11s │ bd 3.8488e-02 │ res 1.3844e-01 │ test 6.7684e-01 │ η_eff 9.931e-08
Ep 122/200 │  0.12s │ bd 3.9788e-02 │ res 1.7515e-01 │ test 6.7575e-01 │ η_eff 9.777e-08
Ep 123/200 │  0.11s │ bd 4.5294e-02 │ res 1.8137e-01 │ test 6.7448e-01 │ η_eff 1.121e-07
Ep 124/200 │  0.11s │ bd 5.0094e-02 │ res 1.6370e-01 │ test 6.7179e-01 │ η_eff 1.248e-07
Ep 125/200 │  0.11s │ bd 5.0299e-02 │ res 1.6926e-01 │ test 6.7646e-01 │ η_eff 1.001e-07
Ep 126/200 │  0.11s │ bd 4.3114e-02 │ res 1.6736e-01 │ test 6.7675e-01 │ η_eff 9.026e-08
Ep 127/200 │  0.11s │ bd 4.3131e-02 │ res 1.5027e-01 │ test 6.7688e-01 │ η_eff 1.452e-07
Ep 128/200 │  0.11s │ bd 5.0798e-02 │ res 1.7834e-01 │ test 6.7530e-01 │ η_eff 1.471e-07
Ep 129/200 │  0.11s │ bd 5.3518e-02 │ res 1.8979e-01 │ test 6.7318e-01 │ η_eff 1.369e-07
Ep 130/200 │  0.12s │ bd 4.6864e-02 │ res 1.8750e-01 │ test 6.7238e-01 │ η_eff 5.281e-08
Ep 131/200 │  0.11s │ bd 4.0761e-02 │ res 1.6056e-01 │ test 6.7535e-01 │ η_eff 5.059e-08
Ep 132/200 │  0.12s │ bd 5.1487e-02 │ res 1.8878e-01 │ test 6.7320e-01 │ η_eff 6.220e-08
Ep 133/200 │  0.12s │ bd 4.3736e-02 │ res 1.6443e-01 │ test 6.7354e-01 │ η_eff 5.540e-08
Ep 134/200 │  0.11s │ bd 3.8683e-02 │ res 1.4878e-01 │ test 6.7393e-01 │ η_eff 5.376e-08
Ep 135/200 │  0.11s │ bd 4.6000e-02 │ res 2.0060e-01 │ test 6.7278e-01 │ η_eff 4.747e-08
Ep 136/200 │  0.12s │ bd 4.2779e-02 │ res 2.0610e-01 │ test 6.7411e-01 │ η_eff 6.159e-08
Ep 137/200 │  0.11s │ bd 4.3684e-02 │ res 1.6340e-01 │ test 6.7878e-01 │ η_eff 5.906e-08
Ep 138/200 │  0.11s │ bd 4.7039e-02 │ res 1.6153e-01 │ test 6.7126e-01 │ η_eff 5.134e-08
Ep 139/200 │  0.12s │ bd 5.4401e-02 │ res 1.7402e-01 │ test 6.7717e-01 │ η_eff 5.554e-08
Ep 140/200 │  0.11s │ bd 4.0606e-02 │ res 1.4657e-01 │ test 6.7659e-01 │ η_eff 2.414e-08
Ep 141/200 │  0.12s │ bd 6.1639e-02 │ res 2.1343e-01 │ test 6.7653e-01 │ η_eff 2.916e-08
Ep 142/200 │  0.12s │ bd 4.2470e-02 │ res 1.5109e-01 │ test 6.7652e-01 │ η_eff 3.232e-08
Ep 143/200 │  0.12s │ bd 4.9294e-02 │ res 1.6861e-01 │ test 6.7398e-01 │ η_eff 2.711e-08
Ep 144/200 │  0.11s │ bd 5.1463e-02 │ res 2.0682e-01 │ test 6.7525e-01 │ η_eff 2.494e-08
Ep 145/200 │  0.11s │ bd 4.3088e-02 │ res 1.4020e-01 │ test 6.7482e-01 │ η_eff 2.684e-08
Ep 146/200 │  0.11s │ bd 4.9107e-02 │ res 1.6458e-01 │ test 6.7389e-01 │ η_eff 2.740e-08
Ep 147/200 │  0.11s │ bd 4.3790e-02 │ res 1.7359e-01 │ test 6.7812e-01 │ η_eff 2.590e-08
Ep 148/200 │  0.12s │ bd 3.4819e-02 │ res 1.3169e-01 │ test 6.7289e-01 │ η_eff 3.376e-08
Ep 149/200 │  0.11s │ bd 3.5049e-02 │ res 1.4621e-01 │ test 6.7441e-01 │ η_eff 3.047e-08
Ep 150/200 │  0.11s │ bd 4.5646e-02 │ res 1.6425e-01 │ test 6.7550e-01 │ η_eff 1.454e-08
Ep 151/200 │  0.12s │ bd 4.6190e-02 │ res 1.7120e-01 │ test 6.7436e-01 │ η_eff 1.508e-08
Ep 152/200 │  0.11s │ bd 3.8565e-02 │ res 1.6062e-01 │ test 6.7062e-01 │ η_eff 1.574e-08
Ep 153/200 │  0.11s │ bd 5.0273e-02 │ res 1.5759e-01 │ test 6.7322e-01 │ η_eff 1.559e-08
Ep 154/200 │  0.12s │ bd 4.3968e-02 │ res 1.4208e-01 │ test 6.7526e-01 │ η_eff 1.224e-08
Ep 155/200 │  0.11s │ bd 4.9702e-02 │ res 2.1683e-01 │ test 6.7611e-01 │ η_eff 1.660e-08
Ep 156/200 │  0.11s │ bd 3.9508e-02 │ res 1.8117e-01 │ test 6.7409e-01 │ η_eff 1.237e-08
Ep 157/200 │  0.12s │ bd 5.3656e-02 │ res 1.8163e-01 │ test 6.7497e-01 │ η_eff 1.432e-08
Ep 158/200 │  0.12s │ bd 4.6690e-02 │ res 1.4950e-01 │ test 6.7523e-01 │ η_eff 1.315e-08
Ep 159/200 │  0.12s │ bd 4.8278e-02 │ res 1.5833e-01 │ test 6.7574e-01 │ η_eff 1.413e-08
Ep 160/200 │  0.11s │ bd 4.5193e-02 │ res 1.4473e-01 │ test 6.7768e-01 │ η_eff 8.785e-09
Ep 161/200 │  0.11s │ bd 4.7050e-02 │ res 1.7081e-01 │ test 6.7957e-01 │ η_eff 7.347e-09
Ep 162/200 │  0.11s │ bd 4.9672e-02 │ res 1.9261e-01 │ test 6.7933e-01 │ η_eff 9.442e-09
Ep 163/200 │  0.11s │ bd 5.2155e-02 │ res 1.8654e-01 │ test 6.7607e-01 │ η_eff 9.354e-09
Ep 164/200 │  0.13s │ bd 4.1520e-02 │ res 1.5795e-01 │ test 6.7464e-01 │ η_eff 8.097e-09
Ep 165/200 │  0.11s │ bd 4.3727e-02 │ res 1.7875e-01 │ test 6.7559e-01 │ η_eff 8.066e-09
Ep 166/200 │  0.11s │ bd 6.0824e-02 │ res 1.9766e-01 │ test 6.7588e-01 │ η_eff 7.452e-09
Ep 167/200 │  0.11s │ bd 4.1486e-02 │ res 1.8479e-01 │ test 6.7733e-01 │ η_eff 8.655e-09
Ep 168/200 │  0.11s │ bd 5.0545e-02 │ res 1.5521e-01 │ test 6.7807e-01 │ η_eff 8.997e-09
Ep 169/200 │  0.11s │ bd 5.4913e-02 │ res 2.0004e-01 │ test 6.7521e-01 │ η_eff 8.339e-09
Ep 170/200 │  0.12s │ bd 4.9982e-02 │ res 1.8406e-01 │ test 6.7538e-01 │ η_eff 3.688e-09
Ep 171/200 │  0.11s │ bd 5.0671e-02 │ res 2.0495e-01 │ test 6.7570e-01 │ η_eff 3.802e-09
Ep 172/200 │  0.11s │ bd 4.9350e-02 │ res 1.8881e-01 │ test 6.7383e-01 │ η_eff 3.419e-09
Ep 173/200 │  0.11s │ bd 4.2242e-02 │ res 1.7544e-01 │ test 6.7339e-01 │ η_eff 3.614e-09
Ep 174/200 │  0.12s │ bd 5.8514e-02 │ res 1.9672e-01 │ test 6.7726e-01 │ η_eff 3.767e-09
Ep 175/200 │  0.11s │ bd 4.7561e-02 │ res 1.4195e-01 │ test 6.7682e-01 │ η_eff 4.825e-09
Ep 176/200 │  0.11s │ bd 4.2016e-02 │ res 1.6592e-01 │ test 6.7089e-01 │ η_eff 3.635e-09
Ep 177/200 │  0.12s │ bd 4.2594e-02 │ res 1.5452e-01 │ test 6.7364e-01 │ η_eff 4.935e-09
Ep 178/200 │  0.12s │ bd 4.5599e-02 │ res 1.8930e-01 │ test 6.7686e-01 │ η_eff 3.676e-09
Ep 179/200 │  0.11s │ bd 5.9501e-02 │ res 2.0545e-01 │ test 6.7357e-01 │ η_eff 4.774e-09
Ep 180/200 │  0.11s │ bd 4.7421e-02 │ res 1.6528e-01 │ test 6.7234e-01 │ η_eff 1.686e-09
Ep 181/200 │  0.12s │ bd 4.9607e-02 │ res 1.9082e-01 │ test 6.7372e-01 │ η_eff 2.083e-09
Ep 182/200 │  0.12s │ bd 4.3575e-02 │ res 1.6667e-01 │ test 6.7086e-01 │ η_eff 1.883e-09
Ep 183/200 │  0.11s │ bd 4.9302e-02 │ res 1.6638e-01 │ test 6.7594e-01 │ η_eff 2.137e-09
Ep 184/200 │  0.11s │ bd 4.5912e-02 │ res 1.8746e-01 │ test 6.6801e-01 │ η_eff 2.155e-09
Ep 185/200 │  0.11s │ bd 3.8822e-02 │ res 1.4542e-01 │ test 6.7167e-01 │ η_eff 1.811e-09
Ep 186/200 │  0.11s │ bd 4.4396e-02 │ res 1.7936e-01 │ test 6.6717e-01 │ η_eff 1.998e-09
Ep 187/200 │  0.11s │ bd 4.2143e-02 │ res 1.3539e-01 │ test 6.7269e-01 │ η_eff 2.019e-09
Ep 188/200 │  0.11s │ bd 4.0243e-02 │ res 1.3967e-01 │ test 6.7282e-01 │ η_eff 1.984e-09
Ep 189/200 │  0.11s │ bd 4.4632e-02 │ res 1.8951e-01 │ test 6.7501e-01 │ η_eff 2.265e-09
Ep 190/200 │  0.12s │ bd 4.6267e-02 │ res 1.6398e-01 │ test 6.6960e-01 │ η_eff 1.056e-09
Ep 191/200 │  0.12s │ bd 4.6014e-02 │ res 1.7052e-01 │ test 6.7139e-01 │ η_eff 9.916e-10
Ep 192/200 │  0.12s │ bd 4.6888e-02 │ res 1.6063e-01 │ test 6.7533e-01 │ η_eff 9.627e-10
Ep 193/200 │  0.12s │ bd 4.6345e-02 │ res 1.7646e-01 │ test 6.7577e-01 │ η_eff 1.047e-09
Ep 194/200 │  0.11s │ bd 4.3604e-02 │ res 1.4480e-01 │ test 6.7308e-01 │ η_eff 1.017e-09
Ep 195/200 │  0.11s │ bd 4.6407e-02 │ res 1.8825e-01 │ test 6.7650e-01 │ η_eff 9.452e-10
Ep 196/200 │  0.11s │ bd 3.9738e-02 │ res 1.6021e-01 │ test 6.6970e-01 │ η_eff 1.037e-09
Ep 197/200 │  0.12s │ bd 4.4184e-02 │ res 1.5162e-01 │ test 6.7313e-01 │ η_eff 1.063e-09
Ep 198/200 │  0.12s │ bd 4.0737e-02 │ res 1.5210e-01 │ test 6.7026e-01 │ η_eff 9.688e-10
Ep 199/200 │  0.11s │ bd 5.1326e-02 │ res 1.6553e-01 │ test 6.7260e-01 │ η_eff 1.094e-09
Ep 200/200 │  0.11s │ bd 3.9480e-02 │ res 1.4869e-01 │ test 6.7457e-01 │ η_eff 5.295e-10
→ Saved: loss/Burger1d_phisfno_ss_90_Adam_ep200_visc0.1_m32_w64_s22/loss_full_loss_1.csv
→ Model saved: model/Burger1d_phisfno_ss_90_Adam_ep200_visc0.1_m32_w64_s22
→ Eta-term history: loss/Burger1d_phisfno_ss_90_Adam_ep200_visc0.1_m32_w64_s22/eta_term_history.csv
  sample 0: test L2 = 8.3985e-01
  sample 1: test L2 = 4.0300e-01
  sample 2: test L2 = 4.2975e-01
  sample 3: test L2 = 7.6625e-01
  sample 4: test L2 = 1.3691e+00
  sample 5: test L2 = 5.3477e-01
  sample 6: test L2 = 5.7734e-01
  sample 7: test L2 = 4.2096e-01
  sample 8: test L2 = 8.3341e-01
  sample 9: test L2 = 5.7126e-01
→ Predictions saved: burger_test_phisfno_ss.mat
→ Figure saved: image/Burger1d_phisfno_ss_90_Adam_ep200_visc0.1_m32_w64_s22/final_velocity.png
