loaded 1D buffers
[train_model] model=phisfno | training=supervised | S=2048 | nu=0.1 | dt=0.1 | modes=32 | width=64
Model parameters: 550,339

=== Phase 'supervised' | epochs 300 ===

Ep   1/300 │  0.36s │ bd 1.3409e+00 │ res 0.0000e+00 │ test 1.7547e+00 │ η_eff 2.463e-03
Ep   2/300 │  0.10s │ bd 7.1496e-01 │ res 0.0000e+00 │ test 1.1420e+00 │ η_eff 1.068e-03
Ep   3/300 │  0.10s │ bd 5.2293e-01 │ res 0.0000e+00 │ test 6.6329e-01 │ η_eff 5.628e-04
Ep   4/300 │  0.10s │ bd 3.0323e-01 │ res 0.0000e+00 │ test 4.6402e-01 │ η_eff 3.391e-04
Ep   5/300 │  0.09s │ bd 2.5046e-01 │ res 0.0000e+00 │ test 3.7611e-01 │ η_eff 2.997e-04
Ep   6/300 │  0.09s │ bd 2.4040e-01 │ res 0.0000e+00 │ test 2.2890e-01 │ η_eff 2.572e-04
Ep   7/300 │  0.10s │ bd 1.8549e-01 │ res 0.0000e+00 │ test 2.8530e-01 │ η_eff 3.083e-04
Ep   8/300 │  0.09s │ bd 2.2449e-01 │ res 0.0000e+00 │ test 1.7052e-01 │ η_eff 3.024e-04
Ep   9/300 │  0.09s │ bd 2.1735e-01 │ res 0.0000e+00 │ test 1.7085e-01 │ η_eff 2.403e-04
Ep  10/300 │  0.10s │ bd 1.7115e-01 │ res 0.0000e+00 │ test 1.3203e-01 │ η_eff 1.202e-04
Ep  11/300 │  0.10s │ bd 1.4230e-01 │ res 0.0000e+00 │ test 1.1353e-01 │ η_eff 1.291e-04
Ep  12/300 │  0.09s │ bd 1.5993e-01 │ res 0.0000e+00 │ test 1.9579e-01 │ η_eff 1.277e-04
Ep  13/300 │  0.10s │ bd 1.2248e-01 │ res 0.0000e+00 │ test 2.0450e-01 │ η_eff 1.359e-04
Ep  14/300 │  0.10s │ bd 1.3507e-01 │ res 0.0000e+00 │ test 1.1304e-01 │ η_eff 1.134e-04
Ep  15/300 │  0.10s │ bd 1.0305e-01 │ res 0.0000e+00 │ test 1.1658e-01 │ η_eff 1.154e-04
Ep  16/300 │  0.10s │ bd 1.3253e-01 │ res 0.0000e+00 │ test 8.1128e-02 │ η_eff 1.380e-04
Ep  17/300 │  0.10s │ bd 1.1185e-01 │ res 0.0000e+00 │ test 6.9736e-02 │ η_eff 1.240e-04
Ep  18/300 │  0.11s │ bd 1.0566e-01 │ res 0.0000e+00 │ test 1.3147e-01 │ η_eff 1.265e-04
Ep  19/300 │  0.09s │ bd 1.0683e-01 │ res 0.0000e+00 │ test 8.4603e-02 │ η_eff 1.151e-04
Ep  20/300 │  0.10s │ bd 9.7350e-02 │ res 0.0000e+00 │ test 7.2115e-02 │ η_eff 6.603e-05
Ep  21/300 │  0.10s │ bd 6.8162e-02 │ res 0.0000e+00 │ test 8.1130e-02 │ η_eff 7.212e-05
Ep  22/300 │  0.10s │ bd 1.0125e-01 │ res 0.0000e+00 │ test 8.4192e-02 │ η_eff 6.003e-05
Ep  23/300 │  0.09s │ bd 1.0917e-01 │ res 0.0000e+00 │ test 6.3543e-02 │ η_eff 6.146e-05
Ep  24/300 │  0.10s │ bd 7.6311e-02 │ res 0.0000e+00 │ test 5.8950e-02 │ η_eff 5.752e-05
Ep  25/300 │  0.10s │ bd 7.6369e-02 │ res 0.0000e+00 │ test 6.6740e-02 │ η_eff 6.830e-05
Ep  26/300 │  0.09s │ bd 7.4459e-02 │ res 0.0000e+00 │ test 6.6939e-02 │ η_eff 6.243e-05
Ep  27/300 │  0.10s │ bd 6.8383e-02 │ res 0.0000e+00 │ test 8.0914e-02 │ η_eff 7.830e-05
Ep  28/300 │  0.09s │ bd 1.0689e-01 │ res 0.0000e+00 │ test 1.0956e-01 │ η_eff 6.360e-05
Ep  29/300 │  0.09s │ bd 7.3515e-02 │ res 0.0000e+00 │ test 7.2100e-02 │ η_eff 6.410e-05
Ep  30/300 │  0.09s │ bd 7.3786e-02 │ res 0.0000e+00 │ test 7.6395e-02 │ η_eff 3.926e-05
Ep  31/300 │  0.10s │ bd 9.6980e-02 │ res 0.0000e+00 │ test 5.4897e-02 │ η_eff 3.418e-05
Ep  32/300 │  0.11s │ bd 4.8668e-02 │ res 0.0000e+00 │ test 5.0808e-02 │ η_eff 4.195e-05
Ep  33/300 │  0.10s │ bd 4.7453e-02 │ res 0.0000e+00 │ test 8.1748e-02 │ η_eff 4.475e-05
Ep  34/300 │  0.10s │ bd 6.6534e-02 │ res 0.0000e+00 │ test 6.0509e-02 │ η_eff 4.236e-05
Ep  35/300 │  0.09s │ bd 8.1704e-02 │ res 0.0000e+00 │ test 6.4472e-02 │ η_eff 3.536e-05
Ep  36/300 │  0.10s │ bd 7.2431e-02 │ res 0.0000e+00 │ test 4.7784e-02 │ η_eff 3.626e-05
Ep  37/300 │  0.09s │ bd 5.5667e-02 │ res 0.0000e+00 │ test 4.5486e-02 │ η_eff 3.998e-05
Ep  38/300 │  0.10s │ bd 6.5297e-02 │ res 0.0000e+00 │ test 5.5962e-02 │ η_eff 5.618e-05
Ep  39/300 │  0.09s │ bd 5.7164e-02 │ res 0.0000e+00 │ test 6.2964e-02 │ η_eff 4.886e-05
Ep  40/300 │  0.09s │ bd 6.9541e-02 │ res 0.0000e+00 │ test 4.7323e-02 │ η_eff 1.779e-05
Ep  41/300 │  0.09s │ bd 4.7586e-02 │ res 0.0000e+00 │ test 4.4742e-02 │ η_eff 2.080e-05
Ep  42/300 │  0.10s │ bd 5.3139e-02 │ res 0.0000e+00 │ test 4.9043e-02 │ η_eff 2.033e-05
Ep  43/300 │  0.09s │ bd 5.4940e-02 │ res 0.0000e+00 │ test 4.0616e-02 │ η_eff 2.071e-05
Ep  44/300 │  0.09s │ bd 5.1078e-02 │ res 0.0000e+00 │ test 3.9716e-02 │ η_eff 2.443e-05
Ep  45/300 │  0.09s │ bd 4.7923e-02 │ res 0.0000e+00 │ test 4.1839e-02 │ η_eff 2.075e-05
Ep  46/300 │  0.10s │ bd 4.0932e-02 │ res 0.0000e+00 │ test 4.3650e-02 │ η_eff 2.266e-05
Ep  47/300 │  0.09s │ bd 5.0208e-02 │ res 0.0000e+00 │ test 4.8568e-02 │ η_eff 2.408e-05
Ep  48/300 │  0.10s │ bd 4.8890e-02 │ res 0.0000e+00 │ test 4.8067e-02 │ η_eff 2.131e-05
Ep  49/300 │  0.09s │ bd 5.2960e-02 │ res 0.0000e+00 │ test 4.7410e-02 │ η_eff 2.886e-05
Ep  50/300 │  0.09s │ bd 5.6367e-02 │ res 0.0000e+00 │ test 4.2549e-02 │ η_eff 1.122e-05
Ep  51/300 │  0.10s │ bd 4.0521e-02 │ res 0.0000e+00 │ test 3.9884e-02 │ η_eff 1.122e-05
Ep  52/300 │  0.09s │ bd 4.3131e-02 │ res 0.0000e+00 │ test 4.1658e-02 │ η_eff 1.184e-05
Ep  53/300 │  0.10s │ bd 3.6738e-02 │ res 0.0000e+00 │ test 3.8225e-02 │ η_eff 1.485e-05
Ep  54/300 │  0.10s │ bd 4.6641e-02 │ res 0.0000e+00 │ test 3.9482e-02 │ η_eff 1.393e-05
Ep  55/300 │  0.11s │ bd 4.7908e-02 │ res 0.0000e+00 │ test 4.5115e-02 │ η_eff 1.554e-05
Ep  56/300 │  0.09s │ bd 3.8564e-02 │ res 0.0000e+00 │ test 3.9474e-02 │ η_eff 1.301e-05
Ep  57/300 │  0.10s │ bd 3.7009e-02 │ res 0.0000e+00 │ test 3.8422e-02 │ η_eff 1.281e-05
Ep  58/300 │  0.09s │ bd 3.6545e-02 │ res 0.0000e+00 │ test 4.1151e-02 │ η_eff 1.278e-05
Ep  59/300 │  0.10s │ bd 3.9096e-02 │ res 0.0000e+00 │ test 3.7748e-02 │ η_eff 1.527e-05
Ep  60/300 │  0.09s │ bd 6.5191e-02 │ res 0.0000e+00 │ test 3.8940e-02 │ η_eff 6.119e-06
Ep  61/300 │  0.10s │ bd 4.3059e-02 │ res 0.0000e+00 │ test 3.7785e-02 │ η_eff 6.923e-06
Ep  62/300 │  0.09s │ bd 4.4260e-02 │ res 0.0000e+00 │ test 4.1148e-02 │ η_eff 6.140e-06
Ep  63/300 │  0.10s │ bd 4.9182e-02 │ res 0.0000e+00 │ test 3.9275e-02 │ η_eff 6.885e-06
Ep  64/300 │  0.09s │ bd 3.8665e-02 │ res 0.0000e+00 │ test 3.8368e-02 │ η_eff 7.159e-06
Ep  65/300 │  0.10s │ bd 3.1922e-02 │ res 0.0000e+00 │ test 3.9315e-02 │ η_eff 7.089e-06
Ep  66/300 │  0.11s │ bd 3.8849e-02 │ res 0.0000e+00 │ test 3.8645e-02 │ η_eff 6.474e-06
Ep  67/300 │  0.09s │ bd 3.6989e-02 │ res 0.0000e+00 │ test 3.8553e-02 │ η_eff 7.222e-06
Ep  68/300 │  0.10s │ bd 4.4368e-02 │ res 0.0000e+00 │ test 3.8899e-02 │ η_eff 6.212e-06
Ep  69/300 │  0.09s │ bd 2.9248e-02 │ res 0.0000e+00 │ test 4.0077e-02 │ η_eff 7.294e-06
Ep  70/300 │  0.09s │ bd 3.6376e-02 │ res 0.0000e+00 │ test 3.8994e-02 │ η_eff 3.545e-06
Ep  71/300 │  0.09s │ bd 4.2412e-02 │ res 0.0000e+00 │ test 4.1311e-02 │ η_eff 3.572e-06
Ep  72/300 │  0.09s │ bd 4.6549e-02 │ res 0.0000e+00 │ test 4.0216e-02 │ η_eff 3.867e-06
Ep  73/300 │  0.10s │ bd 4.1185e-02 │ res 0.0000e+00 │ test 3.7399e-02 │ η_eff 3.933e-06
Ep  74/300 │  0.10s │ bd 4.5348e-02 │ res 0.0000e+00 │ test 3.7950e-02 │ η_eff 3.446e-06
Ep  75/300 │  0.10s │ bd 3.8723e-02 │ res 0.0000e+00 │ test 3.7493e-02 │ η_eff 3.499e-06
Ep  76/300 │  0.11s │ bd 3.6672e-02 │ res 0.0000e+00 │ test 3.7329e-02 │ η_eff 4.147e-06
Ep  77/300 │  0.11s │ bd 3.1497e-02 │ res 0.0000e+00 │ test 3.8434e-02 │ η_eff 4.269e-06
Ep  78/300 │  0.10s │ bd 3.3733e-02 │ res 0.0000e+00 │ test 3.8254e-02 │ η_eff 3.414e-06
Ep  79/300 │  0.11s │ bd 3.3271e-02 │ res 0.0000e+00 │ test 3.7389e-02 │ η_eff 3.329e-06
Ep  80/300 │  0.10s │ bd 4.0892e-02 │ res 0.0000e+00 │ test 3.6986e-02 │ η_eff 1.733e-06
Ep  81/300 │  0.10s │ bd 4.4369e-02 │ res 0.0000e+00 │ test 3.6759e-02 │ η_eff 1.888e-06
Ep  82/300 │  0.10s │ bd 2.7815e-02 │ res 0.0000e+00 │ test 3.7471e-02 │ η_eff 1.853e-06
Ep  83/300 │  0.10s │ bd 3.3535e-02 │ res 0.0000e+00 │ test 3.7427e-02 │ η_eff 2.552e-06
Ep  84/300 │  0.10s │ bd 4.2315e-02 │ res 0.0000e+00 │ test 3.8054e-02 │ η_eff 2.141e-06
Ep  85/300 │  0.10s │ bd 2.7450e-02 │ res 0.0000e+00 │ test 3.7603e-02 │ η_eff 2.310e-06
Ep  86/300 │  0.11s │ bd 3.6252e-02 │ res 0.0000e+00 │ test 3.7389e-02 │ η_eff 1.946e-06
Ep  87/300 │  0.10s │ bd 4.7278e-02 │ res 0.0000e+00 │ test 3.7309e-02 │ η_eff 2.006e-06
Ep  88/300 │  0.10s │ bd 3.3063e-02 │ res 0.0000e+00 │ test 3.7505e-02 │ η_eff 2.199e-06
Ep  89/300 │  0.10s │ bd 3.5933e-02 │ res 0.0000e+00 │ test 3.7606e-02 │ η_eff 1.850e-06
Ep  90/300 │  0.10s │ bd 3.8144e-02 │ res 0.0000e+00 │ test 3.8377e-02 │ η_eff 9.863e-07
Ep  91/300 │  0.10s │ bd 3.4620e-02 │ res 0.0000e+00 │ test 3.8032e-02 │ η_eff 9.660e-07
Ep  92/300 │  0.10s │ bd 3.1186e-02 │ res 0.0000e+00 │ test 3.8251e-02 │ η_eff 9.227e-07
Ep  93/300 │  0.09s │ bd 4.8106e-02 │ res 0.0000e+00 │ test 4.0109e-02 │ η_eff 1.085e-06
Ep  94/300 │  0.09s │ bd 4.9739e-02 │ res 0.0000e+00 │ test 3.8651e-02 │ η_eff 1.078e-06
Ep  95/300 │  0.10s │ bd 2.4801e-02 │ res 0.0000e+00 │ test 3.7761e-02 │ η_eff 9.783e-07
Ep  96/300 │  0.10s │ bd 2.9162e-02 │ res 0.0000e+00 │ test 3.7321e-02 │ η_eff 1.079e-06
Ep  97/300 │  0.10s │ bd 3.3180e-02 │ res 0.0000e+00 │ test 3.7453e-02 │ η_eff 1.090e-06
Ep  98/300 │  0.10s │ bd 3.9062e-02 │ res 0.0000e+00 │ test 3.7902e-02 │ η_eff 9.095e-07
Ep  99/300 │  0.10s │ bd 4.4545e-02 │ res 0.0000e+00 │ test 3.8466e-02 │ η_eff 9.839e-07
Ep 100/300 │  0.10s │ bd 4.1496e-02 │ res 0.0000e+00 │ test 3.8652e-02 │ η_eff 5.483e-07
Ep 101/300 │  0.11s │ bd 5.0532e-02 │ res 0.0000e+00 │ test 3.9753e-02 │ η_eff 6.070e-07
Ep 102/300 │  0.10s │ bd 3.5889e-02 │ res 0.0000e+00 │ test 3.8990e-02 │ η_eff 5.292e-07
Ep 103/300 │  0.10s │ bd 4.3034e-02 │ res 0.0000e+00 │ test 3.7876e-02 │ η_eff 5.950e-07
Ep 104/300 │  0.10s │ bd 3.5800e-02 │ res 0.0000e+00 │ test 3.7979e-02 │ η_eff 6.009e-07
Ep 105/300 │  0.11s │ bd 3.4353e-02 │ res 0.0000e+00 │ test 3.7898e-02 │ η_eff 5.196e-07
Ep 106/300 │  0.09s │ bd 3.6848e-02 │ res 0.0000e+00 │ test 3.7787e-02 │ η_eff 5.441e-07
Ep 107/300 │  0.10s │ bd 3.9290e-02 │ res 0.0000e+00 │ test 3.8370e-02 │ η_eff 5.311e-07
Ep 108/300 │  0.10s │ bd 3.7773e-02 │ res 0.0000e+00 │ test 3.7908e-02 │ η_eff 5.784e-07
Ep 109/300 │  0.09s │ bd 3.3548e-02 │ res 0.0000e+00 │ test 3.7878e-02 │ η_eff 5.757e-07
Ep 110/300 │  0.10s │ bd 3.8302e-02 │ res 0.0000e+00 │ test 3.7971e-02 │ η_eff 2.545e-07
Ep 111/300 │  0.11s │ bd 3.2342e-02 │ res 0.0000e+00 │ test 3.7576e-02 │ η_eff 2.890e-07
Ep 112/300 │  0.09s │ bd 3.0857e-02 │ res 0.0000e+00 │ test 3.7570e-02 │ η_eff 2.858e-07
Ep 113/300 │  0.10s │ bd 3.3417e-02 │ res 0.0000e+00 │ test 3.7525e-02 │ η_eff 3.016e-07
Ep 114/300 │  0.10s │ bd 4.6934e-02 │ res 0.0000e+00 │ test 3.8460e-02 │ η_eff 3.259e-07
Ep 115/300 │  0.11s │ bd 2.9449e-02 │ res 0.0000e+00 │ test 3.8154e-02 │ η_eff 2.704e-07
Ep 116/300 │  0.12s │ bd 3.2963e-02 │ res 0.0000e+00 │ test 3.7545e-02 │ η_eff 3.233e-07
Ep 117/300 │  0.10s │ bd 3.5093e-02 │ res 0.0000e+00 │ test 3.7729e-02 │ η_eff 3.014e-07
Ep 118/300 │  0.10s │ bd 3.5980e-02 │ res 0.0000e+00 │ test 3.7499e-02 │ η_eff 3.041e-07
Ep 119/300 │  0.10s │ bd 3.4492e-02 │ res 0.0000e+00 │ test 3.7950e-02 │ η_eff 2.896e-07
Ep 120/300 │  0.10s │ bd 3.5874e-02 │ res 0.0000e+00 │ test 3.7779e-02 │ η_eff 1.307e-07
Ep 121/300 │  0.10s │ bd 3.5666e-02 │ res 0.0000e+00 │ test 3.7624e-02 │ η_eff 1.504e-07
Ep 122/300 │  0.10s │ bd 3.5071e-02 │ res 0.0000e+00 │ test 3.7664e-02 │ η_eff 1.390e-07
Ep 123/300 │  0.10s │ bd 3.0171e-02 │ res 0.0000e+00 │ test 3.7790e-02 │ η_eff 1.739e-07
Ep 124/300 │  0.11s │ bd 3.7432e-02 │ res 0.0000e+00 │ test 3.7830e-02 │ η_eff 1.906e-07
Ep 125/300 │  0.10s │ bd 2.7535e-02 │ res 0.0000e+00 │ test 3.7608e-02 │ η_eff 1.486e-07
Ep 126/300 │  0.10s │ bd 2.9247e-02 │ res 0.0000e+00 │ test 3.7727e-02 │ η_eff 1.626e-07
Ep 127/300 │  0.10s │ bd 3.9757e-02 │ res 0.0000e+00 │ test 3.7842e-02 │ η_eff 1.610e-07
Ep 128/300 │  0.10s │ bd 3.5938e-02 │ res 0.0000e+00 │ test 3.7591e-02 │ η_eff 1.747e-07
Ep 129/300 │  0.10s │ bd 3.7993e-02 │ res 0.0000e+00 │ test 3.7925e-02 │ η_eff 1.564e-07
Ep 130/300 │  0.10s │ bd 3.3610e-02 │ res 0.0000e+00 │ test 3.7599e-02 │ η_eff 7.957e-08
Ep 131/300 │  0.10s │ bd 3.8998e-02 │ res 0.0000e+00 │ test 3.8160e-02 │ η_eff 1.000e-07
Ep 132/300 │  0.10s │ bd 5.1066e-02 │ res 0.0000e+00 │ test 3.9047e-02 │ η_eff 9.633e-08
Ep 133/300 │  0.10s │ bd 3.1806e-02 │ res 0.0000e+00 │ test 3.7819e-02 │ η_eff 8.045e-08
Ep 134/300 │  0.10s │ bd 4.1965e-02 │ res 0.0000e+00 │ test 3.7640e-02 │ η_eff 8.675e-08
Ep 135/300 │  0.10s │ bd 3.0453e-02 │ res 0.0000e+00 │ test 3.7588e-02 │ η_eff 1.028e-07
Ep 136/300 │  0.10s │ bd 2.5599e-02 │ res 0.0000e+00 │ test 3.7552e-02 │ η_eff 8.018e-08
Ep 137/300 │  0.10s │ bd 3.5014e-02 │ res 0.0000e+00 │ test 3.7985e-02 │ η_eff 8.457e-08
Ep 138/300 │  0.10s │ bd 2.6981e-02 │ res 0.0000e+00 │ test 3.7511e-02 │ η_eff 7.699e-08
Ep 139/300 │  0.10s │ bd 3.2180e-02 │ res 0.0000e+00 │ test 3.7510e-02 │ η_eff 8.297e-08
Ep 140/300 │  0.10s │ bd 3.3251e-02 │ res 0.0000e+00 │ test 3.7512e-02 │ η_eff 3.915e-08
Ep 141/300 │  0.11s │ bd 3.8275e-02 │ res 0.0000e+00 │ test 3.7650e-02 │ η_eff 3.623e-08
Ep 142/300 │  0.10s │ bd 3.4805e-02 │ res 0.0000e+00 │ test 3.7761e-02 │ η_eff 4.332e-08
Ep 143/300 │  0.10s │ bd 3.8736e-02 │ res 0.0000e+00 │ test 3.7619e-02 │ η_eff 4.026e-08
Ep 144/300 │  0.10s │ bd 3.1618e-02 │ res 0.0000e+00 │ test 3.7749e-02 │ η_eff 4.264e-08
Ep 145/300 │  0.09s │ bd 4.6358e-02 │ res 0.0000e+00 │ test 3.7887e-02 │ η_eff 3.937e-08
Ep 146/300 │  0.09s │ bd 4.2431e-02 │ res 0.0000e+00 │ test 3.7483e-02 │ η_eff 4.730e-08
Ep 147/300 │  0.11s │ bd 2.9870e-02 │ res 0.0000e+00 │ test 3.7508e-02 │ η_eff 4.814e-08
Ep 148/300 │  0.10s │ bd 3.9081e-02 │ res 0.0000e+00 │ test 3.7561e-02 │ η_eff 4.700e-08
Ep 149/300 │  0.10s │ bd 3.3499e-02 │ res 0.0000e+00 │ test 3.7587e-02 │ η_eff 3.978e-08
Ep 150/300 │  0.10s │ bd 4.5065e-02 │ res 0.0000e+00 │ test 3.7853e-02 │ η_eff 2.294e-08
Ep 151/300 │  0.10s │ bd 3.7541e-02 │ res 0.0000e+00 │ test 3.7646e-02 │ η_eff 2.016e-08
Ep 152/300 │  0.09s │ bd 3.5954e-02 │ res 0.0000e+00 │ test 3.7715e-02 │ η_eff 2.010e-08
Ep 153/300 │  0.09s │ bd 3.4477e-02 │ res 0.0000e+00 │ test 3.7769e-02 │ η_eff 2.509e-08
Ep 154/300 │  0.10s │ bd 3.5956e-02 │ res 0.0000e+00 │ test 3.7783e-02 │ η_eff 2.201e-08
Ep 155/300 │  0.10s │ bd 4.0869e-02 │ res 0.0000e+00 │ test 3.7777e-02 │ η_eff 2.285e-08
Ep 156/300 │  0.10s │ bd 3.8921e-02 │ res 0.0000e+00 │ test 3.7713e-02 │ η_eff 2.045e-08
Ep 157/300 │  0.10s │ bd 3.9022e-02 │ res 0.0000e+00 │ test 3.7546e-02 │ η_eff 2.106e-08
Ep 158/300 │  0.10s │ bd 3.0601e-02 │ res 0.0000e+00 │ test 3.7530e-02 │ η_eff 2.200e-08
Ep 159/300 │  0.10s │ bd 3.6557e-02 │ res 0.0000e+00 │ test 3.7600e-02 │ η_eff 2.060e-08
Ep 160/300 │  0.10s │ bd 4.0564e-02 │ res 0.0000e+00 │ test 3.8227e-02 │ η_eff 1.301e-08
Ep 161/300 │  0.10s │ bd 3.9160e-02 │ res 0.0000e+00 │ test 3.7958e-02 │ η_eff 1.493e-08
Ep 162/300 │  0.10s │ bd 4.1951e-02 │ res 0.0000e+00 │ test 3.7568e-02 │ η_eff 1.051e-08
Ep 163/300 │  0.10s │ bd 3.5480e-02 │ res 0.0000e+00 │ test 3.7606e-02 │ η_eff 9.829e-09
Ep 164/300 │  0.11s │ bd 3.5990e-02 │ res 0.0000e+00 │ test 3.7791e-02 │ η_eff 1.197e-08
Ep 165/300 │  0.10s │ bd 2.9798e-02 │ res 0.0000e+00 │ test 3.7975e-02 │ η_eff 1.081e-08
Ep 166/300 │  0.10s │ bd 3.6522e-02 │ res 0.0000e+00 │ test 3.7708e-02 │ η_eff 1.007e-08
Ep 167/300 │  0.11s │ bd 3.3767e-02 │ res 0.0000e+00 │ test 3.7630e-02 │ η_eff 1.097e-08
Ep 168/300 │  0.10s │ bd 3.0816e-02 │ res 0.0000e+00 │ test 3.7678e-02 │ η_eff 1.206e-08
Ep 169/300 │  0.09s │ bd 3.8250e-02 │ res 0.0000e+00 │ test 3.7862e-02 │ η_eff 1.264e-08
Ep 170/300 │  0.10s │ bd 3.8560e-02 │ res 0.0000e+00 │ test 3.7930e-02 │ η_eff 5.312e-09
Ep 171/300 │  0.11s │ bd 3.5198e-02 │ res 0.0000e+00 │ test 3.7655e-02 │ η_eff 5.842e-09
Ep 172/300 │  0.09s │ bd 3.8671e-02 │ res 0.0000e+00 │ test 3.7691e-02 │ η_eff 5.702e-09
Ep 173/300 │  0.10s │ bd 3.5597e-02 │ res 0.0000e+00 │ test 3.7617e-02 │ η_eff 5.940e-09
Ep 174/300 │  0.10s │ bd 3.6101e-02 │ res 0.0000e+00 │ test 3.7874e-02 │ η_eff 6.886e-09
Ep 175/300 │  0.10s │ bd 3.9292e-02 │ res 0.0000e+00 │ test 3.7777e-02 │ η_eff 6.160e-09
Ep 176/300 │  0.09s │ bd 3.0957e-02 │ res 0.0000e+00 │ test 3.7637e-02 │ η_eff 5.593e-09
Ep 177/300 │  0.10s │ bd 4.4743e-02 │ res 0.0000e+00 │ test 3.8045e-02 │ η_eff 5.679e-09
Ep 178/300 │  0.10s │ bd 4.6378e-02 │ res 0.0000e+00 │ test 3.7863e-02 │ η_eff 6.200e-09
Ep 179/300 │  0.10s │ bd 3.3454e-02 │ res 0.0000e+00 │ test 3.7860e-02 │ η_eff 5.804e-09
Ep 180/300 │  0.10s │ bd 3.6596e-02 │ res 0.0000e+00 │ test 3.7656e-02 │ η_eff 2.941e-09
Ep 181/300 │  0.10s │ bd 4.6808e-02 │ res 0.0000e+00 │ test 3.7709e-02 │ η_eff 3.022e-09
Ep 182/300 │  0.10s │ bd 3.0993e-02 │ res 0.0000e+00 │ test 3.7502e-02 │ η_eff 3.655e-09
Ep 183/300 │  0.10s │ bd 3.4617e-02 │ res 0.0000e+00 │ test 3.7618e-02 │ η_eff 2.809e-09
Ep 184/300 │  0.10s │ bd 3.8286e-02 │ res 0.0000e+00 │ test 3.7696e-02 │ η_eff 3.152e-09
Ep 185/300 │  0.11s │ bd 3.9066e-02 │ res 0.0000e+00 │ test 3.7806e-02 │ η_eff 3.588e-09
Ep 186/300 │  0.10s │ bd 2.4548e-02 │ res 0.0000e+00 │ test 3.7501e-02 │ η_eff 3.068e-09
Ep 187/300 │  0.11s │ bd 3.9691e-02 │ res 0.0000e+00 │ test 3.7937e-02 │ η_eff 2.809e-09
Ep 188/300 │  0.10s │ bd 3.7357e-02 │ res 0.0000e+00 │ test 3.7989e-02 │ η_eff 3.196e-09
Ep 189/300 │  0.11s │ bd 3.5177e-02 │ res 0.0000e+00 │ test 3.7712e-02 │ η_eff 2.846e-09
Ep 190/300 │  0.10s │ bd 5.8180e-02 │ res 0.0000e+00 │ test 3.7993e-02 │ η_eff 1.613e-09
Ep 191/300 │  0.12s │ bd 3.6201e-02 │ res 0.0000e+00 │ test 3.7795e-02 │ η_eff 1.728e-09
Ep 192/300 │  0.10s │ bd 3.6327e-02 │ res 0.0000e+00 │ test 3.8233e-02 │ η_eff 1.704e-09
Ep 193/300 │  0.10s │ bd 2.6487e-02 │ res 0.0000e+00 │ test 3.7598e-02 │ η_eff 1.677e-09
Ep 194/300 │  0.10s │ bd 2.9746e-02 │ res 0.0000e+00 │ test 3.7590e-02 │ η_eff 1.628e-09
Ep 195/300 │  0.10s │ bd 2.8460e-02 │ res 0.0000e+00 │ test 3.7595e-02 │ η_eff 1.579e-09
Ep 196/300 │  0.10s │ bd 3.4283e-02 │ res 0.0000e+00 │ test 3.7643e-02 │ η_eff 1.672e-09
Ep 197/300 │  0.10s │ bd 3.5852e-02 │ res 0.0000e+00 │ test 3.7615e-02 │ η_eff 1.446e-09
Ep 198/300 │  0.10s │ bd 3.4839e-02 │ res 0.0000e+00 │ test 3.7775e-02 │ η_eff 1.511e-09
Ep 199/300 │  0.10s │ bd 4.5798e-02 │ res 0.0000e+00 │ test 3.7677e-02 │ η_eff 1.871e-09
Ep 200/300 │  0.10s │ bd 3.2199e-02 │ res 0.0000e+00 │ test 3.7813e-02 │ η_eff 8.588e-10
Ep 201/300 │  0.10s │ bd 2.9351e-02 │ res 0.0000e+00 │ test 3.7847e-02 │ η_eff 8.472e-10
Ep 202/300 │  0.10s │ bd 2.9414e-02 │ res 0.0000e+00 │ test 3.7670e-02 │ η_eff 9.547e-10
Ep 203/300 │  0.11s │ bd 3.2780e-02 │ res 0.0000e+00 │ test 3.7657e-02 │ η_eff 8.560e-10
Ep 204/300 │  0.10s │ bd 2.8573e-02 │ res 0.0000e+00 │ test 3.7529e-02 │ η_eff 8.583e-10
Ep 205/300 │  0.10s │ bd 3.6299e-02 │ res 0.0000e+00 │ test 3.7555e-02 │ η_eff 9.845e-10
Ep 206/300 │  0.10s │ bd 3.9189e-02 │ res 0.0000e+00 │ test 3.7558e-02 │ η_eff 9.136e-10
Ep 207/300 │  0.10s │ bd 3.4267e-02 │ res 0.0000e+00 │ test 3.7954e-02 │ η_eff 8.442e-10
Ep 208/300 │  0.11s │ bd 3.2133e-02 │ res 0.0000e+00 │ test 3.7676e-02 │ η_eff 8.700e-10
Ep 209/300 │  0.10s │ bd 4.5765e-02 │ res 0.0000e+00 │ test 3.7541e-02 │ η_eff 8.536e-10
Ep 210/300 │  0.10s │ bd 3.7311e-02 │ res 0.0000e+00 │ test 3.8172e-02 │ η_eff 4.247e-10
Ep 211/300 │  0.10s │ bd 3.1806e-02 │ res 0.0000e+00 │ test 3.7905e-02 │ η_eff 4.326e-10
Ep 212/300 │  0.10s │ bd 4.0080e-02 │ res 0.0000e+00 │ test 3.7551e-02 │ η_eff 4.255e-10
Ep 213/300 │  0.10s │ bd 4.1093e-02 │ res 0.0000e+00 │ test 3.7659e-02 │ η_eff 4.232e-10
Ep 214/300 │  0.09s │ bd 4.6237e-02 │ res 0.0000e+00 │ test 3.8259e-02 │ η_eff 5.402e-10
Ep 215/300 │  0.10s │ bd 2.7256e-02 │ res 0.0000e+00 │ test 3.7778e-02 │ η_eff 3.884e-10
Ep 216/300 │  0.10s │ bd 3.4303e-02 │ res 0.0000e+00 │ test 3.7564e-02 │ η_eff 4.108e-10
Ep 217/300 │  0.11s │ bd 3.7641e-02 │ res 0.0000e+00 │ test 3.7619e-02 │ η_eff 4.370e-10
Ep 218/300 │  0.10s │ bd 4.2387e-02 │ res 0.0000e+00 │ test 3.7663e-02 │ η_eff 4.082e-10
Ep 219/300 │  0.10s │ bd 4.3675e-02 │ res 0.0000e+00 │ test 3.8101e-02 │ η_eff 4.561e-10
Ep 220/300 │  0.10s │ bd 2.8842e-02 │ res 0.0000e+00 │ test 3.7990e-02 │ η_eff 2.154e-10
Ep 221/300 │  0.10s │ bd 4.8062e-02 │ res 0.0000e+00 │ test 3.7831e-02 │ η_eff 2.144e-10
Ep 222/300 │  0.10s │ bd 3.7578e-02 │ res 0.0000e+00 │ test 3.7597e-02 │ η_eff 2.199e-10
Ep 223/300 │  0.10s │ bd 3.7616e-02 │ res 0.0000e+00 │ test 3.7709e-02 │ η_eff 2.379e-10
Ep 224/300 │  0.10s │ bd 3.5016e-02 │ res 0.0000e+00 │ test 3.7708e-02 │ η_eff 2.182e-10
Ep 225/300 │  0.11s │ bd 2.8886e-02 │ res 0.0000e+00 │ test 3.7604e-02 │ η_eff 2.175e-10
Ep 226/300 │  0.10s │ bd 3.0025e-02 │ res 0.0000e+00 │ test 3.7779e-02 │ η_eff 2.389e-10
Ep 227/300 │  0.10s │ bd 3.1842e-02 │ res 0.0000e+00 │ test 3.7753e-02 │ η_eff 2.067e-10
Ep 228/300 │  0.10s │ bd 3.0285e-02 │ res 0.0000e+00 │ test 3.7576e-02 │ η_eff 2.178e-10
Ep 229/300 │  0.10s │ bd 3.0892e-02 │ res 0.0000e+00 │ test 3.7488e-02 │ η_eff 2.272e-10
Ep 230/300 │  0.11s │ bd 3.4392e-02 │ res 0.0000e+00 │ test 3.7824e-02 │ η_eff 1.045e-10
Ep 231/300 │  0.10s │ bd 2.7406e-02 │ res 0.0000e+00 │ test 3.7547e-02 │ η_eff 1.069e-10
Ep 232/300 │  0.10s │ bd 2.8872e-02 │ res 0.0000e+00 │ test 3.7600e-02 │ η_eff 1.081e-10
Ep 233/300 │  0.10s │ bd 4.2422e-02 │ res 0.0000e+00 │ test 3.7539e-02 │ η_eff 1.103e-10
Ep 234/300 │  0.10s │ bd 3.2555e-02 │ res 0.0000e+00 │ test 3.7477e-02 │ η_eff 1.247e-10
Ep 235/300 │  0.11s │ bd 4.3032e-02 │ res 0.0000e+00 │ test 3.7843e-02 │ η_eff 1.353e-10
Ep 236/300 │  0.10s │ bd 4.0182e-02 │ res 0.0000e+00 │ test 3.8102e-02 │ η_eff 1.306e-10
Ep 237/300 │  0.10s │ bd 3.1554e-02 │ res 0.0000e+00 │ test 3.7673e-02 │ η_eff 1.281e-10
Ep 238/300 │  0.10s │ bd 3.2429e-02 │ res 0.0000e+00 │ test 3.7689e-02 │ η_eff 1.126e-10
Ep 239/300 │  0.11s │ bd 3.9946e-02 │ res 0.0000e+00 │ test 3.7691e-02 │ η_eff 1.168e-10
Ep 240/300 │  0.10s │ bd 3.7131e-02 │ res 0.0000e+00 │ test 3.7692e-02 │ η_eff 6.034e-11
Ep 241/300 │  0.10s │ bd 4.8157e-02 │ res 0.0000e+00 │ test 3.7726e-02 │ η_eff 6.054e-11
Ep 242/300 │  0.10s │ bd 4.5358e-02 │ res 0.0000e+00 │ test 3.7604e-02 │ η_eff 5.521e-11
Ep 243/300 │  0.11s │ bd 4.1611e-02 │ res 0.0000e+00 │ test 3.7619e-02 │ η_eff 6.378e-11
Ep 244/300 │  0.10s │ bd 4.8412e-02 │ res 0.0000e+00 │ test 3.7708e-02 │ η_eff 7.322e-11
Ep 245/300 │  0.10s │ bd 3.4755e-02 │ res 0.0000e+00 │ test 3.7685e-02 │ η_eff 6.061e-11
Ep 246/300 │  0.10s │ bd 4.2654e-02 │ res 0.0000e+00 │ test 3.8295e-02 │ η_eff 6.536e-11
Ep 247/300 │  0.10s │ bd 3.9650e-02 │ res 0.0000e+00 │ test 3.7822e-02 │ η_eff 5.975e-11
Ep 248/300 │  0.10s │ bd 4.0297e-02 │ res 0.0000e+00 │ test 3.7685e-02 │ η_eff 5.847e-11
Ep 249/300 │  0.10s │ bd 2.8382e-02 │ res 0.0000e+00 │ test 3.7657e-02 │ η_eff 5.547e-11
Ep 250/300 │  0.11s │ bd 3.3188e-02 │ res 0.0000e+00 │ test 3.7562e-02 │ η_eff 2.780e-11
Ep 251/300 │  0.10s │ bd 3.0816e-02 │ res 0.0000e+00 │ test 3.7718e-02 │ η_eff 3.208e-11
Ep 252/300 │  0.10s │ bd 3.2339e-02 │ res 0.0000e+00 │ test 3.7685e-02 │ η_eff 2.873e-11
Ep 253/300 │  0.10s │ bd 3.3859e-02 │ res 0.0000e+00 │ test 3.7833e-02 │ η_eff 3.099e-11
Ep 254/300 │  0.10s │ bd 2.9051e-02 │ res 0.0000e+00 │ test 3.7532e-02 │ η_eff 3.464e-11
Ep 255/300 │  0.10s │ bd 2.5711e-02 │ res 0.0000e+00 │ test 3.7492e-02 │ η_eff 3.749e-11
Ep 256/300 │  0.10s │ bd 4.0845e-02 │ res 0.0000e+00 │ test 3.7602e-02 │ η_eff 2.896e-11
Ep 257/300 │  0.10s │ bd 4.2127e-02 │ res 0.0000e+00 │ test 3.8008e-02 │ η_eff 3.195e-11
Ep 258/300 │  0.11s │ bd 3.7856e-02 │ res 0.0000e+00 │ test 3.7630e-02 │ η_eff 2.985e-11
Ep 259/300 │  0.10s │ bd 4.3301e-02 │ res 0.0000e+00 │ test 3.7559e-02 │ η_eff 3.312e-11
Ep 260/300 │  0.10s │ bd 4.5569e-02 │ res 0.0000e+00 │ test 3.7957e-02 │ η_eff 1.564e-11
Ep 261/300 │  0.11s │ bd 3.4272e-02 │ res 0.0000e+00 │ test 3.8112e-02 │ η_eff 1.416e-11
Ep 262/300 │  0.10s │ bd 2.9692e-02 │ res 0.0000e+00 │ test 3.7675e-02 │ η_eff 1.481e-11
Ep 263/300 │  0.11s │ bd 4.0624e-02 │ res 0.0000e+00 │ test 3.7987e-02 │ η_eff 1.730e-11
Ep 264/300 │  0.10s │ bd 3.8778e-02 │ res 0.0000e+00 │ test 3.7651e-02 │ η_eff 1.620e-11
Ep 265/300 │  0.10s │ bd 4.8426e-02 │ res 0.0000e+00 │ test 3.7695e-02 │ η_eff 1.734e-11
Ep 266/300 │  0.10s │ bd 3.5376e-02 │ res 0.0000e+00 │ test 3.7870e-02 │ η_eff 1.630e-11
Ep 267/300 │  0.10s │ bd 2.7008e-02 │ res 0.0000e+00 │ test 3.7640e-02 │ η_eff 1.586e-11
Ep 268/300 │  0.10s │ bd 2.7354e-02 │ res 0.0000e+00 │ test 3.7787e-02 │ η_eff 1.398e-11
Ep 269/300 │  0.10s │ bd 3.4715e-02 │ res 0.0000e+00 │ test 3.7872e-02 │ η_eff 1.467e-11
Ep 270/300 │  0.10s │ bd 3.3195e-02 │ res 0.0000e+00 │ test 3.7651e-02 │ η_eff 8.222e-12
Ep 271/300 │  0.10s │ bd 3.4493e-02 │ res 0.0000e+00 │ test 3.7682e-02 │ η_eff 8.526e-12
Ep 272/300 │  0.10s │ bd 3.4792e-02 │ res 0.0000e+00 │ test 3.8241e-02 │ η_eff 8.097e-12
Ep 273/300 │  0.10s │ bd 3.7455e-02 │ res 0.0000e+00 │ test 3.7605e-02 │ η_eff 8.140e-12
Ep 274/300 │  0.10s │ bd 2.9991e-02 │ res 0.0000e+00 │ test 3.7576e-02 │ η_eff 7.952e-12
Ep 275/300 │  0.10s │ bd 3.3398e-02 │ res 0.0000e+00 │ test 3.7638e-02 │ η_eff 7.687e-12
Ep 276/300 │  0.10s │ bd 4.4587e-02 │ res 0.0000e+00 │ test 3.7816e-02 │ η_eff 8.441e-12
Ep 277/300 │  0.10s │ bd 4.8184e-02 │ res 0.0000e+00 │ test 3.7617e-02 │ η_eff 8.810e-12
Ep 278/300 │  0.10s │ bd 4.4726e-02 │ res 0.0000e+00 │ test 3.7607e-02 │ η_eff 8.765e-12
Ep 279/300 │  0.10s │ bd 2.6457e-02 │ res 0.0000e+00 │ test 3.7655e-02 │ η_eff 8.589e-12
Ep 280/300 │  0.10s │ bd 2.4772e-02 │ res 0.0000e+00 │ test 3.7474e-02 │ η_eff 4.498e-12
Ep 281/300 │  0.10s │ bd 3.0105e-02 │ res 0.0000e+00 │ test 3.7668e-02 │ η_eff 4.171e-12
Ep 282/300 │  0.10s │ bd 4.0780e-02 │ res 0.0000e+00 │ test 3.7931e-02 │ η_eff 4.448e-12
Ep 283/300 │  0.10s │ bd 3.9066e-02 │ res 0.0000e+00 │ test 3.7582e-02 │ η_eff 4.419e-12
Ep 284/300 │  0.11s │ bd 4.6125e-02 │ res 0.0000e+00 │ test 3.7568e-02 │ η_eff 4.191e-12
Ep 285/300 │  0.10s │ bd 2.5815e-02 │ res 0.0000e+00 │ test 3.7592e-02 │ η_eff 4.375e-12
Ep 286/300 │  0.10s │ bd 4.0045e-02 │ res 0.0000e+00 │ test 3.7737e-02 │ η_eff 4.173e-12
Ep 287/300 │  0.11s │ bd 3.8190e-02 │ res 0.0000e+00 │ test 3.7515e-02 │ η_eff 4.066e-12
Ep 288/300 │  0.10s │ bd 3.9292e-02 │ res 0.0000e+00 │ test 3.7715e-02 │ η_eff 4.509e-12
Ep 289/300 │  0.10s │ bd 3.0012e-02 │ res 0.0000e+00 │ test 3.7485e-02 │ η_eff 4.665e-12
Ep 290/300 │  0.10s │ bd 3.0646e-02 │ res 0.0000e+00 │ test 3.7644e-02 │ η_eff 1.897e-12
Ep 291/300 │  0.10s │ bd 3.9010e-02 │ res 0.0000e+00 │ test 3.7552e-02 │ η_eff 2.018e-12
Ep 292/300 │  0.11s │ bd 3.8373e-02 │ res 0.0000e+00 │ test 3.7517e-02 │ η_eff 1.977e-12
Ep 293/300 │  0.10s │ bd 4.7705e-02 │ res 0.0000e+00 │ test 3.8126e-02 │ η_eff 2.121e-12
Ep 294/300 │  0.11s │ bd 4.5270e-02 │ res 0.0000e+00 │ test 3.8833e-02 │ η_eff 2.383e-12
Ep 295/300 │  0.10s │ bd 3.8964e-02 │ res 0.0000e+00 │ test 3.8630e-02 │ η_eff 2.616e-12
Ep 296/300 │  0.11s │ bd 3.9292e-02 │ res 0.0000e+00 │ test 3.8195e-02 │ η_eff 2.118e-12
Ep 297/300 │  0.10s │ bd 2.5569e-02 │ res 0.0000e+00 │ test 3.7656e-02 │ η_eff 2.056e-12
Ep 298/300 │  0.11s │ bd 3.4711e-02 │ res 0.0000e+00 │ test 3.7612e-02 │ η_eff 2.105e-12
Ep 299/300 │  0.11s │ bd 5.5104e-02 │ res 0.0000e+00 │ test 3.7837e-02 │ η_eff 2.111e-12
Ep 300/300 │  0.10s │ bd 4.5697e-02 │ res 0.0000e+00 │ test 3.7487e-02 │ η_eff 1.149e-12
→ Saved: loss/Burger1d_phisfno_sup_90_Adam_ep300_visc0.1_m32_w64_s33/loss_supervised.csv
→ Model saved: model/Burger1d_phisfno_sup_90_Adam_ep300_visc0.1_m32_w64_s33
→ Eta-term history: loss/Burger1d_phisfno_sup_90_Adam_ep300_visc0.1_m32_w64_s33/eta_term_history.csv
  sample 0: test L2 = 3.4586e-02
  sample 1: test L2 = 1.5215e-02
  sample 2: test L2 = 4.0853e-02
  sample 3: test L2 = 4.9735e-02
  sample 4: test L2 = 8.6142e-02
  sample 5: test L2 = 3.7225e-02
  sample 6: test L2 = 2.7881e-02
  sample 7: test L2 = 1.6873e-02
  sample 8: test L2 = 2.7075e-02
  sample 9: test L2 = 3.9243e-02
→ Predictions saved: burger_test_phisfno_sup.mat
→ Figure saved: image/Burger1d_phisfno_sup_90_Adam_ep300_visc0.1_m32_w64_s33/final_velocity.png
