loaded 1D buffers
[train_model] model=phisfno | training=singlestage | S=2048 | nu=0.1 | dt=0.1 | modes=32 | width=64
Model parameters: 550,339

=== Phase 'full_loss_1' | epochs 200 ===

Ep   1/200 │  0.45s │ bd 3.7039e+00 │ res 4.4006e+01 │ test 3.5239e+00 │ η_eff 2.454e-03
Ep   2/200 │  0.12s │ bd 1.3377e+00 │ res 2.7281e+01 │ test 1.8979e+00 │ η_eff 1.026e-03
Ep   3/200 │  0.11s │ bd 8.9291e-01 │ res 1.4537e+01 │ test 1.1586e+00 │ η_eff 5.946e-04
Ep   4/200 │  0.12s │ bd 8.1809e-01 │ res 6.4165e+00 │ test 1.0801e+00 │ η_eff 3.437e-04
Ep   5/200 │  0.11s │ bd 6.0542e-01 │ res 3.8335e+00 │ test 9.2134e-01 │ η_eff 2.086e-04
Ep   6/200 │  0.11s │ bd 4.3004e-01 │ res 3.7311e+00 │ test 8.8168e-01 │ η_eff 1.726e-04
Ep   7/200 │  0.11s │ bd 3.1562e-01 │ res 2.0377e+00 │ test 8.0062e-01 │ η_eff 1.305e-04
Ep   8/200 │  0.12s │ bd 4.2921e-01 │ res 2.3490e+00 │ test 9.0401e-01 │ η_eff 1.676e-04
Ep   9/200 │  0.11s │ bd 3.9687e-01 │ res 1.8392e+00 │ test 8.6663e-01 │ η_eff 1.398e-04
Ep  10/200 │  0.11s │ bd 2.9553e-01 │ res 1.7244e+00 │ test 8.9255e-01 │ η_eff 6.884e-05
Ep  11/200 │  0.11s │ bd 2.5736e-01 │ res 1.1241e+00 │ test 8.0707e-01 │ η_eff 6.725e-05
Ep  12/200 │  0.11s │ bd 2.1824e-01 │ res 1.1548e+00 │ test 8.1129e-01 │ η_eff 6.945e-05
Ep  13/200 │  0.11s │ bd 2.1723e-01 │ res 8.2032e-01 │ test 7.9013e-01 │ η_eff 6.247e-05
Ep  14/200 │  0.10s │ bd 1.8171e-01 │ res 6.5351e-01 │ test 7.5800e-01 │ η_eff 6.411e-05
Ep  15/200 │  0.11s │ bd 2.3535e-01 │ res 6.8117e-01 │ test 7.3702e-01 │ η_eff 9.565e-05
Ep  16/200 │  0.11s │ bd 3.6171e-01 │ res 7.2149e-01 │ test 7.2447e-01 │ η_eff 7.654e-05
Ep  17/200 │  0.11s │ bd 2.7224e-01 │ res 6.9790e-01 │ test 7.6491e-01 │ η_eff 8.304e-05
Ep  18/200 │  0.12s │ bd 2.2266e-01 │ res 7.7175e-01 │ test 6.6678e-01 │ η_eff 8.025e-05
Ep  19/200 │  0.12s │ bd 3.9143e-01 │ res 6.8417e-01 │ test 6.3630e-01 │ η_eff 9.426e-05
Ep  20/200 │  0.11s │ bd 2.2714e-01 │ res 7.8340e-01 │ test 6.9900e-01 │ η_eff 3.954e-05
Ep  21/200 │  0.11s │ bd 2.3020e-01 │ res 6.8096e-01 │ test 6.0945e-01 │ η_eff 4.872e-05
Ep  22/200 │  0.10s │ bd 1.5013e-01 │ res 5.1317e-01 │ test 6.7423e-01 │ η_eff 4.870e-05
Ep  23/200 │  0.11s │ bd 1.4557e-01 │ res 4.6241e-01 │ test 6.4506e-01 │ η_eff 3.385e-05
Ep  24/200 │  0.12s │ bd 1.4423e-01 │ res 3.8885e-01 │ test 6.5534e-01 │ η_eff 4.157e-05
Ep  25/200 │  0.11s │ bd 1.8463e-01 │ res 4.5208e-01 │ test 6.2145e-01 │ η_eff 5.725e-05
Ep  26/200 │  0.11s │ bd 1.5342e-01 │ res 3.1419e-01 │ test 5.9524e-01 │ η_eff 5.006e-05
Ep  27/200 │  0.11s │ bd 1.3260e-01 │ res 3.9657e-01 │ test 6.0690e-01 │ η_eff 5.075e-05
Ep  28/200 │  0.11s │ bd 1.7521e-01 │ res 3.8201e-01 │ test 6.1141e-01 │ η_eff 5.435e-05
Ep  29/200 │  0.11s │ bd 1.3109e-01 │ res 3.2397e-01 │ test 5.7093e-01 │ η_eff 3.818e-05
Ep  30/200 │  0.11s │ bd 1.4085e-01 │ res 3.6195e-01 │ test 5.6723e-01 │ η_eff 2.581e-05
Ep  31/200 │  0.11s │ bd 9.6357e-02 │ res 2.3623e-01 │ test 5.5020e-01 │ η_eff 1.976e-05
Ep  32/200 │  0.11s │ bd 8.6690e-02 │ res 2.4669e-01 │ test 5.4835e-01 │ η_eff 2.569e-05
Ep  33/200 │  0.11s │ bd 9.4137e-02 │ res 2.4314e-01 │ test 5.4150e-01 │ η_eff 2.691e-05
Ep  34/200 │  0.11s │ bd 8.8928e-02 │ res 2.6352e-01 │ test 5.4931e-01 │ η_eff 2.607e-05
Ep  35/200 │  0.11s │ bd 8.0679e-02 │ res 2.2871e-01 │ test 5.3073e-01 │ η_eff 2.543e-05
Ep  36/200 │  0.11s │ bd 6.6867e-02 │ res 2.3596e-01 │ test 5.4034e-01 │ η_eff 3.254e-05
Ep  37/200 │  0.11s │ bd 9.9842e-02 │ res 2.3828e-01 │ test 5.1409e-01 │ η_eff 2.618e-05
Ep  38/200 │  0.11s │ bd 7.7733e-02 │ res 2.2383e-01 │ test 5.2415e-01 │ η_eff 2.648e-05
Ep  39/200 │  0.11s │ bd 7.0151e-02 │ res 2.0081e-01 │ test 5.2592e-01 │ η_eff 2.672e-05
Ep  40/200 │  0.11s │ bd 7.1508e-02 │ res 2.4497e-01 │ test 5.2525e-01 │ η_eff 1.256e-05
Ep  41/200 │  0.12s │ bd 9.5347e-02 │ res 2.9657e-01 │ test 5.2150e-01 │ η_eff 1.533e-05
Ep  42/200 │  0.13s │ bd 5.9197e-02 │ res 1.7931e-01 │ test 5.1097e-01 │ η_eff 1.572e-05
Ep  43/200 │  0.12s │ bd 6.4789e-02 │ res 1.9972e-01 │ test 5.2598e-01 │ η_eff 1.527e-05
Ep  44/200 │  0.12s │ bd 8.1293e-02 │ res 2.2256e-01 │ test 5.1481e-01 │ η_eff 1.929e-05
Ep  45/200 │  0.11s │ bd 7.1243e-02 │ res 2.2747e-01 │ test 5.1254e-01 │ η_eff 1.474e-05
Ep  46/200 │  0.11s │ bd 6.6816e-02 │ res 1.7146e-01 │ test 5.0027e-01 │ η_eff 1.578e-05
Ep  47/200 │  0.12s │ bd 5.5135e-02 │ res 2.2938e-01 │ test 4.9678e-01 │ η_eff 1.697e-05
Ep  48/200 │  0.11s │ bd 7.0452e-02 │ res 1.6592e-01 │ test 4.9207e-01 │ η_eff 2.130e-05
Ep  49/200 │  0.12s │ bd 7.1205e-02 │ res 2.0844e-01 │ test 5.0100e-01 │ η_eff 2.344e-05
Ep  50/200 │  0.11s │ bd 6.0060e-02 │ res 1.8263e-01 │ test 5.0777e-01 │ η_eff 7.208e-06
Ep  51/200 │  0.11s │ bd 5.8817e-02 │ res 1.9908e-01 │ test 5.0309e-01 │ η_eff 8.053e-06
Ep  52/200 │  0.11s │ bd 5.1913e-02 │ res 1.7179e-01 │ test 4.9651e-01 │ η_eff 7.607e-06
Ep  53/200 │  0.11s │ bd 6.0781e-02 │ res 1.8856e-01 │ test 5.0629e-01 │ η_eff 8.305e-06
Ep  54/200 │  0.11s │ bd 6.0427e-02 │ res 1.8772e-01 │ test 4.9752e-01 │ η_eff 9.554e-06
Ep  55/200 │  0.11s │ bd 5.1549e-02 │ res 1.4593e-01 │ test 4.9517e-01 │ η_eff 8.649e-06
Ep  56/200 │  0.11s │ bd 6.2635e-02 │ res 1.9222e-01 │ test 5.0251e-01 │ η_eff 8.405e-06
Ep  57/200 │  0.11s │ bd 6.8873e-02 │ res 2.3109e-01 │ test 4.9792e-01 │ η_eff 8.032e-06
Ep  58/200 │  0.12s │ bd 4.3913e-02 │ res 1.4338e-01 │ test 4.9374e-01 │ η_eff 9.381e-06
Ep  59/200 │  0.11s │ bd 4.4932e-02 │ res 1.7907e-01 │ test 4.9554e-01 │ η_eff 1.075e-05
Ep  60/200 │  0.11s │ bd 5.7182e-02 │ res 1.9895e-01 │ test 4.8911e-01 │ η_eff 4.981e-06
Ep  61/200 │  0.13s │ bd 4.6287e-02 │ res 1.5472e-01 │ test 4.9062e-01 │ η_eff 4.504e-06
Ep  62/200 │  0.11s │ bd 5.2789e-02 │ res 1.7038e-01 │ test 4.8790e-01 │ η_eff 5.838e-06
Ep  63/200 │  0.11s │ bd 4.6790e-02 │ res 1.5230e-01 │ test 4.8532e-01 │ η_eff 3.941e-06
Ep  64/200 │  0.11s │ bd 4.7334e-02 │ res 1.8602e-01 │ test 4.8524e-01 │ η_eff 4.979e-06
Ep  65/200 │  0.12s │ bd 4.3531e-02 │ res 1.6134e-01 │ test 4.8172e-01 │ η_eff 4.656e-06
Ep  66/200 │  0.11s │ bd 4.7770e-02 │ res 1.7521e-01 │ test 4.7910e-01 │ η_eff 4.513e-06
Ep  67/200 │  0.11s │ bd 5.0070e-02 │ res 2.0088e-01 │ test 4.7953e-01 │ η_eff 4.926e-06
Ep  68/200 │  0.11s │ bd 4.2509e-02 │ res 1.5073e-01 │ test 4.8140e-01 │ η_eff 4.794e-06
Ep  69/200 │  0.12s │ bd 4.9908e-02 │ res 1.9518e-01 │ test 4.8165e-01 │ η_eff 4.518e-06
Ep  70/200 │  0.11s │ bd 5.0993e-02 │ res 1.6290e-01 │ test 4.8026e-01 │ η_eff 2.132e-06
Ep  71/200 │  0.11s │ bd 4.4217e-02 │ res 1.7115e-01 │ test 4.8008e-01 │ η_eff 2.750e-06
Ep  72/200 │  0.11s │ bd 4.7615e-02 │ res 1.8981e-01 │ test 4.8005e-01 │ η_eff 2.927e-06
Ep  73/200 │  0.12s │ bd 4.6619e-02 │ res 2.0341e-01 │ test 4.8294e-01 │ η_eff 2.806e-06
Ep  74/200 │  0.11s │ bd 6.4597e-02 │ res 2.2036e-01 │ test 4.8323e-01 │ η_eff 2.556e-06
Ep  75/200 │  0.11s │ bd 4.2073e-02 │ res 1.3776e-01 │ test 4.8121e-01 │ η_eff 2.605e-06
Ep  76/200 │  0.11s │ bd 5.3367e-02 │ res 2.0154e-01 │ test 4.7781e-01 │ η_eff 3.415e-06
Ep  77/200 │  0.11s │ bd 4.3428e-02 │ res 1.7028e-01 │ test 4.7592e-01 │ η_eff 2.464e-06
Ep  78/200 │  0.12s │ bd 5.3158e-02 │ res 1.9742e-01 │ test 4.7692e-01 │ η_eff 2.543e-06
Ep  79/200 │  0.12s │ bd 4.1274e-02 │ res 1.7835e-01 │ test 4.7920e-01 │ η_eff 2.449e-06
Ep  80/200 │  0.11s │ bd 3.6671e-02 │ res 1.4546e-01 │ test 4.7585e-01 │ η_eff 1.181e-06
Ep  81/200 │  0.11s │ bd 3.7056e-02 │ res 1.5253e-01 │ test 4.7663e-01 │ η_eff 1.134e-06
Ep  82/200 │  0.12s │ bd 5.2428e-02 │ res 2.2657e-01 │ test 4.7733e-01 │ η_eff 1.860e-06
Ep  83/200 │  0.12s │ bd 3.6182e-02 │ res 1.4874e-01 │ test 4.7811e-01 │ η_eff 1.708e-06
Ep  84/200 │  0.11s │ bd 4.1808e-02 │ res 1.7165e-01 │ test 4.7675e-01 │ η_eff 1.309e-06
Ep  85/200 │  0.11s │ bd 3.6072e-02 │ res 1.6595e-01 │ test 4.7808e-01 │ η_eff 1.382e-06
Ep  86/200 │  0.12s │ bd 4.1020e-02 │ res 1.6089e-01 │ test 4.7808e-01 │ η_eff 1.774e-06
Ep  87/200 │  0.11s │ bd 3.9178e-02 │ res 1.5945e-01 │ test 4.7901e-01 │ η_eff 1.613e-06
Ep  88/200 │  0.11s │ bd 3.6496e-02 │ res 1.8219e-01 │ test 4.7867e-01 │ η_eff 1.592e-06
Ep  89/200 │  0.11s │ bd 5.1293e-02 │ res 1.8512e-01 │ test 4.7967e-01 │ η_eff 1.528e-06
Ep  90/200 │  0.11s │ bd 3.6754e-02 │ res 1.5530e-01 │ test 4.7868e-01 │ η_eff 7.652e-07
Ep  91/200 │  0.11s │ bd 3.4566e-02 │ res 1.3283e-01 │ test 4.7706e-01 │ η_eff 7.079e-07
Ep  92/200 │  0.12s │ bd 3.5757e-02 │ res 1.5939e-01 │ test 4.7807e-01 │ η_eff 7.035e-07
Ep  93/200 │  0.11s │ bd 5.1402e-02 │ res 1.8641e-01 │ test 4.7662e-01 │ η_eff 7.406e-07
Ep  94/200 │  0.11s │ bd 3.8836e-02 │ res 1.5757e-01 │ test 4.7618e-01 │ η_eff 9.139e-07
Ep  95/200 │  0.11s │ bd 3.6406e-02 │ res 1.7779e-01 │ test 4.7725e-01 │ η_eff 7.936e-07
Ep  96/200 │  0.12s │ bd 3.8215e-02 │ res 1.6050e-01 │ test 4.7574e-01 │ η_eff 7.092e-07
Ep  97/200 │  0.11s │ bd 4.7258e-02 │ res 1.8776e-01 │ test 4.7610e-01 │ η_eff 7.701e-07
Ep  98/200 │  0.11s │ bd 4.4274e-02 │ res 1.9225e-01 │ test 4.7876e-01 │ η_eff 8.029e-07
Ep  99/200 │  0.11s │ bd 4.1223e-02 │ res 1.6829e-01 │ test 4.7739e-01 │ η_eff 1.141e-06
Ep 100/200 │  0.12s │ bd 5.2659e-02 │ res 1.9806e-01 │ test 4.8109e-01 │ η_eff 4.464e-07
Ep 101/200 │  0.11s │ bd 4.2935e-02 │ res 1.7749e-01 │ test 4.7953e-01 │ η_eff 4.430e-07
Ep 102/200 │  0.11s │ bd 4.5418e-02 │ res 1.5917e-01 │ test 4.7738e-01 │ η_eff 5.808e-07
Ep 103/200 │  0.11s │ bd 4.3004e-02 │ res 1.8281e-01 │ test 4.7816e-01 │ η_eff 3.995e-07
Ep 104/200 │  0.11s │ bd 3.9674e-02 │ res 1.6784e-01 │ test 4.7899e-01 │ η_eff 3.159e-07
Ep 105/200 │  0.11s │ bd 4.3757e-02 │ res 1.8573e-01 │ test 4.8015e-01 │ η_eff 4.283e-07
Ep 106/200 │  0.11s │ bd 3.5467e-02 │ res 1.4540e-01 │ test 4.7645e-01 │ η_eff 3.850e-07
Ep 107/200 │  0.12s │ bd 4.6875e-02 │ res 2.1425e-01 │ test 4.7947e-01 │ η_eff 4.572e-07
Ep 108/200 │  0.11s │ bd 3.8238e-02 │ res 1.8334e-01 │ test 4.7801e-01 │ η_eff 4.283e-07
Ep 109/200 │  0.11s │ bd 3.7951e-02 │ res 1.5768e-01 │ test 4.7942e-01 │ η_eff 3.466e-07
Ep 110/200 │  0.11s │ bd 4.1876e-02 │ res 1.7170e-01 │ test 4.7932e-01 │ η_eff 2.256e-07
Ep 111/200 │  0.11s │ bd 4.0660e-02 │ res 1.5812e-01 │ test 4.7617e-01 │ η_eff 2.186e-07
Ep 112/200 │  0.11s │ bd 3.3868e-02 │ res 1.3076e-01 │ test 4.7701e-01 │ η_eff 2.220e-07
Ep 113/200 │  0.12s │ bd 3.9258e-02 │ res 1.5883e-01 │ test 4.7719e-01 │ η_eff 2.139e-07
Ep 114/200 │  0.12s │ bd 4.6938e-02 │ res 1.8351e-01 │ test 4.7549e-01 │ η_eff 1.936e-07
Ep 115/200 │  0.12s │ bd 4.3674e-02 │ res 1.7052e-01 │ test 4.7792e-01 │ η_eff 2.430e-07
Ep 116/200 │  0.12s │ bd 4.1430e-02 │ res 1.6073e-01 │ test 4.7716e-01 │ η_eff 1.583e-07
Ep 117/200 │  0.13s │ bd 3.8397e-02 │ res 1.4256e-01 │ test 4.7653e-01 │ η_eff 1.796e-07
Ep 118/200 │  0.11s │ bd 3.6468e-02 │ res 1.5568e-01 │ test 4.7524e-01 │ η_eff 2.164e-07
Ep 119/200 │  0.12s │ bd 3.9927e-02 │ res 1.5554e-01 │ test 4.7505e-01 │ η_eff 2.669e-07
Ep 120/200 │  0.11s │ bd 3.9571e-02 │ res 1.8881e-01 │ test 4.7622e-01 │ η_eff 1.005e-07
Ep 121/200 │  0.11s │ bd 3.9992e-02 │ res 1.4130e-01 │ test 4.7661e-01 │ η_eff 1.216e-07
Ep 122/200 │  0.12s │ bd 3.6827e-02 │ res 1.5161e-01 │ test 4.7637e-01 │ η_eff 1.167e-07
Ep 123/200 │  0.11s │ bd 4.4902e-02 │ res 1.8724e-01 │ test 4.7521e-01 │ η_eff 1.197e-07
Ep 124/200 │  0.11s │ bd 3.5802e-02 │ res 1.4513e-01 │ test 4.7554e-01 │ η_eff 1.161e-07
Ep 125/200 │  0.11s │ bd 4.3358e-02 │ res 1.6308e-01 │ test 4.7711e-01 │ η_eff 1.162e-07
Ep 126/200 │  0.11s │ bd 4.5481e-02 │ res 1.8286e-01 │ test 4.7740e-01 │ η_eff 1.050e-07
Ep 127/200 │  0.12s │ bd 4.0885e-02 │ res 1.5458e-01 │ test 4.7742e-01 │ η_eff 1.336e-07
Ep 128/200 │  0.11s │ bd 4.4420e-02 │ res 1.7881e-01 │ test 4.7982e-01 │ η_eff 1.149e-07
Ep 129/200 │  0.11s │ bd 3.5445e-02 │ res 1.5743e-01 │ test 4.7769e-01 │ η_eff 1.059e-07
Ep 130/200 │  0.11s │ bd 4.9024e-02 │ res 1.9287e-01 │ test 4.7939e-01 │ η_eff 6.916e-08
Ep 131/200 │  0.11s │ bd 4.5157e-02 │ res 1.8618e-01 │ test 4.7835e-01 │ η_eff 5.574e-08
Ep 132/200 │  0.11s │ bd 4.5065e-02 │ res 1.5457e-01 │ test 4.7768e-01 │ η_eff 5.627e-08
Ep 133/200 │  0.11s │ bd 4.2356e-02 │ res 1.6810e-01 │ test 4.7699e-01 │ η_eff 6.526e-08
Ep 134/200 │  0.11s │ bd 3.3966e-02 │ res 1.4013e-01 │ test 4.7651e-01 │ η_eff 6.463e-08
Ep 135/200 │  0.12s │ bd 4.4522e-02 │ res 1.8844e-01 │ test 4.7734e-01 │ η_eff 7.090e-08
Ep 136/200 │  0.11s │ bd 4.8396e-02 │ res 1.8015e-01 │ test 4.7571e-01 │ η_eff 7.255e-08
Ep 137/200 │  0.11s │ bd 3.5307e-02 │ res 1.6284e-01 │ test 4.7642e-01 │ η_eff 6.814e-08
Ep 138/200 │  0.11s │ bd 3.7605e-02 │ res 1.4391e-01 │ test 4.7590e-01 │ η_eff 5.794e-08
Ep 139/200 │  0.12s │ bd 4.5891e-02 │ res 1.8321e-01 │ test 4.8020e-01 │ η_eff 6.340e-08
Ep 140/200 │  0.11s │ bd 3.6634e-02 │ res 1.4623e-01 │ test 4.7962e-01 │ η_eff 2.913e-08
Ep 141/200 │  0.12s │ bd 3.8914e-02 │ res 1.6470e-01 │ test 4.7744e-01 │ η_eff 2.669e-08
Ep 142/200 │  0.11s │ bd 4.1469e-02 │ res 1.9983e-01 │ test 4.7629e-01 │ η_eff 3.166e-08
Ep 143/200 │  0.11s │ bd 3.5800e-02 │ res 1.5288e-01 │ test 4.7567e-01 │ η_eff 3.153e-08
Ep 144/200 │  0.11s │ bd 3.8351e-02 │ res 1.6614e-01 │ test 4.7460e-01 │ η_eff 3.078e-08
Ep 145/200 │  0.12s │ bd 3.1573e-02 │ res 1.3383e-01 │ test 4.7567e-01 │ η_eff 2.578e-08
Ep 146/200 │  0.11s │ bd 4.4698e-02 │ res 1.6487e-01 │ test 4.7912e-01 │ η_eff 3.110e-08
Ep 147/200 │  0.11s │ bd 4.3889e-02 │ res 1.6593e-01 │ test 4.7831e-01 │ η_eff 3.273e-08
Ep 148/200 │  0.11s │ bd 4.3968e-02 │ res 1.6713e-01 │ test 4.7599e-01 │ η_eff 3.619e-08
Ep 149/200 │  0.12s │ bd 3.2977e-02 │ res 1.3142e-01 │ test 4.7660e-01 │ η_eff 3.076e-08
Ep 150/200 │  0.11s │ bd 3.9741e-02 │ res 1.6895e-01 │ test 4.7619e-01 │ η_eff 1.461e-08
Ep 151/200 │  0.11s │ bd 3.3395e-02 │ res 1.4330e-01 │ test 4.7665e-01 │ η_eff 1.229e-08
Ep 152/200 │  0.11s │ bd 3.4713e-02 │ res 1.5117e-01 │ test 4.7836e-01 │ η_eff 1.959e-08
Ep 153/200 │  0.12s │ bd 4.5622e-02 │ res 1.6980e-01 │ test 4.7701e-01 │ η_eff 1.958e-08
Ep 154/200 │  0.12s │ bd 4.2375e-02 │ res 1.6383e-01 │ test 4.7695e-01 │ η_eff 1.679e-08
Ep 155/200 │  0.11s │ bd 4.5059e-02 │ res 1.9785e-01 │ test 4.7478e-01 │ η_eff 1.507e-08
Ep 156/200 │  0.11s │ bd 3.5479e-02 │ res 1.4673e-01 │ test 4.7609e-01 │ η_eff 1.518e-08
Ep 157/200 │  0.12s │ bd 3.8225e-02 │ res 1.5645e-01 │ test 4.7456e-01 │ η_eff 1.933e-08
Ep 158/200 │  0.11s │ bd 3.5509e-02 │ res 1.5657e-01 │ test 4.7835e-01 │ η_eff 1.734e-08
Ep 159/200 │  0.11s │ bd 4.9045e-02 │ res 2.1029e-01 │ test 4.7852e-01 │ η_eff 1.846e-08
Ep 160/200 │  0.11s │ bd 4.2441e-02 │ res 1.6751e-01 │ test 4.7803e-01 │ η_eff 8.415e-09
Ep 161/200 │  0.12s │ bd 4.6640e-02 │ res 2.1782e-01 │ test 4.7720e-01 │ η_eff 8.636e-09
Ep 162/200 │  0.12s │ bd 4.0726e-02 │ res 1.5761e-01 │ test 4.7715e-01 │ η_eff 8.323e-09
Ep 163/200 │  0.11s │ bd 4.8988e-02 │ res 1.7215e-01 │ test 4.7594e-01 │ η_eff 1.054e-08
Ep 164/200 │  0.12s │ bd 3.6871e-02 │ res 1.6209e-01 │ test 4.7655e-01 │ η_eff 7.454e-09
Ep 165/200 │  0.11s │ bd 3.8635e-02 │ res 1.4695e-01 │ test 4.7962e-01 │ η_eff 7.728e-09
Ep 166/200 │  0.11s │ bd 4.7428e-02 │ res 1.8104e-01 │ test 4.7859e-01 │ η_eff 8.395e-09
Ep 167/200 │  0.11s │ bd 5.7995e-02 │ res 2.6268e-01 │ test 4.7998e-01 │ η_eff 1.057e-08
Ep 168/200 │  0.12s │ bd 4.6152e-02 │ res 1.8780e-01 │ test 4.7657e-01 │ η_eff 8.608e-09
Ep 169/200 │  0.11s │ bd 3.1537e-02 │ res 1.3333e-01 │ test 4.7660e-01 │ η_eff 8.149e-09
Ep 170/200 │  0.11s │ bd 4.5696e-02 │ res 2.0410e-01 │ test 4.7650e-01 │ η_eff 3.924e-09
Ep 171/200 │  0.13s │ bd 3.9655e-02 │ res 1.8293e-01 │ test 4.7734e-01 │ η_eff 4.082e-09
Ep 172/200 │  0.11s │ bd 3.9676e-02 │ res 1.8226e-01 │ test 4.7673e-01 │ η_eff 4.356e-09
Ep 173/200 │  0.12s │ bd 3.2961e-02 │ res 1.7110e-01 │ test 4.7808e-01 │ η_eff 4.161e-09
Ep 174/200 │  0.11s │ bd 3.8981e-02 │ res 1.5952e-01 │ test 4.7877e-01 │ η_eff 4.215e-09
Ep 175/200 │  0.11s │ bd 4.6267e-02 │ res 1.8400e-01 │ test 4.8007e-01 │ η_eff 4.837e-09
Ep 176/200 │  0.11s │ bd 3.9136e-02 │ res 1.7720e-01 │ test 4.7545e-01 │ η_eff 4.833e-09
Ep 177/200 │  0.12s │ bd 3.7061e-02 │ res 1.8477e-01 │ test 4.7628e-01 │ η_eff 5.016e-09
Ep 178/200 │  0.11s │ bd 5.2030e-02 │ res 2.1396e-01 │ test 4.7659e-01 │ η_eff 4.295e-09
Ep 179/200 │  0.11s │ bd 4.7645e-02 │ res 1.7556e-01 │ test 4.7625e-01 │ η_eff 4.326e-09
Ep 180/200 │  0.12s │ bd 3.5162e-02 │ res 1.5833e-01 │ test 4.7486e-01 │ η_eff 2.177e-09
Ep 181/200 │  0.11s │ bd 4.8043e-02 │ res 1.8587e-01 │ test 4.7681e-01 │ η_eff 1.850e-09
Ep 182/200 │  0.11s │ bd 3.3835e-02 │ res 1.4756e-01 │ test 4.7694e-01 │ η_eff 2.189e-09
Ep 183/200 │  0.11s │ bd 3.4325e-02 │ res 1.4290e-01 │ test 4.7692e-01 │ η_eff 2.440e-09
Ep 184/200 │  0.11s │ bd 3.9957e-02 │ res 1.4350e-01 │ test 4.7622e-01 │ η_eff 2.059e-09
Ep 185/200 │  0.12s │ bd 5.2659e-02 │ res 2.3450e-01 │ test 4.7829e-01 │ η_eff 2.123e-09
Ep 186/200 │  0.11s │ bd 3.8751e-02 │ res 1.6164e-01 │ test 4.7810e-01 │ η_eff 2.351e-09
Ep 187/200 │  0.11s │ bd 4.8418e-02 │ res 2.4365e-01 │ test 4.7932e-01 │ η_eff 2.361e-09
Ep 188/200 │  0.12s │ bd 4.2678e-02 │ res 1.8153e-01 │ test 4.7993e-01 │ η_eff 2.068e-09
Ep 189/200 │  0.13s │ bd 3.7284e-02 │ res 1.6301e-01 │ test 4.7848e-01 │ η_eff 2.362e-09
Ep 190/200 │  0.11s │ bd 3.8770e-02 │ res 1.6484e-01 │ test 4.7776e-01 │ η_eff 1.111e-09
Ep 191/200 │  0.11s │ bd 3.3178e-02 │ res 1.5953e-01 │ test 4.7799e-01 │ η_eff 1.088e-09
Ep 192/200 │  0.11s │ bd 3.8881e-02 │ res 1.6562e-01 │ test 4.7896e-01 │ η_eff 1.101e-09
Ep 193/200 │  0.11s │ bd 4.2955e-02 │ res 1.5546e-01 │ test 4.7757e-01 │ η_eff 1.272e-09
Ep 194/200 │  0.12s │ bd 4.3764e-02 │ res 2.0646e-01 │ test 4.7732e-01 │ η_eff 1.485e-09
Ep 195/200 │  0.11s │ bd 3.4278e-02 │ res 1.3822e-01 │ test 4.7757e-01 │ η_eff 1.290e-09
Ep 196/200 │  0.11s │ bd 4.1076e-02 │ res 1.7308e-01 │ test 4.7728e-01 │ η_eff 1.348e-09
Ep 197/200 │  0.11s │ bd 3.5807e-02 │ res 1.6326e-01 │ test 4.7769e-01 │ η_eff 1.309e-09
Ep 198/200 │  0.12s │ bd 3.7082e-02 │ res 1.7200e-01 │ test 4.7792e-01 │ η_eff 1.091e-09
Ep 199/200 │  0.13s │ bd 4.4428e-02 │ res 1.8825e-01 │ test 4.7795e-01 │ η_eff 1.232e-09
Ep 200/200 │  0.11s │ bd 3.5155e-02 │ res 1.6549e-01 │ test 4.7733e-01 │ η_eff 5.560e-10
→ Saved: loss/Burger1d_phisfno_ss_90_Adam_ep200_visc0.1_m32_w64/loss_full_loss_1.csv
→ Model saved: model/Burger1d_phisfno_ss_90_Adam_ep200_visc0.1_m32_w64
→ Eta-term history: loss/Burger1d_phisfno_ss_90_Adam_ep200_visc0.1_m32_w64/eta_term_history.csv
  sample 0: test L2 = 4.7950e-01
  sample 1: test L2 = 5.5493e-01
  sample 2: test L2 = 3.9826e-01
  sample 3: test L2 = 3.6558e-01
  sample 4: test L2 = 8.2052e-01
  sample 5: test L2 = 3.3965e-01
  sample 6: test L2 = 4.4436e-01
  sample 7: test L2 = 5.0868e-01
  sample 8: test L2 = 2.9796e-01
  sample 9: test L2 = 5.6391e-01
→ Predictions saved: burger_test_phisfno_ss.mat
→ Figure saved: image/Burger1d_phisfno_ss_90_Adam_ep200_visc0.1_m32_w64/final_velocity.png
