loaded 1D buffers
[train_model] model=phisfno | training=multistage | S=2048 | nu=0.1 | dt=0.1 | modes=32 | width=64
Model parameters: 550,339

=== Phase 'full_loss_1' | epochs 100 ===

Ep   1/100 │  0.46s │ bd 5.3913e+00 │ res 4.5593e+01 │ test 5.3388e+00 │ η_eff 2.380e-03
Ep   2/100 │  0.11s │ bd 1.9279e+00 │ res 2.4815e+01 │ test 1.2788e+00 │ η_eff 1.013e-03
Ep   3/100 │  0.11s │ bd 9.6305e-01 │ res 1.6913e+01 │ test 9.5937e-01 │ η_eff 5.203e-04
Ep   4/100 │  0.12s │ bd 6.1928e-01 │ res 8.6442e+00 │ test 4.8239e-01 │ η_eff 3.250e-04
Ep   5/100 │  0.11s │ bd 5.6269e-01 │ res 4.9239e+00 │ test 5.4005e-01 │ η_eff 2.257e-04
Ep   6/100 │  0.11s │ bd 8.1401e-01 │ res 3.1442e+00 │ test 6.4825e-01 │ η_eff 1.759e-04
Ep   7/100 │  0.11s │ bd 4.6115e-01 │ res 2.6578e+00 │ test 5.9342e-01 │ η_eff 1.720e-04
Ep   8/100 │  0.12s │ bd 3.5488e-01 │ res 2.3105e+00 │ test 4.0276e-01 │ η_eff 1.443e-04
Ep   9/100 │  0.11s │ bd 2.5194e-01 │ res 1.7844e+00 │ test 4.1290e-01 │ η_eff 1.437e-04
Ep  10/100 │  0.11s │ bd 3.1566e-01 │ res 1.6579e+00 │ test 4.0879e-01 │ η_eff 7.854e-05
Ep  11/100 │  0.11s │ bd 2.1102e-01 │ res 1.3286e+00 │ test 3.1572e-01 │ η_eff 7.728e-05
Ep  12/100 │  0.11s │ bd 1.9498e-01 │ res 1.1874e+00 │ test 3.6895e-01 │ η_eff 7.378e-05
Ep  13/100 │  0.11s │ bd 2.6632e-01 │ res 1.2651e+00 │ test 4.5014e-01 │ η_eff 1.166e-04
Ep  14/100 │  0.11s │ bd 3.7226e-01 │ res 1.3500e+00 │ test 3.3310e-01 │ η_eff 7.035e-05
Ep  15/100 │  0.11s │ bd 1.9532e-01 │ res 1.1509e+00 │ test 3.1280e-01 │ η_eff 1.003e-04
Ep  16/100 │  0.11s │ bd 3.0471e-01 │ res 1.1154e+00 │ test 3.1859e-01 │ η_eff 1.048e-04
Ep  17/100 │  0.11s │ bd 2.9025e-01 │ res 9.8290e-01 │ test 2.7446e-01 │ η_eff 1.049e-04
Ep  18/100 │  0.11s │ bd 2.8078e-01 │ res 8.8396e-01 │ test 2.7280e-01 │ η_eff 1.018e-04
Ep  19/100 │  0.11s │ bd 1.9425e-01 │ res 9.4454e-01 │ test 3.0250e-01 │ η_eff 8.220e-05
Ep  20/100 │  0.10s │ bd 1.6410e-01 │ res 9.1849e-01 │ test 3.2253e-01 │ η_eff 5.160e-05
Ep  21/100 │  0.11s │ bd 1.4611e-01 │ res 7.5924e-01 │ test 2.7167e-01 │ η_eff 3.983e-05
Ep  22/100 │  0.11s │ bd 1.1545e-01 │ res 6.3799e-01 │ test 2.7828e-01 │ η_eff 4.806e-05
Ep  23/100 │  0.12s │ bd 1.2753e-01 │ res 6.7835e-01 │ test 2.3299e-01 │ η_eff 4.385e-05
Ep  24/100 │  0.12s │ bd 1.0687e-01 │ res 5.6889e-01 │ test 2.7201e-01 │ η_eff 4.851e-05
Ep  25/100 │  0.12s │ bd 9.2623e-02 │ res 4.3443e-01 │ test 2.6365e-01 │ η_eff 5.067e-05
Ep  26/100 │  0.11s │ bd 1.5054e-01 │ res 5.2732e-01 │ test 2.9555e-01 │ η_eff 5.720e-05
Ep  27/100 │  0.11s │ bd 1.1679e-01 │ res 5.3374e-01 │ test 2.6464e-01 │ η_eff 4.711e-05
Ep  28/100 │  0.11s │ bd 8.7738e-02 │ res 4.1151e-01 │ test 2.6429e-01 │ η_eff 4.364e-05
Ep  29/100 │  0.12s │ bd 1.0203e-01 │ res 4.9220e-01 │ test 2.8851e-01 │ η_eff 5.283e-05
Ep  30/100 │  0.11s │ bd 9.1687e-02 │ res 4.1757e-01 │ test 2.7227e-01 │ η_eff 2.424e-05
Ep  31/100 │  0.11s │ bd 8.3436e-02 │ res 5.1650e-01 │ test 2.6462e-01 │ η_eff 2.364e-05
Ep  32/100 │  0.11s │ bd 7.3947e-02 │ res 4.1293e-01 │ test 2.6116e-01 │ η_eff 2.280e-05
Ep  33/100 │  0.11s │ bd 7.6022e-02 │ res 3.8402e-01 │ test 2.6439e-01 │ η_eff 2.488e-05
Ep  34/100 │  0.11s │ bd 6.4406e-02 │ res 3.2576e-01 │ test 2.7894e-01 │ η_eff 2.811e-05
Ep  35/100 │  0.11s │ bd 6.7315e-02 │ res 3.3592e-01 │ test 2.6051e-01 │ η_eff 2.277e-05
Ep  36/100 │  0.11s │ bd 6.8815e-02 │ res 3.9780e-01 │ test 2.6681e-01 │ η_eff 2.346e-05
Ep  37/100 │  0.12s │ bd 7.0472e-02 │ res 3.7784e-01 │ test 2.9550e-01 │ η_eff 2.708e-05
Ep  38/100 │  0.11s │ bd 6.5712e-02 │ res 3.3625e-01 │ test 2.8539e-01 │ η_eff 2.518e-05
Ep  39/100 │  0.11s │ bd 7.9506e-02 │ res 3.6348e-01 │ test 2.9063e-01 │ η_eff 3.783e-05
Ep  40/100 │  0.11s │ bd 9.2221e-02 │ res 3.7669e-01 │ test 2.5150e-01 │ η_eff 2.202e-05
Ep  41/100 │  0.11s │ bd 8.4547e-02 │ res 3.2404e-01 │ test 2.8931e-01 │ η_eff 2.081e-05
Ep  42/100 │  0.11s │ bd 7.0336e-02 │ res 3.2971e-01 │ test 2.7605e-01 │ η_eff 1.544e-05
Ep  43/100 │  0.11s │ bd 5.5841e-02 │ res 3.4211e-01 │ test 3.0044e-01 │ η_eff 1.658e-05
Ep  44/100 │  0.12s │ bd 6.3271e-02 │ res 3.3091e-01 │ test 2.8869e-01 │ η_eff 2.121e-05
Ep  45/100 │  0.11s │ bd 7.2495e-02 │ res 3.4194e-01 │ test 2.9149e-01 │ η_eff 2.214e-05
Ep  46/100 │  0.12s │ bd 7.9905e-02 │ res 3.4348e-01 │ test 3.0253e-01 │ η_eff 1.738e-05
Ep  47/100 │  0.11s │ bd 6.3916e-02 │ res 2.7464e-01 │ test 2.7897e-01 │ η_eff 1.577e-05
Ep  48/100 │  0.11s │ bd 5.5998e-02 │ res 2.6795e-01 │ test 2.8546e-01 │ η_eff 1.610e-05
Ep  49/100 │  0.11s │ bd 6.7313e-02 │ res 3.0879e-01 │ test 2.9160e-01 │ η_eff 2.089e-05
Ep  50/100 │  0.12s │ bd 7.6921e-02 │ res 3.1667e-01 │ test 2.8333e-01 │ η_eff 7.296e-06
Ep  51/100 │  0.12s │ bd 5.3501e-02 │ res 2.8883e-01 │ test 2.7753e-01 │ η_eff 9.892e-06
Ep  52/100 │  0.11s │ bd 5.4953e-02 │ res 3.0471e-01 │ test 2.7764e-01 │ η_eff 9.211e-06
Ep  53/100 │  0.11s │ bd 4.8262e-02 │ res 2.5776e-01 │ test 2.8960e-01 │ η_eff 8.282e-06
Ep  54/100 │  0.12s │ bd 4.8609e-02 │ res 2.8560e-01 │ test 2.7468e-01 │ η_eff 8.345e-06
Ep  55/100 │  0.12s │ bd 4.4894e-02 │ res 2.6132e-01 │ test 2.7905e-01 │ η_eff 8.997e-06
Ep  56/100 │  0.11s │ bd 5.9278e-02 │ res 2.8059e-01 │ test 2.8377e-01 │ η_eff 7.767e-06
Ep  57/100 │  0.11s │ bd 5.2012e-02 │ res 2.4327e-01 │ test 2.7865e-01 │ η_eff 7.776e-06
Ep  58/100 │  0.12s │ bd 4.7524e-02 │ res 2.5867e-01 │ test 2.8161e-01 │ η_eff 9.178e-06
Ep  59/100 │  0.11s │ bd 4.5496e-02 │ res 2.4161e-01 │ test 2.9375e-01 │ η_eff 9.052e-06
Ep  60/100 │  0.11s │ bd 3.9829e-02 │ res 2.1447e-01 │ test 2.7366e-01 │ η_eff 5.370e-06
Ep  61/100 │  0.11s │ bd 6.6393e-02 │ res 3.3464e-01 │ test 2.7456e-01 │ η_eff 6.825e-06
Ep  62/100 │  0.11s │ bd 4.5305e-02 │ res 2.2528e-01 │ test 2.8406e-01 │ η_eff 4.969e-06
Ep  63/100 │  0.11s │ bd 4.5280e-02 │ res 2.4724e-01 │ test 2.8498e-01 │ η_eff 4.614e-06
Ep  64/100 │  0.11s │ bd 5.0086e-02 │ res 2.5281e-01 │ test 2.8435e-01 │ η_eff 5.205e-06
Ep  65/100 │  0.12s │ bd 4.7418e-02 │ res 2.7580e-01 │ test 2.7850e-01 │ η_eff 4.827e-06
Ep  66/100 │  0.11s │ bd 5.5693e-02 │ res 2.4524e-01 │ test 2.8515e-01 │ η_eff 8.169e-06
Ep  67/100 │  0.11s │ bd 4.9980e-02 │ res 2.7468e-01 │ test 2.8651e-01 │ η_eff 5.006e-06
Ep  68/100 │  0.12s │ bd 4.1801e-02 │ res 2.7433e-01 │ test 2.8763e-01 │ η_eff 4.673e-06
Ep  69/100 │  0.11s │ bd 5.0989e-02 │ res 2.7020e-01 │ test 2.8244e-01 │ η_eff 4.910e-06
Ep  70/100 │  0.11s │ bd 4.1914e-02 │ res 2.2486e-01 │ test 2.8390e-01 │ η_eff 2.379e-06
Ep  71/100 │  0.11s │ bd 6.0589e-02 │ res 2.9364e-01 │ test 2.8799e-01 │ η_eff 2.170e-06
Ep  72/100 │  0.11s │ bd 3.8280e-02 │ res 2.2504e-01 │ test 2.8407e-01 │ η_eff 2.382e-06
Ep  73/100 │  0.11s │ bd 3.6555e-02 │ res 2.1130e-01 │ test 2.8427e-01 │ η_eff 2.085e-06
Ep  74/100 │  0.11s │ bd 5.4110e-02 │ res 2.9641e-01 │ test 2.8234e-01 │ η_eff 2.213e-06
Ep  75/100 │  0.12s │ bd 3.6839e-02 │ res 2.2021e-01 │ test 2.8134e-01 │ η_eff 2.769e-06
Ep  76/100 │  0.11s │ bd 3.5016e-02 │ res 2.1977e-01 │ test 2.8382e-01 │ η_eff 1.957e-06
Ep  77/100 │  0.11s │ bd 4.4114e-02 │ res 2.4581e-01 │ test 2.8502e-01 │ η_eff 2.656e-06
Ep  78/100 │  0.11s │ bd 4.6132e-02 │ res 2.6860e-01 │ test 2.8016e-01 │ η_eff 2.551e-06
Ep  79/100 │  0.11s │ bd 3.6928e-02 │ res 2.3125e-01 │ test 2.8240e-01 │ η_eff 3.060e-06
Ep  80/100 │  0.11s │ bd 4.6723e-02 │ res 2.4488e-01 │ test 2.8309e-01 │ η_eff 1.195e-06
Ep  81/100 │  0.11s │ bd 4.4864e-02 │ res 2.8461e-01 │ test 2.8404e-01 │ η_eff 1.565e-06
Ep  82/100 │  0.11s │ bd 3.4588e-02 │ res 2.2904e-01 │ test 2.8382e-01 │ η_eff 1.268e-06
Ep  83/100 │  0.12s │ bd 4.4111e-02 │ res 2.5786e-01 │ test 2.8584e-01 │ η_eff 1.247e-06
Ep  84/100 │  0.11s │ bd 4.2690e-02 │ res 2.5309e-01 │ test 2.8528e-01 │ η_eff 1.223e-06
Ep  85/100 │  0.11s │ bd 4.3534e-02 │ res 2.4404e-01 │ test 2.8884e-01 │ η_eff 1.203e-06
Ep  86/100 │  0.12s │ bd 4.5291e-02 │ res 2.6285e-01 │ test 2.8835e-01 │ η_eff 1.198e-06
Ep  87/100 │  0.12s │ bd 5.6985e-02 │ res 3.6943e-01 │ test 2.8551e-01 │ η_eff 1.575e-06
Ep  88/100 │  0.11s │ bd 3.4639e-02 │ res 2.1235e-01 │ test 2.8679e-01 │ η_eff 1.601e-06
Ep  89/100 │  0.11s │ bd 3.6160e-02 │ res 2.2288e-01 │ test 2.8804e-01 │ η_eff 1.294e-06
Ep  90/100 │  0.11s │ bd 4.4602e-02 │ res 2.3408e-01 │ test 2.8701e-01 │ η_eff 5.896e-07
Ep  91/100 │  0.11s │ bd 4.8019e-02 │ res 2.7191e-01 │ test 2.8551e-01 │ η_eff 5.850e-07
Ep  92/100 │  0.11s │ bd 3.8869e-02 │ res 2.7455e-01 │ test 2.8530e-01 │ η_eff 7.285e-07
Ep  93/100 │  0.11s │ bd 4.1074e-02 │ res 2.1354e-01 │ test 2.8639e-01 │ η_eff 7.282e-07
Ep  94/100 │  0.12s │ bd 3.2522e-02 │ res 2.2117e-01 │ test 2.8641e-01 │ η_eff 6.683e-07
Ep  95/100 │  0.11s │ bd 3.7297e-02 │ res 2.2796e-01 │ test 2.8711e-01 │ η_eff 6.824e-07
Ep  96/100 │  0.12s │ bd 3.9984e-02 │ res 2.3190e-01 │ test 2.8443e-01 │ η_eff 7.048e-07
Ep  97/100 │  0.11s │ bd 5.0534e-02 │ res 3.0713e-01 │ test 2.8412e-01 │ η_eff 9.011e-07
Ep  98/100 │  0.12s │ bd 4.0116e-02 │ res 2.3463e-01 │ test 2.8638e-01 │ η_eff 8.705e-07
Ep  99/100 │  0.11s │ bd 3.9845e-02 │ res 2.5802e-01 │ test 2.8541e-01 │ η_eff 7.443e-07
Ep 100/100 │  0.11s │ bd 5.3975e-02 │ res 2.5194e-01 │ test 2.8194e-01 │ η_eff 4.505e-07
→ Saved: loss/Burger1d_phisfno_ms_90_Adam_ep100_visc0.1_m32_w64_s22/loss_full_loss_1.csv

=== Phase 'full_loss_2' | epochs 100 ===

Ep   1/100 │  0.15s │ bd 1.2836e+00 │ res 1.9984e+01 │ test 1.3402e+00 │ η_eff 2.970e-03
Ep   2/100 │  0.12s │ bd 5.5314e-01 │ res 3.8264e+00 │ test 9.2809e-01 │ η_eff 1.891e-03
Ep   3/100 │  0.11s │ bd 4.0434e-01 │ res 1.5888e+00 │ test 7.8012e-01 │ η_eff 1.474e-03
Ep   4/100 │  0.11s │ bd 3.7320e-01 │ res 1.4655e+00 │ test 6.7968e-01 │ η_eff 1.104e-03
Ep   5/100 │  0.11s │ bd 2.8435e-01 │ res 8.9627e-01 │ test 4.5100e-01 │ η_eff 8.427e-04
Ep   6/100 │  0.12s │ bd 2.4002e-01 │ res 5.1926e-01 │ test 5.5453e-01 │ η_eff 8.020e-04
Ep   7/100 │  0.12s │ bd 2.0875e-01 │ res 4.0439e-01 │ test 2.8887e-01 │ η_eff 7.707e-04
Ep   8/100 │  0.11s │ bd 2.1628e-01 │ res 4.5520e-01 │ test 2.0916e-01 │ η_eff 7.065e-04
Ep   9/100 │  0.11s │ bd 1.7756e-01 │ res 3.5746e-01 │ test 3.0023e-01 │ η_eff 6.976e-04
Ep  10/100 │  0.11s │ bd 2.7246e-01 │ res 4.3743e-01 │ test 2.9082e-01 │ η_eff 2.902e-04
Ep  11/100 │  0.11s │ bd 1.7837e-01 │ res 3.9919e-01 │ test 1.5922e-01 │ η_eff 3.502e-04
Ep  12/100 │  0.12s │ bd 1.5341e-01 │ res 3.7359e-01 │ test 2.6302e-01 │ η_eff 2.814e-04
Ep  13/100 │  0.11s │ bd 1.4864e-01 │ res 2.7284e-01 │ test 1.6803e-01 │ η_eff 2.706e-04
Ep  14/100 │  0.11s │ bd 9.8620e-02 │ res 1.7346e-01 │ test 1.7956e-01 │ η_eff 2.700e-04
Ep  15/100 │  0.12s │ bd 1.0269e-01 │ res 1.7425e-01 │ test 1.9026e-01 │ η_eff 2.813e-04
Ep  16/100 │  0.11s │ bd 1.4154e-01 │ res 2.3191e-01 │ test 1.9275e-01 │ η_eff 2.610e-04
Ep  17/100 │  0.11s │ bd 1.1794e-01 │ res 1.6272e-01 │ test 1.5029e-01 │ η_eff 2.820e-04
Ep  18/100 │  0.11s │ bd 1.0837e-01 │ res 1.6330e-01 │ test 1.7810e-01 │ η_eff 2.902e-04
Ep  19/100 │  0.13s │ bd 9.7165e-02 │ res 2.0571e-01 │ test 1.3960e-01 │ η_eff 2.596e-04
Ep  20/100 │  0.11s │ bd 9.1536e-02 │ res 2.0387e-01 │ test 2.1586e-01 │ η_eff 1.337e-04
Ep  21/100 │  0.11s │ bd 1.1715e-01 │ res 2.0504e-01 │ test 2.0081e-01 │ η_eff 1.512e-04
Ep  22/100 │  0.11s │ bd 9.7609e-02 │ res 1.4001e-01 │ test 1.1335e-01 │ η_eff 1.654e-04
Ep  23/100 │  0.11s │ bd 9.1097e-02 │ res 1.4535e-01 │ test 1.7735e-01 │ η_eff 1.451e-04
Ep  24/100 │  0.12s │ bd 8.3318e-02 │ res 1.1556e-01 │ test 1.1396e-01 │ η_eff 1.551e-04
Ep  25/100 │  0.11s │ bd 8.3214e-02 │ res 1.2775e-01 │ test 1.4749e-01 │ η_eff 1.603e-04
Ep  26/100 │  0.13s │ bd 9.1527e-02 │ res 1.5430e-01 │ test 1.7816e-01 │ η_eff 1.403e-04
Ep  27/100 │  0.12s │ bd 8.6310e-02 │ res 1.7121e-01 │ test 1.4598e-01 │ η_eff 1.565e-04
Ep  28/100 │  0.12s │ bd 9.1905e-02 │ res 9.0553e-02 │ test 1.3989e-01 │ η_eff 1.594e-04
Ep  29/100 │  0.13s │ bd 8.4912e-02 │ res 1.1232e-01 │ test 1.7897e-01 │ η_eff 1.592e-04
Ep  30/100 │  0.11s │ bd 7.9020e-02 │ res 1.0194e-01 │ test 1.6111e-01 │ η_eff 7.316e-05
Ep  31/100 │  0.12s │ bd 6.9335e-02 │ res 8.2809e-02 │ test 1.2090e-01 │ η_eff 8.428e-05
Ep  32/100 │  0.11s │ bd 5.9809e-02 │ res 1.0284e-01 │ test 1.4351e-01 │ η_eff 8.548e-05
Ep  33/100 │  0.11s │ bd 5.0413e-02 │ res 8.9830e-02 │ test 1.3447e-01 │ η_eff 7.801e-05
Ep  34/100 │  0.11s │ bd 4.8880e-02 │ res 6.9404e-02 │ test 1.1423e-01 │ η_eff 8.773e-05
Ep  35/100 │  0.12s │ bd 5.8540e-02 │ res 1.1235e-01 │ test 1.4157e-01 │ η_eff 7.341e-05
Ep  36/100 │  0.11s │ bd 7.1606e-02 │ res 1.2226e-01 │ test 1.1250e-01 │ η_eff 8.797e-05
Ep  37/100 │  0.11s │ bd 5.6672e-02 │ res 8.3942e-02 │ test 1.2097e-01 │ η_eff 8.670e-05
Ep  38/100 │  0.11s │ bd 5.0376e-02 │ res 7.1834e-02 │ test 1.2901e-01 │ η_eff 8.768e-05
Ep  39/100 │  0.11s │ bd 5.3442e-02 │ res 6.2449e-02 │ test 1.0441e-01 │ η_eff 8.728e-05
Ep  40/100 │  0.11s │ bd 5.7664e-02 │ res 6.8510e-02 │ test 1.3210e-01 │ η_eff 4.292e-05
Ep  41/100 │  0.11s │ bd 5.4930e-02 │ res 9.1044e-02 │ test 1.2193e-01 │ η_eff 4.409e-05
Ep  42/100 │  0.11s │ bd 4.5087e-02 │ res 6.0909e-02 │ test 1.3099e-01 │ η_eff 4.882e-05
Ep  43/100 │  0.12s │ bd 7.2737e-02 │ res 9.1862e-02 │ test 1.2097e-01 │ η_eff 4.578e-05
Ep  44/100 │  0.11s │ bd 6.1997e-02 │ res 9.4064e-02 │ test 1.3449e-01 │ η_eff 5.133e-05
Ep  45/100 │  0.11s │ bd 5.7081e-02 │ res 7.6991e-02 │ test 1.2448e-01 │ η_eff 4.626e-05
Ep  46/100 │  0.11s │ bd 5.8549e-02 │ res 7.5102e-02 │ test 1.4132e-01 │ η_eff 5.224e-05
Ep  47/100 │  0.12s │ bd 5.1025e-02 │ res 7.9144e-02 │ test 1.1877e-01 │ η_eff 4.979e-05
Ep  48/100 │  0.11s │ bd 4.1645e-02 │ res 5.3603e-02 │ test 1.2581e-01 │ η_eff 4.836e-05
Ep  49/100 │  0.12s │ bd 4.9667e-02 │ res 6.8261e-02 │ test 1.3832e-01 │ η_eff 4.496e-05
Ep  50/100 │  0.11s │ bd 4.1876e-02 │ res 5.6343e-02 │ test 1.1629e-01 │ η_eff 2.239e-05
Ep  51/100 │  0.11s │ bd 3.7277e-02 │ res 5.2319e-02 │ test 1.2095e-01 │ η_eff 2.715e-05
Ep  52/100 │  0.11s │ bd 3.4475e-02 │ res 5.5002e-02 │ test 1.1781e-01 │ η_eff 2.477e-05
Ep  53/100 │  0.11s │ bd 4.1376e-02 │ res 5.4094e-02 │ test 1.1483e-01 │ η_eff 2.470e-05
Ep  54/100 │  0.11s │ bd 2.9515e-02 │ res 4.7216e-02 │ test 1.2059e-01 │ η_eff 2.336e-05
Ep  55/100 │  0.12s │ bd 5.3683e-02 │ res 9.7021e-02 │ test 1.2539e-01 │ η_eff 2.622e-05
Ep  56/100 │  0.11s │ bd 4.1918e-02 │ res 6.9350e-02 │ test 1.2323e-01 │ η_eff 2.514e-05
Ep  57/100 │  0.12s │ bd 4.7179e-02 │ res 8.6418e-02 │ test 1.1707e-01 │ η_eff 2.450e-05
Ep  58/100 │  0.12s │ bd 3.5721e-02 │ res 5.1152e-02 │ test 1.2482e-01 │ η_eff 2.505e-05
Ep  59/100 │  0.11s │ bd 4.0933e-02 │ res 6.6988e-02 │ test 1.1964e-01 │ η_eff 2.661e-05
Ep  60/100 │  0.11s │ bd 3.0173e-02 │ res 5.4131e-02 │ test 1.1949e-01 │ η_eff 1.562e-05
Ep  61/100 │  0.11s │ bd 3.4138e-02 │ res 6.6535e-02 │ test 1.1621e-01 │ η_eff 1.304e-05
Ep  62/100 │  0.11s │ bd 3.3823e-02 │ res 7.4469e-02 │ test 1.2137e-01 │ η_eff 1.622e-05
Ep  63/100 │  0.11s │ bd 4.3895e-02 │ res 7.1916e-02 │ test 1.2326e-01 │ η_eff 1.315e-05
Ep  64/100 │  0.11s │ bd 3.9559e-02 │ res 6.4601e-02 │ test 1.2242e-01 │ η_eff 1.620e-05
Ep  65/100 │  0.12s │ bd 4.3917e-02 │ res 7.9899e-02 │ test 1.2696e-01 │ η_eff 1.587e-05
Ep  66/100 │  0.12s │ bd 3.9060e-02 │ res 5.8620e-02 │ test 1.2363e-01 │ η_eff 1.624e-05
Ep  67/100 │  0.11s │ bd 3.2634e-02 │ res 6.6585e-02 │ test 1.2051e-01 │ η_eff 1.224e-05
Ep  68/100 │  0.11s │ bd 3.5576e-02 │ res 5.4654e-02 │ test 1.2183e-01 │ η_eff 1.503e-05
Ep  69/100 │  0.11s │ bd 4.2497e-02 │ res 7.4783e-02 │ test 1.2486e-01 │ η_eff 1.560e-05
Ep  70/100 │  0.12s │ bd 4.7632e-02 │ res 7.6169e-02 │ test 1.2042e-01 │ η_eff 7.372e-06
Ep  71/100 │  0.13s │ bd 4.0653e-02 │ res 7.1836e-02 │ test 1.1979e-01 │ η_eff 6.678e-06
Ep  72/100 │  0.12s │ bd 4.0744e-02 │ res 7.4171e-02 │ test 1.1978e-01 │ η_eff 6.911e-06
Ep  73/100 │  0.12s │ bd 3.6789e-02 │ res 6.7410e-02 │ test 1.2564e-01 │ η_eff 6.992e-06
Ep  74/100 │  0.11s │ bd 4.3364e-02 │ res 5.8535e-02 │ test 1.2394e-01 │ η_eff 6.726e-06
Ep  75/100 │  0.11s │ bd 3.1670e-02 │ res 4.3177e-02 │ test 1.1990e-01 │ η_eff 7.610e-06
Ep  76/100 │  0.11s │ bd 2.7719e-02 │ res 4.2168e-02 │ test 1.1738e-01 │ η_eff 7.713e-06
Ep  77/100 │  0.12s │ bd 2.9957e-02 │ res 4.8441e-02 │ test 1.1923e-01 │ η_eff 7.784e-06
Ep  78/100 │  0.12s │ bd 3.1581e-02 │ res 6.3267e-02 │ test 1.1632e-01 │ η_eff 7.080e-06
Ep  79/100 │  0.11s │ bd 5.0407e-02 │ res 8.4233e-02 │ test 1.2184e-01 │ η_eff 8.198e-06
Ep  80/100 │  0.12s │ bd 4.6449e-02 │ res 7.5927e-02 │ test 1.1605e-01 │ η_eff 3.614e-06
Ep  81/100 │  0.11s │ bd 4.2826e-02 │ res 7.8347e-02 │ test 1.1770e-01 │ η_eff 4.130e-06
Ep  82/100 │  0.12s │ bd 3.4730e-02 │ res 5.2981e-02 │ test 1.1425e-01 │ η_eff 3.584e-06
Ep  83/100 │  0.11s │ bd 3.6798e-02 │ res 5.8966e-02 │ test 1.1630e-01 │ η_eff 4.646e-06
Ep  84/100 │  0.11s │ bd 3.5441e-02 │ res 5.1199e-02 │ test 1.1732e-01 │ η_eff 4.282e-06
Ep  85/100 │  0.11s │ bd 2.9971e-02 │ res 5.0503e-02 │ test 1.1749e-01 │ η_eff 3.891e-06
Ep  86/100 │  0.11s │ bd 3.6610e-02 │ res 6.2118e-02 │ test 1.1808e-01 │ η_eff 4.440e-06
Ep  87/100 │  0.11s │ bd 2.9927e-02 │ res 4.2187e-02 │ test 1.1390e-01 │ η_eff 3.931e-06
Ep  88/100 │  0.11s │ bd 3.2532e-02 │ res 4.9146e-02 │ test 1.1386e-01 │ η_eff 4.183e-06
Ep  89/100 │  0.12s │ bd 3.3598e-02 │ res 6.9288e-02 │ test 1.1360e-01 │ η_eff 3.880e-06
Ep  90/100 │  0.12s │ bd 3.1770e-02 │ res 5.6229e-02 │ test 1.1499e-01 │ η_eff 2.326e-06
Ep  91/100 │  0.12s │ bd 4.0226e-02 │ res 6.5510e-02 │ test 1.1649e-01 │ η_eff 2.014e-06
Ep  92/100 │  0.11s │ bd 3.4192e-02 │ res 5.5782e-02 │ test 1.1618e-01 │ η_eff 1.866e-06
Ep  93/100 │  0.11s │ bd 3.0062e-02 │ res 6.2758e-02 │ test 1.1626e-01 │ η_eff 1.989e-06
Ep  94/100 │  0.12s │ bd 2.5903e-02 │ res 4.3484e-02 │ test 1.1847e-01 │ η_eff 1.988e-06
Ep  95/100 │  0.12s │ bd 3.0859e-02 │ res 5.4995e-02 │ test 1.1548e-01 │ η_eff 2.223e-06
Ep  96/100 │  0.12s │ bd 3.6198e-02 │ res 6.6642e-02 │ test 1.1708e-01 │ η_eff 2.085e-06
Ep  97/100 │  0.12s │ bd 3.1447e-02 │ res 6.1155e-02 │ test 1.1904e-01 │ η_eff 2.446e-06
Ep  98/100 │  0.12s │ bd 3.1165e-02 │ res 4.7407e-02 │ test 1.1579e-01 │ η_eff 2.403e-06
Ep  99/100 │  0.12s │ bd 3.5652e-02 │ res 5.7116e-02 │ test 1.1791e-01 │ η_eff 2.442e-06
Ep 100/100 │  0.11s │ bd 3.4750e-02 │ res 6.0973e-02 │ test 1.2037e-01 │ η_eff 1.057e-06
→ Saved: loss/Burger1d_phisfno_ms_90_Adam_ep100_visc0.1_m32_w64_s22/loss_full_loss_2.csv

=== Phase 'full_loss_3' | epochs 100 ===

Ep   1/100 │  0.15s │ bd 5.5579e-01 │ res 5.4564e+00 │ test 4.9391e-01 │ η_eff 2.980e-03
Ep   2/100 │  0.12s │ bd 4.3792e-01 │ res 1.5006e+00 │ test 5.3341e-01 │ η_eff 2.383e-03
Ep   3/100 │  0.12s │ bd 2.6815e-01 │ res 1.0091e+00 │ test 3.6607e-01 │ η_eff 1.944e-03
Ep   4/100 │  0.11s │ bd 2.6652e-01 │ res 5.1482e-01 │ test 2.1455e-01 │ η_eff 1.764e-03
Ep   5/100 │  0.11s │ bd 2.0490e-01 │ res 3.0046e-01 │ test 2.6093e-01 │ η_eff 1.407e-03
Ep   6/100 │  0.11s │ bd 1.8410e-01 │ res 2.7346e-01 │ test 1.9298e-01 │ η_eff 1.286e-03
Ep   7/100 │  0.11s │ bd 1.6023e-01 │ res 3.2590e-01 │ test 1.6223e-01 │ η_eff 1.049e-03
Ep   8/100 │  0.11s │ bd 1.3470e-01 │ res 2.1116e-01 │ test 1.4200e-01 │ η_eff 1.191e-03
Ep   9/100 │  0.12s │ bd 1.3400e-01 │ res 2.3368e-01 │ test 1.4555e-01 │ η_eff 1.025e-03
Ep  10/100 │  0.11s │ bd 1.5983e-01 │ res 2.2152e-01 │ test 1.7033e-01 │ η_eff 5.976e-04
Ep  11/100 │  0.11s │ bd 1.4301e-01 │ res 2.3976e-01 │ test 1.1646e-01 │ η_eff 7.364e-04
Ep  12/100 │  0.12s │ bd 1.2820e-01 │ res 1.5671e-01 │ test 1.2891e-01 │ η_eff 6.420e-04
Ep  13/100 │  0.11s │ bd 1.5817e-01 │ res 1.4202e-01 │ test 1.3619e-01 │ η_eff 6.680e-04
Ep  14/100 │  0.11s │ bd 1.3523e-01 │ res 2.0222e-01 │ test 1.2396e-01 │ η_eff 5.648e-04
Ep  15/100 │  0.11s │ bd 1.5127e-01 │ res 1.5831e-01 │ test 8.4782e-02 │ η_eff 5.961e-04
Ep  16/100 │  0.11s │ bd 1.0725e-01 │ res 1.5191e-01 │ test 9.8671e-02 │ η_eff 5.967e-04
Ep  17/100 │  0.11s │ bd 8.2978e-02 │ res 1.0076e-01 │ test 1.0339e-01 │ η_eff 5.503e-04
Ep  18/100 │  0.11s │ bd 7.9715e-02 │ res 8.1644e-02 │ test 1.7189e-01 │ η_eff 6.577e-04
Ep  19/100 │  0.11s │ bd 1.4434e-01 │ res 1.5118e-01 │ test 9.6866e-02 │ η_eff 5.657e-04
Ep  20/100 │  0.11s │ bd 1.2349e-01 │ res 1.9543e-01 │ test 1.0293e-01 │ η_eff 3.349e-04
Ep  21/100 │  0.12s │ bd 1.1561e-01 │ res 2.1378e-01 │ test 8.5073e-02 │ η_eff 3.500e-04
Ep  22/100 │  0.11s │ bd 9.7490e-02 │ res 1.1617e-01 │ test 7.9948e-02 │ η_eff 3.294e-04
Ep  23/100 │  0.11s │ bd 8.6317e-02 │ res 9.5115e-02 │ test 8.3557e-02 │ η_eff 3.257e-04
Ep  24/100 │  0.11s │ bd 5.9107e-02 │ res 5.1990e-02 │ test 7.8336e-02 │ η_eff 3.055e-04
Ep  25/100 │  0.11s │ bd 6.2146e-02 │ res 6.9201e-02 │ test 7.8554e-02 │ η_eff 3.157e-04
Ep  26/100 │  0.12s │ bd 6.3115e-02 │ res 8.6213e-02 │ test 6.7863e-02 │ η_eff 2.958e-04
Ep  27/100 │  0.12s │ bd 6.3370e-02 │ res 7.5471e-02 │ test 7.1665e-02 │ η_eff 3.389e-04
Ep  28/100 │  0.11s │ bd 5.7215e-02 │ res 7.7839e-02 │ test 8.1039e-02 │ η_eff 3.399e-04
Ep  29/100 │  0.11s │ bd 7.4000e-02 │ res 1.0558e-01 │ test 9.3285e-02 │ η_eff 3.386e-04
Ep  30/100 │  0.12s │ bd 9.8449e-02 │ res 1.3853e-01 │ test 7.6649e-02 │ η_eff 1.755e-04
Ep  31/100 │  0.12s │ bd 6.8316e-02 │ res 6.5043e-02 │ test 8.1453e-02 │ η_eff 1.903e-04
Ep  32/100 │  0.11s │ bd 5.6689e-02 │ res 4.5856e-02 │ test 7.0223e-02 │ η_eff 1.984e-04
Ep  33/100 │  0.11s │ bd 5.5287e-02 │ res 8.0668e-02 │ test 6.9292e-02 │ η_eff 2.338e-04
Ep  34/100 │  0.12s │ bd 4.7459e-02 │ res 5.1626e-02 │ test 7.1142e-02 │ η_eff 1.512e-04
Ep  35/100 │  0.11s │ bd 4.6596e-02 │ res 5.6707e-02 │ test 6.3728e-02 │ η_eff 1.830e-04
Ep  36/100 │  0.11s │ bd 5.9060e-02 │ res 5.7743e-02 │ test 6.4324e-02 │ η_eff 1.646e-04
Ep  37/100 │  0.11s │ bd 5.0769e-02 │ res 6.4864e-02 │ test 6.7946e-02 │ η_eff 1.543e-04
Ep  38/100 │  0.11s │ bd 4.5271e-02 │ res 4.1258e-02 │ test 6.2211e-02 │ η_eff 1.754e-04
Ep  39/100 │  0.11s │ bd 5.0593e-02 │ res 4.8914e-02 │ test 6.3890e-02 │ η_eff 1.588e-04
Ep  40/100 │  0.11s │ bd 5.3641e-02 │ res 7.0592e-02 │ test 7.5971e-02 │ η_eff 8.083e-05
Ep  41/100 │  0.11s │ bd 5.2923e-02 │ res 4.9677e-02 │ test 6.4907e-02 │ η_eff 9.693e-05
Ep  42/100 │  0.12s │ bd 3.8373e-02 │ res 3.4541e-02 │ test 6.3930e-02 │ η_eff 1.051e-04
Ep  43/100 │  0.12s │ bd 4.2737e-02 │ res 4.0089e-02 │ test 6.0430e-02 │ η_eff 8.936e-05
Ep  44/100 │  0.12s │ bd 5.8070e-02 │ res 7.0968e-02 │ test 6.3753e-02 │ η_eff 9.989e-05
Ep  45/100 │  0.11s │ bd 4.4266e-02 │ res 7.3055e-02 │ test 6.3177e-02 │ η_eff 9.713e-05
Ep  46/100 │  0.11s │ bd 3.3872e-02 │ res 4.0576e-02 │ test 6.3170e-02 │ η_eff 9.829e-05
Ep  47/100 │  0.11s │ bd 4.0302e-02 │ res 5.3475e-02 │ test 6.1318e-02 │ η_eff 9.558e-05
Ep  48/100 │  0.12s │ bd 4.3267e-02 │ res 5.3240e-02 │ test 6.2722e-02 │ η_eff 9.709e-05
Ep  49/100 │  0.12s │ bd 4.3667e-02 │ res 4.6406e-02 │ test 6.1393e-02 │ η_eff 1.006e-04
Ep  50/100 │  0.11s │ bd 3.6801e-02 │ res 4.5066e-02 │ test 6.3559e-02 │ η_eff 4.677e-05
Ep  51/100 │  0.11s │ bd 4.8815e-02 │ res 5.9704e-02 │ test 6.1112e-02 │ η_eff 4.777e-05
Ep  52/100 │  0.11s │ bd 3.7532e-02 │ res 6.0982e-02 │ test 6.3848e-02 │ η_eff 4.727e-05
Ep  53/100 │  0.11s │ bd 4.0644e-02 │ res 4.7852e-02 │ test 6.7332e-02 │ η_eff 6.194e-05
Ep  54/100 │  0.11s │ bd 3.3840e-02 │ res 3.7110e-02 │ test 6.1387e-02 │ η_eff 4.992e-05
Ep  55/100 │  0.12s │ bd 4.0482e-02 │ res 3.6905e-02 │ test 6.4091e-02 │ η_eff 5.365e-05
Ep  56/100 │  0.12s │ bd 3.4083e-02 │ res 5.4461e-02 │ test 6.2130e-02 │ η_eff 4.254e-05
Ep  57/100 │  0.12s │ bd 3.4496e-02 │ res 4.1261e-02 │ test 6.1453e-02 │ η_eff 4.759e-05
Ep  58/100 │  0.11s │ bd 3.5625e-02 │ res 4.2112e-02 │ test 6.2421e-02 │ η_eff 5.145e-05
Ep  59/100 │  0.12s │ bd 2.6140e-02 │ res 3.7726e-02 │ test 6.1530e-02 │ η_eff 4.890e-05
Ep  60/100 │  0.12s │ bd 3.0840e-02 │ res 4.2047e-02 │ test 6.0820e-02 │ η_eff 2.223e-05
Ep  61/100 │  0.12s │ bd 3.4852e-02 │ res 4.2381e-02 │ test 5.9872e-02 │ η_eff 2.759e-05
Ep  62/100 │  0.12s │ bd 3.1194e-02 │ res 4.8572e-02 │ test 6.1702e-02 │ η_eff 2.392e-05
Ep  63/100 │  0.11s │ bd 2.6985e-02 │ res 3.6389e-02 │ test 6.3974e-02 │ η_eff 2.448e-05
Ep  64/100 │  0.13s │ bd 2.7444e-02 │ res 3.7385e-02 │ test 6.2800e-02 │ η_eff 2.452e-05
Ep  65/100 │  0.11s │ bd 3.4589e-02 │ res 6.6283e-02 │ test 6.2864e-02 │ η_eff 2.341e-05
Ep  66/100 │  0.12s │ bd 3.2425e-02 │ res 4.2426e-02 │ test 6.0754e-02 │ η_eff 2.284e-05
Ep  67/100 │  0.11s │ bd 2.7063e-02 │ res 3.0950e-02 │ test 6.1049e-02 │ η_eff 2.522e-05
Ep  68/100 │  0.11s │ bd 3.0481e-02 │ res 3.7824e-02 │ test 6.1283e-02 │ η_eff 2.204e-05
Ep  69/100 │  0.11s │ bd 3.1502e-02 │ res 4.9273e-02 │ test 6.2002e-02 │ η_eff 2.554e-05
Ep  70/100 │  0.12s │ bd 3.8807e-02 │ res 5.8325e-02 │ test 6.1170e-02 │ η_eff 1.326e-05
Ep  71/100 │  0.11s │ bd 3.3493e-02 │ res 4.4396e-02 │ test 6.0506e-02 │ η_eff 1.301e-05
Ep  72/100 │  0.11s │ bd 2.6159e-02 │ res 3.5098e-02 │ test 6.0212e-02 │ η_eff 1.275e-05
Ep  73/100 │  0.11s │ bd 2.8335e-02 │ res 4.4093e-02 │ test 6.0868e-02 │ η_eff 1.260e-05
Ep  74/100 │  0.11s │ bd 3.2067e-02 │ res 4.7609e-02 │ test 6.0994e-02 │ η_eff 1.500e-05
Ep  75/100 │  0.12s │ bd 2.5607e-02 │ res 2.3803e-02 │ test 6.1580e-02 │ η_eff 1.315e-05
Ep  76/100 │  0.11s │ bd 3.0123e-02 │ res 3.4916e-02 │ test 6.1834e-02 │ η_eff 1.436e-05
Ep  77/100 │  0.11s │ bd 2.8764e-02 │ res 3.6592e-02 │ test 6.0937e-02 │ η_eff 1.156e-05
Ep  78/100 │  0.11s │ bd 3.0567e-02 │ res 3.9138e-02 │ test 6.1356e-02 │ η_eff 1.461e-05
Ep  79/100 │  0.12s │ bd 3.0744e-02 │ res 3.8515e-02 │ test 6.2566e-02 │ η_eff 1.443e-05
Ep  80/100 │  0.11s │ bd 2.9583e-02 │ res 3.9322e-02 │ test 6.2801e-02 │ η_eff 6.811e-06
Ep  81/100 │  0.11s │ bd 3.0833e-02 │ res 3.6120e-02 │ test 6.2848e-02 │ η_eff 6.815e-06
Ep  82/100 │  0.11s │ bd 3.6088e-02 │ res 2.7542e-02 │ test 6.1626e-02 │ η_eff 6.693e-06
Ep  83/100 │  0.12s │ bd 2.4166e-02 │ res 3.0263e-02 │ test 6.0987e-02 │ η_eff 7.111e-06
Ep  84/100 │  0.12s │ bd 2.7930e-02 │ res 3.7674e-02 │ test 6.0900e-02 │ η_eff 7.533e-06
Ep  85/100 │  0.12s │ bd 2.9839e-02 │ res 2.6685e-02 │ test 6.0566e-02 │ η_eff 6.967e-06
Ep  86/100 │  0.11s │ bd 3.7010e-02 │ res 5.9942e-02 │ test 6.1764e-02 │ η_eff 6.798e-06
Ep  87/100 │  0.12s │ bd 2.6471e-02 │ res 4.1201e-02 │ test 6.1706e-02 │ η_eff 6.182e-06
Ep  88/100 │  0.12s │ bd 2.9278e-02 │ res 2.6541e-02 │ test 6.1569e-02 │ η_eff 7.442e-06
Ep  89/100 │  0.11s │ bd 3.1421e-02 │ res 2.7750e-02 │ test 6.1436e-02 │ η_eff 7.606e-06
Ep  90/100 │  0.11s │ bd 3.3827e-02 │ res 5.6271e-02 │ test 6.1246e-02 │ η_eff 3.557e-06
Ep  91/100 │  0.11s │ bd 2.9386e-02 │ res 4.6832e-02 │ test 6.1242e-02 │ η_eff 2.973e-06
Ep  92/100 │  0.11s │ bd 2.6503e-02 │ res 2.7201e-02 │ test 6.1119e-02 │ η_eff 3.057e-06
Ep  93/100 │  0.12s │ bd 3.8928e-02 │ res 7.4573e-02 │ test 6.0880e-02 │ η_eff 3.479e-06
Ep  94/100 │  0.11s │ bd 2.2732e-02 │ res 3.4282e-02 │ test 6.0769e-02 │ η_eff 3.446e-06
Ep  95/100 │  0.11s │ bd 2.7756e-02 │ res 4.0637e-02 │ test 6.0566e-02 │ η_eff 3.238e-06
Ep  96/100 │  0.11s │ bd 2.3192e-02 │ res 3.0716e-02 │ test 6.0638e-02 │ η_eff 3.076e-06
Ep  97/100 │  0.11s │ bd 2.9303e-02 │ res 3.1007e-02 │ test 6.0554e-02 │ η_eff 2.977e-06
Ep  98/100 │  0.12s │ bd 2.2805e-02 │ res 3.7444e-02 │ test 6.0455e-02 │ η_eff 3.417e-06
Ep  99/100 │  0.12s │ bd 3.4588e-02 │ res 6.2704e-02 │ test 6.0800e-02 │ η_eff 3.501e-06
Ep 100/100 │  0.11s │ bd 3.3578e-02 │ res 3.8235e-02 │ test 6.0500e-02 │ η_eff 1.621e-06
→ Saved: loss/Burger1d_phisfno_ms_90_Adam_ep100_visc0.1_m32_w64_s22/loss_full_loss_3.csv
→ Model saved: model/Burger1d_phisfno_ms_90_Adam_ep100_visc0.1_m32_w64_s22
→ Eta-term history: loss/Burger1d_phisfno_ms_90_Adam_ep100_visc0.1_m32_w64_s22/eta_term_history.csv
  sample 0: test L2 = 9.2934e-02
  sample 1: test L2 = 2.5411e-02
  sample 2: test L2 = 3.0848e-02
  sample 3: test L2 = 3.0857e-02
  sample 4: test L2 = 2.2385e-01
  sample 5: test L2 = 4.1442e-02
  sample 6: test L2 = 2.3351e-02
  sample 7: test L2 = 3.8545e-02
  sample 8: test L2 = 4.5705e-02
  sample 9: test L2 = 5.2078e-02
→ Predictions saved: burger_test_phisfno_ms.mat
→ Figure saved: image/Burger1d_phisfno_ms_90_Adam_ep100_visc0.1_m32_w64_s22/final_velocity.png
