loaded 1D buffers
[train_model] model=pino_fd | training=supervised | S=2048 | nu=0.1 | dt=0.1 | modes=32 | width=64
Model parameters: 550,081

=== Phase 'supervised' | epochs 300 ===

Ep   1/300 │  0.37s │ bd 1.4855e+00 │ res 0.0000e+00 │ test 1.4023e+00 │ η_eff 2.506e-03
Ep   2/300 │  0.10s │ bd 9.8082e-01 │ res 0.0000e+00 │ test 1.1327e+00 │ η_eff 1.053e-03
Ep   3/300 │  0.09s │ bd 7.3198e-01 │ res 0.0000e+00 │ test 1.1429e+00 │ η_eff 7.027e-04
Ep   4/300 │  0.09s │ bd 4.9991e-01 │ res 0.0000e+00 │ test 5.5801e-01 │ η_eff 4.455e-04
Ep   5/300 │  0.09s │ bd 4.0132e-01 │ res 0.0000e+00 │ test 3.6834e-01 │ η_eff 3.833e-04
Ep   6/300 │  0.09s │ bd 3.5033e-01 │ res 0.0000e+00 │ test 2.5490e-01 │ η_eff 3.113e-04
Ep   7/300 │  0.09s │ bd 2.7061e-01 │ res 0.0000e+00 │ test 3.3745e-01 │ η_eff 2.814e-04
Ep   8/300 │  0.09s │ bd 2.4233e-01 │ res 0.0000e+00 │ test 2.7448e-01 │ η_eff 2.432e-04
Ep   9/300 │  0.09s │ bd 1.7397e-01 │ res 0.0000e+00 │ test 1.9938e-01 │ η_eff 2.282e-04
Ep  10/300 │  0.09s │ bd 2.0194e-01 │ res 0.0000e+00 │ test 2.0397e-01 │ η_eff 1.078e-04
Ep  11/300 │  0.09s │ bd 1.5463e-01 │ res 0.0000e+00 │ test 1.3273e-01 │ η_eff 1.163e-04
Ep  12/300 │  0.09s │ bd 1.4223e-01 │ res 0.0000e+00 │ test 9.9075e-02 │ η_eff 1.048e-04
Ep  13/300 │  0.09s │ bd 1.4348e-01 │ res 0.0000e+00 │ test 2.5181e-01 │ η_eff 1.033e-04
Ep  14/300 │  0.09s │ bd 1.9814e-01 │ res 0.0000e+00 │ test 1.2214e-01 │ η_eff 1.007e-04
Ep  15/300 │  0.09s │ bd 1.4508e-01 │ res 0.0000e+00 │ test 1.6547e-01 │ η_eff 1.028e-04
Ep  16/300 │  0.10s │ bd 1.6479e-01 │ res 0.0000e+00 │ test 1.5245e-01 │ η_eff 1.034e-04
Ep  17/300 │  0.09s │ bd 1.4945e-01 │ res 0.0000e+00 │ test 1.0088e-01 │ η_eff 1.065e-04
Ep  18/300 │  0.10s │ bd 1.2210e-01 │ res 0.0000e+00 │ test 8.6421e-02 │ η_eff 1.120e-04
Ep  19/300 │  0.09s │ bd 1.0806e-01 │ res 0.0000e+00 │ test 6.2979e-02 │ η_eff 1.041e-04
Ep  20/300 │  0.10s │ bd 9.4312e-02 │ res 0.0000e+00 │ test 1.8717e-01 │ η_eff 6.121e-05
Ep  21/300 │  0.09s │ bd 1.1874e-01 │ res 0.0000e+00 │ test 1.0372e-01 │ η_eff 5.498e-05
Ep  22/300 │  0.09s │ bd 8.5149e-02 │ res 0.0000e+00 │ test 9.4558e-02 │ η_eff 5.950e-05
Ep  23/300 │  0.09s │ bd 9.5269e-02 │ res 0.0000e+00 │ test 9.0905e-02 │ η_eff 5.834e-05
Ep  24/300 │  0.09s │ bd 8.3394e-02 │ res 0.0000e+00 │ test 6.2350e-02 │ η_eff 5.538e-05
Ep  25/300 │  0.09s │ bd 7.8810e-02 │ res 0.0000e+00 │ test 6.0703e-02 │ η_eff 4.905e-05
Ep  26/300 │  0.09s │ bd 1.0541e-01 │ res 0.0000e+00 │ test 9.0415e-02 │ η_eff 5.790e-05
Ep  27/300 │  0.09s │ bd 6.9623e-02 │ res 0.0000e+00 │ test 5.8143e-02 │ η_eff 5.371e-05
Ep  28/300 │  0.09s │ bd 6.2450e-02 │ res 0.0000e+00 │ test 5.0999e-02 │ η_eff 5.875e-05
Ep  29/300 │  0.09s │ bd 6.9919e-02 │ res 0.0000e+00 │ test 7.6780e-02 │ η_eff 6.089e-05
Ep  30/300 │  0.09s │ bd 6.8789e-02 │ res 0.0000e+00 │ test 7.8765e-02 │ η_eff 3.806e-05
Ep  31/300 │  0.09s │ bd 7.1439e-02 │ res 0.0000e+00 │ test 5.1766e-02 │ η_eff 3.842e-05
Ep  32/300 │  0.09s │ bd 8.0547e-02 │ res 0.0000e+00 │ test 4.1035e-02 │ η_eff 2.733e-05
Ep  33/300 │  0.09s │ bd 8.0296e-02 │ res 0.0000e+00 │ test 4.4616e-02 │ η_eff 2.938e-05
Ep  34/300 │  0.09s │ bd 6.2992e-02 │ res 0.0000e+00 │ test 5.5257e-02 │ η_eff 3.229e-05
Ep  35/300 │  0.09s │ bd 5.9271e-02 │ res 0.0000e+00 │ test 4.6038e-02 │ η_eff 2.775e-05
Ep  36/300 │  0.09s │ bd 6.5776e-02 │ res 0.0000e+00 │ test 4.9642e-02 │ η_eff 3.072e-05
Ep  37/300 │  0.09s │ bd 6.5643e-02 │ res 0.0000e+00 │ test 5.0107e-02 │ η_eff 3.189e-05
Ep  38/300 │  0.09s │ bd 5.0342e-02 │ res 0.0000e+00 │ test 4.2607e-02 │ η_eff 3.415e-05
Ep  39/300 │  0.09s │ bd 6.7532e-02 │ res 0.0000e+00 │ test 4.8291e-02 │ η_eff 4.079e-05
Ep  40/300 │  0.09s │ bd 7.3789e-02 │ res 0.0000e+00 │ test 5.6080e-02 │ η_eff 1.409e-05
Ep  41/300 │  0.09s │ bd 4.9322e-02 │ res 0.0000e+00 │ test 4.8921e-02 │ η_eff 1.943e-05
Ep  42/300 │  0.09s │ bd 6.2362e-02 │ res 0.0000e+00 │ test 4.6864e-02 │ η_eff 2.096e-05
Ep  43/300 │  0.09s │ bd 7.0729e-02 │ res 0.0000e+00 │ test 3.8684e-02 │ η_eff 1.602e-05
Ep  44/300 │  0.09s │ bd 5.9914e-02 │ res 0.0000e+00 │ test 4.7917e-02 │ η_eff 1.825e-05
Ep  45/300 │  0.09s │ bd 4.9312e-02 │ res 0.0000e+00 │ test 3.6845e-02 │ η_eff 1.620e-05
Ep  46/300 │  0.09s │ bd 5.8091e-02 │ res 0.0000e+00 │ test 3.5849e-02 │ η_eff 2.001e-05
Ep  47/300 │  0.09s │ bd 6.8994e-02 │ res 0.0000e+00 │ test 4.0121e-02 │ η_eff 1.634e-05
Ep  48/300 │  0.09s │ bd 4.3320e-02 │ res 0.0000e+00 │ test 3.5400e-02 │ η_eff 1.787e-05
Ep  49/300 │  0.10s │ bd 5.1121e-02 │ res 0.0000e+00 │ test 4.1897e-02 │ η_eff 1.911e-05
Ep  50/300 │  0.10s │ bd 4.9582e-02 │ res 0.0000e+00 │ test 4.4280e-02 │ η_eff 9.570e-06
Ep  51/300 │  0.09s │ bd 6.6466e-02 │ res 0.0000e+00 │ test 4.7210e-02 │ η_eff 1.012e-05
Ep  52/300 │  0.09s │ bd 4.9650e-02 │ res 0.0000e+00 │ test 3.4769e-02 │ η_eff 1.018e-05
Ep  53/300 │  0.10s │ bd 5.7775e-02 │ res 0.0000e+00 │ test 4.1564e-02 │ η_eff 9.500e-06
Ep  54/300 │  0.09s │ bd 6.7128e-02 │ res 0.0000e+00 │ test 3.6690e-02 │ η_eff 8.532e-06
Ep  55/300 │  0.09s │ bd 5.6346e-02 │ res 0.0000e+00 │ test 4.5871e-02 │ η_eff 9.588e-06
Ep  56/300 │  0.09s │ bd 5.0661e-02 │ res 0.0000e+00 │ test 3.7127e-02 │ η_eff 1.039e-05
Ep  57/300 │  0.09s │ bd 4.3297e-02 │ res 0.0000e+00 │ test 3.5208e-02 │ η_eff 9.439e-06
Ep  58/300 │  0.09s │ bd 4.4288e-02 │ res 0.0000e+00 │ test 3.3870e-02 │ η_eff 9.010e-06
Ep  59/300 │  0.09s │ bd 5.0500e-02 │ res 0.0000e+00 │ test 3.4327e-02 │ η_eff 9.296e-06
Ep  60/300 │  0.09s │ bd 5.1668e-02 │ res 0.0000e+00 │ test 4.2777e-02 │ η_eff 4.616e-06
Ep  61/300 │  0.09s │ bd 4.4078e-02 │ res 0.0000e+00 │ test 3.9712e-02 │ η_eff 6.232e-06
Ep  62/300 │  0.09s │ bd 4.6194e-02 │ res 0.0000e+00 │ test 3.5601e-02 │ η_eff 6.798e-06
Ep  63/300 │  0.10s │ bd 4.9312e-02 │ res 0.0000e+00 │ test 3.5892e-02 │ η_eff 5.621e-06
Ep  64/300 │  0.09s │ bd 4.8733e-02 │ res 0.0000e+00 │ test 3.4981e-02 │ η_eff 5.789e-06
Ep  65/300 │  0.09s │ bd 3.6948e-02 │ res 0.0000e+00 │ test 3.2671e-02 │ η_eff 6.312e-06
Ep  66/300 │  0.09s │ bd 4.3571e-02 │ res 0.0000e+00 │ test 3.8362e-02 │ η_eff 5.056e-06
Ep  67/300 │  0.09s │ bd 6.4413e-02 │ res 0.0000e+00 │ test 3.3402e-02 │ η_eff 5.371e-06
Ep  68/300 │  0.09s │ bd 4.8811e-02 │ res 0.0000e+00 │ test 3.3652e-02 │ η_eff 5.527e-06
Ep  69/300 │  0.09s │ bd 4.6620e-02 │ res 0.0000e+00 │ test 3.3359e-02 │ η_eff 5.000e-06
Ep  70/300 │  0.10s │ bd 4.6910e-02 │ res 0.0000e+00 │ test 3.4136e-02 │ η_eff 2.941e-06
Ep  71/300 │  0.10s │ bd 5.7866e-02 │ res 0.0000e+00 │ test 3.2367e-02 │ η_eff 2.558e-06
Ep  72/300 │  0.09s │ bd 3.6450e-02 │ res 0.0000e+00 │ test 3.3230e-02 │ η_eff 2.550e-06
Ep  73/300 │  0.09s │ bd 5.9689e-02 │ res 0.0000e+00 │ test 3.3326e-02 │ η_eff 2.646e-06
Ep  74/300 │  0.09s │ bd 3.7358e-02 │ res 0.0000e+00 │ test 3.3187e-02 │ η_eff 2.527e-06
Ep  75/300 │  0.09s │ bd 5.0585e-02 │ res 0.0000e+00 │ test 3.2409e-02 │ η_eff 2.923e-06
Ep  76/300 │  0.09s │ bd 5.9677e-02 │ res 0.0000e+00 │ test 3.4148e-02 │ η_eff 2.633e-06
Ep  77/300 │  0.09s │ bd 3.5148e-02 │ res 0.0000e+00 │ test 3.2401e-02 │ η_eff 2.805e-06
Ep  78/300 │  0.10s │ bd 4.7175e-02 │ res 0.0000e+00 │ test 3.2839e-02 │ η_eff 2.669e-06
Ep  79/300 │  0.09s │ bd 4.1165e-02 │ res 0.0000e+00 │ test 3.2692e-02 │ η_eff 2.875e-06
Ep  80/300 │  0.09s │ bd 4.6650e-02 │ res 0.0000e+00 │ test 3.2565e-02 │ η_eff 1.553e-06
Ep  81/300 │  0.09s │ bd 4.6421e-02 │ res 0.0000e+00 │ test 3.2178e-02 │ η_eff 1.619e-06
Ep  82/300 │  0.11s │ bd 4.9237e-02 │ res 0.0000e+00 │ test 3.2434e-02 │ η_eff 1.506e-06
Ep  83/300 │  0.10s │ bd 4.4659e-02 │ res 0.0000e+00 │ test 3.2883e-02 │ η_eff 1.375e-06
Ep  84/300 │  0.09s │ bd 7.3066e-02 │ res 0.0000e+00 │ test 3.6627e-02 │ η_eff 1.484e-06
Ep  85/300 │  0.09s │ bd 5.2160e-02 │ res 0.0000e+00 │ test 3.3399e-02 │ η_eff 1.819e-06
Ep  86/300 │  0.09s │ bd 4.3488e-02 │ res 0.0000e+00 │ test 3.3224e-02 │ η_eff 1.705e-06
Ep  87/300 │  0.09s │ bd 4.8687e-02 │ res 0.0000e+00 │ test 3.2286e-02 │ η_eff 1.700e-06
Ep  88/300 │  0.11s │ bd 4.3053e-02 │ res 0.0000e+00 │ test 3.2794e-02 │ η_eff 1.569e-06
Ep  89/300 │  0.09s │ bd 3.4378e-02 │ res 0.0000e+00 │ test 3.2491e-02 │ η_eff 1.643e-06
Ep  90/300 │  0.09s │ bd 2.9870e-02 │ res 0.0000e+00 │ test 3.1922e-02 │ η_eff 8.086e-07
Ep  91/300 │  0.10s │ bd 4.5041e-02 │ res 0.0000e+00 │ test 3.1760e-02 │ η_eff 7.077e-07
Ep  92/300 │  0.09s │ bd 3.8881e-02 │ res 0.0000e+00 │ test 3.2250e-02 │ η_eff 7.575e-07
Ep  93/300 │  0.09s │ bd 4.9418e-02 │ res 0.0000e+00 │ test 3.2725e-02 │ η_eff 8.437e-07
Ep  94/300 │  0.09s │ bd 5.7966e-02 │ res 0.0000e+00 │ test 3.1890e-02 │ η_eff 7.677e-07
Ep  95/300 │  0.09s │ bd 3.4559e-02 │ res 0.0000e+00 │ test 3.1811e-02 │ η_eff 8.771e-07
Ep  96/300 │  0.09s │ bd 5.1210e-02 │ res 0.0000e+00 │ test 3.2195e-02 │ η_eff 8.327e-07
Ep  97/300 │  0.09s │ bd 4.8440e-02 │ res 0.0000e+00 │ test 3.2273e-02 │ η_eff 7.611e-07
Ep  98/300 │  0.09s │ bd 3.8522e-02 │ res 0.0000e+00 │ test 3.2213e-02 │ η_eff 7.779e-07
Ep  99/300 │  0.09s │ bd 4.5965e-02 │ res 0.0000e+00 │ test 3.2242e-02 │ η_eff 8.588e-07
Ep 100/300 │  0.10s │ bd 4.4996e-02 │ res 0.0000e+00 │ test 3.2860e-02 │ η_eff 4.424e-07
Ep 101/300 │  0.09s │ bd 2.7077e-02 │ res 0.0000e+00 │ test 3.2390e-02 │ η_eff 4.721e-07
Ep 102/300 │  0.09s │ bd 5.5079e-02 │ res 0.0000e+00 │ test 3.3198e-02 │ η_eff 4.842e-07
Ep 103/300 │  0.09s │ bd 5.7120e-02 │ res 0.0000e+00 │ test 3.3297e-02 │ η_eff 5.021e-07
Ep 104/300 │  0.09s │ bd 4.4530e-02 │ res 0.0000e+00 │ test 3.2275e-02 │ η_eff 4.130e-07
Ep 105/300 │  0.09s │ bd 4.0370e-02 │ res 0.0000e+00 │ test 3.2683e-02 │ η_eff 4.663e-07
Ep 106/300 │  0.09s │ bd 3.7183e-02 │ res 0.0000e+00 │ test 3.2854e-02 │ η_eff 4.249e-07
Ep 107/300 │  0.09s │ bd 5.0929e-02 │ res 0.0000e+00 │ test 3.2159e-02 │ η_eff 4.345e-07
Ep 108/300 │  0.09s │ bd 3.1778e-02 │ res 0.0000e+00 │ test 3.2283e-02 │ η_eff 4.745e-07
Ep 109/300 │  0.10s │ bd 4.5024e-02 │ res 0.0000e+00 │ test 3.2629e-02 │ η_eff 4.461e-07
Ep 110/300 │  0.09s │ bd 6.3682e-02 │ res 0.0000e+00 │ test 3.2434e-02 │ η_eff 2.367e-07
Ep 111/300 │  0.10s │ bd 3.7870e-02 │ res 0.0000e+00 │ test 3.2396e-02 │ η_eff 2.224e-07
Ep 112/300 │  0.09s │ bd 4.6089e-02 │ res 0.0000e+00 │ test 3.2462e-02 │ η_eff 2.228e-07
Ep 113/300 │  0.10s │ bd 4.6797e-02 │ res 0.0000e+00 │ test 3.2428e-02 │ η_eff 2.393e-07
Ep 114/300 │  0.09s │ bd 4.1918e-02 │ res 0.0000e+00 │ test 3.2723e-02 │ η_eff 2.507e-07
Ep 115/300 │  0.10s │ bd 4.4316e-02 │ res 0.0000e+00 │ test 3.3345e-02 │ η_eff 2.217e-07
Ep 116/300 │  0.09s │ bd 4.3868e-02 │ res 0.0000e+00 │ test 3.2312e-02 │ η_eff 2.403e-07
Ep 117/300 │  0.09s │ bd 6.4284e-02 │ res 0.0000e+00 │ test 3.2856e-02 │ η_eff 2.379e-07
Ep 118/300 │  0.09s │ bd 3.3482e-02 │ res 0.0000e+00 │ test 3.2428e-02 │ η_eff 2.233e-07
Ep 119/300 │  0.09s │ bd 8.3584e-02 │ res 0.0000e+00 │ test 3.2446e-02 │ η_eff 2.484e-07
Ep 120/300 │  0.09s │ bd 4.5243e-02 │ res 0.0000e+00 │ test 3.2426e-02 │ η_eff 1.240e-07
Ep 121/300 │  0.09s │ bd 5.7753e-02 │ res 0.0000e+00 │ test 3.2579e-02 │ η_eff 1.111e-07
Ep 122/300 │  0.09s │ bd 4.5621e-02 │ res 0.0000e+00 │ test 3.2500e-02 │ η_eff 1.270e-07
Ep 123/300 │  0.10s │ bd 3.6567e-02 │ res 0.0000e+00 │ test 3.2357e-02 │ η_eff 1.114e-07
Ep 124/300 │  0.09s │ bd 4.3315e-02 │ res 0.0000e+00 │ test 3.2496e-02 │ η_eff 1.151e-07
Ep 125/300 │  0.10s │ bd 5.5930e-02 │ res 0.0000e+00 │ test 3.3173e-02 │ η_eff 1.284e-07
Ep 126/300 │  0.09s │ bd 2.9172e-02 │ res 0.0000e+00 │ test 3.2840e-02 │ η_eff 1.377e-07
Ep 127/300 │  0.09s │ bd 5.0961e-02 │ res 0.0000e+00 │ test 3.2371e-02 │ η_eff 1.205e-07
Ep 128/300 │  0.10s │ bd 3.4440e-02 │ res 0.0000e+00 │ test 3.2127e-02 │ η_eff 1.458e-07
Ep 129/300 │  0.09s │ bd 4.7588e-02 │ res 0.0000e+00 │ test 3.3250e-02 │ η_eff 1.404e-07
Ep 130/300 │  0.11s │ bd 3.3402e-02 │ res 0.0000e+00 │ test 3.2105e-02 │ η_eff 6.611e-08
Ep 131/300 │  0.09s │ bd 4.1762e-02 │ res 0.0000e+00 │ test 3.2093e-02 │ η_eff 6.654e-08
Ep 132/300 │  0.09s │ bd 4.7170e-02 │ res 0.0000e+00 │ test 3.2087e-02 │ η_eff 5.981e-08
Ep 133/300 │  0.09s │ bd 4.8854e-02 │ res 0.0000e+00 │ test 3.2713e-02 │ η_eff 6.106e-08
Ep 134/300 │  0.10s │ bd 3.8848e-02 │ res 0.0000e+00 │ test 3.2102e-02 │ η_eff 6.521e-08
Ep 135/300 │  0.09s │ bd 3.8861e-02 │ res 0.0000e+00 │ test 3.2535e-02 │ η_eff 6.935e-08
Ep 136/300 │  0.10s │ bd 6.6939e-02 │ res 0.0000e+00 │ test 3.2200e-02 │ η_eff 6.184e-08
Ep 137/300 │  0.09s │ bd 5.5643e-02 │ res 0.0000e+00 │ test 3.2163e-02 │ η_eff 6.914e-08
Ep 138/300 │  0.09s │ bd 4.1548e-02 │ res 0.0000e+00 │ test 3.2131e-02 │ η_eff 6.595e-08
Ep 139/300 │  0.09s │ bd 3.9455e-02 │ res 0.0000e+00 │ test 3.2254e-02 │ η_eff 6.538e-08
Ep 140/300 │  0.09s │ bd 5.6531e-02 │ res 0.0000e+00 │ test 3.2491e-02 │ η_eff 3.207e-08
Ep 141/300 │  0.09s │ bd 5.1254e-02 │ res 0.0000e+00 │ test 3.2128e-02 │ η_eff 3.230e-08
Ep 142/300 │  0.10s │ bd 4.1951e-02 │ res 0.0000e+00 │ test 3.2071e-02 │ η_eff 3.590e-08
Ep 143/300 │  0.09s │ bd 5.2590e-02 │ res 0.0000e+00 │ test 3.2463e-02 │ η_eff 3.562e-08
Ep 144/300 │  0.09s │ bd 5.2628e-02 │ res 0.0000e+00 │ test 3.2561e-02 │ η_eff 3.248e-08
Ep 145/300 │  0.10s │ bd 5.1526e-02 │ res 0.0000e+00 │ test 3.2173e-02 │ η_eff 3.690e-08
Ep 146/300 │  0.09s │ bd 5.3739e-02 │ res 0.0000e+00 │ test 3.2561e-02 │ η_eff 3.226e-08
Ep 147/300 │  0.10s │ bd 4.8678e-02 │ res 0.0000e+00 │ test 3.2275e-02 │ η_eff 2.831e-08
Ep 148/300 │  0.09s │ bd 4.7403e-02 │ res 0.0000e+00 │ test 3.2297e-02 │ η_eff 3.177e-08
Ep 149/300 │  0.09s │ bd 4.1573e-02 │ res 0.0000e+00 │ test 3.2197e-02 │ η_eff 3.473e-08
Ep 150/300 │  0.09s │ bd 4.9397e-02 │ res 0.0000e+00 │ test 3.2064e-02 │ η_eff 1.963e-08
Ep 151/300 │  0.10s │ bd 5.3070e-02 │ res 0.0000e+00 │ test 3.2642e-02 │ η_eff 1.933e-08
Ep 152/300 │  0.09s │ bd 4.2411e-02 │ res 0.0000e+00 │ test 3.2827e-02 │ η_eff 1.573e-08
Ep 153/300 │  0.09s │ bd 4.2864e-02 │ res 0.0000e+00 │ test 3.2025e-02 │ η_eff 1.655e-08
Ep 154/300 │  0.10s │ bd 4.5766e-02 │ res 0.0000e+00 │ test 3.2266e-02 │ η_eff 1.675e-08
Ep 155/300 │  0.09s │ bd 4.2695e-02 │ res 0.0000e+00 │ test 3.2183e-02 │ η_eff 1.807e-08
Ep 156/300 │  0.09s │ bd 4.1863e-02 │ res 0.0000e+00 │ test 3.2202e-02 │ η_eff 1.818e-08
Ep 157/300 │  0.09s │ bd 4.4835e-02 │ res 0.0000e+00 │ test 3.2267e-02 │ η_eff 1.658e-08
Ep 158/300 │  0.09s │ bd 4.4770e-02 │ res 0.0000e+00 │ test 3.2120e-02 │ η_eff 1.735e-08
Ep 159/300 │  0.09s │ bd 5.0232e-02 │ res 0.0000e+00 │ test 3.2864e-02 │ η_eff 1.614e-08
Ep 160/300 │  0.10s │ bd 4.5857e-02 │ res 0.0000e+00 │ test 3.2163e-02 │ η_eff 8.639e-09
Ep 161/300 │  0.09s │ bd 4.2832e-02 │ res 0.0000e+00 │ test 3.2151e-02 │ η_eff 8.622e-09
Ep 162/300 │  0.09s │ bd 4.7924e-02 │ res 0.0000e+00 │ test 3.2394e-02 │ η_eff 8.653e-09
Ep 163/300 │  0.10s │ bd 4.6181e-02 │ res 0.0000e+00 │ test 3.2278e-02 │ η_eff 9.470e-09
Ep 164/300 │  0.09s │ bd 4.4558e-02 │ res 0.0000e+00 │ test 3.2139e-02 │ η_eff 9.382e-09
Ep 165/300 │  0.09s │ bd 4.1656e-02 │ res 0.0000e+00 │ test 3.2170e-02 │ η_eff 9.509e-09
Ep 166/300 │  0.09s │ bd 5.2030e-02 │ res 0.0000e+00 │ test 3.2255e-02 │ η_eff 9.877e-09
Ep 167/300 │  0.10s │ bd 4.5150e-02 │ res 0.0000e+00 │ test 3.2169e-02 │ η_eff 1.139e-08
Ep 168/300 │  0.09s │ bd 5.1666e-02 │ res 0.0000e+00 │ test 3.2124e-02 │ η_eff 9.591e-09
Ep 169/300 │  0.09s │ bd 5.6007e-02 │ res 0.0000e+00 │ test 3.2151e-02 │ η_eff 1.026e-08
Ep 170/300 │  0.09s │ bd 4.6156e-02 │ res 0.0000e+00 │ test 3.2283e-02 │ η_eff 4.827e-09
Ep 171/300 │  0.09s │ bd 5.7674e-02 │ res 0.0000e+00 │ test 3.2685e-02 │ η_eff 4.978e-09
Ep 172/300 │  0.09s │ bd 4.0165e-02 │ res 0.0000e+00 │ test 3.2364e-02 │ η_eff 5.050e-09
Ep 173/300 │  0.10s │ bd 5.6745e-02 │ res 0.0000e+00 │ test 3.2953e-02 │ η_eff 5.354e-09
Ep 174/300 │  0.09s │ bd 4.6551e-02 │ res 0.0000e+00 │ test 3.2352e-02 │ η_eff 5.053e-09
Ep 175/300 │  0.09s │ bd 5.4850e-02 │ res 0.0000e+00 │ test 3.2290e-02 │ η_eff 5.107e-09
Ep 176/300 │  0.09s │ bd 3.9479e-02 │ res 0.0000e+00 │ test 3.2084e-02 │ η_eff 5.134e-09
Ep 177/300 │  0.09s │ bd 4.7220e-02 │ res 0.0000e+00 │ test 3.2334e-02 │ η_eff 5.001e-09
Ep 178/300 │  0.09s │ bd 5.2037e-02 │ res 0.0000e+00 │ test 3.2125e-02 │ η_eff 4.929e-09
Ep 179/300 │  0.10s │ bd 5.8792e-02 │ res 0.0000e+00 │ test 3.2494e-02 │ η_eff 4.361e-09
Ep 180/300 │  0.09s │ bd 3.8074e-02 │ res 0.0000e+00 │ test 3.2211e-02 │ η_eff 2.556e-09
Ep 181/300 │  0.09s │ bd 4.6014e-02 │ res 0.0000e+00 │ test 3.2460e-02 │ η_eff 2.693e-09
Ep 182/300 │  0.09s │ bd 3.8187e-02 │ res 0.0000e+00 │ test 3.2109e-02 │ η_eff 2.644e-09
Ep 183/300 │  0.10s │ bd 3.3578e-02 │ res 0.0000e+00 │ test 3.2221e-02 │ η_eff 2.684e-09
Ep 184/300 │  0.09s │ bd 4.8994e-02 │ res 0.0000e+00 │ test 3.2880e-02 │ η_eff 2.606e-09
Ep 185/300 │  0.09s │ bd 5.3147e-02 │ res 0.0000e+00 │ test 3.2978e-02 │ η_eff 2.414e-09
Ep 186/300 │  0.10s │ bd 3.7181e-02 │ res 0.0000e+00 │ test 3.2288e-02 │ η_eff 2.290e-09
Ep 187/300 │  0.09s │ bd 3.7474e-02 │ res 0.0000e+00 │ test 3.2396e-02 │ η_eff 2.462e-09
Ep 188/300 │  0.09s │ bd 3.4530e-02 │ res 0.0000e+00 │ test 3.2597e-02 │ η_eff 2.526e-09
Ep 189/300 │  0.10s │ bd 5.3049e-02 │ res 0.0000e+00 │ test 3.3090e-02 │ η_eff 2.575e-09
Ep 190/300 │  0.09s │ bd 5.1484e-02 │ res 0.0000e+00 │ test 3.2141e-02 │ η_eff 1.294e-09
Ep 191/300 │  0.10s │ bd 4.6008e-02 │ res 0.0000e+00 │ test 3.2329e-02 │ η_eff 1.269e-09
Ep 192/300 │  0.09s │ bd 3.3030e-02 │ res 0.0000e+00 │ test 3.2219e-02 │ η_eff 1.327e-09
Ep 193/300 │  0.09s │ bd 4.2540e-02 │ res 0.0000e+00 │ test 3.2699e-02 │ η_eff 1.274e-09
Ep 194/300 │  0.09s │ bd 3.9431e-02 │ res 0.0000e+00 │ test 3.2267e-02 │ η_eff 1.319e-09
Ep 195/300 │  0.09s │ bd 3.9724e-02 │ res 0.0000e+00 │ test 3.2108e-02 │ η_eff 1.387e-09
Ep 196/300 │  0.09s │ bd 5.0163e-02 │ res 0.0000e+00 │ test 3.2216e-02 │ η_eff 1.342e-09
Ep 197/300 │  0.09s │ bd 4.3851e-02 │ res 0.0000e+00 │ test 3.3076e-02 │ η_eff 1.199e-09
Ep 198/300 │  0.09s │ bd 4.8816e-02 │ res 0.0000e+00 │ test 3.2580e-02 │ η_eff 1.276e-09
Ep 199/300 │  0.09s │ bd 4.1636e-02 │ res 0.0000e+00 │ test 3.2548e-02 │ η_eff 1.258e-09
Ep 200/300 │  0.10s │ bd 3.6083e-02 │ res 0.0000e+00 │ test 3.2408e-02 │ η_eff 7.588e-10
Ep 201/300 │  0.09s │ bd 4.1748e-02 │ res 0.0000e+00 │ test 3.2312e-02 │ η_eff 6.593e-10
Ep 202/300 │  0.09s │ bd 5.7337e-02 │ res 0.0000e+00 │ test 3.3005e-02 │ η_eff 7.962e-10
Ep 203/300 │  0.11s │ bd 4.4470e-02 │ res 0.0000e+00 │ test 3.2443e-02 │ η_eff 7.146e-10
Ep 204/300 │  0.09s │ bd 4.5965e-02 │ res 0.0000e+00 │ test 3.2181e-02 │ η_eff 7.395e-10
Ep 205/300 │  0.09s │ bd 4.7062e-02 │ res 0.0000e+00 │ test 3.2087e-02 │ η_eff 7.182e-10
Ep 206/300 │  0.09s │ bd 5.6401e-02 │ res 0.0000e+00 │ test 3.2329e-02 │ η_eff 6.357e-10
Ep 207/300 │  0.09s │ bd 3.6618e-02 │ res 0.0000e+00 │ test 3.2707e-02 │ η_eff 6.975e-10
Ep 208/300 │  0.09s │ bd 5.1329e-02 │ res 0.0000e+00 │ test 3.2352e-02 │ η_eff 5.966e-10
Ep 209/300 │  0.09s │ bd 4.7925e-02 │ res 0.0000e+00 │ test 3.2550e-02 │ η_eff 6.852e-10
Ep 210/300 │  0.09s │ bd 5.9014e-02 │ res 0.0000e+00 │ test 3.2165e-02 │ η_eff 3.625e-10
Ep 211/300 │  0.10s │ bd 5.2398e-02 │ res 0.0000e+00 │ test 3.2175e-02 │ η_eff 3.727e-10
Ep 212/300 │  0.09s │ bd 3.4833e-02 │ res 0.0000e+00 │ test 3.2453e-02 │ η_eff 3.549e-10
Ep 213/300 │  0.10s │ bd 5.0700e-02 │ res 0.0000e+00 │ test 3.2321e-02 │ η_eff 3.681e-10
Ep 214/300 │  0.09s │ bd 4.4781e-02 │ res 0.0000e+00 │ test 3.2285e-02 │ η_eff 3.770e-10
Ep 215/300 │  0.10s │ bd 4.9851e-02 │ res 0.0000e+00 │ test 3.2474e-02 │ η_eff 3.789e-10
Ep 216/300 │  0.09s │ bd 3.8874e-02 │ res 0.0000e+00 │ test 3.2453e-02 │ η_eff 3.645e-10
Ep 217/300 │  0.09s │ bd 4.8628e-02 │ res 0.0000e+00 │ test 3.2169e-02 │ η_eff 3.535e-10
Ep 218/300 │  0.09s │ bd 4.9390e-02 │ res 0.0000e+00 │ test 3.2326e-02 │ η_eff 4.046e-10
Ep 219/300 │  0.10s │ bd 4.4447e-02 │ res 0.0000e+00 │ test 3.2332e-02 │ η_eff 3.919e-10
Ep 220/300 │  0.09s │ bd 4.3332e-02 │ res 0.0000e+00 │ test 3.2094e-02 │ η_eff 2.355e-10
Ep 221/300 │  0.10s │ bd 5.8063e-02 │ res 0.0000e+00 │ test 3.2109e-02 │ η_eff 1.967e-10
Ep 222/300 │  0.09s │ bd 4.3693e-02 │ res 0.0000e+00 │ test 3.2099e-02 │ η_eff 1.799e-10
Ep 223/300 │  0.10s │ bd 4.8587e-02 │ res 0.0000e+00 │ test 3.2420e-02 │ η_eff 1.750e-10
Ep 224/300 │  0.11s │ bd 6.5105e-02 │ res 0.0000e+00 │ test 3.2600e-02 │ η_eff 1.689e-10
Ep 225/300 │  0.09s │ bd 3.2118e-02 │ res 0.0000e+00 │ test 3.2192e-02 │ η_eff 1.875e-10
Ep 226/300 │  0.09s │ bd 3.4991e-02 │ res 0.0000e+00 │ test 3.2110e-02 │ η_eff 1.901e-10
Ep 227/300 │  0.09s │ bd 3.8625e-02 │ res 0.0000e+00 │ test 3.2193e-02 │ η_eff 1.935e-10
Ep 228/300 │  0.09s │ bd 5.5019e-02 │ res 0.0000e+00 │ test 3.2363e-02 │ η_eff 1.878e-10
Ep 229/300 │  0.09s │ bd 3.8197e-02 │ res 0.0000e+00 │ test 3.2474e-02 │ η_eff 1.938e-10
Ep 230/300 │  0.09s │ bd 5.5346e-02 │ res 0.0000e+00 │ test 3.2726e-02 │ η_eff 9.707e-11
Ep 231/300 │  0.09s │ bd 5.7744e-02 │ res 0.0000e+00 │ test 3.2471e-02 │ η_eff 9.314e-11
Ep 232/300 │  0.09s │ bd 5.3395e-02 │ res 0.0000e+00 │ test 3.2446e-02 │ η_eff 9.428e-11
Ep 233/300 │  0.09s │ bd 4.5665e-02 │ res 0.0000e+00 │ test 3.2181e-02 │ η_eff 1.013e-10
Ep 234/300 │  0.09s │ bd 3.2615e-02 │ res 0.0000e+00 │ test 3.2206e-02 │ η_eff 9.678e-11
Ep 235/300 │  0.10s │ bd 4.6475e-02 │ res 0.0000e+00 │ test 3.2534e-02 │ η_eff 9.427e-11
Ep 236/300 │  0.09s │ bd 5.0302e-02 │ res 0.0000e+00 │ test 3.2370e-02 │ η_eff 9.521e-11
Ep 237/300 │  0.09s │ bd 5.9594e-02 │ res 0.0000e+00 │ test 3.2308e-02 │ η_eff 1.014e-10
Ep 238/300 │  0.09s │ bd 3.0041e-02 │ res 0.0000e+00 │ test 3.2565e-02 │ η_eff 1.083e-10
Ep 239/300 │  0.10s │ bd 4.1233e-02 │ res 0.0000e+00 │ test 3.2134e-02 │ η_eff 1.012e-10
Ep 240/300 │  0.09s │ bd 4.2497e-02 │ res 0.0000e+00 │ test 3.2881e-02 │ η_eff 4.738e-11
Ep 241/300 │  0.09s │ bd 4.7169e-02 │ res 0.0000e+00 │ test 3.2266e-02 │ η_eff 4.995e-11
Ep 242/300 │  0.10s │ bd 4.9513e-02 │ res 0.0000e+00 │ test 3.2266e-02 │ η_eff 5.854e-11
Ep 243/300 │  0.09s │ bd 3.7112e-02 │ res 0.0000e+00 │ test 3.2245e-02 │ η_eff 5.071e-11
Ep 244/300 │  0.09s │ bd 4.3375e-02 │ res 0.0000e+00 │ test 3.2451e-02 │ η_eff 5.487e-11
Ep 245/300 │  0.09s │ bd 4.8450e-02 │ res 0.0000e+00 │ test 3.2215e-02 │ η_eff 5.327e-11
Ep 246/300 │  0.09s │ bd 5.9393e-02 │ res 0.0000e+00 │ test 3.2316e-02 │ η_eff 4.867e-11
Ep 247/300 │  0.09s │ bd 4.7446e-02 │ res 0.0000e+00 │ test 3.2116e-02 │ η_eff 4.859e-11
Ep 248/300 │  0.09s │ bd 4.3080e-02 │ res 0.0000e+00 │ test 3.2198e-02 │ η_eff 5.187e-11
Ep 249/300 │  0.09s │ bd 5.1503e-02 │ res 0.0000e+00 │ test 3.2231e-02 │ η_eff 5.113e-11
Ep 250/300 │  0.09s │ bd 4.0731e-02 │ res 0.0000e+00 │ test 3.2314e-02 │ η_eff 2.674e-11
Ep 251/300 │  0.09s │ bd 4.5800e-02 │ res 0.0000e+00 │ test 3.2195e-02 │ η_eff 2.904e-11
Ep 252/300 │  0.10s │ bd 5.0693e-02 │ res 0.0000e+00 │ test 3.2489e-02 │ η_eff 2.939e-11
Ep 253/300 │  0.09s │ bd 4.3528e-02 │ res 0.0000e+00 │ test 3.2062e-02 │ η_eff 2.761e-11
Ep 254/300 │  0.09s │ bd 6.3062e-02 │ res 0.0000e+00 │ test 3.3167e-02 │ η_eff 3.108e-11
Ep 255/300 │  0.09s │ bd 5.4842e-02 │ res 0.0000e+00 │ test 3.2403e-02 │ η_eff 2.604e-11
Ep 256/300 │  0.09s │ bd 5.3182e-02 │ res 0.0000e+00 │ test 3.2103e-02 │ η_eff 2.795e-11
Ep 257/300 │  0.09s │ bd 4.6145e-02 │ res 0.0000e+00 │ test 3.2231e-02 │ η_eff 2.975e-11
Ep 258/300 │  0.09s │ bd 4.1908e-02 │ res 0.0000e+00 │ test 3.2247e-02 │ η_eff 3.191e-11
Ep 259/300 │  0.10s │ bd 4.3698e-02 │ res 0.0000e+00 │ test 3.2189e-02 │ η_eff 2.966e-11
Ep 260/300 │  0.09s │ bd 4.0076e-02 │ res 0.0000e+00 │ test 3.2087e-02 │ η_eff 1.513e-11
Ep 261/300 │  0.10s │ bd 6.7056e-02 │ res 0.0000e+00 │ test 3.2301e-02 │ η_eff 1.328e-11
Ep 262/300 │  0.09s │ bd 7.0021e-02 │ res 0.0000e+00 │ test 3.2644e-02 │ η_eff 1.408e-11
Ep 263/300 │  0.10s │ bd 3.7392e-02 │ res 0.0000e+00 │ test 3.2083e-02 │ η_eff 1.302e-11
Ep 264/300 │  0.09s │ bd 6.4196e-02 │ res 0.0000e+00 │ test 3.2280e-02 │ η_eff 1.355e-11
Ep 265/300 │  0.09s │ bd 3.0116e-02 │ res 0.0000e+00 │ test 3.2130e-02 │ η_eff 1.488e-11
Ep 266/300 │  0.09s │ bd 5.6076e-02 │ res 0.0000e+00 │ test 3.2159e-02 │ η_eff 1.356e-11
Ep 267/300 │  0.09s │ bd 5.8322e-02 │ res 0.0000e+00 │ test 3.2371e-02 │ η_eff 1.427e-11
Ep 268/300 │  0.09s │ bd 5.3067e-02 │ res 0.0000e+00 │ test 3.2412e-02 │ η_eff 1.367e-11
Ep 269/300 │  0.09s │ bd 5.2913e-02 │ res 0.0000e+00 │ test 3.2546e-02 │ η_eff 1.428e-11
Ep 270/300 │  0.09s │ bd 4.9955e-02 │ res 0.0000e+00 │ test 3.2096e-02 │ η_eff 6.137e-12
Ep 271/300 │  0.09s │ bd 4.5694e-02 │ res 0.0000e+00 │ test 3.2306e-02 │ η_eff 7.319e-12
Ep 272/300 │  0.09s │ bd 4.9809e-02 │ res 0.0000e+00 │ test 3.2430e-02 │ η_eff 7.630e-12
Ep 273/300 │  0.09s │ bd 4.2007e-02 │ res 0.0000e+00 │ test 3.2221e-02 │ η_eff 7.170e-12
Ep 274/300 │  0.09s │ bd 4.2568e-02 │ res 0.0000e+00 │ test 3.2219e-02 │ η_eff 8.033e-12
Ep 275/300 │  0.09s │ bd 5.2257e-02 │ res 0.0000e+00 │ test 3.2990e-02 │ η_eff 7.184e-12
Ep 276/300 │  0.09s │ bd 6.6006e-02 │ res 0.0000e+00 │ test 3.2122e-02 │ η_eff 7.341e-12
Ep 277/300 │  0.10s │ bd 3.7483e-02 │ res 0.0000e+00 │ test 3.2201e-02 │ η_eff 7.793e-12
Ep 278/300 │  0.09s │ bd 4.2064e-02 │ res 0.0000e+00 │ test 3.2289e-02 │ η_eff 7.431e-12
Ep 279/300 │  0.09s │ bd 4.1805e-02 │ res 0.0000e+00 │ test 3.2506e-02 │ η_eff 7.510e-12
Ep 280/300 │  0.09s │ bd 3.8990e-02 │ res 0.0000e+00 │ test 3.2133e-02 │ η_eff 3.486e-12
Ep 281/300 │  0.09s │ bd 4.2874e-02 │ res 0.0000e+00 │ test 3.2445e-02 │ η_eff 3.281e-12
Ep 282/300 │  0.09s │ bd 4.1688e-02 │ res 0.0000e+00 │ test 3.2359e-02 │ η_eff 3.729e-12
Ep 283/300 │  0.09s │ bd 3.9081e-02 │ res 0.0000e+00 │ test 3.2157e-02 │ η_eff 3.327e-12
Ep 284/300 │  0.10s │ bd 4.8174e-02 │ res 0.0000e+00 │ test 3.2189e-02 │ η_eff 3.495e-12
Ep 285/300 │  0.09s │ bd 5.9624e-02 │ res 0.0000e+00 │ test 3.2896e-02 │ η_eff 3.475e-12
Ep 286/300 │  0.09s │ bd 3.4120e-02 │ res 0.0000e+00 │ test 3.2804e-02 │ η_eff 3.987e-12
Ep 287/300 │  0.09s │ bd 3.7966e-02 │ res 0.0000e+00 │ test 3.2476e-02 │ η_eff 3.636e-12
Ep 288/300 │  0.09s │ bd 7.3685e-02 │ res 0.0000e+00 │ test 3.2859e-02 │ η_eff 3.783e-12
Ep 289/300 │  0.09s │ bd 5.1101e-02 │ res 0.0000e+00 │ test 3.2177e-02 │ η_eff 3.555e-12
Ep 290/300 │  0.09s │ bd 3.8707e-02 │ res 0.0000e+00 │ test 3.2229e-02 │ η_eff 1.912e-12
Ep 291/300 │  0.09s │ bd 3.9729e-02 │ res 0.0000e+00 │ test 3.2261e-02 │ η_eff 1.900e-12
Ep 292/300 │  0.09s │ bd 4.0420e-02 │ res 0.0000e+00 │ test 3.2163e-02 │ η_eff 1.694e-12
Ep 293/300 │  0.09s │ bd 3.7895e-02 │ res 0.0000e+00 │ test 3.2395e-02 │ η_eff 1.970e-12
Ep 294/300 │  0.09s │ bd 5.7475e-02 │ res 0.0000e+00 │ test 3.2141e-02 │ η_eff 1.784e-12
Ep 295/300 │  0.09s │ bd 4.6633e-02 │ res 0.0000e+00 │ test 3.2184e-02 │ η_eff 1.938e-12
Ep 296/300 │  0.09s │ bd 6.5084e-02 │ res 0.0000e+00 │ test 3.2275e-02 │ η_eff 1.750e-12
Ep 297/300 │  0.09s │ bd 5.0027e-02 │ res 0.0000e+00 │ test 3.2308e-02 │ η_eff 1.943e-12
Ep 298/300 │  0.09s │ bd 5.7597e-02 │ res 0.0000e+00 │ test 3.2149e-02 │ η_eff 1.835e-12
Ep 299/300 │  0.10s │ bd 3.9020e-02 │ res 0.0000e+00 │ test 3.2185e-02 │ η_eff 2.119e-12
Ep 300/300 │  0.09s │ bd 3.9064e-02 │ res 0.0000e+00 │ test 3.2223e-02 │ η_eff 1.023e-12
→ Saved: loss/Burger1d_pino_fd_sup_90_Adam_ep300_visc0.1_m32_w64/loss_supervised.csv
→ Model saved: model/Burger1d_pino_fd_sup_90_Adam_ep300_visc0.1_m32_w64
→ Eta-term history: loss/Burger1d_pino_fd_sup_90_Adam_ep300_visc0.1_m32_w64/eta_term_history.csv
  sample 0: test L2 = 3.4559e-02
  sample 1: test L2 = 1.5093e-02
  sample 2: test L2 = 2.5215e-02
  sample 3: test L2 = 1.7550e-02
  sample 4: test L2 = 7.2317e-02
  sample 5: test L2 = 3.4741e-02
  sample 6: test L2 = 3.5383e-02
  sample 7: test L2 = 1.7685e-02
  sample 8: test L2 = 2.3717e-02
  sample 9: test L2 = 4.5963e-02
→ Predictions saved: burger_test_pino_fd_sup.mat
→ Figure saved: image/Burger1d_pino_fd_sup_90_Adam_ep300_visc0.1_m32_w64/final_velocity.png
