loaded 1D buffers
[train_model] model=pino_fd | training=multistage | S=2048 | nu=0.1 | dt=0.1 | modes=32 | width=64
Model parameters: 550,081

=== Phase 'full_loss_1' | epochs 100 ===

Ep   1/100 │  0.46s │ bd 2.0021e+00 │ res 6.8544e+01 │ test 3.3580e+00 │ η_eff 2.396e-03
Ep   2/100 │  0.12s │ bd 1.0727e+00 │ res 3.5699e+01 │ test 1.6252e+00 │ η_eff 9.557e-04
Ep   3/100 │  0.12s │ bd 1.0102e+00 │ res 3.4227e+01 │ test 9.4447e-01 │ η_eff 4.225e-04
Ep   4/100 │  0.11s │ bd 9.8333e-01 │ res 3.3390e+01 │ test 1.1214e+00 │ η_eff 1.979e-04
Ep   5/100 │  0.11s │ bd 9.8312e-01 │ res 3.2797e+01 │ test 9.0479e-01 │ η_eff 1.109e-04
Ep   6/100 │  0.11s │ bd 7.3556e-01 │ res 2.6467e+01 │ test 7.2209e-01 │ η_eff 1.128e-04
Ep   7/100 │  0.11s │ bd 5.8244e-01 │ res 1.6689e+01 │ test 6.6027e-01 │ η_eff 1.550e-04
Ep   8/100 │  0.12s │ bd 8.1032e-01 │ res 1.4804e+01 │ test 8.1945e-01 │ η_eff 1.417e-04
Ep   9/100 │  0.12s │ bd 4.9594e-01 │ res 1.3045e+01 │ test 7.1424e-01 │ η_eff 1.129e-04
Ep  10/100 │  0.10s │ bd 4.6993e-01 │ res 1.1344e+01 │ test 6.7759e-01 │ η_eff 4.169e-05
Ep  11/100 │  0.12s │ bd 4.3439e-01 │ res 8.6209e+00 │ test 5.8964e-01 │ η_eff 4.667e-05
Ep  12/100 │  0.11s │ bd 3.0349e-01 │ res 7.6527e+00 │ test 6.0191e-01 │ η_eff 4.116e-05
Ep  13/100 │  0.11s │ bd 2.8820e-01 │ res 7.3939e+00 │ test 6.2422e-01 │ η_eff 5.274e-05
Ep  14/100 │  0.11s │ bd 2.8931e-01 │ res 6.9169e+00 │ test 5.7851e-01 │ η_eff 4.191e-05
Ep  15/100 │  0.12s │ bd 3.1674e-01 │ res 7.2850e+00 │ test 7.6303e-01 │ η_eff 4.281e-05
Ep  16/100 │  0.11s │ bd 3.9703e-01 │ res 6.2922e+00 │ test 7.9957e-01 │ η_eff 4.765e-05
Ep  17/100 │  0.11s │ bd 3.3702e-01 │ res 5.8376e+00 │ test 7.5162e-01 │ η_eff 4.218e-05
Ep  18/100 │  0.13s │ bd 2.4375e-01 │ res 4.9772e+00 │ test 6.5759e-01 │ η_eff 3.840e-05
Ep  19/100 │  0.11s │ bd 1.9626e-01 │ res 4.2375e+00 │ test 7.6212e-01 │ η_eff 4.014e-05
Ep  20/100 │  0.12s │ bd 2.2896e-01 │ res 4.6553e+00 │ test 7.1140e-01 │ η_eff 2.091e-05
Ep  21/100 │  0.10s │ bd 2.4251e-01 │ res 3.9973e+00 │ test 8.1184e-01 │ η_eff 2.189e-05
Ep  22/100 │  0.11s │ bd 1.8364e-01 │ res 3.5048e+00 │ test 7.2288e-01 │ η_eff 2.599e-05
Ep  23/100 │  0.12s │ bd 2.2434e-01 │ res 3.4770e+00 │ test 7.6839e-01 │ η_eff 2.052e-05
Ep  24/100 │  0.11s │ bd 2.2302e-01 │ res 3.7397e+00 │ test 7.6724e-01 │ η_eff 2.112e-05
Ep  25/100 │  0.11s │ bd 1.9118e-01 │ res 3.5240e+00 │ test 7.5635e-01 │ η_eff 2.586e-05
Ep  26/100 │  0.11s │ bd 2.1419e-01 │ res 3.3031e+00 │ test 7.9569e-01 │ η_eff 2.263e-05
Ep  27/100 │  0.11s │ bd 1.8361e-01 │ res 3.1523e+00 │ test 8.0975e-01 │ η_eff 2.643e-05
Ep  28/100 │  0.11s │ bd 2.7702e-01 │ res 3.7838e+00 │ test 7.2609e-01 │ η_eff 2.756e-05
Ep  29/100 │  0.11s │ bd 2.3155e-01 │ res 3.1947e+00 │ test 8.0105e-01 │ η_eff 2.392e-05
Ep  30/100 │  0.11s │ bd 1.9083e-01 │ res 2.9948e+00 │ test 8.3144e-01 │ η_eff 1.504e-05
Ep  31/100 │  0.11s │ bd 1.7064e-01 │ res 3.1595e+00 │ test 7.9989e-01 │ η_eff 1.313e-05
Ep  32/100 │  0.10s │ bd 1.4991e-01 │ res 2.8656e+00 │ test 7.9158e-01 │ η_eff 1.067e-05
Ep  33/100 │  0.12s │ bd 1.5527e-01 │ res 2.8980e+00 │ test 7.9334e-01 │ η_eff 1.343e-05
Ep  34/100 │  0.10s │ bd 1.5310e-01 │ res 2.8935e+00 │ test 8.2961e-01 │ η_eff 1.305e-05
Ep  35/100 │  0.12s │ bd 1.1219e-01 │ res 2.6476e+00 │ test 8.2139e-01 │ η_eff 1.302e-05
Ep  36/100 │  0.11s │ bd 1.2102e-01 │ res 3.0876e+00 │ test 7.9102e-01 │ η_eff 1.426e-05
Ep  37/100 │  0.11s │ bd 1.4381e-01 │ res 2.6640e+00 │ test 8.5371e-01 │ η_eff 1.212e-05
Ep  38/100 │  0.10s │ bd 1.3023e-01 │ res 2.5798e+00 │ test 7.9943e-01 │ η_eff 1.420e-05
Ep  39/100 │  0.12s │ bd 1.6830e-01 │ res 2.9032e+00 │ test 8.6533e-01 │ η_eff 1.303e-05
Ep  40/100 │  0.11s │ bd 1.3176e-01 │ res 2.7634e+00 │ test 8.1871e-01 │ η_eff 6.208e-06
Ep  41/100 │  0.11s │ bd 1.3265e-01 │ res 2.7540e+00 │ test 8.4604e-01 │ η_eff 6.702e-06
Ep  42/100 │  0.11s │ bd 1.2544e-01 │ res 2.5490e+00 │ test 8.1259e-01 │ η_eff 7.412e-06
Ep  43/100 │  0.10s │ bd 1.1036e-01 │ res 2.5217e+00 │ test 8.0369e-01 │ η_eff 6.765e-06
Ep  44/100 │  0.12s │ bd 1.2508e-01 │ res 2.7062e+00 │ test 8.6305e-01 │ η_eff 6.503e-06
Ep  45/100 │  0.11s │ bd 1.0334e-01 │ res 2.4871e+00 │ test 8.1569e-01 │ η_eff 6.992e-06
Ep  46/100 │  0.11s │ bd 9.7181e-02 │ res 2.6869e+00 │ test 8.1305e-01 │ η_eff 8.381e-06
Ep  47/100 │  0.11s │ bd 1.1568e-01 │ res 2.5859e+00 │ test 8.3777e-01 │ η_eff 6.750e-06
Ep  48/100 │  0.12s │ bd 9.2213e-02 │ res 2.5233e+00 │ test 8.3724e-01 │ η_eff 6.109e-06
Ep  49/100 │  0.11s │ bd 1.3420e-01 │ res 2.7666e+00 │ test 8.4131e-01 │ η_eff 7.848e-06
Ep  50/100 │  0.11s │ bd 9.0222e-02 │ res 2.7097e+00 │ test 8.1549e-01 │ η_eff 3.360e-06
Ep  51/100 │  0.11s │ bd 1.2421e-01 │ res 2.5035e+00 │ test 8.3949e-01 │ η_eff 4.285e-06
Ep  52/100 │  0.10s │ bd 9.6242e-02 │ res 2.6345e+00 │ test 8.4356e-01 │ η_eff 5.051e-06
Ep  53/100 │  0.11s │ bd 1.1332e-01 │ res 2.4656e+00 │ test 8.3062e-01 │ η_eff 4.745e-06
Ep  54/100 │  0.12s │ bd 1.0966e-01 │ res 2.5342e+00 │ test 8.4581e-01 │ η_eff 3.953e-06
Ep  55/100 │  0.11s │ bd 9.4016e-02 │ res 2.6741e+00 │ test 8.5129e-01 │ η_eff 3.612e-06
Ep  56/100 │  0.12s │ bd 8.6763e-02 │ res 2.4817e+00 │ test 8.4080e-01 │ η_eff 3.474e-06
Ep  57/100 │  0.11s │ bd 7.9795e-02 │ res 2.3018e+00 │ test 8.4484e-01 │ η_eff 3.658e-06
Ep  58/100 │  0.12s │ bd 7.7950e-02 │ res 2.3511e+00 │ test 8.3325e-01 │ η_eff 4.723e-06
Ep  59/100 │  0.11s │ bd 8.9481e-02 │ res 2.3588e+00 │ test 8.4721e-01 │ η_eff 3.546e-06
Ep  60/100 │  0.11s │ bd 8.3994e-02 │ res 2.5212e+00 │ test 8.3494e-01 │ η_eff 1.802e-06
Ep  61/100 │  0.11s │ bd 8.7849e-02 │ res 2.5203e+00 │ test 8.2749e-01 │ η_eff 2.105e-06
Ep  62/100 │  0.11s │ bd 1.0425e-01 │ res 2.4876e+00 │ test 8.3822e-01 │ η_eff 2.360e-06
Ep  63/100 │  0.11s │ bd 9.3179e-02 │ res 2.7541e+00 │ test 8.4655e-01 │ η_eff 2.204e-06
Ep  64/100 │  0.11s │ bd 7.5916e-02 │ res 2.4208e+00 │ test 8.3747e-01 │ η_eff 1.898e-06
Ep  65/100 │  0.11s │ bd 8.6697e-02 │ res 2.4823e+00 │ test 8.4064e-01 │ η_eff 2.016e-06
Ep  66/100 │  0.12s │ bd 7.1934e-02 │ res 2.3368e+00 │ test 8.4285e-01 │ η_eff 1.865e-06
Ep  67/100 │  0.12s │ bd 9.4138e-02 │ res 2.6114e+00 │ test 8.4642e-01 │ η_eff 2.301e-06
Ep  68/100 │  0.11s │ bd 9.1622e-02 │ res 2.7233e+00 │ test 8.5364e-01 │ η_eff 2.084e-06
Ep  69/100 │  0.11s │ bd 7.8307e-02 │ res 2.2992e+00 │ test 8.4848e-01 │ η_eff 2.362e-06
Ep  70/100 │  0.11s │ bd 9.2597e-02 │ res 2.5931e+00 │ test 8.3945e-01 │ η_eff 1.396e-06
Ep  71/100 │  0.11s │ bd 8.5056e-02 │ res 2.3644e+00 │ test 8.2983e-01 │ η_eff 9.829e-07
Ep  72/100 │  0.11s │ bd 7.9278e-02 │ res 2.4256e+00 │ test 8.2639e-01 │ η_eff 1.029e-06
Ep  73/100 │  0.12s │ bd 8.4175e-02 │ res 2.5532e+00 │ test 8.3521e-01 │ η_eff 1.346e-06
Ep  74/100 │  0.11s │ bd 8.0785e-02 │ res 2.3721e+00 │ test 8.3971e-01 │ η_eff 1.057e-06
Ep  75/100 │  0.12s │ bd 8.8513e-02 │ res 2.3648e+00 │ test 8.3684e-01 │ η_eff 1.230e-06
Ep  76/100 │  0.11s │ bd 9.4715e-02 │ res 2.4235e+00 │ test 8.4252e-01 │ η_eff 1.050e-06
Ep  77/100 │  0.12s │ bd 8.0946e-02 │ res 2.4409e+00 │ test 8.4128e-01 │ η_eff 1.187e-06
Ep  78/100 │  0.11s │ bd 7.6797e-02 │ res 2.3638e+00 │ test 8.3498e-01 │ η_eff 1.110e-06
Ep  79/100 │  0.12s │ bd 8.3703e-02 │ res 2.4321e+00 │ test 8.4004e-01 │ η_eff 1.125e-06
Ep  80/100 │  0.12s │ bd 8.6491e-02 │ res 2.4520e+00 │ test 8.3636e-01 │ η_eff 5.921e-07
Ep  81/100 │  0.11s │ bd 7.8224e-02 │ res 2.2604e+00 │ test 8.3940e-01 │ η_eff 5.473e-07
Ep  82/100 │  0.12s │ bd 7.3605e-02 │ res 2.3547e+00 │ test 8.4519e-01 │ η_eff 5.204e-07
Ep  83/100 │  0.11s │ bd 7.9392e-02 │ res 2.2667e+00 │ test 8.3746e-01 │ η_eff 5.807e-07
Ep  84/100 │  0.12s │ bd 9.8249e-02 │ res 2.6348e+00 │ test 8.3476e-01 │ η_eff 5.294e-07
Ep  85/100 │  0.11s │ bd 7.2260e-02 │ res 2.3318e+00 │ test 8.3644e-01 │ η_eff 6.053e-07
Ep  86/100 │  0.11s │ bd 8.4544e-02 │ res 2.4442e+00 │ test 8.4000e-01 │ η_eff 5.180e-07
Ep  87/100 │  0.11s │ bd 8.7598e-02 │ res 2.4400e+00 │ test 8.4074e-01 │ η_eff 5.791e-07
Ep  88/100 │  0.12s │ bd 8.4691e-02 │ res 2.5120e+00 │ test 8.4736e-01 │ η_eff 6.264e-07
Ep  89/100 │  0.11s │ bd 7.6152e-02 │ res 2.3591e+00 │ test 8.4347e-01 │ η_eff 6.236e-07
Ep  90/100 │  0.11s │ bd 8.5513e-02 │ res 2.6432e+00 │ test 8.4968e-01 │ η_eff 3.087e-07
Ep  91/100 │  0.11s │ bd 8.0636e-02 │ res 2.2719e+00 │ test 8.4156e-01 │ η_eff 3.441e-07
Ep  92/100 │  0.11s │ bd 8.2520e-02 │ res 2.5472e+00 │ test 8.3929e-01 │ η_eff 3.549e-07
Ep  93/100 │  0.11s │ bd 8.6202e-02 │ res 2.4610e+00 │ test 8.4510e-01 │ η_eff 3.184e-07
Ep  94/100 │  0.11s │ bd 9.8048e-02 │ res 2.5004e+00 │ test 8.4489e-01 │ η_eff 3.666e-07
Ep  95/100 │  0.11s │ bd 6.3782e-02 │ res 2.3670e+00 │ test 8.4881e-01 │ η_eff 3.051e-07
Ep  96/100 │  0.12s │ bd 8.0008e-02 │ res 2.5135e+00 │ test 8.4877e-01 │ η_eff 3.317e-07
Ep  97/100 │  0.11s │ bd 8.5074e-02 │ res 2.3241e+00 │ test 8.4904e-01 │ η_eff 2.988e-07
Ep  98/100 │  0.11s │ bd 7.8037e-02 │ res 2.2765e+00 │ test 8.4283e-01 │ η_eff 3.109e-07
Ep  99/100 │  0.12s │ bd 8.9546e-02 │ res 2.3875e+00 │ test 8.4685e-01 │ η_eff 3.255e-07
Ep 100/100 │  0.12s │ bd 9.1420e-02 │ res 2.4555e+00 │ test 8.4781e-01 │ η_eff 1.633e-07
→ Saved: loss/Burger1d_pino_fd_ms_90_Adam_ep100_visc0.1_m32_w64/loss_full_loss_1.csv

=== Phase 'full_loss_2' | epochs 100 ===

Ep   1/100 │  0.15s │ bd 9.8511e-01 │ res 1.8056e+01 │ test 2.9301e+00 │ η_eff 3.514e-03
Ep   2/100 │  0.12s │ bd 6.3645e-01 │ res 6.0520e+00 │ test 2.5111e+00 │ η_eff 1.932e-03
Ep   3/100 │  0.11s │ bd 4.9321e-01 │ res 4.2532e+00 │ test 1.1645e+00 │ η_eff 1.381e-03
Ep   4/100 │  0.11s │ bd 3.4107e-01 │ res 3.2837e+00 │ test 1.0762e+00 │ η_eff 1.126e-03
Ep   5/100 │  0.11s │ bd 3.3829e-01 │ res 2.1267e+00 │ test 9.5741e-01 │ η_eff 1.027e-03
Ep   6/100 │  0.11s │ bd 2.8142e-01 │ res 1.8219e+00 │ test 8.7070e-01 │ η_eff 1.034e-03
Ep   7/100 │  0.12s │ bd 2.6407e-01 │ res 1.7049e+00 │ test 1.0728e+00 │ η_eff 1.089e-03
Ep   8/100 │  0.11s │ bd 3.0877e-01 │ res 1.5701e+00 │ test 8.7418e-01 │ η_eff 1.034e-03
Ep   9/100 │  0.12s │ bd 2.7499e-01 │ res 1.4018e+00 │ test 1.1330e+00 │ η_eff 1.062e-03
Ep  10/100 │  0.12s │ bd 3.3404e-01 │ res 1.8116e+00 │ test 1.0401e+00 │ η_eff 5.473e-04
Ep  11/100 │  0.11s │ bd 2.3570e-01 │ res 1.2517e+00 │ test 1.1027e+00 │ η_eff 5.804e-04
Ep  12/100 │  0.11s │ bd 2.3537e-01 │ res 1.1566e+00 │ test 9.4441e-01 │ η_eff 5.613e-04
Ep  13/100 │  0.11s │ bd 1.9121e-01 │ res 1.1880e+00 │ test 9.7007e-01 │ η_eff 5.696e-04
Ep  14/100 │  0.11s │ bd 1.6868e-01 │ res 9.8906e-01 │ test 9.2588e-01 │ η_eff 5.376e-04
Ep  15/100 │  0.11s │ bd 2.3647e-01 │ res 9.7877e-01 │ test 9.8387e-01 │ η_eff 5.557e-04
Ep  16/100 │  0.12s │ bd 1.9382e-01 │ res 1.0924e+00 │ test 1.0036e+00 │ η_eff 5.511e-04
Ep  17/100 │  0.12s │ bd 2.3885e-01 │ res 1.0381e+00 │ test 1.0650e+00 │ η_eff 5.719e-04
Ep  18/100 │  0.12s │ bd 1.9455e-01 │ res 8.5868e-01 │ test 1.0964e+00 │ η_eff 5.333e-04
Ep  19/100 │  0.11s │ bd 2.1328e-01 │ res 1.1933e+00 │ test 1.2637e+00 │ η_eff 5.204e-04
Ep  20/100 │  0.11s │ bd 2.1491e-01 │ res 1.2504e+00 │ test 1.1621e+00 │ η_eff 2.838e-04
Ep  21/100 │  0.12s │ bd 2.3588e-01 │ res 1.1572e+00 │ test 8.6892e-01 │ η_eff 3.157e-04
Ep  22/100 │  0.11s │ bd 1.8735e-01 │ res 9.0042e-01 │ test 9.5716e-01 │ η_eff 3.148e-04
Ep  23/100 │  0.11s │ bd 1.5263e-01 │ res 7.0547e-01 │ test 8.7221e-01 │ η_eff 3.237e-04
Ep  24/100 │  0.11s │ bd 1.6006e-01 │ res 6.9883e-01 │ test 1.0103e+00 │ η_eff 3.222e-04
Ep  25/100 │  0.12s │ bd 1.5216e-01 │ res 7.9294e-01 │ test 9.8237e-01 │ η_eff 2.986e-04
Ep  26/100 │  0.12s │ bd 1.3493e-01 │ res 7.1741e-01 │ test 9.2293e-01 │ η_eff 2.996e-04
Ep  27/100 │  0.11s │ bd 1.3028e-01 │ res 6.8011e-01 │ test 9.4106e-01 │ η_eff 3.201e-04
Ep  28/100 │  0.11s │ bd 1.3875e-01 │ res 6.5217e-01 │ test 9.4913e-01 │ η_eff 3.169e-04
Ep  29/100 │  0.11s │ bd 1.6620e-01 │ res 7.2841e-01 │ test 9.5611e-01 │ η_eff 3.412e-04
Ep  30/100 │  0.11s │ bd 1.5688e-01 │ res 6.1531e-01 │ test 1.0142e+00 │ η_eff 1.499e-04
Ep  31/100 │  0.11s │ bd 1.2667e-01 │ res 6.2377e-01 │ test 9.1604e-01 │ η_eff 1.620e-04
Ep  32/100 │  0.11s │ bd 1.1631e-01 │ res 6.0420e-01 │ test 9.6943e-01 │ η_eff 1.592e-04
Ep  33/100 │  0.11s │ bd 1.1198e-01 │ res 6.2230e-01 │ test 9.0732e-01 │ η_eff 1.476e-04
Ep  34/100 │  0.12s │ bd 1.1217e-01 │ res 5.6802e-01 │ test 9.3230e-01 │ η_eff 1.638e-04
Ep  35/100 │  0.11s │ bd 1.0325e-01 │ res 6.0806e-01 │ test 9.2149e-01 │ η_eff 1.623e-04
Ep  36/100 │  0.11s │ bd 1.1874e-01 │ res 6.1912e-01 │ test 9.7673e-01 │ η_eff 1.650e-04
Ep  37/100 │  0.11s │ bd 1.1816e-01 │ res 6.3214e-01 │ test 9.4210e-01 │ η_eff 1.564e-04
Ep  38/100 │  0.11s │ bd 1.0888e-01 │ res 5.8404e-01 │ test 9.0589e-01 │ η_eff 1.623e-04
Ep  39/100 │  0.11s │ bd 1.0603e-01 │ res 5.9484e-01 │ test 9.8094e-01 │ η_eff 1.699e-04
Ep  40/100 │  0.11s │ bd 1.2041e-01 │ res 5.9325e-01 │ test 9.3305e-01 │ η_eff 8.004e-05
Ep  41/100 │  0.11s │ bd 1.2074e-01 │ res 5.9056e-01 │ test 9.5644e-01 │ η_eff 7.940e-05
Ep  42/100 │  0.11s │ bd 9.2954e-02 │ res 5.4697e-01 │ test 9.3946e-01 │ η_eff 8.788e-05
Ep  43/100 │  0.11s │ bd 9.5214e-02 │ res 5.9965e-01 │ test 9.2523e-01 │ η_eff 8.613e-05
Ep  44/100 │  0.11s │ bd 8.9758e-02 │ res 5.4179e-01 │ test 9.4566e-01 │ η_eff 8.032e-05
Ep  45/100 │  0.11s │ bd 9.4316e-02 │ res 5.4291e-01 │ test 9.3311e-01 │ η_eff 8.695e-05
Ep  46/100 │  0.11s │ bd 8.8842e-02 │ res 5.2244e-01 │ test 9.5872e-01 │ η_eff 8.278e-05
Ep  47/100 │  0.12s │ bd 9.8213e-02 │ res 5.5387e-01 │ test 9.3235e-01 │ η_eff 8.154e-05
Ep  48/100 │  0.12s │ bd 9.1834e-02 │ res 5.5501e-01 │ test 9.4897e-01 │ η_eff 8.338e-05
Ep  49/100 │  0.11s │ bd 8.7392e-02 │ res 4.8433e-01 │ test 9.6382e-01 │ η_eff 8.694e-05
Ep  50/100 │  0.11s │ bd 9.3036e-02 │ res 5.3017e-01 │ test 9.2282e-01 │ η_eff 4.251e-05
Ep  51/100 │  0.11s │ bd 9.3713e-02 │ res 5.6986e-01 │ test 9.3491e-01 │ η_eff 4.220e-05
Ep  52/100 │  0.11s │ bd 8.6525e-02 │ res 5.0051e-01 │ test 9.6589e-01 │ η_eff 4.109e-05
Ep  53/100 │  0.12s │ bd 8.0193e-02 │ res 4.8826e-01 │ test 9.5069e-01 │ η_eff 4.282e-05
Ep  54/100 │  0.11s │ bd 9.1532e-02 │ res 5.1621e-01 │ test 9.3032e-01 │ η_eff 4.359e-05
Ep  55/100 │  0.11s │ bd 9.0947e-02 │ res 5.1373e-01 │ test 9.7390e-01 │ η_eff 4.427e-05
Ep  56/100 │  0.11s │ bd 8.3974e-02 │ res 4.9181e-01 │ test 9.5025e-01 │ η_eff 4.306e-05
Ep  57/100 │  0.12s │ bd 9.3547e-02 │ res 4.9996e-01 │ test 9.5648e-01 │ η_eff 4.594e-05
Ep  58/100 │  0.12s │ bd 8.0055e-02 │ res 4.8319e-01 │ test 9.3906e-01 │ η_eff 4.414e-05
Ep  59/100 │  0.11s │ bd 8.8475e-02 │ res 5.1286e-01 │ test 9.6627e-01 │ η_eff 4.167e-05
Ep  60/100 │  0.12s │ bd 8.3472e-02 │ res 4.7335e-01 │ test 9.4473e-01 │ η_eff 2.138e-05
Ep  61/100 │  0.11s │ bd 8.1907e-02 │ res 4.8944e-01 │ test 9.4522e-01 │ η_eff 2.151e-05
Ep  62/100 │  0.12s │ bd 7.8451e-02 │ res 4.8497e-01 │ test 9.4127e-01 │ η_eff 2.167e-05
Ep  63/100 │  0.11s │ bd 7.5364e-02 │ res 4.8120e-01 │ test 9.4886e-01 │ η_eff 2.179e-05
Ep  64/100 │  0.11s │ bd 7.9718e-02 │ res 4.5943e-01 │ test 9.5783e-01 │ η_eff 2.401e-05
Ep  65/100 │  0.12s │ bd 7.6959e-02 │ res 4.7375e-01 │ test 9.4423e-01 │ η_eff 2.173e-05
Ep  66/100 │  0.11s │ bd 8.7610e-02 │ res 5.2082e-01 │ test 9.4709e-01 │ η_eff 2.267e-05
Ep  67/100 │  0.11s │ bd 7.8855e-02 │ res 4.8419e-01 │ test 9.4398e-01 │ η_eff 2.321e-05
Ep  68/100 │  0.12s │ bd 8.0934e-02 │ res 4.6208e-01 │ test 9.5641e-01 │ η_eff 2.205e-05
Ep  69/100 │  0.12s │ bd 8.4527e-02 │ res 4.8978e-01 │ test 9.5676e-01 │ η_eff 2.340e-05
Ep  70/100 │  0.11s │ bd 7.7191e-02 │ res 4.7461e-01 │ test 9.3952e-01 │ η_eff 1.113e-05
Ep  71/100 │  0.11s │ bd 8.1656e-02 │ res 4.8304e-01 │ test 9.5504e-01 │ η_eff 1.209e-05
Ep  72/100 │  0.11s │ bd 7.8209e-02 │ res 4.6750e-01 │ test 9.5027e-01 │ η_eff 1.226e-05
Ep  73/100 │  0.11s │ bd 7.8532e-02 │ res 4.8461e-01 │ test 9.5304e-01 │ η_eff 1.264e-05
Ep  74/100 │  0.12s │ bd 8.1951e-02 │ res 4.6484e-01 │ test 9.4885e-01 │ η_eff 1.246e-05
Ep  75/100 │  0.11s │ bd 8.1849e-02 │ res 4.7833e-01 │ test 9.5140e-01 │ η_eff 1.164e-05
Ep  76/100 │  0.11s │ bd 7.7052e-02 │ res 4.5637e-01 │ test 9.4806e-01 │ η_eff 1.201e-05
Ep  77/100 │  0.12s │ bd 8.4194e-02 │ res 4.7649e-01 │ test 9.5231e-01 │ η_eff 1.281e-05
Ep  78/100 │  0.11s │ bd 8.5900e-02 │ res 4.7598e-01 │ test 9.5075e-01 │ η_eff 1.159e-05
Ep  79/100 │  0.11s │ bd 8.4165e-02 │ res 4.8597e-01 │ test 9.5383e-01 │ η_eff 1.169e-05
Ep  80/100 │  0.12s │ bd 7.8847e-02 │ res 4.9625e-01 │ test 9.5905e-01 │ η_eff 6.326e-06
Ep  81/100 │  0.11s │ bd 7.7472e-02 │ res 4.5310e-01 │ test 9.6048e-01 │ η_eff 6.169e-06
Ep  82/100 │  0.12s │ bd 7.7593e-02 │ res 4.7804e-01 │ test 9.5197e-01 │ η_eff 6.029e-06
Ep  83/100 │  0.12s │ bd 7.7311e-02 │ res 4.8549e-01 │ test 9.5624e-01 │ η_eff 6.262e-06
Ep  84/100 │  0.11s │ bd 7.8582e-02 │ res 4.6475e-01 │ test 9.4905e-01 │ η_eff 5.895e-06
Ep  85/100 │  0.11s │ bd 7.7173e-02 │ res 4.9424e-01 │ test 9.5003e-01 │ η_eff 5.781e-06
Ep  86/100 │  0.11s │ bd 7.6667e-02 │ res 4.4091e-01 │ test 9.5813e-01 │ η_eff 6.011e-06
Ep  87/100 │  0.13s │ bd 6.9150e-02 │ res 4.7061e-01 │ test 9.5341e-01 │ η_eff 6.044e-06
Ep  88/100 │  0.11s │ bd 7.3889e-02 │ res 4.4295e-01 │ test 9.4836e-01 │ η_eff 6.043e-06
Ep  89/100 │  0.11s │ bd 7.7692e-02 │ res 4.6758e-01 │ test 9.4759e-01 │ η_eff 6.115e-06
Ep  90/100 │  0.12s │ bd 7.5765e-02 │ res 4.5766e-01 │ test 9.5472e-01 │ η_eff 3.124e-06
Ep  91/100 │  0.11s │ bd 8.1406e-02 │ res 4.7836e-01 │ test 9.5127e-01 │ η_eff 3.007e-06
Ep  92/100 │  0.11s │ bd 7.0832e-02 │ res 4.3695e-01 │ test 9.5419e-01 │ η_eff 2.962e-06
Ep  93/100 │  0.11s │ bd 7.6032e-02 │ res 4.5324e-01 │ test 9.4979e-01 │ η_eff 3.022e-06
Ep  94/100 │  0.11s │ bd 6.8024e-02 │ res 4.4890e-01 │ test 9.4916e-01 │ η_eff 3.024e-06
Ep  95/100 │  0.12s │ bd 7.2162e-02 │ res 4.5625e-01 │ test 9.5798e-01 │ η_eff 3.140e-06
Ep  96/100 │  0.11s │ bd 7.9227e-02 │ res 4.7826e-01 │ test 9.4969e-01 │ η_eff 3.201e-06
Ep  97/100 │  0.11s │ bd 8.1406e-02 │ res 4.6758e-01 │ test 9.4898e-01 │ η_eff 3.080e-06
Ep  98/100 │  0.11s │ bd 7.1549e-02 │ res 4.6390e-01 │ test 9.4763e-01 │ η_eff 3.068e-06
Ep  99/100 │  0.12s │ bd 7.5109e-02 │ res 4.5307e-01 │ test 9.4774e-01 │ η_eff 3.097e-06
Ep 100/100 │  0.11s │ bd 7.1856e-02 │ res 4.5384e-01 │ test 9.4992e-01 │ η_eff 1.605e-06
→ Saved: loss/Burger1d_pino_fd_ms_90_Adam_ep100_visc0.1_m32_w64/loss_full_loss_2.csv

=== Phase 'full_loss_3' | epochs 100 ===

Ep   1/100 │  0.15s │ bd 4.6346e-01 │ res 4.8102e+00 │ test 1.6589e+00 │ η_eff 3.452e-03
Ep   2/100 │  0.11s │ bd 4.4372e-01 │ res 2.1853e+00 │ test 1.2991e+00 │ η_eff 2.495e-03
Ep   3/100 │  0.11s │ bd 3.7745e-01 │ res 1.9255e+00 │ test 1.1760e+00 │ η_eff 2.212e-03
Ep   4/100 │  0.11s │ bd 3.8011e-01 │ res 1.8548e+00 │ test 1.2990e+00 │ η_eff 2.341e-03
Ep   5/100 │  0.11s │ bd 4.2316e-01 │ res 2.1855e+00 │ test 1.3118e+00 │ η_eff 2.064e-03
Ep   6/100 │  0.11s │ bd 3.7230e-01 │ res 2.2272e+00 │ test 1.0121e+00 │ η_eff 2.140e-03
Ep   7/100 │  0.11s │ bd 3.1292e-01 │ res 1.6595e+00 │ test 1.3483e+00 │ η_eff 1.521e-03
Ep   8/100 │  0.11s │ bd 2.7683e-01 │ res 1.4666e+00 │ test 1.0727e+00 │ η_eff 1.382e-03
Ep   9/100 │  0.11s │ bd 2.9017e-01 │ res 1.5788e+00 │ test 9.5457e-01 │ η_eff 1.437e-03
Ep  10/100 │  0.11s │ bd 3.2675e-01 │ res 1.8722e+00 │ test 6.9605e-01 │ η_eff 7.583e-04
Ep  11/100 │  0.13s │ bd 3.1247e-01 │ res 1.6356e+00 │ test 9.2382e-01 │ η_eff 8.255e-04
Ep  12/100 │  0.12s │ bd 2.4230e-01 │ res 1.1401e+00 │ test 1.1069e+00 │ η_eff 7.486e-04
Ep  13/100 │  0.12s │ bd 2.3420e-01 │ res 1.0643e+00 │ test 9.7194e-01 │ η_eff 7.869e-04
Ep  14/100 │  0.11s │ bd 1.9223e-01 │ res 8.0024e-01 │ test 9.4687e-01 │ η_eff 8.426e-04
Ep  15/100 │  0.11s │ bd 2.0839e-01 │ res 8.6358e-01 │ test 1.0982e+00 │ η_eff 8.693e-04
Ep  16/100 │  0.11s │ bd 1.8744e-01 │ res 8.3465e-01 │ test 9.9921e-01 │ η_eff 7.483e-04
Ep  17/100 │  0.12s │ bd 1.8463e-01 │ res 8.2428e-01 │ test 1.0189e+00 │ η_eff 8.030e-04
Ep  18/100 │  0.12s │ bd 1.9368e-01 │ res 9.0950e-01 │ test 9.2141e-01 │ η_eff 8.023e-04
Ep  19/100 │  0.11s │ bd 1.6712e-01 │ res 6.8221e-01 │ test 9.0759e-01 │ η_eff 7.975e-04
Ep  20/100 │  0.12s │ bd 1.5957e-01 │ res 8.2349e-01 │ test 8.0832e-01 │ η_eff 4.221e-04
Ep  21/100 │  0.11s │ bd 1.6943e-01 │ res 7.8422e-01 │ test 9.8982e-01 │ η_eff 4.358e-04
Ep  22/100 │  0.11s │ bd 1.6467e-01 │ res 7.5228e-01 │ test 1.0111e+00 │ η_eff 4.356e-04
Ep  23/100 │  0.11s │ bd 1.5098e-01 │ res 7.0610e-01 │ test 8.6102e-01 │ η_eff 4.130e-04
Ep  24/100 │  0.11s │ bd 1.5787e-01 │ res 6.9823e-01 │ test 1.0208e+00 │ η_eff 4.081e-04
Ep  25/100 │  0.11s │ bd 1.4367e-01 │ res 5.7244e-01 │ test 8.4221e-01 │ η_eff 4.323e-04
Ep  26/100 │  0.11s │ bd 1.5260e-01 │ res 6.1483e-01 │ test 9.2877e-01 │ η_eff 4.873e-04
Ep  27/100 │  0.12s │ bd 1.3627e-01 │ res 6.2579e-01 │ test 1.0115e+00 │ η_eff 4.446e-04
Ep  28/100 │  0.11s │ bd 1.5033e-01 │ res 6.7030e-01 │ test 8.6244e-01 │ η_eff 4.311e-04
Ep  29/100 │  0.11s │ bd 1.4567e-01 │ res 5.6409e-01 │ test 9.8004e-01 │ η_eff 4.558e-04
Ep  30/100 │  0.11s │ bd 1.3483e-01 │ res 7.0038e-01 │ test 1.0085e+00 │ η_eff 2.176e-04
Ep  31/100 │  0.11s │ bd 1.3290e-01 │ res 6.1724e-01 │ test 9.2687e-01 │ η_eff 2.247e-04
Ep  32/100 │  0.12s │ bd 1.0810e-01 │ res 5.3218e-01 │ test 9.4303e-01 │ η_eff 2.147e-04
Ep  33/100 │  0.11s │ bd 1.3141e-01 │ res 5.5670e-01 │ test 9.5676e-01 │ η_eff 2.403e-04
Ep  34/100 │  0.11s │ bd 1.0422e-01 │ res 5.1915e-01 │ test 9.2406e-01 │ η_eff 2.254e-04
Ep  35/100 │  0.12s │ bd 1.2191e-01 │ res 5.3163e-01 │ test 9.1520e-01 │ η_eff 2.059e-04
Ep  36/100 │  0.11s │ bd 1.1601e-01 │ res 5.2341e-01 │ test 9.4237e-01 │ η_eff 2.250e-04
Ep  37/100 │  0.11s │ bd 1.1775e-01 │ res 5.4276e-01 │ test 9.4654e-01 │ η_eff 2.350e-04
Ep  38/100 │  0.11s │ bd 1.1172e-01 │ res 5.0386e-01 │ test 9.4218e-01 │ η_eff 2.234e-04
Ep  39/100 │  0.11s │ bd 1.1822e-01 │ res 5.1588e-01 │ test 9.5286e-01 │ η_eff 2.367e-04
Ep  40/100 │  0.11s │ bd 1.1086e-01 │ res 5.2825e-01 │ test 9.4974e-01 │ η_eff 1.107e-04
Ep  41/100 │  0.11s │ bd 1.0822e-01 │ res 5.0899e-01 │ test 9.6783e-01 │ η_eff 1.223e-04
Ep  42/100 │  0.11s │ bd 1.0695e-01 │ res 5.2065e-01 │ test 9.4168e-01 │ η_eff 1.227e-04
Ep  43/100 │  0.12s │ bd 9.8611e-02 │ res 5.2259e-01 │ test 9.2875e-01 │ η_eff 1.116e-04
Ep  44/100 │  0.11s │ bd 1.0618e-01 │ res 4.6351e-01 │ test 9.5638e-01 │ η_eff 1.194e-04
Ep  45/100 │  0.11s │ bd 1.0408e-01 │ res 4.9160e-01 │ test 9.4190e-01 │ η_eff 1.130e-04
Ep  46/100 │  0.12s │ bd 1.0278e-01 │ res 5.0015e-01 │ test 9.4495e-01 │ η_eff 1.100e-04
Ep  47/100 │  0.12s │ bd 9.8877e-02 │ res 4.4969e-01 │ test 9.4891e-01 │ η_eff 1.144e-04
Ep  48/100 │  0.11s │ bd 9.9231e-02 │ res 4.8036e-01 │ test 9.4509e-01 │ η_eff 1.207e-04
Ep  49/100 │  0.12s │ bd 1.1279e-01 │ res 5.3454e-01 │ test 9.4485e-01 │ η_eff 1.141e-04
Ep  50/100 │  0.11s │ bd 1.0188e-01 │ res 4.6971e-01 │ test 9.5327e-01 │ η_eff 5.694e-05
Ep  51/100 │  0.11s │ bd 1.0810e-01 │ res 4.8450e-01 │ test 9.4187e-01 │ η_eff 5.900e-05
Ep  52/100 │  0.11s │ bd 1.0731e-01 │ res 4.7263e-01 │ test 9.5264e-01 │ η_eff 6.038e-05
Ep  53/100 │  0.11s │ bd 1.0230e-01 │ res 5.0878e-01 │ test 9.4621e-01 │ η_eff 5.655e-05
Ep  54/100 │  0.12s │ bd 1.1412e-01 │ res 5.1555e-01 │ test 9.6401e-01 │ η_eff 6.299e-05
Ep  55/100 │  0.12s │ bd 1.0253e-01 │ res 5.2795e-01 │ test 9.3535e-01 │ η_eff 5.780e-05
Ep  56/100 │  0.12s │ bd 1.0768e-01 │ res 4.8070e-01 │ test 9.3951e-01 │ η_eff 5.663e-05
Ep  57/100 │  0.11s │ bd 9.4505e-02 │ res 4.5592e-01 │ test 9.5868e-01 │ η_eff 6.096e-05
Ep  58/100 │  0.11s │ bd 9.5173e-02 │ res 4.4413e-01 │ test 9.4696e-01 │ η_eff 5.617e-05
Ep  59/100 │  0.12s │ bd 9.1199e-02 │ res 4.3784e-01 │ test 9.4017e-01 │ η_eff 5.858e-05
Ep  60/100 │  0.11s │ bd 9.4926e-02 │ res 4.2213e-01 │ test 9.5212e-01 │ η_eff 2.964e-05
Ep  61/100 │  0.11s │ bd 1.0804e-01 │ res 5.0803e-01 │ test 9.4020e-01 │ η_eff 2.743e-05
Ep  62/100 │  0.11s │ bd 1.0362e-01 │ res 4.9236e-01 │ test 9.4008e-01 │ η_eff 2.842e-05
Ep  63/100 │  0.11s │ bd 9.0783e-02 │ res 4.5411e-01 │ test 9.5870e-01 │ η_eff 3.046e-05
Ep  64/100 │  0.12s │ bd 1.0189e-01 │ res 4.8990e-01 │ test 9.5355e-01 │ η_eff 3.154e-05
Ep  65/100 │  0.11s │ bd 9.1894e-02 │ res 4.4707e-01 │ test 9.4582e-01 │ η_eff 3.140e-05
Ep  66/100 │  0.11s │ bd 1.0108e-01 │ res 4.5873e-01 │ test 9.4202e-01 │ η_eff 2.972e-05
Ep  67/100 │  0.12s │ bd 1.0176e-01 │ res 4.9451e-01 │ test 9.4144e-01 │ η_eff 2.988e-05
Ep  68/100 │  0.12s │ bd 9.4701e-02 │ res 4.5284e-01 │ test 9.5166e-01 │ η_eff 2.949e-05
Ep  69/100 │  0.13s │ bd 9.9527e-02 │ res 4.3294e-01 │ test 9.6036e-01 │ η_eff 3.037e-05
Ep  70/100 │  0.11s │ bd 9.1780e-02 │ res 4.5766e-01 │ test 9.5364e-01 │ η_eff 1.452e-05
Ep  71/100 │  0.11s │ bd 8.7745e-02 │ res 4.5173e-01 │ test 9.5809e-01 │ η_eff 1.543e-05
Ep  72/100 │  0.11s │ bd 9.2006e-02 │ res 4.3761e-01 │ test 9.5071e-01 │ η_eff 1.598e-05
Ep  73/100 │  0.11s │ bd 8.8395e-02 │ res 4.1954e-01 │ test 9.5230e-01 │ η_eff 1.446e-05
Ep  74/100 │  0.11s │ bd 9.7021e-02 │ res 4.6082e-01 │ test 9.5442e-01 │ η_eff 1.643e-05
Ep  75/100 │  0.11s │ bd 9.6052e-02 │ res 4.3975e-01 │ test 9.5804e-01 │ η_eff 1.527e-05
Ep  76/100 │  0.11s │ bd 1.0289e-01 │ res 4.6883e-01 │ test 9.4676e-01 │ η_eff 1.520e-05
Ep  77/100 │  0.11s │ bd 9.0471e-02 │ res 4.4898e-01 │ test 9.4813e-01 │ η_eff 1.477e-05
Ep  78/100 │  0.12s │ bd 9.2059e-02 │ res 4.5548e-01 │ test 9.6111e-01 │ η_eff 1.524e-05
Ep  79/100 │  0.12s │ bd 9.5033e-02 │ res 4.7333e-01 │ test 9.4670e-01 │ η_eff 1.467e-05
Ep  80/100 │  0.11s │ bd 8.6437e-02 │ res 4.1045e-01 │ test 9.4899e-01 │ η_eff 7.571e-06
Ep  81/100 │  0.11s │ bd 8.7874e-02 │ res 4.2463e-01 │ test 9.4566e-01 │ η_eff 7.301e-06
Ep  82/100 │  0.12s │ bd 8.7260e-02 │ res 3.9459e-01 │ test 9.4574e-01 │ η_eff 7.522e-06
Ep  83/100 │  0.12s │ bd 8.7832e-02 │ res 4.3898e-01 │ test 9.5148e-01 │ η_eff 7.284e-06
Ep  84/100 │  0.11s │ bd 9.0666e-02 │ res 4.2720e-01 │ test 9.4839e-01 │ η_eff 7.496e-06
Ep  85/100 │  0.12s │ bd 9.3633e-02 │ res 4.5348e-01 │ test 9.4456e-01 │ η_eff 6.965e-06
Ep  86/100 │  0.11s │ bd 8.8647e-02 │ res 4.1701e-01 │ test 9.4301e-01 │ η_eff 7.543e-06
Ep  87/100 │  0.11s │ bd 8.4267e-02 │ res 4.1863e-01 │ test 9.4884e-01 │ η_eff 7.298e-06
Ep  88/100 │  0.11s │ bd 1.0296e-01 │ res 5.2123e-01 │ test 9.6023e-01 │ η_eff 8.380e-06
Ep  89/100 │  0.11s │ bd 9.1904e-02 │ res 4.4729e-01 │ test 9.4756e-01 │ η_eff 7.571e-06
Ep  90/100 │  0.11s │ bd 9.6037e-02 │ res 4.2375e-01 │ test 9.4713e-01 │ η_eff 3.808e-06
Ep  91/100 │  0.11s │ bd 8.7117e-02 │ res 4.2633e-01 │ test 9.4467e-01 │ η_eff 3.863e-06
Ep  92/100 │  0.11s │ bd 8.8980e-02 │ res 4.1343e-01 │ test 9.4738e-01 │ η_eff 3.875e-06
Ep  93/100 │  0.11s │ bd 8.3593e-02 │ res 4.1636e-01 │ test 9.5090e-01 │ η_eff 3.724e-06
Ep  94/100 │  0.12s │ bd 1.0127e-01 │ res 4.8951e-01 │ test 9.5416e-01 │ η_eff 3.919e-06
Ep  95/100 │  0.11s │ bd 9.0947e-02 │ res 4.2683e-01 │ test 9.4791e-01 │ η_eff 3.749e-06
Ep  96/100 │  0.11s │ bd 8.9242e-02 │ res 4.5292e-01 │ test 9.5121e-01 │ η_eff 3.851e-06
Ep  97/100 │  0.11s │ bd 9.7427e-02 │ res 4.4813e-01 │ test 9.4375e-01 │ η_eff 4.090e-06
Ep  98/100 │  0.11s │ bd 8.9760e-02 │ res 4.2738e-01 │ test 9.4518e-01 │ η_eff 4.033e-06
Ep  99/100 │  0.11s │ bd 8.9766e-02 │ res 4.1969e-01 │ test 9.4851e-01 │ η_eff 3.948e-06
Ep 100/100 │  0.12s │ bd 8.9421e-02 │ res 4.2629e-01 │ test 9.5226e-01 │ η_eff 1.967e-06
→ Saved: loss/Burger1d_pino_fd_ms_90_Adam_ep100_visc0.1_m32_w64/loss_full_loss_3.csv
→ Model saved: model/Burger1d_pino_fd_ms_90_Adam_ep100_visc0.1_m32_w64
→ Eta-term history: loss/Burger1d_pino_fd_ms_90_Adam_ep100_visc0.1_m32_w64/eta_term_history.csv
  sample 0: test L2 = 1.4134e+00
  sample 1: test L2 = 6.8702e-01
  sample 2: test L2 = 6.6493e-01
  sample 3: test L2 = 8.7369e-01
  sample 4: test L2 = 2.2910e+00
  sample 5: test L2 = 8.0966e-01
  sample 6: test L2 = 6.7610e-01
  sample 7: test L2 = 6.6879e-01
  sample 8: test L2 = 7.9718e-01
  sample 9: test L2 = 6.4096e-01
→ Predictions saved: burger_test_pino_fd_ms.mat
→ Figure saved: image/Burger1d_pino_fd_ms_90_Adam_ep100_visc0.1_m32_w64/final_velocity.png
