loaded 1D buffers
[train_model] model=pino_spectral | training=singlestage | S=2048 | nu=0.1 | dt=0.1 | modes=32 | width=64
Model parameters: 550,081

=== Phase 'full_loss_1' | epochs 200 ===

Ep   1/200 │  0.48s │ bd 2.5310e+00 │ res 6.3915e+02 │ test 3.3991e+00 │ η_eff 2.522e-03
Ep   2/200 │  0.11s │ bd 1.4191e+00 │ res 5.5290e+01 │ test 1.8643e+00 │ η_eff 1.007e-03
Ep   3/200 │  0.10s │ bd 1.2502e+00 │ res 4.9061e+01 │ test 1.2575e+00 │ η_eff 4.505e-04
Ep   4/200 │  0.11s │ bd 1.2611e+00 │ res 5.4447e+01 │ test 1.6957e+00 │ η_eff 2.470e-04
Ep   5/200 │  0.10s │ bd 1.1043e+00 │ res 5.3387e+01 │ test 1.2606e+00 │ η_eff 1.281e-04
Ep   6/200 │  0.10s │ bd 1.1426e+00 │ res 4.2826e+01 │ test 1.1551e+00 │ η_eff 8.151e-05
Ep   7/200 │  0.11s │ bd 1.0258e+00 │ res 3.7845e+01 │ test 9.9157e-01 │ η_eff 6.081e-05
Ep   8/200 │  0.10s │ bd 1.1137e+00 │ res 3.6727e+01 │ test 1.0702e+00 │ η_eff 5.121e-05
Ep   9/200 │  0.10s │ bd 1.0488e+00 │ res 3.7387e+01 │ test 1.0961e+00 │ η_eff 5.457e-05
Ep  10/200 │  0.11s │ bd 1.0674e+00 │ res 3.6091e+01 │ test 9.8428e-01 │ η_eff 2.313e-05
Ep  11/200 │  0.09s │ bd 1.1466e+00 │ res 3.5117e+01 │ test 9.8875e-01 │ η_eff 2.459e-05
Ep  12/200 │  0.11s │ bd 1.0499e+00 │ res 3.4020e+01 │ test 1.0714e+00 │ η_eff 2.082e-05
Ep  13/200 │  0.10s │ bd 1.1133e+00 │ res 3.4535e+01 │ test 1.0723e+00 │ η_eff 2.232e-05
Ep  14/200 │  0.10s │ bd 9.6902e-01 │ res 3.4244e+01 │ test 1.0052e+00 │ η_eff 2.749e-05
Ep  15/200 │  0.10s │ bd 1.0330e+00 │ res 3.3656e+01 │ test 1.0157e+00 │ η_eff 2.258e-05
Ep  16/200 │  0.10s │ bd 1.0859e+00 │ res 3.3209e+01 │ test 9.8909e-01 │ η_eff 2.163e-05
Ep  17/200 │  0.11s │ bd 9.4474e-01 │ res 3.2186e+01 │ test 1.0104e+00 │ η_eff 2.264e-05
Ep  18/200 │  0.10s │ bd 9.2643e-01 │ res 3.2312e+01 │ test 9.6294e-01 │ η_eff 2.504e-05
Ep  19/200 │  0.10s │ bd 9.1449e-01 │ res 3.1579e+01 │ test 9.8148e-01 │ η_eff 2.963e-05
Ep  20/200 │  0.10s │ bd 9.5195e-01 │ res 3.1879e+01 │ test 9.8916e-01 │ η_eff 1.555e-05
Ep  21/200 │  0.10s │ bd 8.8893e-01 │ res 3.1207e+01 │ test 9.3900e-01 │ η_eff 1.552e-05
Ep  22/200 │  0.10s │ bd 8.0174e-01 │ res 3.0812e+01 │ test 9.3173e-01 │ η_eff 1.343e-05
Ep  23/200 │  0.10s │ bd 8.8249e-01 │ res 2.9982e+01 │ test 9.3036e-01 │ η_eff 1.846e-05
Ep  24/200 │  0.10s │ bd 8.6360e-01 │ res 3.0042e+01 │ test 9.4291e-01 │ η_eff 1.481e-05
Ep  25/200 │  0.10s │ bd 7.7880e-01 │ res 2.9210e+01 │ test 9.0385e-01 │ η_eff 1.380e-05
Ep  26/200 │  0.11s │ bd 8.3105e-01 │ res 2.9308e+01 │ test 9.2627e-01 │ η_eff 1.498e-05
Ep  27/200 │  0.10s │ bd 8.5447e-01 │ res 2.8675e+01 │ test 9.1791e-01 │ η_eff 1.456e-05
Ep  28/200 │  0.10s │ bd 8.2010e-01 │ res 2.8358e+01 │ test 8.9060e-01 │ η_eff 1.615e-05
Ep  29/200 │  0.10s │ bd 7.5468e-01 │ res 2.7307e+01 │ test 8.6280e-01 │ η_eff 1.436e-05
Ep  30/200 │  0.10s │ bd 9.2401e-01 │ res 2.7423e+01 │ test 8.8576e-01 │ η_eff 8.222e-06
Ep  31/200 │  0.10s │ bd 8.0698e-01 │ res 2.6382e+01 │ test 8.5777e-01 │ η_eff 1.086e-05
Ep  32/200 │  0.10s │ bd 7.8523e-01 │ res 2.5769e+01 │ test 8.3095e-01 │ η_eff 8.641e-06
Ep  33/200 │  0.12s │ bd 7.1803e-01 │ res 2.5343e+01 │ test 7.9915e-01 │ η_eff 9.174e-06
Ep  34/200 │  0.10s │ bd 6.7314e-01 │ res 2.4353e+01 │ test 8.1952e-01 │ η_eff 1.010e-05
Ep  35/200 │  0.10s │ bd 6.1566e-01 │ res 2.3674e+01 │ test 7.7253e-01 │ η_eff 9.550e-06
Ep  36/200 │  0.10s │ bd 5.4921e-01 │ res 2.3153e+01 │ test 7.5748e-01 │ η_eff 9.410e-06
Ep  37/200 │  0.11s │ bd 5.7361e-01 │ res 2.2354e+01 │ test 7.4725e-01 │ η_eff 9.777e-06
Ep  38/200 │  0.11s │ bd 5.6582e-01 │ res 2.1502e+01 │ test 7.3624e-01 │ η_eff 1.120e-05
Ep  39/200 │  0.10s │ bd 7.3713e-01 │ res 2.1919e+01 │ test 7.4322e-01 │ η_eff 1.013e-05
Ep  40/200 │  0.10s │ bd 6.3965e-01 │ res 2.1068e+01 │ test 6.8200e-01 │ η_eff 4.419e-06
Ep  41/200 │  0.10s │ bd 7.7796e-01 │ res 2.1156e+01 │ test 6.6346e-01 │ η_eff 4.686e-06
Ep  42/200 │  0.10s │ bd 6.3588e-01 │ res 2.0248e+01 │ test 6.5074e-01 │ η_eff 5.386e-06
Ep  43/200 │  0.10s │ bd 6.8158e-01 │ res 1.9898e+01 │ test 6.6450e-01 │ η_eff 5.035e-06
Ep  44/200 │  0.10s │ bd 6.6096e-01 │ res 2.0026e+01 │ test 6.6106e-01 │ η_eff 5.132e-06
Ep  45/200 │  0.11s │ bd 5.3603e-01 │ res 1.8835e+01 │ test 6.5434e-01 │ η_eff 5.434e-06
Ep  46/200 │  0.11s │ bd 5.7021e-01 │ res 1.9075e+01 │ test 6.3978e-01 │ η_eff 5.482e-06
Ep  47/200 │  0.10s │ bd 6.3647e-01 │ res 1.8882e+01 │ test 6.2984e-01 │ η_eff 5.161e-06
Ep  48/200 │  0.10s │ bd 6.3659e-01 │ res 1.8844e+01 │ test 6.2075e-01 │ η_eff 5.636e-06
Ep  49/200 │  0.12s │ bd 5.7790e-01 │ res 1.8189e+01 │ test 6.1380e-01 │ η_eff 5.287e-06
Ep  50/200 │  0.11s │ bd 6.4891e-01 │ res 1.8568e+01 │ test 5.8591e-01 │ η_eff 2.783e-06
Ep  51/200 │  0.10s │ bd 6.5959e-01 │ res 1.7855e+01 │ test 5.8931e-01 │ η_eff 2.954e-06
Ep  52/200 │  0.10s │ bd 6.2274e-01 │ res 1.7830e+01 │ test 5.8225e-01 │ η_eff 3.031e-06
Ep  53/200 │  0.10s │ bd 6.3724e-01 │ res 1.7462e+01 │ test 5.7715e-01 │ η_eff 3.015e-06
Ep  54/200 │  0.11s │ bd 5.9403e-01 │ res 1.7738e+01 │ test 5.8816e-01 │ η_eff 3.165e-06
Ep  55/200 │  0.10s │ bd 5.9792e-01 │ res 1.7356e+01 │ test 5.8760e-01 │ η_eff 3.159e-06
Ep  56/200 │  0.10s │ bd 5.7236e-01 │ res 1.7457e+01 │ test 5.8544e-01 │ η_eff 2.783e-06
Ep  57/200 │  0.11s │ bd 5.7265e-01 │ res 1.6719e+01 │ test 5.9619e-01 │ η_eff 2.982e-06
Ep  58/200 │  0.10s │ bd 5.8905e-01 │ res 1.7093e+01 │ test 5.8490e-01 │ η_eff 3.083e-06
Ep  59/200 │  0.10s │ bd 6.2733e-01 │ res 1.7233e+01 │ test 5.7937e-01 │ η_eff 3.416e-06
Ep  60/200 │  0.10s │ bd 6.1997e-01 │ res 1.7146e+01 │ test 5.8141e-01 │ η_eff 1.718e-06
Ep  61/200 │  0.10s │ bd 5.9118e-01 │ res 1.6681e+01 │ test 5.8943e-01 │ η_eff 1.723e-06
Ep  62/200 │  0.11s │ bd 7.9158e-01 │ res 1.7462e+01 │ test 5.7643e-01 │ η_eff 1.630e-06
Ep  63/200 │  0.10s │ bd 6.3678e-01 │ res 1.7223e+01 │ test 5.8779e-01 │ η_eff 1.669e-06
Ep  64/200 │  0.10s │ bd 5.8017e-01 │ res 1.6258e+01 │ test 5.8450e-01 │ η_eff 1.831e-06
Ep  65/200 │  0.11s │ bd 6.9344e-01 │ res 1.6748e+01 │ test 5.8472e-01 │ η_eff 1.794e-06
Ep  66/200 │  0.10s │ bd 5.7378e-01 │ res 1.6137e+01 │ test 5.7350e-01 │ η_eff 1.756e-06
Ep  67/200 │  0.10s │ bd 5.9218e-01 │ res 1.6338e+01 │ test 5.7650e-01 │ η_eff 1.682e-06
Ep  68/200 │  0.10s │ bd 6.7946e-01 │ res 1.7302e+01 │ test 5.8733e-01 │ η_eff 1.582e-06
Ep  69/200 │  0.10s │ bd 6.1217e-01 │ res 1.5866e+01 │ test 5.6158e-01 │ η_eff 1.740e-06
Ep  70/200 │  0.11s │ bd 5.7717e-01 │ res 1.6316e+01 │ test 5.7264e-01 │ η_eff 8.948e-07
Ep  71/200 │  0.10s │ bd 5.1908e-01 │ res 1.5968e+01 │ test 5.7345e-01 │ η_eff 8.913e-07
Ep  72/200 │  0.11s │ bd 6.6323e-01 │ res 1.6507e+01 │ test 5.7000e-01 │ η_eff 9.020e-07
Ep  73/200 │  0.10s │ bd 6.7211e-01 │ res 1.6768e+01 │ test 5.6626e-01 │ η_eff 8.929e-07
Ep  74/200 │  0.10s │ bd 5.7213e-01 │ res 1.5890e+01 │ test 5.6804e-01 │ η_eff 9.567e-07
Ep  75/200 │  0.11s │ bd 5.7254e-01 │ res 1.5801e+01 │ test 5.6728e-01 │ η_eff 9.661e-07
Ep  76/200 │  0.10s │ bd 6.3472e-01 │ res 1.6488e+01 │ test 5.6443e-01 │ η_eff 9.336e-07
Ep  77/200 │  0.10s │ bd 5.9587e-01 │ res 1.6604e+01 │ test 5.6100e-01 │ η_eff 9.700e-07
Ep  78/200 │  0.10s │ bd 5.8561e-01 │ res 1.5719e+01 │ test 5.6312e-01 │ η_eff 9.585e-07
Ep  79/200 │  0.11s │ bd 6.3176e-01 │ res 1.5665e+01 │ test 5.6608e-01 │ η_eff 9.216e-07
Ep  80/200 │  0.11s │ bd 6.3510e-01 │ res 1.5868e+01 │ test 5.6676e-01 │ η_eff 4.588e-07
Ep  81/200 │  0.10s │ bd 5.7120e-01 │ res 1.5576e+01 │ test 5.6747e-01 │ η_eff 5.122e-07
Ep  82/200 │  0.10s │ bd 5.7449e-01 │ res 1.5509e+01 │ test 5.6657e-01 │ η_eff 5.118e-07
Ep  83/200 │  0.10s │ bd 5.7297e-01 │ res 1.5615e+01 │ test 5.6532e-01 │ η_eff 5.631e-07
Ep  84/200 │  0.10s │ bd 6.3387e-01 │ res 1.6484e+01 │ test 5.6207e-01 │ η_eff 5.107e-07
Ep  85/200 │  0.10s │ bd 6.1840e-01 │ res 1.5607e+01 │ test 5.5960e-01 │ η_eff 4.971e-07
Ep  86/200 │  0.10s │ bd 6.0643e-01 │ res 1.5931e+01 │ test 5.6430e-01 │ η_eff 5.611e-07
Ep  87/200 │  0.10s │ bd 6.4203e-01 │ res 1.6023e+01 │ test 5.6948e-01 │ η_eff 5.078e-07
Ep  88/200 │  0.11s │ bd 6.3108e-01 │ res 1.6114e+01 │ test 5.6995e-01 │ η_eff 5.646e-07
Ep  89/200 │  0.10s │ bd 6.0751e-01 │ res 1.6171e+01 │ test 5.7147e-01 │ η_eff 6.669e-07
Ep  90/200 │  0.11s │ bd 5.6600e-01 │ res 1.5888e+01 │ test 5.6817e-01 │ η_eff 3.045e-07
Ep  91/200 │  0.10s │ bd 5.2156e-01 │ res 1.5416e+01 │ test 5.6595e-01 │ η_eff 2.709e-07
Ep  92/200 │  0.10s │ bd 6.0234e-01 │ res 1.5382e+01 │ test 5.6050e-01 │ η_eff 2.746e-07
Ep  93/200 │  0.10s │ bd 6.2085e-01 │ res 1.5876e+01 │ test 5.6950e-01 │ η_eff 2.755e-07
Ep  94/200 │  0.11s │ bd 5.9090e-01 │ res 1.5685e+01 │ test 5.7305e-01 │ η_eff 3.105e-07
Ep  95/200 │  0.10s │ bd 5.3557e-01 │ res 1.5048e+01 │ test 5.6983e-01 │ η_eff 2.855e-07
Ep  96/200 │  0.10s │ bd 5.5231e-01 │ res 1.5525e+01 │ test 5.6866e-01 │ η_eff 2.819e-07
Ep  97/200 │  0.10s │ bd 6.0873e-01 │ res 1.5702e+01 │ test 5.6736e-01 │ η_eff 3.097e-07
Ep  98/200 │  0.10s │ bd 5.1801e-01 │ res 1.5346e+01 │ test 5.6412e-01 │ η_eff 3.023e-07
Ep  99/200 │  0.10s │ bd 6.9170e-01 │ res 1.6406e+01 │ test 5.7271e-01 │ η_eff 3.002e-07
Ep 100/200 │  0.11s │ bd 6.4311e-01 │ res 1.6055e+01 │ test 5.6781e-01 │ η_eff 1.362e-07
Ep 101/200 │  0.11s │ bd 6.0904e-01 │ res 1.5749e+01 │ test 5.6678e-01 │ η_eff 1.385e-07
Ep 102/200 │  0.10s │ bd 5.9649e-01 │ res 1.5511e+01 │ test 5.6457e-01 │ η_eff 1.489e-07
Ep 103/200 │  0.11s │ bd 6.8915e-01 │ res 1.6083e+01 │ test 5.6989e-01 │ η_eff 1.523e-07
Ep 104/200 │  0.10s │ bd 6.0680e-01 │ res 1.5441e+01 │ test 5.7037e-01 │ η_eff 1.492e-07
Ep 105/200 │  0.10s │ bd 6.5854e-01 │ res 1.5896e+01 │ test 5.6813e-01 │ η_eff 1.418e-07
Ep 106/200 │  0.10s │ bd 6.1903e-01 │ res 1.5329e+01 │ test 5.6190e-01 │ η_eff 1.522e-07
Ep 107/200 │  0.10s │ bd 6.3633e-01 │ res 1.5936e+01 │ test 5.6633e-01 │ η_eff 1.578e-07
Ep 108/200 │  0.10s │ bd 6.7472e-01 │ res 1.5682e+01 │ test 5.6389e-01 │ η_eff 1.531e-07
Ep 109/200 │  0.12s │ bd 6.5584e-01 │ res 1.5680e+01 │ test 5.5735e-01 │ η_eff 1.409e-07
Ep 110/200 │  0.10s │ bd 5.6966e-01 │ res 1.5600e+01 │ test 5.6023e-01 │ η_eff 7.465e-08
Ep 111/200 │  0.10s │ bd 5.9514e-01 │ res 1.5404e+01 │ test 5.6005e-01 │ η_eff 7.608e-08
Ep 112/200 │  0.11s │ bd 5.8078e-01 │ res 1.5881e+01 │ test 5.6114e-01 │ η_eff 8.092e-08
Ep 113/200 │  0.10s │ bd 5.9159e-01 │ res 1.5537e+01 │ test 5.5914e-01 │ η_eff 7.256e-08
Ep 114/200 │  0.12s │ bd 5.9063e-01 │ res 1.5109e+01 │ test 5.5890e-01 │ η_eff 8.502e-08
Ep 115/200 │  0.11s │ bd 5.5053e-01 │ res 1.5633e+01 │ test 5.5618e-01 │ η_eff 7.385e-08
Ep 116/200 │  0.10s │ bd 5.6274e-01 │ res 1.5359e+01 │ test 5.6137e-01 │ η_eff 7.444e-08
Ep 117/200 │  0.10s │ bd 5.5170e-01 │ res 1.5941e+01 │ test 5.5997e-01 │ η_eff 7.791e-08
Ep 118/200 │  0.11s │ bd 4.9658e-01 │ res 1.5149e+01 │ test 5.6360e-01 │ η_eff 8.150e-08
Ep 119/200 │  0.11s │ bd 6.2078e-01 │ res 1.5552e+01 │ test 5.6337e-01 │ η_eff 8.250e-08
Ep 120/200 │  0.11s │ bd 6.0234e-01 │ res 1.5722e+01 │ test 5.6122e-01 │ η_eff 4.149e-08
Ep 121/200 │  0.11s │ bd 5.3566e-01 │ res 1.5446e+01 │ test 5.6071e-01 │ η_eff 4.197e-08
Ep 122/200 │  0.10s │ bd 5.5584e-01 │ res 1.5537e+01 │ test 5.6427e-01 │ η_eff 4.137e-08
Ep 123/200 │  0.11s │ bd 6.5594e-01 │ res 1.5271e+01 │ test 5.6017e-01 │ η_eff 4.016e-08
Ep 124/200 │  0.11s │ bd 5.9084e-01 │ res 1.5342e+01 │ test 5.5978e-01 │ η_eff 4.382e-08
Ep 125/200 │  0.10s │ bd 6.7644e-01 │ res 1.6310e+01 │ test 5.5847e-01 │ η_eff 4.019e-08
Ep 126/200 │  0.10s │ bd 6.7724e-01 │ res 1.6113e+01 │ test 5.6168e-01 │ η_eff 4.650e-08
Ep 127/200 │  0.10s │ bd 5.6176e-01 │ res 1.4986e+01 │ test 5.5947e-01 │ η_eff 4.493e-08
Ep 128/200 │  0.10s │ bd 6.1583e-01 │ res 1.5635e+01 │ test 5.6591e-01 │ η_eff 4.256e-08
Ep 129/200 │  0.11s │ bd 5.0365e-01 │ res 1.4932e+01 │ test 5.6256e-01 │ η_eff 4.064e-08
Ep 130/200 │  0.11s │ bd 7.1162e-01 │ res 1.5907e+01 │ test 5.6334e-01 │ η_eff 2.198e-08
Ep 131/200 │  0.11s │ bd 6.0352e-01 │ res 1.5541e+01 │ test 5.6317e-01 │ η_eff 2.271e-08
Ep 132/200 │  0.10s │ bd 5.9905e-01 │ res 1.6070e+01 │ test 5.6541e-01 │ η_eff 2.388e-08
Ep 133/200 │  0.10s │ bd 6.2615e-01 │ res 1.5359e+01 │ test 5.6305e-01 │ η_eff 2.533e-08
Ep 134/200 │  0.10s │ bd 6.2223e-01 │ res 1.5330e+01 │ test 5.6286e-01 │ η_eff 2.701e-08
Ep 135/200 │  0.11s │ bd 6.1556e-01 │ res 1.5385e+01 │ test 5.6475e-01 │ η_eff 2.439e-08
Ep 136/200 │  0.10s │ bd 5.5033e-01 │ res 1.5285e+01 │ test 5.5964e-01 │ η_eff 2.412e-08
Ep 137/200 │  0.10s │ bd 5.7874e-01 │ res 1.5456e+01 │ test 5.5979e-01 │ η_eff 2.368e-08
Ep 138/200 │  0.11s │ bd 5.8312e-01 │ res 1.5791e+01 │ test 5.6108e-01 │ η_eff 2.248e-08
Ep 139/200 │  0.10s │ bd 6.7769e-01 │ res 1.5566e+01 │ test 5.5793e-01 │ η_eff 2.319e-08
Ep 140/200 │  0.11s │ bd 5.6140e-01 │ res 1.5129e+01 │ test 5.5745e-01 │ η_eff 1.093e-08
Ep 141/200 │  0.11s │ bd 7.0785e-01 │ res 1.5980e+01 │ test 5.6414e-01 │ η_eff 1.082e-08
Ep 142/200 │  0.10s │ bd 6.1219e-01 │ res 1.6030e+01 │ test 5.6485e-01 │ η_eff 1.179e-08
Ep 143/200 │  0.11s │ bd 6.8367e-01 │ res 1.6400e+01 │ test 5.6847e-01 │ η_eff 1.139e-08
Ep 144/200 │  0.10s │ bd 5.7969e-01 │ res 1.5146e+01 │ test 5.6328e-01 │ η_eff 1.154e-08
Ep 145/200 │  0.11s │ bd 5.8493e-01 │ res 1.5584e+01 │ test 5.6143e-01 │ η_eff 1.156e-08
Ep 146/200 │  0.11s │ bd 5.5104e-01 │ res 1.5236e+01 │ test 5.5950e-01 │ η_eff 1.327e-08
Ep 147/200 │  0.10s │ bd 5.5973e-01 │ res 1.5293e+01 │ test 5.6264e-01 │ η_eff 1.191e-08
Ep 148/200 │  0.10s │ bd 5.3297e-01 │ res 1.5607e+01 │ test 5.6497e-01 │ η_eff 1.178e-08
Ep 149/200 │  0.10s │ bd 6.3914e-01 │ res 1.5630e+01 │ test 5.5734e-01 │ η_eff 1.109e-08
Ep 150/200 │  0.11s │ bd 6.0176e-01 │ res 1.5907e+01 │ test 5.6480e-01 │ η_eff 5.855e-09
Ep 151/200 │  0.10s │ bd 6.3935e-01 │ res 1.5721e+01 │ test 5.6081e-01 │ η_eff 6.196e-09
Ep 152/200 │  0.11s │ bd 5.5597e-01 │ res 1.5031e+01 │ test 5.6323e-01 │ η_eff 6.337e-09
Ep 153/200 │  0.10s │ bd 5.4939e-01 │ res 1.5498e+01 │ test 5.6408e-01 │ η_eff 6.253e-09
Ep 154/200 │  0.10s │ bd 5.5743e-01 │ res 1.5277e+01 │ test 5.5991e-01 │ η_eff 6.475e-09
Ep 155/200 │  0.10s │ bd 8.0004e-01 │ res 1.5730e+01 │ test 5.6074e-01 │ η_eff 6.981e-09
Ep 156/200 │  0.11s │ bd 5.9816e-01 │ res 1.5406e+01 │ test 5.6154e-01 │ η_eff 6.515e-09
Ep 157/200 │  0.11s │ bd 5.5597e-01 │ res 1.5608e+01 │ test 5.5914e-01 │ η_eff 6.250e-09
Ep 158/200 │  0.11s │ bd 6.1917e-01 │ res 1.5597e+01 │ test 5.6398e-01 │ η_eff 6.800e-09
Ep 159/200 │  0.11s │ bd 5.6492e-01 │ res 1.5307e+01 │ test 5.6107e-01 │ η_eff 6.386e-09
Ep 160/200 │  0.11s │ bd 5.8813e-01 │ res 1.5592e+01 │ test 5.5948e-01 │ η_eff 3.059e-09
Ep 161/200 │  0.10s │ bd 6.2660e-01 │ res 1.5657e+01 │ test 5.5937e-01 │ η_eff 3.005e-09
Ep 162/200 │  0.11s │ bd 5.5911e-01 │ res 1.5227e+01 │ test 5.5814e-01 │ η_eff 3.309e-09
Ep 163/200 │  0.11s │ bd 5.9002e-01 │ res 1.5308e+01 │ test 5.6060e-01 │ η_eff 3.304e-09
Ep 164/200 │  0.10s │ bd 5.9594e-01 │ res 1.5333e+01 │ test 5.6097e-01 │ η_eff 3.550e-09
Ep 165/200 │  0.10s │ bd 5.6901e-01 │ res 1.5004e+01 │ test 5.6112e-01 │ η_eff 3.856e-09
Ep 166/200 │  0.11s │ bd 5.7621e-01 │ res 1.5323e+01 │ test 5.5834e-01 │ η_eff 3.416e-09
Ep 167/200 │  0.10s │ bd 6.0963e-01 │ res 1.5413e+01 │ test 5.5945e-01 │ η_eff 3.028e-09
Ep 168/200 │  0.11s │ bd 5.5998e-01 │ res 1.5109e+01 │ test 5.6302e-01 │ η_eff 3.187e-09
Ep 169/200 │  0.12s │ bd 6.4098e-01 │ res 1.5662e+01 │ test 5.6187e-01 │ η_eff 3.300e-09
Ep 170/200 │  0.10s │ bd 5.6182e-01 │ res 1.5474e+01 │ test 5.5972e-01 │ η_eff 1.846e-09
Ep 171/200 │  0.10s │ bd 6.1809e-01 │ res 1.5789e+01 │ test 5.6424e-01 │ η_eff 1.802e-09
Ep 172/200 │  0.10s │ bd 6.9176e-01 │ res 1.5817e+01 │ test 5.6036e-01 │ η_eff 1.617e-09
Ep 173/200 │  0.10s │ bd 6.6255e-01 │ res 1.5670e+01 │ test 5.6555e-01 │ η_eff 1.627e-09
Ep 174/200 │  0.11s │ bd 5.7324e-01 │ res 1.5327e+01 │ test 5.6549e-01 │ η_eff 1.695e-09
Ep 175/200 │  0.10s │ bd 6.0139e-01 │ res 1.5660e+01 │ test 5.6270e-01 │ η_eff 1.710e-09
Ep 176/200 │  0.11s │ bd 6.4382e-01 │ res 1.6379e+01 │ test 5.6069e-01 │ η_eff 1.693e-09
Ep 177/200 │  0.10s │ bd 5.6119e-01 │ res 1.5209e+01 │ test 5.6058e-01 │ η_eff 1.853e-09
Ep 178/200 │  0.11s │ bd 6.6085e-01 │ res 1.6275e+01 │ test 5.6477e-01 │ η_eff 1.903e-09
Ep 179/200 │  0.10s │ bd 6.5098e-01 │ res 1.5718e+01 │ test 5.5935e-01 │ η_eff 1.800e-09
Ep 180/200 │  0.10s │ bd 6.7815e-01 │ res 1.5634e+01 │ test 5.5840e-01 │ η_eff 8.758e-10
Ep 181/200 │  0.11s │ bd 5.5029e-01 │ res 1.5086e+01 │ test 5.5855e-01 │ η_eff 9.331e-10
Ep 182/200 │  0.11s │ bd 6.6523e-01 │ res 1.6363e+01 │ test 5.6665e-01 │ η_eff 8.876e-10
Ep 183/200 │  0.10s │ bd 6.2735e-01 │ res 1.5478e+01 │ test 5.6705e-01 │ η_eff 9.704e-10
Ep 184/200 │  0.11s │ bd 5.8225e-01 │ res 1.5549e+01 │ test 5.6219e-01 │ η_eff 8.986e-10
Ep 185/200 │  0.11s │ bd 5.7169e-01 │ res 1.5445e+01 │ test 5.5875e-01 │ η_eff 9.501e-10
Ep 186/200 │  0.10s │ bd 5.6014e-01 │ res 1.5421e+01 │ test 5.5870e-01 │ η_eff 9.372e-10
Ep 187/200 │  0.10s │ bd 6.6078e-01 │ res 1.6160e+01 │ test 5.5724e-01 │ η_eff 9.540e-10
Ep 188/200 │  0.10s │ bd 5.6623e-01 │ res 1.5321e+01 │ test 5.5792e-01 │ η_eff 1.091e-09
Ep 189/200 │  0.10s │ bd 7.2431e-01 │ res 1.6316e+01 │ test 5.6356e-01 │ η_eff 8.846e-10
Ep 190/200 │  0.10s │ bd 5.8725e-01 │ res 1.5539e+01 │ test 5.6306e-01 │ η_eff 4.435e-10
Ep 191/200 │  0.10s │ bd 6.5318e-01 │ res 1.5786e+01 │ test 5.5922e-01 │ η_eff 4.854e-10
Ep 192/200 │  0.11s │ bd 5.4077e-01 │ res 1.4876e+01 │ test 5.6071e-01 │ η_eff 4.856e-10
Ep 193/200 │  0.10s │ bd 5.5569e-01 │ res 1.5217e+01 │ test 5.5732e-01 │ η_eff 4.798e-10
Ep 194/200 │  0.10s │ bd 5.2402e-01 │ res 1.4953e+01 │ test 5.5914e-01 │ η_eff 4.600e-10
Ep 195/200 │  0.10s │ bd 5.6903e-01 │ res 1.5312e+01 │ test 5.6302e-01 │ η_eff 4.644e-10
Ep 196/200 │  0.12s │ bd 5.5288e-01 │ res 1.5458e+01 │ test 5.6062e-01 │ η_eff 4.836e-10
Ep 197/200 │  0.10s │ bd 5.7027e-01 │ res 1.5319e+01 │ test 5.5953e-01 │ η_eff 5.813e-10
Ep 198/200 │  0.10s │ bd 6.3110e-01 │ res 1.5662e+01 │ test 5.5683e-01 │ η_eff 4.527e-10
Ep 199/200 │  0.10s │ bd 6.2642e-01 │ res 1.5721e+01 │ test 5.5946e-01 │ η_eff 5.000e-10
Ep 200/200 │  0.10s │ bd 6.7499e-01 │ res 1.6057e+01 │ test 5.5585e-01 │ η_eff 2.346e-10
→ Saved: loss/Burger1d_pino_spectral_ss_90_Adam_ep200_visc0.1_m32_w64/loss_full_loss_1.csv
→ Model saved: model/Burger1d_pino_spectral_ss_90_Adam_ep200_visc0.1_m32_w64
→ Eta-term history: loss/Burger1d_pino_spectral_ss_90_Adam_ep200_visc0.1_m32_w64/eta_term_history.csv
  sample 0: test L2 = 6.9603e-01
  sample 1: test L2 = 4.6420e-01
  sample 2: test L2 = 3.7780e-01
  sample 3: test L2 = 6.6022e-01
  sample 4: test L2 = 8.7609e-01
  sample 5: test L2 = 4.7980e-01
  sample 6: test L2 = 4.5348e-01
  sample 7: test L2 = 4.5196e-01
  sample 8: test L2 = 6.8628e-01
  sample 9: test L2 = 4.1238e-01
→ Predictions saved: burger_test_pino_spectral_ss.mat
→ Figure saved: image/Burger1d_pino_spectral_ss_90_Adam_ep200_visc0.1_m32_w64/final_velocity.png
