loaded 1D buffers
[train_model] model=pino_spectral | training=multistage | S=2048 | nu=0.1 | dt=0.1 | modes=32 | width=64
Model parameters: 550,081

=== Phase 'full_loss_1' | epochs 100 ===

Ep   1/100 │  0.83s │ bd 2.1032e+00 │ res 4.1176e+02 │ test 3.7341e+00 │ η_eff 2.482e-03
Ep   2/100 │  0.11s │ bd 1.4088e+00 │ res 4.2958e+01 │ test 2.0119e+00 │ η_eff 9.859e-04
Ep   3/100 │  0.10s │ bd 1.2849e+00 │ res 3.7719e+01 │ test 1.3727e+00 │ η_eff 4.330e-04
Ep   4/100 │  0.10s │ bd 1.0657e+00 │ res 3.7699e+01 │ test 1.1455e+00 │ η_eff 2.018e-04
Ep   5/100 │  0.11s │ bd 9.5914e-01 │ res 3.5404e+01 │ test 1.0140e+00 │ η_eff 1.079e-04
Ep   6/100 │  0.11s │ bd 1.0459e+00 │ res 3.4666e+01 │ test 1.1187e+00 │ η_eff 6.514e-05
Ep   7/100 │  0.10s │ bd 9.4314e-01 │ res 3.3175e+01 │ test 1.0154e+00 │ η_eff 5.872e-05
Ep   8/100 │  0.10s │ bd 1.6838e+00 │ res 3.3542e+01 │ test 1.0194e+00 │ η_eff 5.338e-05
Ep   9/100 │  0.10s │ bd 1.1834e+00 │ res 3.2338e+01 │ test 1.0273e+00 │ η_eff 5.272e-05
Ep  10/100 │  0.10s │ bd 1.0357e+00 │ res 3.0360e+01 │ test 9.6553e-01 │ η_eff 2.618e-05
Ep  11/100 │  0.11s │ bd 8.0264e-01 │ res 2.8749e+01 │ test 9.2646e-01 │ η_eff 2.849e-05
Ep  12/100 │  0.11s │ bd 7.5755e-01 │ res 2.7957e+01 │ test 8.4871e-01 │ η_eff 3.284e-05
Ep  13/100 │  0.10s │ bd 9.6720e-01 │ res 2.7618e+01 │ test 9.1123e-01 │ η_eff 4.220e-05
Ep  14/100 │  0.10s │ bd 9.0818e-01 │ res 2.5712e+01 │ test 9.8222e-01 │ η_eff 3.427e-05
Ep  15/100 │  0.10s │ bd 1.0105e+00 │ res 2.4996e+01 │ test 8.2117e-01 │ η_eff 3.528e-05
Ep  16/100 │  0.10s │ bd 7.4856e-01 │ res 2.2744e+01 │ test 7.7666e-01 │ η_eff 3.583e-05
Ep  17/100 │  0.11s │ bd 6.9893e-01 │ res 2.0467e+01 │ test 7.6611e-01 │ η_eff 3.677e-05
Ep  18/100 │  0.10s │ bd 5.3141e-01 │ res 1.9930e+01 │ test 6.3342e-01 │ η_eff 3.743e-05
Ep  19/100 │  0.11s │ bd 5.8196e-01 │ res 1.8666e+01 │ test 6.7418e-01 │ η_eff 4.768e-05
Ep  20/100 │  0.10s │ bd 8.1335e-01 │ res 1.9675e+01 │ test 5.7200e-01 │ η_eff 2.548e-05
Ep  21/100 │  0.10s │ bd 5.7065e-01 │ res 1.7557e+01 │ test 5.5392e-01 │ η_eff 2.709e-05
Ep  22/100 │  0.10s │ bd 5.4025e-01 │ res 1.7096e+01 │ test 5.2635e-01 │ η_eff 2.480e-05
Ep  23/100 │  0.11s │ bd 5.2704e-01 │ res 1.5958e+01 │ test 5.2877e-01 │ η_eff 2.417e-05
Ep  24/100 │  0.10s │ bd 5.4224e-01 │ res 1.5861e+01 │ test 4.7764e-01 │ η_eff 2.675e-05
Ep  25/100 │  0.10s │ bd 5.3850e-01 │ res 1.5836e+01 │ test 5.5042e-01 │ η_eff 2.574e-05
Ep  26/100 │  0.10s │ bd 4.6786e-01 │ res 1.5156e+01 │ test 4.6122e-01 │ η_eff 2.702e-05
Ep  27/100 │  0.11s │ bd 4.8725e-01 │ res 1.4707e+01 │ test 4.3878e-01 │ η_eff 2.943e-05
Ep  28/100 │  0.09s │ bd 5.1167e-01 │ res 1.5509e+01 │ test 6.2385e-01 │ η_eff 2.692e-05
Ep  29/100 │  0.10s │ bd 4.1567e-01 │ res 1.3883e+01 │ test 5.2525e-01 │ η_eff 2.638e-05
Ep  30/100 │  0.10s │ bd 5.8942e-01 │ res 1.4337e+01 │ test 4.9150e-01 │ η_eff 1.412e-05
Ep  31/100 │  0.10s │ bd 4.7642e-01 │ res 1.2987e+01 │ test 5.1043e-01 │ η_eff 1.437e-05
Ep  32/100 │  0.10s │ bd 4.0583e-01 │ res 1.2368e+01 │ test 4.7958e-01 │ η_eff 1.337e-05
Ep  33/100 │  0.10s │ bd 4.2565e-01 │ res 1.2046e+01 │ test 4.2956e-01 │ η_eff 1.281e-05
Ep  34/100 │  0.11s │ bd 4.3672e-01 │ res 1.1787e+01 │ test 4.6790e-01 │ η_eff 1.434e-05
Ep  35/100 │  0.10s │ bd 3.8606e-01 │ res 1.1322e+01 │ test 4.5524e-01 │ η_eff 1.385e-05
Ep  36/100 │  0.10s │ bd 3.6578e-01 │ res 1.2293e+01 │ test 4.4108e-01 │ η_eff 1.318e-05
Ep  37/100 │  0.10s │ bd 4.0339e-01 │ res 1.1194e+01 │ test 4.6793e-01 │ η_eff 1.447e-05
Ep  38/100 │  0.11s │ bd 3.6341e-01 │ res 1.1088e+01 │ test 4.6080e-01 │ η_eff 1.398e-05
Ep  39/100 │  0.10s │ bd 5.2250e-01 │ res 1.1903e+01 │ test 4.5988e-01 │ η_eff 1.501e-05
Ep  40/100 │  0.10s │ bd 4.6040e-01 │ res 1.1397e+01 │ test 4.6518e-01 │ η_eff 7.776e-06
Ep  41/100 │  0.11s │ bd 5.2304e-01 │ res 1.1767e+01 │ test 4.8749e-01 │ η_eff 8.016e-06
Ep  42/100 │  0.10s │ bd 4.2632e-01 │ res 1.0796e+01 │ test 4.7956e-01 │ η_eff 7.441e-06
Ep  43/100 │  0.11s │ bd 4.3067e-01 │ res 1.0412e+01 │ test 4.8096e-01 │ η_eff 8.155e-06
Ep  44/100 │  0.10s │ bd 4.4175e-01 │ res 1.1010e+01 │ test 4.8427e-01 │ η_eff 8.392e-06
Ep  45/100 │  0.11s │ bd 3.2357e-01 │ res 1.0054e+01 │ test 5.0073e-01 │ η_eff 7.095e-06
Ep  46/100 │  0.10s │ bd 3.7023e-01 │ res 1.0397e+01 │ test 4.9610e-01 │ η_eff 7.861e-06
Ep  47/100 │  0.10s │ bd 3.8056e-01 │ res 1.0478e+01 │ test 5.0661e-01 │ η_eff 7.924e-06
Ep  48/100 │  0.10s │ bd 3.6766e-01 │ res 1.0284e+01 │ test 4.9970e-01 │ η_eff 8.275e-06
Ep  49/100 │  0.10s │ bd 4.1029e-01 │ res 1.0561e+01 │ test 4.9998e-01 │ η_eff 8.338e-06
Ep  50/100 │  0.11s │ bd 4.0519e-01 │ res 1.0625e+01 │ test 4.9380e-01 │ η_eff 4.458e-06
Ep  51/100 │  0.10s │ bd 4.3027e-01 │ res 1.0046e+01 │ test 4.9426e-01 │ η_eff 4.392e-06
Ep  52/100 │  0.11s │ bd 3.9427e-01 │ res 1.0099e+01 │ test 4.9634e-01 │ η_eff 4.210e-06
Ep  53/100 │  0.10s │ bd 3.8084e-01 │ res 9.7069e+00 │ test 5.0515e-01 │ η_eff 4.373e-06
Ep  54/100 │  0.10s │ bd 3.6411e-01 │ res 1.0178e+01 │ test 5.2097e-01 │ η_eff 4.184e-06
Ep  55/100 │  0.10s │ bd 3.6183e-01 │ res 1.0096e+01 │ test 5.2196e-01 │ η_eff 4.182e-06
Ep  56/100 │  0.10s │ bd 3.4014e-01 │ res 1.0118e+01 │ test 5.2576e-01 │ η_eff 4.217e-06
Ep  57/100 │  0.10s │ bd 3.0115e-01 │ res 9.2356e+00 │ test 5.1056e-01 │ η_eff 4.148e-06
Ep  58/100 │  0.10s │ bd 3.3055e-01 │ res 9.7019e+00 │ test 5.0658e-01 │ η_eff 4.442e-06
Ep  59/100 │  0.10s │ bd 3.6866e-01 │ res 9.7029e+00 │ test 5.0951e-01 │ η_eff 3.780e-06
Ep  60/100 │  0.10s │ bd 3.6240e-01 │ res 1.0032e+01 │ test 5.0989e-01 │ η_eff 2.022e-06
Ep  61/100 │  0.10s │ bd 3.5484e-01 │ res 9.7960e+00 │ test 5.0270e-01 │ η_eff 2.335e-06
Ep  62/100 │  0.10s │ bd 4.7953e-01 │ res 1.0108e+01 │ test 5.0897e-01 │ η_eff 2.202e-06
Ep  63/100 │  0.10s │ bd 3.7257e-01 │ res 1.0597e+01 │ test 5.1426e-01 │ η_eff 2.222e-06
Ep  64/100 │  0.10s │ bd 3.1386e-01 │ res 9.3895e+00 │ test 5.0822e-01 │ η_eff 2.389e-06
Ep  65/100 │  0.11s │ bd 3.8489e-01 │ res 9.9369e+00 │ test 5.0734e-01 │ η_eff 2.544e-06
Ep  66/100 │  0.10s │ bd 3.1264e-01 │ res 9.1943e+00 │ test 5.0929e-01 │ η_eff 2.264e-06
Ep  67/100 │  0.10s │ bd 3.4601e-01 │ res 9.8206e+00 │ test 5.1938e-01 │ η_eff 2.456e-06
Ep  68/100 │  0.10s │ bd 4.1296e-01 │ res 1.0557e+01 │ test 5.2909e-01 │ η_eff 2.402e-06
Ep  69/100 │  0.10s │ bd 3.3557e-01 │ res 9.0579e+00 │ test 5.2020e-01 │ η_eff 2.687e-06
Ep  70/100 │  0.10s │ bd 3.3597e-01 │ res 9.9351e+00 │ test 5.1565e-01 │ η_eff 1.196e-06
Ep  71/100 │  0.10s │ bd 2.8390e-01 │ res 9.3731e+00 │ test 5.1343e-01 │ η_eff 1.273e-06
Ep  72/100 │  0.11s │ bd 3.8364e-01 │ res 9.8704e+00 │ test 5.1422e-01 │ η_eff 1.203e-06
Ep  73/100 │  0.10s │ bd 3.8503e-01 │ res 1.0110e+01 │ test 5.2271e-01 │ η_eff 1.171e-06
Ep  74/100 │  0.10s │ bd 2.9963e-01 │ res 9.4002e+00 │ test 5.2948e-01 │ η_eff 1.210e-06
Ep  75/100 │  0.10s │ bd 3.0472e-01 │ res 9.2566e+00 │ test 5.2740e-01 │ η_eff 1.263e-06
Ep  76/100 │  0.10s │ bd 3.8015e-01 │ res 9.8087e+00 │ test 5.3124e-01 │ η_eff 1.184e-06
Ep  77/100 │  0.10s │ bd 3.2873e-01 │ res 1.0220e+01 │ test 5.3694e-01 │ η_eff 1.393e-06
Ep  78/100 │  0.10s │ bd 3.2294e-01 │ res 9.1311e+00 │ test 5.2811e-01 │ η_eff 1.274e-06
Ep  79/100 │  0.10s │ bd 3.4225e-01 │ res 9.3898e+00 │ test 5.3396e-01 │ η_eff 1.255e-06
Ep  80/100 │  0.10s │ bd 3.7358e-01 │ res 9.5635e+00 │ test 5.3676e-01 │ η_eff 5.823e-07
Ep  81/100 │  0.11s │ bd 2.9542e-01 │ res 9.0043e+00 │ test 5.4273e-01 │ η_eff 6.480e-07
Ep  82/100 │  0.10s │ bd 3.0867e-01 │ res 9.2328e+00 │ test 5.4900e-01 │ η_eff 6.794e-07
Ep  83/100 │  0.10s │ bd 3.2801e-01 │ res 9.2068e+00 │ test 5.3919e-01 │ η_eff 7.206e-07
Ep  84/100 │  0.10s │ bd 4.0284e-01 │ res 1.0234e+01 │ test 5.3956e-01 │ η_eff 6.085e-07
Ep  85/100 │  0.11s │ bd 3.3855e-01 │ res 9.0922e+00 │ test 5.4288e-01 │ η_eff 7.109e-07
Ep  86/100 │  0.11s │ bd 3.3035e-01 │ res 9.4834e+00 │ test 5.4360e-01 │ η_eff 6.744e-07
Ep  87/100 │  0.10s │ bd 3.7156e-01 │ res 9.6129e+00 │ test 5.4160e-01 │ η_eff 7.825e-07
Ep  88/100 │  0.10s │ bd 3.7020e-01 │ res 9.9283e+00 │ test 5.4734e-01 │ η_eff 7.292e-07
Ep  89/100 │  0.10s │ bd 3.2801e-01 │ res 9.5285e+00 │ test 5.4690e-01 │ η_eff 7.398e-07
Ep  90/100 │  0.10s │ bd 3.3375e-01 │ res 9.5789e+00 │ test 5.5306e-01 │ η_eff 3.586e-07
Ep  91/100 │  0.11s │ bd 2.7271e-01 │ res 8.8599e+00 │ test 5.5216e-01 │ η_eff 4.137e-07
Ep  92/100 │  0.10s │ bd 3.2991e-01 │ res 9.1755e+00 │ test 5.4895e-01 │ η_eff 3.869e-07
Ep  93/100 │  0.10s │ bd 3.8899e-01 │ res 9.5436e+00 │ test 5.5118e-01 │ η_eff 3.698e-07
Ep  94/100 │  0.11s │ bd 3.2150e-01 │ res 9.3446e+00 │ test 5.5238e-01 │ η_eff 3.540e-07
Ep  95/100 │  0.10s │ bd 2.7612e-01 │ res 8.9045e+00 │ test 5.5572e-01 │ η_eff 3.403e-07
Ep  96/100 │  0.10s │ bd 3.2409e-01 │ res 9.5062e+00 │ test 5.5476e-01 │ η_eff 3.592e-07
Ep  97/100 │  0.11s │ bd 3.5815e-01 │ res 9.2927e+00 │ test 5.5787e-01 │ η_eff 3.675e-07
Ep  98/100 │  0.10s │ bd 2.5870e-01 │ res 8.8052e+00 │ test 5.5646e-01 │ η_eff 3.223e-07
Ep  99/100 │  0.12s │ bd 4.3674e-01 │ res 9.7761e+00 │ test 5.5655e-01 │ η_eff 3.967e-07
Ep 100/100 │  0.10s │ bd 3.5149e-01 │ res 9.3684e+00 │ test 5.5785e-01 │ η_eff 1.852e-07
→ Saved: loss/Burger1d_pino_spectral_ms_90_Adam_ep100_visc0.1_m32_w64/loss_full_loss_1.csv

=== Phase 'full_loss_2' | epochs 100 ===

Ep   1/100 │  0.15s │ bd 1.8959e+00 │ res 4.5061e+01 │ test 1.6681e+00 │ η_eff 2.835e-03
Ep   2/100 │  0.10s │ bd 7.9993e-01 │ res 3.1506e+01 │ test 1.5410e+00 │ η_eff 1.381e-03
Ep   3/100 │  0.11s │ bd 8.1078e-01 │ res 2.0465e+01 │ test 1.6094e+00 │ η_eff 8.329e-04
Ep   4/100 │  0.10s │ bd 1.0169e+00 │ res 1.3412e+01 │ test 1.1790e+00 │ η_eff 6.920e-04
Ep   5/100 │  0.10s │ bd 1.0778e+00 │ res 1.3296e+01 │ test 1.3869e+00 │ η_eff 5.273e-04
Ep   6/100 │  0.10s │ bd 7.5601e-01 │ res 1.0010e+01 │ test 8.4480e-01 │ η_eff 4.802e-04
Ep   7/100 │  0.11s │ bd 7.5107e-01 │ res 8.0837e+00 │ test 1.2036e+00 │ η_eff 5.783e-04
Ep   8/100 │  0.10s │ bd 9.7276e-01 │ res 8.9673e+00 │ test 9.9191e-01 │ η_eff 5.610e-04
Ep   9/100 │  0.11s │ bd 6.5150e-01 │ res 7.5090e+00 │ test 8.4751e-01 │ η_eff 5.268e-04
Ep  10/100 │  0.10s │ bd 6.7653e-01 │ res 7.4300e+00 │ test 1.0900e+00 │ η_eff 2.592e-04
Ep  11/100 │  0.10s │ bd 6.2228e-01 │ res 5.5731e+00 │ test 8.3990e-01 │ η_eff 2.887e-04
Ep  12/100 │  0.10s │ bd 6.6201e-01 │ res 6.0161e+00 │ test 8.9410e-01 │ η_eff 2.064e-04
Ep  13/100 │  0.11s │ bd 9.7086e-01 │ res 5.1785e+00 │ test 8.5387e-01 │ η_eff 2.198e-04
Ep  14/100 │  0.11s │ bd 5.6791e-01 │ res 4.0991e+00 │ test 7.7539e-01 │ η_eff 1.710e-04
Ep  15/100 │  0.11s │ bd 6.1038e-01 │ res 4.8073e+00 │ test 8.7764e-01 │ η_eff 1.802e-04
Ep  16/100 │  0.10s │ bd 7.7676e-01 │ res 5.6233e+00 │ test 8.2553e-01 │ η_eff 1.808e-04
Ep  17/100 │  0.10s │ bd 7.5890e-01 │ res 4.2334e+00 │ test 9.2056e-01 │ η_eff 1.673e-04
Ep  18/100 │  0.10s │ bd 5.3812e-01 │ res 3.3602e+00 │ test 8.4722e-01 │ η_eff 1.502e-04
Ep  19/100 │  0.10s │ bd 4.3966e-01 │ res 3.4967e+00 │ test 8.4134e-01 │ η_eff 1.429e-04
Ep  20/100 │  0.11s │ bd 4.2946e-01 │ res 3.1328e+00 │ test 8.7242e-01 │ η_eff 7.049e-05
Ep  21/100 │  0.10s │ bd 4.3342e-01 │ res 2.8370e+00 │ test 8.1010e-01 │ η_eff 7.521e-05
Ep  22/100 │  0.12s │ bd 3.5123e-01 │ res 2.8270e+00 │ test 7.9250e-01 │ η_eff 6.842e-05
Ep  23/100 │  0.10s │ bd 3.4000e-01 │ res 2.7138e+00 │ test 8.6765e-01 │ η_eff 7.141e-05
Ep  24/100 │  0.10s │ bd 3.8903e-01 │ res 2.7613e+00 │ test 8.4492e-01 │ η_eff 6.869e-05
Ep  25/100 │  0.10s │ bd 3.5489e-01 │ res 2.9738e+00 │ test 8.1954e-01 │ η_eff 7.565e-05
Ep  26/100 │  0.11s │ bd 3.8933e-01 │ res 2.9174e+00 │ test 8.4835e-01 │ η_eff 7.579e-05
Ep  27/100 │  0.10s │ bd 2.9345e-01 │ res 2.5516e+00 │ test 7.5167e-01 │ η_eff 7.285e-05
Ep  28/100 │  0.10s │ bd 2.5785e-01 │ res 2.5416e+00 │ test 8.1712e-01 │ η_eff 7.583e-05
Ep  29/100 │  0.11s │ bd 2.9631e-01 │ res 2.5413e+00 │ test 7.7794e-01 │ η_eff 7.587e-05
Ep  30/100 │  0.10s │ bd 2.9133e-01 │ res 2.6371e+00 │ test 8.0277e-01 │ η_eff 3.872e-05
Ep  31/100 │  0.11s │ bd 2.7156e-01 │ res 2.5408e+00 │ test 8.3463e-01 │ η_eff 3.837e-05
Ep  32/100 │  0.11s │ bd 3.5606e-01 │ res 2.4660e+00 │ test 8.4443e-01 │ η_eff 4.112e-05
Ep  33/100 │  0.11s │ bd 2.5828e-01 │ res 2.2825e+00 │ test 8.1541e-01 │ η_eff 4.000e-05
Ep  34/100 │  0.10s │ bd 2.7986e-01 │ res 2.3961e+00 │ test 8.0831e-01 │ η_eff 4.371e-05
Ep  35/100 │  0.10s │ bd 2.4690e-01 │ res 2.5351e+00 │ test 8.0535e-01 │ η_eff 3.940e-05
Ep  36/100 │  0.11s │ bd 2.2850e-01 │ res 2.3518e+00 │ test 8.1718e-01 │ η_eff 4.231e-05
Ep  37/100 │  0.11s │ bd 2.4000e-01 │ res 2.4349e+00 │ test 8.5328e-01 │ η_eff 4.475e-05
Ep  38/100 │  0.10s │ bd 3.1781e-01 │ res 2.4027e+00 │ test 8.2378e-01 │ η_eff 4.174e-05
Ep  39/100 │  0.11s │ bd 2.8677e-01 │ res 2.3197e+00 │ test 8.2810e-01 │ η_eff 4.315e-05
Ep  40/100 │  0.10s │ bd 2.6992e-01 │ res 2.1824e+00 │ test 8.6422e-01 │ η_eff 2.191e-05
Ep  41/100 │  0.11s │ bd 3.4165e-01 │ res 2.3513e+00 │ test 8.3451e-01 │ η_eff 2.209e-05
Ep  42/100 │  0.10s │ bd 3.0396e-01 │ res 2.3562e+00 │ test 8.4138e-01 │ η_eff 2.406e-05
Ep  43/100 │  0.10s │ bd 2.6865e-01 │ res 2.5163e+00 │ test 7.9930e-01 │ η_eff 2.300e-05
Ep  44/100 │  0.11s │ bd 2.2532e-01 │ res 2.0811e+00 │ test 8.1444e-01 │ η_eff 2.355e-05
Ep  45/100 │  0.11s │ bd 2.3043e-01 │ res 2.1563e+00 │ test 8.3540e-01 │ η_eff 2.481e-05
Ep  46/100 │  0.11s │ bd 2.4184e-01 │ res 2.1153e+00 │ test 8.4080e-01 │ η_eff 2.279e-05
Ep  47/100 │  0.10s │ bd 2.4635e-01 │ res 2.1240e+00 │ test 8.5383e-01 │ η_eff 2.341e-05
Ep  48/100 │  0.10s │ bd 2.0581e-01 │ res 2.0665e+00 │ test 8.3331e-01 │ η_eff 2.324e-05
Ep  49/100 │  0.12s │ bd 2.5143e-01 │ res 2.1082e+00 │ test 8.5625e-01 │ η_eff 2.492e-05
Ep  50/100 │  0.11s │ bd 2.4053e-01 │ res 2.1016e+00 │ test 8.4200e-01 │ η_eff 1.218e-05
Ep  51/100 │  0.10s │ bd 2.3519e-01 │ res 2.0854e+00 │ test 8.4216e-01 │ η_eff 1.235e-05
Ep  52/100 │  0.10s │ bd 2.3446e-01 │ res 2.0337e+00 │ test 8.3606e-01 │ η_eff 1.265e-05
Ep  53/100 │  0.11s │ bd 2.2353e-01 │ res 2.0093e+00 │ test 8.4014e-01 │ η_eff 1.247e-05
Ep  54/100 │  0.12s │ bd 2.2231e-01 │ res 2.0262e+00 │ test 8.4130e-01 │ η_eff 1.274e-05
Ep  55/100 │  0.10s │ bd 2.2516e-01 │ res 2.0509e+00 │ test 8.3940e-01 │ η_eff 1.383e-05
Ep  56/100 │  0.11s │ bd 2.3293e-01 │ res 2.0101e+00 │ test 8.4287e-01 │ η_eff 1.301e-05
Ep  57/100 │  0.10s │ bd 2.7335e-01 │ res 2.0936e+00 │ test 8.6109e-01 │ η_eff 1.427e-05
Ep  58/100 │  0.10s │ bd 2.1875e-01 │ res 1.9282e+00 │ test 8.4466e-01 │ η_eff 1.315e-05
Ep  59/100 │  0.11s │ bd 2.2827e-01 │ res 1.9783e+00 │ test 8.3935e-01 │ η_eff 1.309e-05
Ep  60/100 │  0.10s │ bd 1.9902e-01 │ res 1.9584e+00 │ test 8.4900e-01 │ η_eff 6.855e-06
Ep  61/100 │  0.11s │ bd 2.2339e-01 │ res 2.0958e+00 │ test 8.5334e-01 │ η_eff 7.047e-06
Ep  62/100 │  0.11s │ bd 2.0993e-01 │ res 1.9356e+00 │ test 8.4664e-01 │ η_eff 6.535e-06
Ep  63/100 │  0.11s │ bd 2.2330e-01 │ res 1.9266e+00 │ test 8.4297e-01 │ η_eff 7.095e-06
Ep  64/100 │  0.11s │ bd 2.3479e-01 │ res 1.9431e+00 │ test 8.4748e-01 │ η_eff 7.474e-06
Ep  65/100 │  0.11s │ bd 2.0102e-01 │ res 1.8994e+00 │ test 8.4305e-01 │ η_eff 7.150e-06
Ep  66/100 │  0.10s │ bd 2.1295e-01 │ res 2.0332e+00 │ test 8.4783e-01 │ η_eff 7.356e-06
Ep  67/100 │  0.10s │ bd 2.0980e-01 │ res 1.8960e+00 │ test 8.4346e-01 │ η_eff 7.376e-06
Ep  68/100 │  0.10s │ bd 2.0638e-01 │ res 1.8299e+00 │ test 8.3797e-01 │ η_eff 7.121e-06
Ep  69/100 │  0.10s │ bd 2.3916e-01 │ res 2.0056e+00 │ test 8.4452e-01 │ η_eff 7.488e-06
Ep  70/100 │  0.11s │ bd 2.0522e-01 │ res 1.9216e+00 │ test 8.4017e-01 │ η_eff 3.548e-06
Ep  71/100 │  0.11s │ bd 2.1458e-01 │ res 1.9285e+00 │ test 8.4290e-01 │ η_eff 3.645e-06
Ep  72/100 │  0.10s │ bd 2.1708e-01 │ res 2.0286e+00 │ test 8.5261e-01 │ η_eff 3.708e-06
Ep  73/100 │  0.10s │ bd 2.1379e-01 │ res 1.9857e+00 │ test 8.4924e-01 │ η_eff 3.997e-06
Ep  74/100 │  0.10s │ bd 1.9114e-01 │ res 1.8419e+00 │ test 8.4747e-01 │ η_eff 3.786e-06
Ep  75/100 │  0.11s │ bd 2.2280e-01 │ res 1.9694e+00 │ test 8.5062e-01 │ η_eff 3.868e-06
Ep  76/100 │  0.11s │ bd 1.9875e-01 │ res 1.8756e+00 │ test 8.5119e-01 │ η_eff 3.882e-06
Ep  77/100 │  0.10s │ bd 2.0797e-01 │ res 1.7872e+00 │ test 8.5036e-01 │ η_eff 4.036e-06
Ep  78/100 │  0.10s │ bd 2.3436e-01 │ res 2.1100e+00 │ test 8.5233e-01 │ η_eff 3.882e-06
Ep  79/100 │  0.10s │ bd 2.0963e-01 │ res 1.8456e+00 │ test 8.4852e-01 │ η_eff 4.082e-06
Ep  80/100 │  0.11s │ bd 1.9616e-01 │ res 1.9974e+00 │ test 8.4715e-01 │ η_eff 2.018e-06
Ep  81/100 │  0.12s │ bd 1.9121e-01 │ res 1.8110e+00 │ test 8.4862e-01 │ η_eff 2.006e-06
Ep  82/100 │  0.10s │ bd 2.2370e-01 │ res 1.9373e+00 │ test 8.4028e-01 │ η_eff 1.996e-06
Ep  83/100 │  0.10s │ bd 2.2397e-01 │ res 1.9010e+00 │ test 8.4330e-01 │ η_eff 2.034e-06
Ep  84/100 │  0.10s │ bd 2.1594e-01 │ res 1.8786e+00 │ test 8.4428e-01 │ η_eff 1.980e-06
Ep  85/100 │  0.11s │ bd 1.8999e-01 │ res 1.9738e+00 │ test 8.4360e-01 │ η_eff 2.067e-06
Ep  86/100 │  0.10s │ bd 2.2361e-01 │ res 1.9541e+00 │ test 8.5122e-01 │ η_eff 2.098e-06
Ep  87/100 │  0.10s │ bd 2.2179e-01 │ res 2.1074e+00 │ test 8.5386e-01 │ η_eff 2.304e-06
Ep  88/100 │  0.11s │ bd 2.1796e-01 │ res 1.9362e+00 │ test 8.5023e-01 │ η_eff 2.184e-06
Ep  89/100 │  0.11s │ bd 1.9681e-01 │ res 1.9349e+00 │ test 8.4349e-01 │ η_eff 2.066e-06
Ep  90/100 │  0.12s │ bd 2.3300e-01 │ res 1.9422e+00 │ test 8.4774e-01 │ η_eff 1.063e-06
Ep  91/100 │  0.11s │ bd 2.3152e-01 │ res 1.9928e+00 │ test 8.5045e-01 │ η_eff 1.057e-06
Ep  92/100 │  0.10s │ bd 1.7472e-01 │ res 1.7560e+00 │ test 8.4526e-01 │ η_eff 1.138e-06
Ep  93/100 │  0.10s │ bd 2.0157e-01 │ res 1.8621e+00 │ test 8.4645e-01 │ η_eff 1.062e-06
Ep  94/100 │  0.13s │ bd 1.9633e-01 │ res 1.7789e+00 │ test 8.4442e-01 │ η_eff 1.070e-06
Ep  95/100 │  0.11s │ bd 2.0518e-01 │ res 1.8583e+00 │ test 8.4750e-01 │ η_eff 1.126e-06
Ep  96/100 │  0.11s │ bd 2.0378e-01 │ res 1.9691e+00 │ test 8.4465e-01 │ η_eff 1.152e-06
Ep  97/100 │  0.10s │ bd 2.2172e-01 │ res 1.9149e+00 │ test 8.4383e-01 │ η_eff 1.090e-06
Ep  98/100 │  0.10s │ bd 2.0478e-01 │ res 1.8374e+00 │ test 8.5012e-01 │ η_eff 1.137e-06
Ep  99/100 │  0.10s │ bd 2.0824e-01 │ res 2.0252e+00 │ test 8.4925e-01 │ η_eff 1.130e-06
Ep 100/100 │  0.10s │ bd 2.4660e-01 │ res 2.0962e+00 │ test 8.5838e-01 │ η_eff 6.373e-07
→ Saved: loss/Burger1d_pino_spectral_ms_90_Adam_ep100_visc0.1_m32_w64/loss_full_loss_2.csv

=== Phase 'full_loss_3' | epochs 100 ===

Ep   1/100 │  0.14s │ bd 1.4094e+00 │ res 1.6354e+01 │ test 1.7797e+00 │ η_eff 3.420e-03
Ep   2/100 │  0.11s │ bd 6.3363e-01 │ res 5.9382e+00 │ test 1.6909e+00 │ η_eff 2.586e-03
Ep   3/100 │  0.11s │ bd 5.6433e-01 │ res 3.1911e+00 │ test 1.1231e+00 │ η_eff 2.309e-03
Ep   4/100 │  0.11s │ bd 5.5493e-01 │ res 2.7063e+00 │ test 1.2389e+00 │ η_eff 2.188e-03
Ep   5/100 │  0.10s │ bd 4.6709e-01 │ res 1.8815e+00 │ test 1.0558e+00 │ η_eff 1.858e-03
Ep   6/100 │  0.10s │ bd 3.7300e-01 │ res 1.9062e+00 │ test 9.6693e-01 │ η_eff 2.058e-03
Ep   7/100 │  0.11s │ bd 4.3626e-01 │ res 2.2108e+00 │ test 1.1027e+00 │ η_eff 1.942e-03
Ep   8/100 │  0.10s │ bd 3.5678e-01 │ res 2.2102e+00 │ test 8.9826e-01 │ η_eff 2.058e-03
Ep   9/100 │  0.11s │ bd 4.5323e-01 │ res 2.1147e+00 │ test 1.1351e+00 │ η_eff 2.207e-03
Ep  10/100 │  0.11s │ bd 3.4621e-01 │ res 2.1294e+00 │ test 8.4816e-01 │ η_eff 1.002e-03
Ep  11/100 │  0.10s │ bd 3.2950e-01 │ res 2.0508e+00 │ test 9.2099e-01 │ η_eff 8.443e-04
Ep  12/100 │  0.10s │ bd 3.0237e-01 │ res 1.6544e+00 │ test 9.8313e-01 │ η_eff 8.033e-04
Ep  13/100 │  0.11s │ bd 3.2548e-01 │ res 1.6273e+00 │ test 9.5118e-01 │ η_eff 8.551e-04
Ep  14/100 │  0.10s │ bd 3.2058e-01 │ res 1.6546e+00 │ test 8.5816e-01 │ η_eff 8.341e-04
Ep  15/100 │  0.11s │ bd 2.8120e-01 │ res 1.6444e+00 │ test 1.0150e+00 │ η_eff 9.018e-04
Ep  16/100 │  0.11s │ bd 2.8980e-01 │ res 1.6221e+00 │ test 9.5424e-01 │ η_eff 8.291e-04
Ep  17/100 │  0.11s │ bd 2.4733e-01 │ res 1.4342e+00 │ test 9.7298e-01 │ η_eff 8.179e-04
Ep  18/100 │  0.11s │ bd 2.3365e-01 │ res 1.3646e+00 │ test 9.7546e-01 │ η_eff 8.408e-04
Ep  19/100 │  0.11s │ bd 2.6026e-01 │ res 1.3589e+00 │ test 9.5193e-01 │ η_eff 8.799e-04
Ep  20/100 │  0.10s │ bd 2.3990e-01 │ res 1.4917e+00 │ test 7.6954e-01 │ η_eff 3.984e-04
Ep  21/100 │  0.10s │ bd 2.4812e-01 │ res 1.2966e+00 │ test 9.4864e-01 │ η_eff 4.399e-04
Ep  22/100 │  0.11s │ bd 2.2385e-01 │ res 1.2072e+00 │ test 1.0924e+00 │ η_eff 4.127e-04
Ep  23/100 │  0.10s │ bd 2.1329e-01 │ res 1.1699e+00 │ test 8.5869e-01 │ η_eff 4.060e-04
Ep  24/100 │  0.10s │ bd 2.0712e-01 │ res 9.7613e-01 │ test 9.3649e-01 │ η_eff 4.030e-04
Ep  25/100 │  0.11s │ bd 1.9979e-01 │ res 9.0349e-01 │ test 8.7916e-01 │ η_eff 3.705e-04
Ep  26/100 │  0.10s │ bd 2.0835e-01 │ res 9.6010e-01 │ test 9.0932e-01 │ η_eff 4.181e-04
Ep  27/100 │  0.11s │ bd 1.9446e-01 │ res 9.6377e-01 │ test 1.0293e+00 │ η_eff 4.151e-04
Ep  28/100 │  0.11s │ bd 1.9786e-01 │ res 9.8569e-01 │ test 9.1200e-01 │ η_eff 3.950e-04
Ep  29/100 │  0.11s │ bd 1.8713e-01 │ res 8.6752e-01 │ test 9.5010e-01 │ η_eff 4.122e-04
Ep  30/100 │  0.11s │ bd 1.8279e-01 │ res 9.9957e-01 │ test 1.0112e+00 │ η_eff 2.039e-04
Ep  31/100 │  0.10s │ bd 1.8865e-01 │ res 1.0018e+00 │ test 9.1131e-01 │ η_eff 2.059e-04
Ep  32/100 │  0.10s │ bd 1.4867e-01 │ res 8.3663e-01 │ test 9.4473e-01 │ η_eff 2.143e-04
Ep  33/100 │  0.10s │ bd 1.6710e-01 │ res 8.5587e-01 │ test 9.6570e-01 │ η_eff 2.135e-04
Ep  34/100 │  0.10s │ bd 1.5216e-01 │ res 7.9335e-01 │ test 9.9811e-01 │ η_eff 2.081e-04
Ep  35/100 │  0.11s │ bd 1.5050e-01 │ res 8.2550e-01 │ test 9.1857e-01 │ η_eff 1.976e-04
Ep  36/100 │  0.11s │ bd 1.5009e-01 │ res 7.8256e-01 │ test 9.8691e-01 │ η_eff 2.084e-04
Ep  37/100 │  0.10s │ bd 1.7112e-01 │ res 8.1112e-01 │ test 9.6587e-01 │ η_eff 2.041e-04
Ep  38/100 │  0.11s │ bd 1.6032e-01 │ res 7.3119e-01 │ test 9.6708e-01 │ η_eff 2.100e-04
Ep  39/100 │  0.10s │ bd 1.7202e-01 │ res 7.8566e-01 │ test 9.3922e-01 │ η_eff 2.175e-04
Ep  40/100 │  0.11s │ bd 1.6793e-01 │ res 7.9996e-01 │ test 9.9292e-01 │ η_eff 1.023e-04
Ep  41/100 │  0.12s │ bd 1.5360e-01 │ res 7.4360e-01 │ test 9.5158e-01 │ η_eff 1.158e-04
Ep  42/100 │  0.12s │ bd 1.6213e-01 │ res 7.7065e-01 │ test 9.6026e-01 │ η_eff 1.160e-04
Ep  43/100 │  0.10s │ bd 1.4245e-01 │ res 7.8212e-01 │ test 9.5390e-01 │ η_eff 1.005e-04
Ep  44/100 │  0.10s │ bd 1.5275e-01 │ res 7.1978e-01 │ test 9.5800e-01 │ η_eff 1.089e-04
Ep  45/100 │  0.10s │ bd 1.4681e-01 │ res 7.4666e-01 │ test 9.7026e-01 │ η_eff 1.103e-04
Ep  46/100 │  0.11s │ bd 1.4581e-01 │ res 7.5465e-01 │ test 9.6283e-01 │ η_eff 1.073e-04
Ep  47/100 │  0.10s │ bd 1.4035e-01 │ res 7.2207e-01 │ test 9.5063e-01 │ η_eff 1.194e-04
Ep  48/100 │  0.11s │ bd 1.4929e-01 │ res 7.5220e-01 │ test 9.4445e-01 │ η_eff 1.196e-04
Ep  49/100 │  0.10s │ bd 1.4370e-01 │ res 8.0638e-01 │ test 9.6768e-01 │ η_eff 1.114e-04
Ep  50/100 │  0.10s │ bd 1.4732e-01 │ res 7.5997e-01 │ test 9.3887e-01 │ η_eff 5.629e-05
Ep  51/100 │  0.10s │ bd 1.4988e-01 │ res 7.8174e-01 │ test 9.4461e-01 │ η_eff 5.685e-05
Ep  52/100 │  0.10s │ bd 1.4676e-01 │ res 7.3286e-01 │ test 9.7250e-01 │ η_eff 5.858e-05
Ep  53/100 │  0.10s │ bd 1.4187e-01 │ res 7.5807e-01 │ test 9.3919e-01 │ η_eff 5.532e-05
Ep  54/100 │  0.11s │ bd 1.6369e-01 │ res 7.9943e-01 │ test 9.7575e-01 │ η_eff 6.605e-05
Ep  55/100 │  0.10s │ bd 1.4447e-01 │ res 7.8194e-01 │ test 9.4190e-01 │ η_eff 5.635e-05
Ep  56/100 │  0.10s │ bd 1.5271e-01 │ res 7.3813e-01 │ test 9.5899e-01 │ η_eff 5.616e-05
Ep  57/100 │  0.10s │ bd 1.2894e-01 │ res 7.1053e-01 │ test 9.6007e-01 │ η_eff 5.834e-05
Ep  58/100 │  0.11s │ bd 1.3028e-01 │ res 7.0157e-01 │ test 9.4883e-01 │ η_eff 5.661e-05
Ep  59/100 │  0.10s │ bd 1.2425e-01 │ res 6.9360e-01 │ test 9.4857e-01 │ η_eff 5.744e-05
Ep  60/100 │  0.11s │ bd 1.2344e-01 │ res 6.7894e-01 │ test 9.5372e-01 │ η_eff 2.941e-05
Ep  61/100 │  0.10s │ bd 1.5023e-01 │ res 7.7192e-01 │ test 9.3004e-01 │ η_eff 2.773e-05
Ep  62/100 │  0.10s │ bd 1.3399e-01 │ res 7.3837e-01 │ test 9.4339e-01 │ η_eff 2.829e-05
Ep  63/100 │  0.10s │ bd 1.2693e-01 │ res 7.0119e-01 │ test 9.7048e-01 │ η_eff 3.043e-05
Ep  64/100 │  0.10s │ bd 1.4396e-01 │ res 7.4161e-01 │ test 9.5306e-01 │ η_eff 3.063e-05
Ep  65/100 │  0.10s │ bd 1.3434e-01 │ res 7.1103e-01 │ test 9.4267e-01 │ η_eff 3.029e-05
Ep  66/100 │  0.11s │ bd 1.4870e-01 │ res 7.1138e-01 │ test 9.4416e-01 │ η_eff 2.939e-05
Ep  67/100 │  0.11s │ bd 1.5120e-01 │ res 7.5494e-01 │ test 9.4520e-01 │ η_eff 2.947e-05
Ep  68/100 │  0.10s │ bd 1.3177e-01 │ res 6.9680e-01 │ test 9.5957e-01 │ η_eff 2.907e-05
Ep  69/100 │  0.11s │ bd 1.3689e-01 │ res 6.6412e-01 │ test 9.6397e-01 │ η_eff 3.057e-05
Ep  70/100 │  0.12s │ bd 1.3849e-01 │ res 6.9977e-01 │ test 9.5093e-01 │ η_eff 1.457e-05
Ep  71/100 │  0.11s │ bd 1.3090e-01 │ res 7.1411e-01 │ test 9.6001e-01 │ η_eff 1.542e-05
Ep  72/100 │  0.10s │ bd 1.3511e-01 │ res 6.8563e-01 │ test 9.4948e-01 │ η_eff 1.557e-05
Ep  73/100 │  0.12s │ bd 1.2953e-01 │ res 6.6157e-01 │ test 9.5224e-01 │ η_eff 1.492e-05
Ep  74/100 │  0.11s │ bd 1.3604e-01 │ res 7.1317e-01 │ test 9.5823e-01 │ η_eff 1.561e-05
Ep  75/100 │  0.11s │ bd 1.2833e-01 │ res 6.6887e-01 │ test 9.6101e-01 │ η_eff 1.482e-05
Ep  76/100 │  0.10s │ bd 1.3715e-01 │ res 7.0869e-01 │ test 9.4945e-01 │ η_eff 1.510e-05
Ep  77/100 │  0.11s │ bd 1.2684e-01 │ res 6.9092e-01 │ test 9.4920e-01 │ η_eff 1.477e-05
Ep  78/100 │  0.11s │ bd 1.2985e-01 │ res 7.0099e-01 │ test 9.6237e-01 │ η_eff 1.511e-05
Ep  79/100 │  0.11s │ bd 1.3641e-01 │ res 7.3621e-01 │ test 9.4558e-01 │ η_eff 1.548e-05
Ep  80/100 │  0.10s │ bd 1.1831e-01 │ res 6.4652e-01 │ test 9.5254e-01 │ η_eff 7.616e-06
Ep  81/100 │  0.10s │ bd 1.1633e-01 │ res 6.4947e-01 │ test 9.5026e-01 │ η_eff 7.385e-06
Ep  82/100 │  0.11s │ bd 1.3052e-01 │ res 6.4925e-01 │ test 9.5077e-01 │ η_eff 7.661e-06
Ep  83/100 │  0.10s │ bd 1.2522e-01 │ res 6.8248e-01 │ test 9.5657e-01 │ η_eff 7.587e-06
Ep  84/100 │  0.10s │ bd 1.2348e-01 │ res 6.6572e-01 │ test 9.5278e-01 │ η_eff 7.558e-06
Ep  85/100 │  0.11s │ bd 1.3610e-01 │ res 7.0595e-01 │ test 9.4962e-01 │ η_eff 7.139e-06
Ep  86/100 │  0.11s │ bd 1.1965e-01 │ res 6.6426e-01 │ test 9.4854e-01 │ η_eff 7.512e-06
Ep  87/100 │  0.10s │ bd 1.2456e-01 │ res 6.7274e-01 │ test 9.5345e-01 │ η_eff 7.588e-06
Ep  88/100 │  0.11s │ bd 1.3433e-01 │ res 7.4667e-01 │ test 9.6656e-01 │ η_eff 7.812e-06
Ep  89/100 │  0.10s │ bd 1.2901e-01 │ res 6.7854e-01 │ test 9.5192e-01 │ η_eff 7.830e-06
Ep  90/100 │  0.11s │ bd 1.3906e-01 │ res 6.7670e-01 │ test 9.4667e-01 │ η_eff 3.979e-06
Ep  91/100 │  0.11s │ bd 1.2475e-01 │ res 6.7330e-01 │ test 9.4451e-01 │ η_eff 3.932e-06
Ep  92/100 │  0.11s │ bd 1.2322e-01 │ res 6.4962e-01 │ test 9.4794e-01 │ η_eff 3.805e-06
Ep  93/100 │  0.10s │ bd 1.2205e-01 │ res 6.6234e-01 │ test 9.5145e-01 │ η_eff 3.757e-06
Ep  94/100 │  0.11s │ bd 1.4254e-01 │ res 7.5356e-01 │ test 9.5491e-01 │ η_eff 4.022e-06
Ep  95/100 │  0.11s │ bd 1.3041e-01 │ res 6.8245e-01 │ test 9.4838e-01 │ η_eff 3.759e-06
Ep  96/100 │  0.11s │ bd 1.3162e-01 │ res 6.9696e-01 │ test 9.5292e-01 │ η_eff 3.815e-06
Ep  97/100 │  0.11s │ bd 1.3159e-01 │ res 6.8847e-01 │ test 9.4564e-01 │ η_eff 3.828e-06
Ep  98/100 │  0.10s │ bd 1.3320e-01 │ res 6.7004e-01 │ test 9.5311e-01 │ η_eff 3.983e-06
Ep  99/100 │  0.10s │ bd 1.2789e-01 │ res 6.5182e-01 │ test 9.5309e-01 │ η_eff 4.000e-06
Ep 100/100 │  0.11s │ bd 1.2867e-01 │ res 6.6623e-01 │ test 9.5621e-01 │ η_eff 2.008e-06
→ Saved: loss/Burger1d_pino_spectral_ms_90_Adam_ep100_visc0.1_m32_w64/loss_full_loss_3.csv
→ Model saved: model/Burger1d_pino_spectral_ms_90_Adam_ep100_visc0.1_m32_w64
→ Eta-term history: loss/Burger1d_pino_spectral_ms_90_Adam_ep100_visc0.1_m32_w64/eta_term_history.csv
  sample 0: test L2 = 1.3661e+00
  sample 1: test L2 = 6.7305e-01
  sample 2: test L2 = 6.6492e-01
  sample 3: test L2 = 8.0013e-01
  sample 4: test L2 = 2.4160e+00
  sample 5: test L2 = 8.1011e-01
  sample 6: test L2 = 6.4950e-01
  sample 7: test L2 = 6.7852e-01
  sample 8: test L2 = 7.9565e-01
  sample 9: test L2 = 7.0812e-01
→ Predictions saved: burger_test_pino_spectral_ms.mat
→ Figure saved: image/Burger1d_pino_spectral_ms_90_Adam_ep100_visc0.1_m32_w64/final_velocity.png
