loaded 1D buffers
[train_model] model=pino_fd | training=singlestage | S=2048 | nu=0.1 | dt=0.1 | modes=32 | width=64
Model parameters: 550,081

=== Phase 'full_loss_1' | epochs 200 ===

Ep   1/200 │  0.46s │ bd 1.4489e+00 │ res 5.8418e+01 │ test 2.3573e+00 │ η_eff 2.378e-03
Ep   2/200 │  0.11s │ bd 1.0705e+00 │ res 3.5251e+01 │ test 1.1384e+00 │ η_eff 9.473e-04
Ep   3/200 │  0.10s │ bd 1.1459e+00 │ res 3.3749e+01 │ test 1.0768e+00 │ η_eff 4.195e-04
Ep   4/200 │  0.11s │ bd 1.1062e+00 │ res 3.4212e+01 │ test 1.0728e+00 │ η_eff 2.064e-04
Ep   5/200 │  0.11s │ bd 1.0027e+00 │ res 3.2002e+01 │ test 9.0068e-01 │ η_eff 1.198e-04
Ep   6/200 │  0.10s │ bd 8.6944e-01 │ res 2.2512e+01 │ test 9.5317e-01 │ η_eff 1.872e-04
Ep   7/200 │  0.11s │ bd 6.1091e-01 │ res 1.3802e+01 │ test 5.4567e-01 │ η_eff 1.722e-04
Ep   8/200 │  0.10s │ bd 7.4049e-01 │ res 1.3203e+01 │ test 9.8819e-01 │ η_eff 1.337e-04
Ep   9/200 │  0.11s │ bd 4.3969e-01 │ res 1.1954e+01 │ test 5.8446e-01 │ η_eff 1.122e-04
Ep  10/200 │  0.11s │ bd 4.1185e-01 │ res 1.0164e+01 │ test 7.4270e-01 │ η_eff 4.070e-05
Ep  11/200 │  0.12s │ bd 4.2239e-01 │ res 8.0706e+00 │ test 7.2674e-01 │ η_eff 4.354e-05
Ep  12/200 │  0.10s │ bd 3.3621e-01 │ res 6.5725e+00 │ test 5.4647e-01 │ η_eff 4.451e-05
Ep  13/200 │  0.10s │ bd 3.4781e-01 │ res 6.2205e+00 │ test 8.0430e-01 │ η_eff 5.236e-05
Ep  14/200 │  0.11s │ bd 2.8774e-01 │ res 6.0899e+00 │ test 6.0822e-01 │ η_eff 4.807e-05
Ep  15/200 │  0.11s │ bd 3.9572e-01 │ res 6.9937e+00 │ test 9.1655e-01 │ η_eff 4.938e-05
Ep  16/200 │  0.10s │ bd 3.5617e-01 │ res 5.9122e+00 │ test 7.6125e-01 │ η_eff 4.618e-05
Ep  17/200 │  0.12s │ bd 3.2977e-01 │ res 4.9215e+00 │ test 7.6391e-01 │ η_eff 4.229e-05
Ep  18/200 │  0.11s │ bd 2.9864e-01 │ res 4.2887e+00 │ test 7.7157e-01 │ η_eff 4.094e-05
Ep  19/200 │  0.11s │ bd 2.5033e-01 │ res 3.4720e+00 │ test 7.5829e-01 │ η_eff 4.089e-05
Ep  20/200 │  0.11s │ bd 3.2232e-01 │ res 3.7180e+00 │ test 8.3162e-01 │ η_eff 2.374e-05
Ep  21/200 │  0.11s │ bd 2.7580e-01 │ res 3.0747e+00 │ test 8.5144e-01 │ η_eff 2.645e-05
Ep  22/200 │  0.11s │ bd 2.2753e-01 │ res 3.0200e+00 │ test 8.3060e-01 │ η_eff 2.411e-05
Ep  23/200 │  0.11s │ bd 2.5743e-01 │ res 2.8158e+00 │ test 8.3240e-01 │ η_eff 2.360e-05
Ep  24/200 │  0.10s │ bd 2.8232e-01 │ res 2.8822e+00 │ test 8.0746e-01 │ η_eff 2.295e-05
Ep  25/200 │  0.11s │ bd 2.3082e-01 │ res 3.1758e+00 │ test 8.6336e-01 │ η_eff 2.216e-05
Ep  26/200 │  0.10s │ bd 2.3108e-01 │ res 2.7820e+00 │ test 8.3030e-01 │ η_eff 2.141e-05
Ep  27/200 │  0.11s │ bd 2.0739e-01 │ res 2.7942e+00 │ test 8.5701e-01 │ η_eff 2.521e-05
Ep  28/200 │  0.10s │ bd 2.8863e-01 │ res 3.3605e+00 │ test 8.2512e-01 │ η_eff 2.512e-05
Ep  29/200 │  0.10s │ bd 2.0378e-01 │ res 2.5925e+00 │ test 8.5637e-01 │ η_eff 2.122e-05
Ep  30/200 │  0.11s │ bd 2.1880e-01 │ res 2.5702e+00 │ test 8.6863e-01 │ η_eff 1.302e-05
Ep  31/200 │  0.11s │ bd 2.0969e-01 │ res 2.7120e+00 │ test 8.5305e-01 │ η_eff 1.157e-05
Ep  32/200 │  0.11s │ bd 1.8071e-01 │ res 2.3502e+00 │ test 8.8997e-01 │ η_eff 1.201e-05
Ep  33/200 │  0.12s │ bd 1.9462e-01 │ res 2.3517e+00 │ test 8.8070e-01 │ η_eff 1.163e-05
Ep  34/200 │  0.11s │ bd 1.7888e-01 │ res 2.2622e+00 │ test 8.5748e-01 │ η_eff 1.232e-05
Ep  35/200 │  0.10s │ bd 1.5766e-01 │ res 2.0141e+00 │ test 9.2644e-01 │ η_eff 1.139e-05
Ep  36/200 │  0.12s │ bd 2.0222e-01 │ res 2.6514e+00 │ test 8.1697e-01 │ η_eff 1.332e-05
Ep  37/200 │  0.11s │ bd 1.8114e-01 │ res 2.0705e+00 │ test 9.2027e-01 │ η_eff 1.292e-05
Ep  38/200 │  0.10s │ bd 1.5035e-01 │ res 2.1188e+00 │ test 9.0651e-01 │ η_eff 1.288e-05
Ep  39/200 │  0.11s │ bd 2.0598e-01 │ res 2.5041e+00 │ test 8.6878e-01 │ η_eff 1.461e-05
Ep  40/200 │  0.10s │ bd 1.9103e-01 │ res 2.3169e+00 │ test 8.8019e-01 │ η_eff 6.027e-06
Ep  41/200 │  0.11s │ bd 1.9138e-01 │ res 2.4114e+00 │ test 8.7908e-01 │ η_eff 6.360e-06
Ep  42/200 │  0.10s │ bd 1.6571e-01 │ res 2.1500e+00 │ test 8.6613e-01 │ η_eff 7.643e-06
Ep  43/200 │  0.10s │ bd 1.5327e-01 │ res 2.0067e+00 │ test 8.6423e-01 │ η_eff 6.104e-06
Ep  44/200 │  0.11s │ bd 1.5680e-01 │ res 2.3013e+00 │ test 8.9940e-01 │ η_eff 6.024e-06
Ep  45/200 │  0.11s │ bd 1.3456e-01 │ res 1.9697e+00 │ test 8.7267e-01 │ η_eff 6.468e-06
Ep  46/200 │  0.11s │ bd 1.5406e-01 │ res 2.2643e+00 │ test 8.6055e-01 │ η_eff 7.272e-06
Ep  47/200 │  0.11s │ bd 1.5761e-01 │ res 2.2281e+00 │ test 8.9734e-01 │ η_eff 6.012e-06
Ep  48/200 │  0.12s │ bd 1.4004e-01 │ res 2.1054e+00 │ test 8.8980e-01 │ η_eff 6.640e-06
Ep  49/200 │  0.11s │ bd 1.7329e-01 │ res 2.3416e+00 │ test 8.7864e-01 │ η_eff 6.843e-06
Ep  50/200 │  0.10s │ bd 1.5325e-01 │ res 2.2953e+00 │ test 8.9394e-01 │ η_eff 3.865e-06
Ep  51/200 │  0.12s │ bd 1.5901e-01 │ res 2.0329e+00 │ test 9.0957e-01 │ η_eff 3.481e-06
Ep  52/200 │  0.11s │ bd 1.2708e-01 │ res 2.0412e+00 │ test 8.9771e-01 │ η_eff 3.825e-06
Ep  53/200 │  0.11s │ bd 1.3353e-01 │ res 1.9108e+00 │ test 8.9123e-01 │ η_eff 3.243e-06
Ep  54/200 │  0.12s │ bd 1.5806e-01 │ res 2.1909e+00 │ test 9.0125e-01 │ η_eff 3.321e-06
Ep  55/200 │  0.11s │ bd 1.3302e-01 │ res 2.2502e+00 │ test 9.0169e-01 │ η_eff 3.552e-06
Ep  56/200 │  0.11s │ bd 1.2936e-01 │ res 2.1089e+00 │ test 8.9199e-01 │ η_eff 3.744e-06
Ep  57/200 │  0.10s │ bd 1.0426e-01 │ res 1.8339e+00 │ test 8.8364e-01 │ η_eff 3.114e-06
Ep  58/200 │  0.10s │ bd 1.2012e-01 │ res 1.9434e+00 │ test 8.8187e-01 │ η_eff 3.724e-06
Ep  59/200 │  0.11s │ bd 1.2560e-01 │ res 1.9252e+00 │ test 8.9103e-01 │ η_eff 3.402e-06
Ep  60/200 │  0.12s │ bd 1.2239e-01 │ res 2.1167e+00 │ test 8.8358e-01 │ η_eff 1.833e-06
Ep  61/200 │  0.11s │ bd 1.3254e-01 │ res 2.1001e+00 │ test 8.7507e-01 │ η_eff 1.861e-06
Ep  62/200 │  0.12s │ bd 1.5442e-01 │ res 2.1432e+00 │ test 8.9342e-01 │ η_eff 2.023e-06
Ep  63/200 │  0.12s │ bd 1.2846e-01 │ res 2.3997e+00 │ test 9.0345e-01 │ η_eff 1.961e-06
Ep  64/200 │  0.11s │ bd 1.1627e-01 │ res 1.9251e+00 │ test 8.9366e-01 │ η_eff 1.831e-06
Ep  65/200 │  0.12s │ bd 1.3467e-01 │ res 2.0911e+00 │ test 8.9494e-01 │ η_eff 1.855e-06
Ep  66/200 │  0.11s │ bd 1.1070e-01 │ res 1.8571e+00 │ test 8.9095e-01 │ η_eff 1.890e-06
Ep  67/200 │  0.10s │ bd 1.3832e-01 │ res 2.2190e+00 │ test 8.9509e-01 │ η_eff 2.199e-06
Ep  68/200 │  0.11s │ bd 1.4138e-01 │ res 2.2475e+00 │ test 9.0317e-01 │ η_eff 2.044e-06
Ep  69/200 │  0.11s │ bd 1.0981e-01 │ res 1.8000e+00 │ test 8.9889e-01 │ η_eff 1.986e-06
Ep  70/200 │  0.11s │ bd 1.2081e-01 │ res 2.1141e+00 │ test 8.9407e-01 │ η_eff 1.054e-06
Ep  71/200 │  0.11s │ bd 1.3362e-01 │ res 1.9748e+00 │ test 8.8868e-01 │ η_eff 1.004e-06
Ep  72/200 │  0.10s │ bd 1.2703e-01 │ res 2.1207e+00 │ test 8.8000e-01 │ η_eff 9.613e-07
Ep  73/200 │  0.10s │ bd 1.2448e-01 │ res 2.2196e+00 │ test 8.8646e-01 │ η_eff 9.814e-07
Ep  74/200 │  0.11s │ bd 1.1325e-01 │ res 1.9414e+00 │ test 8.8855e-01 │ η_eff 9.706e-07
Ep  75/200 │  0.11s │ bd 1.2280e-01 │ res 1.9508e+00 │ test 8.8350e-01 │ η_eff 9.706e-07
Ep  76/200 │  0.11s │ bd 1.3643e-01 │ res 2.0598e+00 │ test 8.8902e-01 │ η_eff 1.069e-06
Ep  77/200 │  0.11s │ bd 1.2761e-01 │ res 2.2581e+00 │ test 8.8962e-01 │ η_eff 1.110e-06
Ep  78/200 │  0.11s │ bd 1.1763e-01 │ res 1.9121e+00 │ test 8.7907e-01 │ η_eff 9.843e-07
Ep  79/200 │  0.11s │ bd 1.2622e-01 │ res 2.0264e+00 │ test 8.8698e-01 │ η_eff 1.041e-06
Ep  80/200 │  0.12s │ bd 1.3640e-01 │ res 2.0416e+00 │ test 8.8599e-01 │ η_eff 5.170e-07
Ep  81/200 │  0.12s │ bd 1.1298e-01 │ res 1.8367e+00 │ test 8.9006e-01 │ η_eff 5.479e-07
Ep  82/200 │  0.11s │ bd 1.1740e-01 │ res 1.9969e+00 │ test 8.9563e-01 │ η_eff 5.811e-07
Ep  83/200 │  0.11s │ bd 1.1636e-01 │ res 1.8598e+00 │ test 8.8774e-01 │ η_eff 5.270e-07
Ep  84/200 │  0.11s │ bd 1.4644e-01 │ res 2.3974e+00 │ test 8.8398e-01 │ η_eff 5.360e-07
Ep  85/200 │  0.10s │ bd 1.1114e-01 │ res 1.8837e+00 │ test 8.8710e-01 │ η_eff 5.406e-07
Ep  86/200 │  0.11s │ bd 1.2342e-01 │ res 1.9951e+00 │ test 8.8882e-01 │ η_eff 5.278e-07
Ep  87/200 │  0.11s │ bd 1.2854e-01 │ res 2.0277e+00 │ test 8.8596e-01 │ η_eff 5.634e-07
Ep  88/200 │  0.12s │ bd 1.2803e-01 │ res 2.2093e+00 │ test 8.9582e-01 │ η_eff 5.799e-07
Ep  89/200 │  0.11s │ bd 1.1733e-01 │ res 1.9888e+00 │ test 8.9479e-01 │ η_eff 5.801e-07
Ep  90/200 │  0.11s │ bd 1.2255e-01 │ res 2.1775e+00 │ test 9.0244e-01 │ η_eff 2.959e-07
Ep  91/200 │  0.11s │ bd 1.0966e-01 │ res 1.7773e+00 │ test 8.9205e-01 │ η_eff 2.932e-07
Ep  92/200 │  0.13s │ bd 1.0862e-01 │ res 1.9814e+00 │ test 8.8665e-01 │ η_eff 2.835e-07
Ep  93/200 │  0.11s │ bd 1.2977e-01 │ res 2.0151e+00 │ test 8.9146e-01 │ η_eff 3.178e-07
Ep  94/200 │  0.11s │ bd 1.2897e-01 │ res 2.0476e+00 │ test 8.9353e-01 │ η_eff 3.272e-07
Ep  95/200 │  0.11s │ bd 9.8570e-02 │ res 1.8964e+00 │ test 8.9553e-01 │ η_eff 2.926e-07
Ep  96/200 │  0.10s │ bd 1.2134e-01 │ res 2.0358e+00 │ test 8.9155e-01 │ η_eff 2.958e-07
Ep  97/200 │  0.11s │ bd 1.3414e-01 │ res 2.0079e+00 │ test 8.9572e-01 │ η_eff 2.893e-07
Ep  98/200 │  0.11s │ bd 1.0394e-01 │ res 1.7675e+00 │ test 8.8976e-01 │ η_eff 2.906e-07
Ep  99/200 │  0.12s │ bd 1.3671e-01 │ res 2.0643e+00 │ test 8.9858e-01 │ η_eff 3.137e-07
Ep 100/200 │  0.11s │ bd 1.3610e-01 │ res 1.9957e+00 │ test 9.0178e-01 │ η_eff 1.655e-07
Ep 101/200 │  0.11s │ bd 1.1173e-01 │ res 1.9716e+00 │ test 8.9792e-01 │ η_eff 1.544e-07
Ep 102/200 │  0.12s │ bd 1.2097e-01 │ res 1.9148e+00 │ test 8.9405e-01 │ η_eff 1.454e-07
Ep 103/200 │  0.11s │ bd 1.4230e-01 │ res 2.1003e+00 │ test 9.0109e-01 │ η_eff 1.661e-07
Ep 104/200 │  0.11s │ bd 1.2077e-01 │ res 1.9347e+00 │ test 8.9691e-01 │ η_eff 1.742e-07
Ep 105/200 │  0.13s │ bd 1.3365e-01 │ res 2.1985e+00 │ test 8.9648e-01 │ η_eff 1.668e-07
Ep 106/200 │  0.11s │ bd 1.0370e-01 │ res 1.7693e+00 │ test 8.8982e-01 │ η_eff 1.538e-07
Ep 107/200 │  0.11s │ bd 1.0314e-01 │ res 2.0274e+00 │ test 8.9452e-01 │ η_eff 1.558e-07
Ep 108/200 │  0.11s │ bd 1.1926e-01 │ res 1.8971e+00 │ test 8.9687e-01 │ η_eff 1.634e-07
Ep 109/200 │  0.11s │ bd 1.2938e-01 │ res 1.9970e+00 │ test 8.9404e-01 │ η_eff 1.760e-07
Ep 110/200 │  0.11s │ bd 1.3685e-01 │ res 1.9942e+00 │ test 8.9169e-01 │ η_eff 7.898e-08
Ep 111/200 │  0.11s │ bd 1.1777e-01 │ res 1.8255e+00 │ test 8.9426e-01 │ η_eff 7.940e-08
Ep 112/200 │  0.12s │ bd 1.4233e-01 │ res 2.1494e+00 │ test 8.9294e-01 │ η_eff 8.198e-08
Ep 113/200 │  0.11s │ bd 1.1387e-01 │ res 1.9166e+00 │ test 8.9014e-01 │ η_eff 9.512e-08
Ep 114/200 │  0.11s │ bd 1.0942e-01 │ res 1.8121e+00 │ test 8.8979e-01 │ η_eff 7.985e-08
Ep 115/200 │  0.11s │ bd 1.1878e-01 │ res 2.1435e+00 │ test 8.8852e-01 │ η_eff 9.267e-08
Ep 116/200 │  0.12s │ bd 1.1396e-01 │ res 2.1879e+00 │ test 8.9162e-01 │ η_eff 8.603e-08
Ep 117/200 │  0.11s │ bd 1.2782e-01 │ res 2.1059e+00 │ test 8.9122e-01 │ η_eff 8.447e-08
Ep 118/200 │  0.11s │ bd 1.0672e-01 │ res 1.7446e+00 │ test 8.9425e-01 │ η_eff 8.507e-08
Ep 119/200 │  0.11s │ bd 1.2624e-01 │ res 1.9344e+00 │ test 8.9430e-01 │ η_eff 9.021e-08
Ep 120/200 │  0.11s │ bd 1.0570e-01 │ res 2.0036e+00 │ test 8.9771e-01 │ η_eff 4.425e-08
Ep 121/200 │  0.11s │ bd 1.2256e-01 │ res 1.9571e+00 │ test 8.8886e-01 │ η_eff 4.227e-08
Ep 122/200 │  0.11s │ bd 1.1620e-01 │ res 1.9255e+00 │ test 8.9085e-01 │ η_eff 4.424e-08
Ep 123/200 │  0.12s │ bd 1.1334e-01 │ res 1.8767e+00 │ test 8.9494e-01 │ η_eff 4.679e-08
Ep 124/200 │  0.11s │ bd 1.0985e-01 │ res 1.9924e+00 │ test 9.0021e-01 │ η_eff 4.790e-08
Ep 125/200 │  0.11s │ bd 1.1676e-01 │ res 2.2462e+00 │ test 8.9909e-01 │ η_eff 4.542e-08
Ep 126/200 │  0.11s │ bd 1.2112e-01 │ res 2.0691e+00 │ test 8.9848e-01 │ η_eff 4.869e-08
Ep 127/200 │  0.11s │ bd 1.0477e-01 │ res 1.7847e+00 │ test 8.8882e-01 │ η_eff 4.191e-08
Ep 128/200 │  0.11s │ bd 1.1645e-01 │ res 1.9447e+00 │ test 8.9697e-01 │ η_eff 4.577e-08
Ep 129/200 │  0.11s │ bd 1.1106e-01 │ res 1.8539e+00 │ test 8.9275e-01 │ η_eff 4.856e-08
Ep 130/200 │  0.12s │ bd 1.0590e-01 │ res 1.9831e+00 │ test 8.9568e-01 │ η_eff 2.324e-08
Ep 131/200 │  0.11s │ bd 1.2153e-01 │ res 2.0962e+00 │ test 8.9313e-01 │ η_eff 2.309e-08
Ep 132/200 │  0.11s │ bd 1.2673e-01 │ res 2.1275e+00 │ test 8.9468e-01 │ η_eff 2.633e-08
Ep 133/200 │  0.11s │ bd 1.1268e-01 │ res 1.8120e+00 │ test 8.8799e-01 │ η_eff 2.463e-08
Ep 134/200 │  0.11s │ bd 1.0694e-01 │ res 1.8305e+00 │ test 8.9210e-01 │ η_eff 2.513e-08
Ep 135/200 │  0.11s │ bd 1.1035e-01 │ res 1.9215e+00 │ test 8.9170e-01 │ η_eff 2.394e-08
Ep 136/200 │  0.11s │ bd 1.1886e-01 │ res 1.9373e+00 │ test 8.9039e-01 │ η_eff 2.398e-08
Ep 137/200 │  0.11s │ bd 1.1242e-01 │ res 2.0124e+00 │ test 8.9444e-01 │ η_eff 2.472e-08
Ep 138/200 │  0.10s │ bd 1.2570e-01 │ res 2.2619e+00 │ test 8.9269e-01 │ η_eff 2.371e-08
Ep 139/200 │  0.12s │ bd 1.1765e-01 │ res 1.9919e+00 │ test 8.8878e-01 │ η_eff 2.512e-08
Ep 140/200 │  0.11s │ bd 1.1361e-01 │ res 1.7989e+00 │ test 8.8652e-01 │ η_eff 1.237e-08
Ep 141/200 │  0.11s │ bd 1.3361e-01 │ res 2.2143e+00 │ test 8.9370e-01 │ η_eff 1.233e-08
Ep 142/200 │  0.11s │ bd 1.4382e-01 │ res 2.2766e+00 │ test 9.0733e-01 │ η_eff 1.425e-08
Ep 143/200 │  0.11s │ bd 1.2678e-01 │ res 2.1878e+00 │ test 8.9247e-01 │ η_eff 1.313e-08
Ep 144/200 │  0.12s │ bd 1.0740e-01 │ res 1.8543e+00 │ test 8.8426e-01 │ η_eff 1.268e-08
Ep 145/200 │  0.12s │ bd 1.1604e-01 │ res 1.9238e+00 │ test 8.9368e-01 │ η_eff 1.215e-08
Ep 146/200 │  0.11s │ bd 1.2144e-01 │ res 2.0345e+00 │ test 8.8656e-01 │ η_eff 1.284e-08
Ep 147/200 │  0.12s │ bd 1.1138e-01 │ res 1.9784e+00 │ test 8.8914e-01 │ η_eff 1.252e-08
Ep 148/200 │  0.11s │ bd 1.1035e-01 │ res 1.9376e+00 │ test 8.8970e-01 │ η_eff 1.256e-08
Ep 149/200 │  0.11s │ bd 1.1184e-01 │ res 1.9512e+00 │ test 8.8964e-01 │ η_eff 1.251e-08
Ep 150/200 │  0.12s │ bd 1.1692e-01 │ res 1.9669e+00 │ test 8.8719e-01 │ η_eff 6.692e-09
Ep 151/200 │  0.11s │ bd 1.1659e-01 │ res 1.8360e+00 │ test 8.8917e-01 │ η_eff 6.684e-09
Ep 152/200 │  0.11s │ bd 9.8153e-02 │ res 1.8518e+00 │ test 8.8730e-01 │ η_eff 6.233e-09
Ep 153/200 │  0.11s │ bd 1.2330e-01 │ res 1.9061e+00 │ test 8.9142e-01 │ η_eff 6.776e-09
Ep 154/200 │  0.11s │ bd 1.1179e-01 │ res 1.8892e+00 │ test 8.9406e-01 │ η_eff 6.439e-09
Ep 155/200 │  0.12s │ bd 1.1982e-01 │ res 1.8414e+00 │ test 8.9542e-01 │ η_eff 7.190e-09
Ep 156/200 │  0.11s │ bd 1.1404e-01 │ res 1.8899e+00 │ test 8.9495e-01 │ η_eff 6.816e-09
Ep 157/200 │  0.10s │ bd 1.1821e-01 │ res 2.0517e+00 │ test 8.9771e-01 │ η_eff 6.633e-09
Ep 158/200 │  0.11s │ bd 1.0955e-01 │ res 1.9081e+00 │ test 8.9973e-01 │ η_eff 6.912e-09
Ep 159/200 │  0.11s │ bd 1.1616e-01 │ res 1.8889e+00 │ test 8.9302e-01 │ η_eff 6.669e-09
Ep 160/200 │  0.11s │ bd 1.1945e-01 │ res 1.9381e+00 │ test 8.9519e-01 │ η_eff 3.279e-09
Ep 161/200 │  0.11s │ bd 1.2886e-01 │ res 2.0327e+00 │ test 9.0045e-01 │ η_eff 3.738e-09
Ep 162/200 │  0.11s │ bd 1.1669e-01 │ res 1.8950e+00 │ test 8.9404e-01 │ η_eff 3.780e-09
Ep 163/200 │  0.11s │ bd 1.0336e-01 │ res 1.9462e+00 │ test 8.9395e-01 │ η_eff 3.506e-09
Ep 164/200 │  0.11s │ bd 1.3382e-01 │ res 1.9484e+00 │ test 8.9444e-01 │ η_eff 3.535e-09
Ep 165/200 │  0.12s │ bd 9.8422e-02 │ res 1.7871e+00 │ test 8.9171e-01 │ η_eff 3.747e-09
Ep 166/200 │  0.11s │ bd 1.1304e-01 │ res 1.9400e+00 │ test 8.9097e-01 │ η_eff 3.707e-09
Ep 167/200 │  0.11s │ bd 1.0369e-01 │ res 1.7899e+00 │ test 8.9305e-01 │ η_eff 3.620e-09
Ep 168/200 │  0.11s │ bd 1.2266e-01 │ res 1.8861e+00 │ test 8.9355e-01 │ η_eff 3.722e-09
Ep 169/200 │  0.11s │ bd 1.2695e-01 │ res 2.0481e+00 │ test 8.9129e-01 │ η_eff 3.624e-09
Ep 170/200 │  0.11s │ bd 1.1932e-01 │ res 1.9662e+00 │ test 8.8672e-01 │ η_eff 1.644e-09
Ep 171/200 │  0.11s │ bd 1.1840e-01 │ res 1.9352e+00 │ test 8.8704e-01 │ η_eff 1.904e-09
Ep 172/200 │  0.11s │ bd 1.2030e-01 │ res 2.0001e+00 │ test 8.9225e-01 │ η_eff 1.760e-09
Ep 173/200 │  0.11s │ bd 1.2211e-01 │ res 1.9893e+00 │ test 8.9565e-01 │ η_eff 1.874e-09
Ep 174/200 │  0.10s │ bd 9.8998e-02 │ res 1.8425e+00 │ test 8.9210e-01 │ η_eff 1.767e-09
Ep 175/200 │  0.11s │ bd 1.1022e-01 │ res 1.9204e+00 │ test 8.9482e-01 │ η_eff 1.792e-09
Ep 176/200 │  0.11s │ bd 1.1646e-01 │ res 1.9323e+00 │ test 9.0026e-01 │ η_eff 1.958e-09
Ep 177/200 │  0.12s │ bd 1.1226e-01 │ res 1.7378e+00 │ test 8.9366e-01 │ η_eff 1.768e-09
Ep 178/200 │  0.11s │ bd 1.2448e-01 │ res 2.1991e+00 │ test 9.0320e-01 │ η_eff 1.897e-09
Ep 179/200 │  0.11s │ bd 1.2320e-01 │ res 1.9165e+00 │ test 8.9358e-01 │ η_eff 1.826e-09
Ep 180/200 │  0.13s │ bd 1.1415e-01 │ res 1.9835e+00 │ test 8.9181e-01 │ η_eff 8.976e-10
Ep 181/200 │  0.11s │ bd 1.0857e-01 │ res 1.8212e+00 │ test 8.9231e-01 │ η_eff 8.882e-10
Ep 182/200 │  0.13s │ bd 1.2896e-01 │ res 2.1357e+00 │ test 8.9308e-01 │ η_eff 1.038e-09
Ep 183/200 │  0.11s │ bd 1.1070e-01 │ res 1.8748e+00 │ test 8.9115e-01 │ η_eff 9.152e-10
Ep 184/200 │  0.11s │ bd 1.1068e-01 │ res 1.9187e+00 │ test 8.9377e-01 │ η_eff 8.896e-10
Ep 185/200 │  0.11s │ bd 1.1648e-01 │ res 2.0770e+00 │ test 8.9007e-01 │ η_eff 8.960e-10
Ep 186/200 │  0.11s │ bd 1.1823e-01 │ res 2.0292e+00 │ test 8.9052e-01 │ η_eff 9.642e-10
Ep 187/200 │  0.11s │ bd 1.1041e-01 │ res 2.1943e+00 │ test 8.9747e-01 │ η_eff 1.013e-09
Ep 188/200 │  0.11s │ bd 1.1599e-01 │ res 2.0096e+00 │ test 8.9228e-01 │ η_eff 1.003e-09
Ep 189/200 │  0.13s │ bd 1.2225e-01 │ res 1.9813e+00 │ test 8.9263e-01 │ η_eff 1.079e-09
Ep 190/200 │  0.12s │ bd 1.2847e-01 │ res 2.0264e+00 │ test 8.9174e-01 │ η_eff 4.830e-10
Ep 191/200 │  0.11s │ bd 1.2787e-01 │ res 1.9191e+00 │ test 8.9571e-01 │ η_eff 4.819e-10
Ep 192/200 │  0.11s │ bd 1.0180e-01 │ res 1.7642e+00 │ test 8.9021e-01 │ η_eff 4.738e-10
Ep 193/200 │  0.11s │ bd 1.1688e-01 │ res 1.8915e+00 │ test 8.8351e-01 │ η_eff 5.100e-10
Ep 194/200 │  0.11s │ bd 9.8416e-02 │ res 1.7249e+00 │ test 8.8549e-01 │ η_eff 4.731e-10
Ep 195/200 │  0.11s │ bd 1.1521e-01 │ res 1.8592e+00 │ test 8.8697e-01 │ η_eff 4.783e-10
Ep 196/200 │  0.12s │ bd 1.2019e-01 │ res 1.9723e+00 │ test 8.8962e-01 │ η_eff 4.974e-10
Ep 197/200 │  0.11s │ bd 1.2116e-01 │ res 1.9495e+00 │ test 8.8721e-01 │ η_eff 4.980e-10
Ep 198/200 │  0.11s │ bd 1.3046e-01 │ res 2.0072e+00 │ test 8.9184e-01 │ η_eff 5.093e-10
Ep 199/200 │  0.10s │ bd 1.1988e-01 │ res 2.0550e+00 │ test 8.9489e-01 │ η_eff 5.196e-10
Ep 200/200 │  0.11s │ bd 1.4928e-01 │ res 2.2660e+00 │ test 8.9573e-01 │ η_eff 2.982e-10
→ Saved: loss/Burger1d_pino_fd_ss_90_Adam_ep200_visc0.1_m32_w64/loss_full_loss_1.csv
→ Model saved: model/Burger1d_pino_fd_ss_90_Adam_ep200_visc0.1_m32_w64
→ Eta-term history: loss/Burger1d_pino_fd_ss_90_Adam_ep200_visc0.1_m32_w64/eta_term_history.csv
  sample 0: test L2 = 1.2327e+00
  sample 1: test L2 = 6.5094e-01
  sample 2: test L2 = 5.5512e-01
  sample 3: test L2 = 7.4958e-01
  sample 4: test L2 = 2.2489e+00
  sample 5: test L2 = 7.7564e-01
  sample 6: test L2 = 6.5192e-01
  sample 7: test L2 = 6.7519e-01
  sample 8: test L2 = 7.6397e-01
  sample 9: test L2 = 6.5336e-01
→ Predictions saved: burger_test_pino_fd_ss.mat
→ Figure saved: image/Burger1d_pino_fd_ss_90_Adam_ep200_visc0.1_m32_w64/final_velocity.png
