loaded 1D buffers
[train_model] model=pino_spectral | training=multistage_nr | S=2048 | nu=0.1 | dt=0.1 | modes=32 | width=64
Model parameters: 550,081

=== Phase 'full_loss_1' | epochs 100 ===

Ep   1/100 │  0.48s │ bd 2.1032e+00 │ res 4.1176e+02 │ test 3.7341e+00 │ η_eff 2.482e-03
Ep   2/100 │  0.10s │ bd 1.4088e+00 │ res 4.2958e+01 │ test 2.0119e+00 │ η_eff 9.859e-04
Ep   3/100 │  0.10s │ bd 1.2849e+00 │ res 3.7719e+01 │ test 1.3727e+00 │ η_eff 4.330e-04
Ep   4/100 │  0.11s │ bd 1.0657e+00 │ res 3.7699e+01 │ test 1.1455e+00 │ η_eff 2.018e-04
Ep   5/100 │  0.10s │ bd 9.5914e-01 │ res 3.5404e+01 │ test 1.0140e+00 │ η_eff 1.079e-04
Ep   6/100 │  0.11s │ bd 1.0459e+00 │ res 3.4666e+01 │ test 1.1187e+00 │ η_eff 6.514e-05
Ep   7/100 │  0.10s │ bd 9.4314e-01 │ res 3.3175e+01 │ test 1.0154e+00 │ η_eff 5.872e-05
Ep   8/100 │  0.10s │ bd 1.6838e+00 │ res 3.3542e+01 │ test 1.0194e+00 │ η_eff 5.338e-05
Ep   9/100 │  0.10s │ bd 1.1834e+00 │ res 3.2338e+01 │ test 1.0273e+00 │ η_eff 5.272e-05
Ep  10/100 │  0.10s │ bd 1.0357e+00 │ res 3.0360e+01 │ test 9.6553e-01 │ η_eff 2.618e-05
Ep  11/100 │  0.10s │ bd 8.0264e-01 │ res 2.8749e+01 │ test 9.2646e-01 │ η_eff 2.849e-05
Ep  12/100 │  0.10s │ bd 7.5755e-01 │ res 2.7957e+01 │ test 8.4871e-01 │ η_eff 3.284e-05
Ep  13/100 │  0.10s │ bd 9.6720e-01 │ res 2.7618e+01 │ test 9.1123e-01 │ η_eff 4.220e-05
Ep  14/100 │  0.09s │ bd 9.0818e-01 │ res 2.5712e+01 │ test 9.8222e-01 │ η_eff 3.427e-05
Ep  15/100 │  0.10s │ bd 1.0105e+00 │ res 2.4996e+01 │ test 8.2117e-01 │ η_eff 3.528e-05
Ep  16/100 │  0.10s │ bd 7.4856e-01 │ res 2.2744e+01 │ test 7.7666e-01 │ η_eff 3.583e-05
Ep  17/100 │  0.10s │ bd 6.9893e-01 │ res 2.0467e+01 │ test 7.6611e-01 │ η_eff 3.677e-05
Ep  18/100 │  0.10s │ bd 5.3141e-01 │ res 1.9930e+01 │ test 6.3342e-01 │ η_eff 3.743e-05
Ep  19/100 │  0.11s │ bd 5.8196e-01 │ res 1.8666e+01 │ test 6.7418e-01 │ η_eff 4.768e-05
Ep  20/100 │  0.10s │ bd 8.1335e-01 │ res 1.9675e+01 │ test 5.7200e-01 │ η_eff 2.548e-05
Ep  21/100 │  0.10s │ bd 5.7065e-01 │ res 1.7557e+01 │ test 5.5392e-01 │ η_eff 2.709e-05
Ep  22/100 │  0.11s │ bd 5.4025e-01 │ res 1.7096e+01 │ test 5.2635e-01 │ η_eff 2.480e-05
Ep  23/100 │  0.09s │ bd 5.2704e-01 │ res 1.5958e+01 │ test 5.2877e-01 │ η_eff 2.417e-05
Ep  24/100 │  0.10s │ bd 5.4224e-01 │ res 1.5861e+01 │ test 4.7764e-01 │ η_eff 2.675e-05
Ep  25/100 │  0.11s │ bd 5.3850e-01 │ res 1.5836e+01 │ test 5.5042e-01 │ η_eff 2.574e-05
Ep  26/100 │  0.10s │ bd 4.6786e-01 │ res 1.5156e+01 │ test 4.6122e-01 │ η_eff 2.702e-05
Ep  27/100 │  0.10s │ bd 4.8725e-01 │ res 1.4707e+01 │ test 4.3878e-01 │ η_eff 2.943e-05
Ep  28/100 │  0.11s │ bd 5.1167e-01 │ res 1.5509e+01 │ test 6.2385e-01 │ η_eff 2.692e-05
Ep  29/100 │  0.10s │ bd 4.1567e-01 │ res 1.3883e+01 │ test 5.2525e-01 │ η_eff 2.638e-05
Ep  30/100 │  0.10s │ bd 5.8942e-01 │ res 1.4337e+01 │ test 4.9150e-01 │ η_eff 1.412e-05
Ep  31/100 │  0.10s │ bd 4.7642e-01 │ res 1.2987e+01 │ test 5.1043e-01 │ η_eff 1.437e-05
Ep  32/100 │  0.10s │ bd 4.0583e-01 │ res 1.2368e+01 │ test 4.7958e-01 │ η_eff 1.337e-05
Ep  33/100 │  0.10s │ bd 4.2565e-01 │ res 1.2046e+01 │ test 4.2956e-01 │ η_eff 1.281e-05
Ep  34/100 │  0.10s │ bd 4.3672e-01 │ res 1.1787e+01 │ test 4.6790e-01 │ η_eff 1.434e-05
Ep  35/100 │  0.10s │ bd 3.8606e-01 │ res 1.1322e+01 │ test 4.5524e-01 │ η_eff 1.385e-05
Ep  36/100 │  0.10s │ bd 3.6578e-01 │ res 1.2293e+01 │ test 4.4108e-01 │ η_eff 1.318e-05
Ep  37/100 │  0.10s │ bd 4.0339e-01 │ res 1.1194e+01 │ test 4.6793e-01 │ η_eff 1.447e-05
Ep  38/100 │  0.10s │ bd 3.6341e-01 │ res 1.1088e+01 │ test 4.6080e-01 │ η_eff 1.398e-05
Ep  39/100 │  0.10s │ bd 5.2250e-01 │ res 1.1903e+01 │ test 4.5988e-01 │ η_eff 1.501e-05
Ep  40/100 │  0.10s │ bd 4.6040e-01 │ res 1.1397e+01 │ test 4.6518e-01 │ η_eff 7.776e-06
Ep  41/100 │  0.10s │ bd 5.2304e-01 │ res 1.1767e+01 │ test 4.8749e-01 │ η_eff 8.016e-06
Ep  42/100 │  0.10s │ bd 4.2632e-01 │ res 1.0796e+01 │ test 4.7956e-01 │ η_eff 7.441e-06
Ep  43/100 │  0.11s │ bd 4.3067e-01 │ res 1.0412e+01 │ test 4.8096e-01 │ η_eff 8.155e-06
Ep  44/100 │  0.10s │ bd 4.4175e-01 │ res 1.1010e+01 │ test 4.8427e-01 │ η_eff 8.392e-06
Ep  45/100 │  0.10s │ bd 3.2357e-01 │ res 1.0054e+01 │ test 5.0073e-01 │ η_eff 7.095e-06
Ep  46/100 │  0.10s │ bd 3.7023e-01 │ res 1.0397e+01 │ test 4.9610e-01 │ η_eff 7.861e-06
Ep  47/100 │  0.10s │ bd 3.8056e-01 │ res 1.0478e+01 │ test 5.0661e-01 │ η_eff 7.924e-06
Ep  48/100 │  0.10s │ bd 3.6766e-01 │ res 1.0284e+01 │ test 4.9970e-01 │ η_eff 8.275e-06
Ep  49/100 │  0.10s │ bd 4.1029e-01 │ res 1.0561e+01 │ test 4.9998e-01 │ η_eff 8.338e-06
Ep  50/100 │  0.10s │ bd 4.0519e-01 │ res 1.0625e+01 │ test 4.9380e-01 │ η_eff 4.458e-06
Ep  51/100 │  0.10s │ bd 4.3027e-01 │ res 1.0046e+01 │ test 4.9426e-01 │ η_eff 4.392e-06
Ep  52/100 │  0.10s │ bd 3.9427e-01 │ res 1.0099e+01 │ test 4.9634e-01 │ η_eff 4.210e-06
Ep  53/100 │  0.10s │ bd 3.8084e-01 │ res 9.7069e+00 │ test 5.0515e-01 │ η_eff 4.373e-06
Ep  54/100 │  0.10s │ bd 3.6411e-01 │ res 1.0178e+01 │ test 5.2097e-01 │ η_eff 4.184e-06
Ep  55/100 │  0.10s │ bd 3.6183e-01 │ res 1.0096e+01 │ test 5.2196e-01 │ η_eff 4.182e-06
Ep  56/100 │  0.11s │ bd 3.4014e-01 │ res 1.0118e+01 │ test 5.2576e-01 │ η_eff 4.217e-06
Ep  57/100 │  0.10s │ bd 3.0115e-01 │ res 9.2356e+00 │ test 5.1056e-01 │ η_eff 4.148e-06
Ep  58/100 │  0.10s │ bd 3.3055e-01 │ res 9.7019e+00 │ test 5.0658e-01 │ η_eff 4.442e-06
Ep  59/100 │  0.10s │ bd 3.6866e-01 │ res 9.7029e+00 │ test 5.0951e-01 │ η_eff 3.780e-06
Ep  60/100 │  0.10s │ bd 3.6240e-01 │ res 1.0032e+01 │ test 5.0989e-01 │ η_eff 2.022e-06
Ep  61/100 │  0.10s │ bd 3.5484e-01 │ res 9.7960e+00 │ test 5.0270e-01 │ η_eff 2.335e-06
Ep  62/100 │  0.10s │ bd 4.7953e-01 │ res 1.0108e+01 │ test 5.0897e-01 │ η_eff 2.202e-06
Ep  63/100 │  0.10s │ bd 3.7257e-01 │ res 1.0597e+01 │ test 5.1426e-01 │ η_eff 2.222e-06
Ep  64/100 │  0.10s │ bd 3.1386e-01 │ res 9.3895e+00 │ test 5.0822e-01 │ η_eff 2.389e-06
Ep  65/100 │  0.10s │ bd 3.8489e-01 │ res 9.9369e+00 │ test 5.0734e-01 │ η_eff 2.544e-06
Ep  66/100 │  0.10s │ bd 3.1264e-01 │ res 9.1943e+00 │ test 5.0929e-01 │ η_eff 2.264e-06
Ep  67/100 │  0.10s │ bd 3.4601e-01 │ res 9.8206e+00 │ test 5.1938e-01 │ η_eff 2.456e-06
Ep  68/100 │  0.10s │ bd 4.1296e-01 │ res 1.0557e+01 │ test 5.2909e-01 │ η_eff 2.402e-06
Ep  69/100 │  0.11s │ bd 3.3557e-01 │ res 9.0579e+00 │ test 5.2020e-01 │ η_eff 2.687e-06
Ep  70/100 │  0.10s │ bd 3.3597e-01 │ res 9.9351e+00 │ test 5.1565e-01 │ η_eff 1.196e-06
Ep  71/100 │  0.11s │ bd 2.8390e-01 │ res 9.3731e+00 │ test 5.1343e-01 │ η_eff 1.273e-06
Ep  72/100 │  0.10s │ bd 3.8364e-01 │ res 9.8704e+00 │ test 5.1422e-01 │ η_eff 1.203e-06
Ep  73/100 │  0.10s │ bd 3.8503e-01 │ res 1.0110e+01 │ test 5.2271e-01 │ η_eff 1.171e-06
Ep  74/100 │  0.11s │ bd 2.9963e-01 │ res 9.4002e+00 │ test 5.2948e-01 │ η_eff 1.210e-06
Ep  75/100 │  0.10s │ bd 3.0472e-01 │ res 9.2566e+00 │ test 5.2740e-01 │ η_eff 1.263e-06
Ep  76/100 │  0.10s │ bd 3.8015e-01 │ res 9.8087e+00 │ test 5.3124e-01 │ η_eff 1.184e-06
Ep  77/100 │  0.10s │ bd 3.2873e-01 │ res 1.0220e+01 │ test 5.3694e-01 │ η_eff 1.393e-06
Ep  78/100 │  0.10s │ bd 3.2294e-01 │ res 9.1311e+00 │ test 5.2811e-01 │ η_eff 1.274e-06
Ep  79/100 │  0.10s │ bd 3.4225e-01 │ res 9.3898e+00 │ test 5.3396e-01 │ η_eff 1.255e-06
Ep  80/100 │  0.11s │ bd 3.7358e-01 │ res 9.5635e+00 │ test 5.3676e-01 │ η_eff 5.823e-07
Ep  81/100 │  0.10s │ bd 2.9542e-01 │ res 9.0043e+00 │ test 5.4273e-01 │ η_eff 6.480e-07
Ep  82/100 │  0.10s │ bd 3.0867e-01 │ res 9.2328e+00 │ test 5.4900e-01 │ η_eff 6.794e-07
Ep  83/100 │  0.10s │ bd 3.2801e-01 │ res 9.2068e+00 │ test 5.3919e-01 │ η_eff 7.206e-07
Ep  84/100 │  0.10s │ bd 4.0284e-01 │ res 1.0234e+01 │ test 5.3956e-01 │ η_eff 6.085e-07
Ep  85/100 │  0.11s │ bd 3.3855e-01 │ res 9.0922e+00 │ test 5.4288e-01 │ η_eff 7.109e-07
Ep  86/100 │  0.10s │ bd 3.3035e-01 │ res 9.4834e+00 │ test 5.4360e-01 │ η_eff 6.744e-07
Ep  87/100 │  0.10s │ bd 3.7156e-01 │ res 9.6129e+00 │ test 5.4160e-01 │ η_eff 7.825e-07
Ep  88/100 │  0.11s │ bd 3.7020e-01 │ res 9.9283e+00 │ test 5.4734e-01 │ η_eff 7.292e-07
Ep  89/100 │  0.10s │ bd 3.2801e-01 │ res 9.5285e+00 │ test 5.4690e-01 │ η_eff 7.398e-07
Ep  90/100 │  0.10s │ bd 3.3375e-01 │ res 9.5789e+00 │ test 5.5306e-01 │ η_eff 3.586e-07
Ep  91/100 │  0.10s │ bd 2.7271e-01 │ res 8.8599e+00 │ test 5.5216e-01 │ η_eff 4.137e-07
Ep  92/100 │  0.10s │ bd 3.2991e-01 │ res 9.1755e+00 │ test 5.4895e-01 │ η_eff 3.869e-07
Ep  93/100 │  0.10s │ bd 3.8899e-01 │ res 9.5436e+00 │ test 5.5118e-01 │ η_eff 3.698e-07
Ep  94/100 │  0.10s │ bd 3.2150e-01 │ res 9.3446e+00 │ test 5.5238e-01 │ η_eff 3.540e-07
Ep  95/100 │  0.11s │ bd 2.7612e-01 │ res 8.9045e+00 │ test 5.5572e-01 │ η_eff 3.403e-07
Ep  96/100 │  0.10s │ bd 3.2409e-01 │ res 9.5062e+00 │ test 5.5476e-01 │ η_eff 3.592e-07
Ep  97/100 │  0.10s │ bd 3.5815e-01 │ res 9.2927e+00 │ test 5.5787e-01 │ η_eff 3.675e-07
Ep  98/100 │  0.10s │ bd 2.5870e-01 │ res 8.8052e+00 │ test 5.5646e-01 │ η_eff 3.223e-07
Ep  99/100 │  0.10s │ bd 4.3674e-01 │ res 9.7761e+00 │ test 5.5655e-01 │ η_eff 3.967e-07
Ep 100/100 │  0.10s │ bd 3.5149e-01 │ res 9.3684e+00 │ test 5.5785e-01 │ η_eff 1.852e-07
→ Saved: loss/Burger1d_pino_spectral_ms_nr_90_Adam_ep100_visc0.1_m32_w64/loss_full_loss_1.csv

=== Phase 'full_loss_2' | epochs 100 ===

Ep   1/100 │  0.10s │ bd 3.4167e-01 │ res 9.3400e+00 │ test 5.6340e-01 │ η_eff 3.618e-07
Ep   2/100 │  0.10s │ bd 3.1780e-01 │ res 9.2189e+00 │ test 5.6027e-01 │ η_eff 3.871e-07
Ep   3/100 │  0.10s │ bd 3.7917e-01 │ res 9.8141e+00 │ test 5.6254e-01 │ η_eff 3.743e-07
Ep   4/100 │  0.10s │ bd 3.2630e-01 │ res 9.1508e+00 │ test 5.5909e-01 │ η_eff 3.305e-07
Ep   5/100 │  0.10s │ bd 3.7806e-01 │ res 9.6689e+00 │ test 5.5603e-01 │ η_eff 3.671e-07
Ep   6/100 │  0.10s │ bd 3.3217e-01 │ res 8.7605e+00 │ test 5.5282e-01 │ η_eff 3.642e-07
Ep   7/100 │  0.11s │ bd 3.5063e-01 │ res 9.4440e+00 │ test 5.5709e-01 │ η_eff 4.048e-07
Ep   8/100 │  0.10s │ bd 3.7354e-01 │ res 9.0904e+00 │ test 5.6026e-01 │ η_eff 3.558e-07
Ep   9/100 │  0.10s │ bd 3.7034e-01 │ res 9.3244e+00 │ test 5.6196e-01 │ η_eff 3.633e-07
Ep  10/100 │  0.11s │ bd 3.2790e-01 │ res 9.2800e+00 │ test 5.5609e-01 │ η_eff 1.882e-07
Ep  11/100 │  0.10s │ bd 3.1786e-01 │ res 8.9349e+00 │ test 5.6086e-01 │ η_eff 1.907e-07
Ep  12/100 │  0.11s │ bd 3.8186e-01 │ res 9.7629e+00 │ test 5.5625e-01 │ η_eff 1.997e-07
Ep  13/100 │  0.11s │ bd 3.3691e-01 │ res 9.1275e+00 │ test 5.5637e-01 │ η_eff 1.887e-07
Ep  14/100 │  0.10s │ bd 3.1824e-01 │ res 8.7669e+00 │ test 5.6131e-01 │ η_eff 1.949e-07
Ep  15/100 │  0.10s │ bd 3.3699e-01 │ res 9.5332e+00 │ test 5.5767e-01 │ η_eff 1.999e-07
Ep  16/100 │  0.11s │ bd 2.9230e-01 │ res 9.4550e+00 │ test 5.5617e-01 │ η_eff 1.774e-07
Ep  17/100 │  0.11s │ bd 3.4535e-01 │ res 9.5839e+00 │ test 5.5579e-01 │ η_eff 1.986e-07
Ep  18/100 │  0.10s │ bd 2.6913e-01 │ res 8.6531e+00 │ test 5.6103e-01 │ η_eff 2.028e-07
Ep  19/100 │  0.11s │ bd 3.4237e-01 │ res 9.0989e+00 │ test 5.6250e-01 │ η_eff 1.941e-07
Ep  20/100 │  0.10s │ bd 3.4364e-01 │ res 9.4423e+00 │ test 5.6914e-01 │ η_eff 9.465e-08
Ep  21/100 │  0.10s │ bd 3.0785e-01 │ res 9.2440e+00 │ test 5.5940e-01 │ η_eff 9.677e-08
Ep  22/100 │  0.11s │ bd 3.2012e-01 │ res 9.3101e+00 │ test 5.5904e-01 │ η_eff 9.957e-08
Ep  23/100 │  0.11s │ bd 3.5424e-01 │ res 8.8587e+00 │ test 5.6325e-01 │ η_eff 1.032e-07
Ep  24/100 │  0.10s │ bd 3.3660e-01 │ res 9.2226e+00 │ test 5.6447e-01 │ η_eff 1.049e-07
Ep  25/100 │  0.10s │ bd 3.8572e-01 │ res 9.9762e+00 │ test 5.6309e-01 │ η_eff 1.049e-07
Ep  26/100 │  0.10s │ bd 4.1203e-01 │ res 9.7539e+00 │ test 5.6224e-01 │ η_eff 1.181e-07
Ep  27/100 │  0.10s │ bd 2.8741e-01 │ res 8.6033e+00 │ test 5.5563e-01 │ η_eff 9.644e-08
Ep  28/100 │  0.10s │ bd 3.3286e-01 │ res 9.3280e+00 │ test 5.6087e-01 │ η_eff 1.074e-07
Ep  29/100 │  0.11s │ bd 2.5404e-01 │ res 8.7604e+00 │ test 5.5966e-01 │ η_eff 1.010e-07
Ep  30/100 │  0.10s │ bd 3.8737e-01 │ res 9.4155e+00 │ test 5.6473e-01 │ η_eff 5.510e-08
Ep  31/100 │  0.10s │ bd 3.5606e-01 │ res 9.4943e+00 │ test 5.6342e-01 │ η_eff 5.219e-08
Ep  32/100 │  0.11s │ bd 3.6422e-01 │ res 9.6334e+00 │ test 5.6148e-01 │ η_eff 5.363e-08
Ep  33/100 │  0.10s │ bd 3.4657e-01 │ res 8.9010e+00 │ test 5.5786e-01 │ η_eff 5.368e-08
Ep  34/100 │  0.11s │ bd 3.3604e-01 │ res 9.0312e+00 │ test 5.6071e-01 │ η_eff 4.861e-08
Ep  35/100 │  0.10s │ bd 3.7359e-01 │ res 9.2194e+00 │ test 5.6212e-01 │ η_eff 5.054e-08
Ep  36/100 │  0.10s │ bd 3.0822e-01 │ res 8.8542e+00 │ test 5.5829e-01 │ η_eff 5.142e-08
Ep  37/100 │  0.10s │ bd 3.1954e-01 │ res 9.1800e+00 │ test 5.6279e-01 │ η_eff 5.446e-08
Ep  38/100 │  0.11s │ bd 3.3351e-01 │ res 9.7978e+00 │ test 5.6059e-01 │ η_eff 5.673e-08
Ep  39/100 │  0.10s │ bd 3.8382e-01 │ res 9.2408e+00 │ test 5.5791e-01 │ η_eff 5.650e-08
Ep  40/100 │  0.11s │ bd 2.9741e-01 │ res 8.7113e+00 │ test 5.5573e-01 │ η_eff 2.563e-08
Ep  41/100 │  0.10s │ bd 4.2316e-01 │ res 9.8028e+00 │ test 5.5931e-01 │ η_eff 2.795e-08
Ep  42/100 │  0.10s │ bd 3.7219e-01 │ res 9.9466e+00 │ test 5.6936e-01 │ η_eff 2.619e-08
Ep  43/100 │  0.10s │ bd 3.8616e-01 │ res 1.0052e+01 │ test 5.5962e-01 │ η_eff 2.726e-08
Ep  44/100 │  0.11s │ bd 2.7718e-01 │ res 8.8006e+00 │ test 5.5738e-01 │ η_eff 2.758e-08
Ep  45/100 │  0.10s │ bd 3.0708e-01 │ res 9.1369e+00 │ test 5.6491e-01 │ η_eff 2.755e-08
Ep  46/100 │  0.10s │ bd 3.3203e-01 │ res 9.2082e+00 │ test 5.5675e-01 │ η_eff 2.610e-08
Ep  47/100 │  0.10s │ bd 3.2108e-01 │ res 9.1985e+00 │ test 5.5830e-01 │ η_eff 2.865e-08
Ep  48/100 │  0.10s │ bd 3.1310e-01 │ res 9.0317e+00 │ test 5.5856e-01 │ η_eff 2.724e-08
Ep  49/100 │  0.10s │ bd 3.4320e-01 │ res 9.1982e+00 │ test 5.5988e-01 │ η_eff 2.748e-08
Ep  50/100 │  0.10s │ bd 3.2180e-01 │ res 9.3123e+00 │ test 5.5472e-01 │ η_eff 1.458e-08
Ep  51/100 │  0.10s │ bd 3.5585e-01 │ res 9.1061e+00 │ test 5.6007e-01 │ η_eff 1.484e-08
Ep  52/100 │  0.11s │ bd 2.8570e-01 │ res 8.7864e+00 │ test 5.5793e-01 │ η_eff 1.413e-08
Ep  53/100 │  0.10s │ bd 3.1429e-01 │ res 8.9196e+00 │ test 5.5782e-01 │ η_eff 1.613e-08
Ep  54/100 │  0.11s │ bd 3.2507e-01 │ res 8.9875e+00 │ test 5.6283e-01 │ η_eff 1.401e-08
Ep  55/100 │  0.10s │ bd 4.3947e-01 │ res 9.0007e+00 │ test 5.6006e-01 │ η_eff 1.473e-08
Ep  56/100 │  0.10s │ bd 3.2683e-01 │ res 9.0314e+00 │ test 5.6134e-01 │ η_eff 1.466e-08
Ep  57/100 │  0.10s │ bd 3.2050e-01 │ res 9.4623e+00 │ test 5.6254e-01 │ η_eff 1.452e-08
Ep  58/100 │  0.10s │ bd 3.4551e-01 │ res 9.0672e+00 │ test 5.6218e-01 │ η_eff 1.425e-08
Ep  59/100 │  0.10s │ bd 3.1041e-01 │ res 9.0343e+00 │ test 5.6146e-01 │ η_eff 1.499e-08
Ep  60/100 │  0.10s │ bd 3.1581e-01 │ res 9.1091e+00 │ test 5.6562e-01 │ η_eff 7.127e-09
Ep  61/100 │  0.11s │ bd 3.6483e-01 │ res 9.5235e+00 │ test 5.7065e-01 │ η_eff 7.667e-09
Ep  62/100 │  0.10s │ bd 3.1638e-01 │ res 9.1202e+00 │ test 5.6492e-01 │ η_eff 7.037e-09
Ep  63/100 │  0.11s │ bd 2.8770e-01 │ res 9.1305e+00 │ test 5.6374e-01 │ η_eff 7.150e-09
Ep  64/100 │  0.10s │ bd 3.4245e-01 │ res 9.2597e+00 │ test 5.6272e-01 │ η_eff 7.607e-09
Ep  65/100 │  0.10s │ bd 2.8065e-01 │ res 8.7431e+00 │ test 5.6533e-01 │ η_eff 7.688e-09
Ep  66/100 │  0.10s │ bd 2.9774e-01 │ res 9.0465e+00 │ test 5.6260e-01 │ η_eff 7.575e-09
Ep  67/100 │  0.11s │ bd 3.2655e-01 │ res 8.9026e+00 │ test 5.6271e-01 │ η_eff 7.653e-09
Ep  68/100 │  0.10s │ bd 2.9585e-01 │ res 8.9113e+00 │ test 5.6274e-01 │ η_eff 7.280e-09
Ep  69/100 │  0.10s │ bd 3.7049e-01 │ res 9.4467e+00 │ test 5.6015e-01 │ η_eff 8.273e-09
Ep  70/100 │  0.10s │ bd 3.0404e-01 │ res 9.0729e+00 │ test 5.5617e-01 │ η_eff 3.766e-09
Ep  71/100 │  0.11s │ bd 3.4753e-01 │ res 9.2589e+00 │ test 5.5397e-01 │ η_eff 3.608e-09
Ep  72/100 │  0.10s │ bd 3.8829e-01 │ res 9.4689e+00 │ test 5.5709e-01 │ η_eff 3.764e-09
Ep  73/100 │  0.12s │ bd 3.8761e-01 │ res 9.1776e+00 │ test 5.6122e-01 │ η_eff 3.679e-09
Ep  74/100 │  0.10s │ bd 2.9228e-01 │ res 8.8861e+00 │ test 5.5666e-01 │ η_eff 3.993e-09
Ep  75/100 │  0.11s │ bd 3.3956e-01 │ res 9.2116e+00 │ test 5.6178e-01 │ η_eff 4.064e-09
Ep  76/100 │  0.10s │ bd 3.8471e-01 │ res 9.5893e+00 │ test 5.6668e-01 │ η_eff 4.312e-09
Ep  77/100 │  0.11s │ bd 2.9952e-01 │ res 8.6446e+00 │ test 5.6464e-01 │ η_eff 4.356e-09
Ep  78/100 │  0.10s │ bd 4.0351e-01 │ res 1.0123e+01 │ test 5.7287e-01 │ η_eff 3.702e-09
Ep  79/100 │  0.10s │ bd 3.3586e-01 │ res 9.2281e+00 │ test 5.6603e-01 │ η_eff 3.741e-09
Ep  80/100 │  0.10s │ bd 3.9409e-01 │ res 9.3754e+00 │ test 5.6074e-01 │ η_eff 2.006e-09
Ep  81/100 │  0.11s │ bd 2.8156e-01 │ res 8.6886e+00 │ test 5.6035e-01 │ η_eff 1.927e-09
Ep  82/100 │  0.10s │ bd 3.8672e-01 │ res 9.7651e+00 │ test 5.5764e-01 │ η_eff 2.055e-09
Ep  83/100 │  0.10s │ bd 3.5092e-01 │ res 9.1900e+00 │ test 5.5932e-01 │ η_eff 2.039e-09
Ep  84/100 │  0.11s │ bd 3.0368e-01 │ res 9.1779e+00 │ test 5.6419e-01 │ η_eff 2.150e-09
Ep  85/100 │  0.10s │ bd 3.0866e-01 │ res 9.2643e+00 │ test 5.5979e-01 │ η_eff 1.924e-09
Ep  86/100 │  0.10s │ bd 3.1728e-01 │ res 9.3792e+00 │ test 5.5761e-01 │ η_eff 2.075e-09
Ep  87/100 │  0.10s │ bd 3.9032e-01 │ res 9.7381e+00 │ test 5.6368e-01 │ η_eff 2.147e-09
Ep  88/100 │  0.10s │ bd 2.9759e-01 │ res 9.1104e+00 │ test 5.5974e-01 │ η_eff 2.186e-09
Ep  89/100 │  0.11s │ bd 4.0565e-01 │ res 9.4903e+00 │ test 5.5962e-01 │ η_eff 2.199e-09
Ep  90/100 │  0.10s │ bd 3.2258e-01 │ res 9.2676e+00 │ test 5.5669e-01 │ η_eff 1.096e-09
Ep  91/100 │  0.10s │ bd 3.8234e-01 │ res 9.2917e+00 │ test 5.6345e-01 │ η_eff 9.951e-10
Ep  92/100 │  0.10s │ bd 2.6432e-01 │ res 8.5616e+00 │ test 5.6144e-01 │ η_eff 9.982e-10
Ep  93/100 │  0.11s │ bd 3.0909e-01 │ res 8.9574e+00 │ test 5.5542e-01 │ η_eff 1.071e-09
Ep  94/100 │  0.11s │ bd 2.8102e-01 │ res 8.6575e+00 │ test 5.5767e-01 │ η_eff 1.120e-09
Ep  95/100 │  0.10s │ bd 3.1650e-01 │ res 9.0211e+00 │ test 5.5594e-01 │ η_eff 1.110e-09
Ep  96/100 │  0.10s │ bd 3.0572e-01 │ res 9.2420e+00 │ test 5.6329e-01 │ η_eff 1.079e-09
Ep  97/100 │  0.10s │ bd 3.3067e-01 │ res 9.1373e+00 │ test 5.5756e-01 │ η_eff 1.111e-09
Ep  98/100 │  0.10s │ bd 3.4388e-01 │ res 9.2814e+00 │ test 5.6112e-01 │ η_eff 9.864e-10
Ep  99/100 │  0.10s │ bd 3.7071e-01 │ res 9.5902e+00 │ test 5.6576e-01 │ η_eff 1.089e-09
Ep 100/100 │  0.11s │ bd 4.2302e-01 │ res 1.0028e+01 │ test 5.6424e-01 │ η_eff 5.256e-10
→ Saved: loss/Burger1d_pino_spectral_ms_nr_90_Adam_ep100_visc0.1_m32_w64/loss_full_loss_2.csv

=== Phase 'full_loss_3' | epochs 100 ===

Ep   1/100 │  0.10s │ bd 2.9715e-01 │ res 9.0520e+00 │ test 5.5439e-01 │ η_eff 8.144e-10
Ep   2/100 │  0.11s │ bd 3.9326e-01 │ res 9.5399e+00 │ test 5.5919e-01 │ η_eff 8.619e-10
Ep   3/100 │  0.11s │ bd 3.0780e-01 │ res 8.7670e+00 │ test 5.6129e-01 │ η_eff 9.571e-10
Ep   4/100 │  0.10s │ bd 4.0696e-01 │ res 1.0688e+01 │ test 5.7115e-01 │ η_eff 9.046e-10
Ep   5/100 │  0.10s │ bd 3.5632e-01 │ res 9.4696e+00 │ test 5.6831e-01 │ η_eff 8.012e-10
Ep   6/100 │  0.11s │ bd 3.3103e-01 │ res 8.7343e+00 │ test 5.6546e-01 │ η_eff 7.991e-10
Ep   7/100 │  0.10s │ bd 3.0954e-01 │ res 9.3255e+00 │ test 5.6585e-01 │ η_eff 8.512e-10
Ep   8/100 │  0.10s │ bd 3.4344e-01 │ res 8.9406e+00 │ test 5.5632e-01 │ η_eff 7.662e-10
Ep   9/100 │  0.11s │ bd 2.9667e-01 │ res 8.9800e+00 │ test 5.5749e-01 │ η_eff 8.673e-10
Ep  10/100 │  0.10s │ bd 4.4380e-01 │ res 9.7417e+00 │ test 5.6186e-01 │ η_eff 4.087e-10
Ep  11/100 │  0.10s │ bd 3.6401e-01 │ res 9.4208e+00 │ test 5.6125e-01 │ η_eff 4.059e-10
Ep  12/100 │  0.11s │ bd 2.7470e-01 │ res 8.6218e+00 │ test 5.6068e-01 │ η_eff 4.003e-10
Ep  13/100 │  0.10s │ bd 3.1783e-01 │ res 9.1497e+00 │ test 5.6402e-01 │ η_eff 4.037e-10
Ep  14/100 │  0.10s │ bd 3.1100e-01 │ res 9.2529e+00 │ test 5.5897e-01 │ η_eff 4.099e-10
Ep  15/100 │  0.10s │ bd 3.7335e-01 │ res 9.3850e+00 │ test 5.5506e-01 │ η_eff 3.986e-10
Ep  16/100 │  0.10s │ bd 3.1541e-01 │ res 9.4073e+00 │ test 5.5327e-01 │ η_eff 4.079e-10
Ep  17/100 │  0.10s │ bd 3.5573e-01 │ res 9.0283e+00 │ test 5.5654e-01 │ η_eff 4.132e-10
Ep  18/100 │  0.11s │ bd 3.8355e-01 │ res 9.7841e+00 │ test 5.5528e-01 │ η_eff 4.169e-10
Ep  19/100 │  0.10s │ bd 3.8059e-01 │ res 9.4752e+00 │ test 5.6001e-01 │ η_eff 4.062e-10
Ep  20/100 │  0.10s │ bd 2.7828e-01 │ res 9.1379e+00 │ test 5.6353e-01 │ η_eff 2.287e-10
Ep  21/100 │  0.10s │ bd 3.5123e-01 │ res 9.4237e+00 │ test 5.5912e-01 │ η_eff 2.129e-10
Ep  22/100 │  0.11s │ bd 3.9630e-01 │ res 9.4733e+00 │ test 5.6693e-01 │ η_eff 2.126e-10
Ep  23/100 │  0.10s │ bd 3.1048e-01 │ res 9.3730e+00 │ test 5.6910e-01 │ η_eff 2.087e-10
Ep  24/100 │  0.10s │ bd 3.2754e-01 │ res 9.2118e+00 │ test 5.6597e-01 │ η_eff 2.183e-10
Ep  25/100 │  0.10s │ bd 2.5996e-01 │ res 8.9962e+00 │ test 5.5864e-01 │ η_eff 2.053e-10
Ep  26/100 │  0.11s │ bd 3.5644e-01 │ res 9.0859e+00 │ test 5.6213e-01 │ η_eff 2.245e-10
Ep  27/100 │  0.10s │ bd 2.9577e-01 │ res 8.6460e+00 │ test 5.5979e-01 │ η_eff 2.048e-10
Ep  28/100 │  0.10s │ bd 3.9745e-01 │ res 9.8996e+00 │ test 5.6477e-01 │ η_eff 2.058e-10
Ep  29/100 │  0.11s │ bd 3.2118e-01 │ res 8.8880e+00 │ test 5.5561e-01 │ η_eff 2.157e-10
Ep  30/100 │  0.11s │ bd 3.1027e-01 │ res 9.7871e+00 │ test 5.5380e-01 │ η_eff 9.966e-11
Ep  31/100 │  0.10s │ bd 3.6576e-01 │ res 9.3583e+00 │ test 5.5202e-01 │ η_eff 9.887e-11
Ep  32/100 │  0.11s │ bd 2.6853e-01 │ res 8.7237e+00 │ test 5.5047e-01 │ η_eff 1.140e-10
Ep  33/100 │  0.10s │ bd 3.2024e-01 │ res 9.0001e+00 │ test 5.5887e-01 │ η_eff 1.123e-10
Ep  34/100 │  0.10s │ bd 3.6477e-01 │ res 9.5205e+00 │ test 5.5370e-01 │ η_eff 1.094e-10
Ep  35/100 │  0.10s │ bd 2.8175e-01 │ res 8.9267e+00 │ test 5.5185e-01 │ η_eff 1.112e-10
Ep  36/100 │  0.10s │ bd 3.2438e-01 │ res 8.8583e+00 │ test 5.5972e-01 │ η_eff 1.240e-10
Ep  37/100 │  0.11s │ bd 3.5956e-01 │ res 9.2585e+00 │ test 5.5583e-01 │ η_eff 1.242e-10
Ep  38/100 │  0.11s │ bd 3.1771e-01 │ res 8.7857e+00 │ test 5.5664e-01 │ η_eff 1.152e-10
Ep  39/100 │  0.10s │ bd 3.7829e-01 │ res 9.4882e+00 │ test 5.6491e-01 │ η_eff 1.081e-10
Ep  40/100 │  0.10s │ bd 3.5304e-01 │ res 9.6201e+00 │ test 5.5981e-01 │ η_eff 5.258e-11
Ep  41/100 │  0.11s │ bd 3.2433e-01 │ res 8.9574e+00 │ test 5.5479e-01 │ η_eff 5.308e-11
Ep  42/100 │  0.10s │ bd 3.3083e-01 │ res 9.3279e+00 │ test 5.5495e-01 │ η_eff 5.115e-11
Ep  43/100 │  0.10s │ bd 3.1592e-01 │ res 9.0845e+00 │ test 5.5534e-01 │ η_eff 5.624e-11
Ep  44/100 │  0.11s │ bd 3.5708e-01 │ res 9.2431e+00 │ test 5.5871e-01 │ η_eff 5.338e-11
Ep  45/100 │  0.11s │ bd 3.0813e-01 │ res 8.8758e+00 │ test 5.5923e-01 │ η_eff 5.746e-11
Ep  46/100 │  0.10s │ bd 3.4905e-01 │ res 9.1116e+00 │ test 5.5996e-01 │ η_eff 5.575e-11
Ep  47/100 │  0.11s │ bd 2.8599e-01 │ res 8.7163e+00 │ test 5.5517e-01 │ η_eff 5.470e-11
Ep  48/100 │  0.10s │ bd 3.8660e-01 │ res 9.4404e+00 │ test 5.5749e-01 │ η_eff 5.711e-11
Ep  49/100 │  0.10s │ bd 3.1828e-01 │ res 8.8748e+00 │ test 5.5390e-01 │ η_eff 5.773e-11
Ep  50/100 │  0.11s │ bd 3.2725e-01 │ res 9.2305e+00 │ test 5.6070e-01 │ η_eff 2.792e-11
Ep  51/100 │  0.11s │ bd 4.2086e-01 │ res 9.3264e+00 │ test 5.6305e-01 │ η_eff 2.800e-11
Ep  52/100 │  0.10s │ bd 3.2327e-01 │ res 9.1402e+00 │ test 5.6433e-01 │ η_eff 2.926e-11
Ep  53/100 │  0.11s │ bd 3.6304e-01 │ res 9.1220e+00 │ test 5.6344e-01 │ η_eff 2.736e-11
Ep  54/100 │  0.10s │ bd 3.9120e-01 │ res 9.2230e+00 │ test 5.5955e-01 │ η_eff 2.890e-11
Ep  55/100 │  0.11s │ bd 2.9528e-01 │ res 8.8735e+00 │ test 5.5418e-01 │ η_eff 2.874e-11
Ep  56/100 │  0.10s │ bd 3.7462e-01 │ res 9.3832e+00 │ test 5.6750e-01 │ η_eff 2.826e-11
Ep  57/100 │  0.10s │ bd 2.9690e-01 │ res 9.0117e+00 │ test 5.6557e-01 │ η_eff 2.914e-11
Ep  58/100 │  0.11s │ bd 3.3192e-01 │ res 8.7114e+00 │ test 5.6708e-01 │ η_eff 2.769e-11
Ep  59/100 │  0.11s │ bd 2.8197e-01 │ res 8.8798e+00 │ test 5.6202e-01 │ η_eff 2.916e-11
Ep  60/100 │  0.10s │ bd 3.1183e-01 │ res 9.3453e+00 │ test 5.5810e-01 │ η_eff 1.434e-11
Ep  61/100 │  0.11s │ bd 3.1146e-01 │ res 9.4938e+00 │ test 5.6283e-01 │ η_eff 1.410e-11
Ep  62/100 │  0.10s │ bd 3.0886e-01 │ res 9.1509e+00 │ test 5.5981e-01 │ η_eff 1.489e-11
Ep  63/100 │  0.10s │ bd 2.5535e-01 │ res 8.6213e+00 │ test 5.6298e-01 │ η_eff 1.561e-11
Ep  64/100 │  0.10s │ bd 3.1849e-01 │ res 9.1212e+00 │ test 5.6170e-01 │ η_eff 1.479e-11
Ep  65/100 │  0.11s │ bd 3.8382e-01 │ res 1.0113e+01 │ test 5.5935e-01 │ η_eff 1.485e-11
Ep  66/100 │  0.10s │ bd 3.5461e-01 │ res 9.3659e+00 │ test 5.6577e-01 │ η_eff 1.484e-11
Ep  67/100 │  0.10s │ bd 3.9021e-01 │ res 9.3586e+00 │ test 5.5883e-01 │ η_eff 1.298e-11
Ep  68/100 │  0.10s │ bd 3.7815e-01 │ res 9.5221e+00 │ test 5.5848e-01 │ η_eff 1.355e-11
Ep  69/100 │  0.10s │ bd 3.5461e-01 │ res 9.0406e+00 │ test 5.6542e-01 │ η_eff 1.483e-11
Ep  70/100 │  0.11s │ bd 3.6046e-01 │ res 9.2057e+00 │ test 5.6278e-01 │ η_eff 6.902e-12
Ep  71/100 │  0.11s │ bd 3.0684e-01 │ res 8.9006e+00 │ test 5.6509e-01 │ η_eff 7.297e-12
Ep  72/100 │  0.10s │ bd 3.1771e-01 │ res 9.5090e+00 │ test 5.6429e-01 │ η_eff 7.102e-12
Ep  73/100 │  0.10s │ bd 3.3903e-01 │ res 9.2399e+00 │ test 5.6780e-01 │ η_eff 7.210e-12
Ep  74/100 │  0.10s │ bd 3.4061e-01 │ res 9.2591e+00 │ test 5.5741e-01 │ η_eff 8.018e-12
Ep  75/100 │  0.10s │ bd 2.8372e-01 │ res 8.6670e+00 │ test 5.5786e-01 │ η_eff 7.864e-12
Ep  76/100 │  0.10s │ bd 3.3776e-01 │ res 8.7997e+00 │ test 5.5808e-01 │ η_eff 8.030e-12
Ep  77/100 │  0.10s │ bd 3.3223e-01 │ res 9.4448e+00 │ test 5.6789e-01 │ η_eff 6.916e-12
Ep  78/100 │  0.10s │ bd 2.7775e-01 │ res 8.8200e+00 │ test 5.6145e-01 │ η_eff 7.791e-12
Ep  79/100 │  0.10s │ bd 3.2658e-01 │ res 9.1250e+00 │ test 5.5795e-01 │ η_eff 7.822e-12
Ep  80/100 │  0.10s │ bd 2.9185e-01 │ res 8.8549e+00 │ test 5.5551e-01 │ η_eff 3.701e-12
Ep  81/100 │  0.10s │ bd 2.9767e-01 │ res 8.7378e+00 │ test 5.5498e-01 │ η_eff 3.524e-12
Ep  82/100 │  0.10s │ bd 3.6347e-01 │ res 9.3936e+00 │ test 5.5715e-01 │ η_eff 3.725e-12
Ep  83/100 │  0.11s │ bd 2.9957e-01 │ res 8.7012e+00 │ test 5.6064e-01 │ η_eff 3.371e-12
Ep  84/100 │  0.10s │ bd 2.7832e-01 │ res 9.0080e+00 │ test 5.5397e-01 │ η_eff 3.747e-12
Ep  85/100 │  0.11s │ bd 3.6270e-01 │ res 9.1454e+00 │ test 5.5840e-01 │ η_eff 3.483e-12
Ep  86/100 │  0.10s │ bd 3.1902e-01 │ res 9.4323e+00 │ test 5.5517e-01 │ η_eff 3.589e-12
Ep  87/100 │  0.10s │ bd 3.6106e-01 │ res 9.1344e+00 │ test 5.5555e-01 │ η_eff 4.012e-12
Ep  88/100 │  0.10s │ bd 3.1783e-01 │ res 8.9901e+00 │ test 5.6109e-01 │ η_eff 4.256e-12
Ep  89/100 │  0.10s │ bd 2.8376e-01 │ res 8.5660e+00 │ test 5.5893e-01 │ η_eff 3.521e-12
Ep  90/100 │  0.11s │ bd 3.4568e-01 │ res 9.3225e+00 │ test 5.5383e-01 │ η_eff 1.922e-12
Ep  91/100 │  0.10s │ bd 3.4200e-01 │ res 9.0580e+00 │ test 5.5892e-01 │ η_eff 1.908e-12
Ep  92/100 │  0.11s │ bd 2.8580e-01 │ res 8.7726e+00 │ test 5.5737e-01 │ η_eff 1.905e-12
Ep  93/100 │  0.10s │ bd 3.3366e-01 │ res 9.0669e+00 │ test 5.5394e-01 │ η_eff 1.861e-12
Ep  94/100 │  0.10s │ bd 3.6372e-01 │ res 9.9210e+00 │ test 5.5919e-01 │ η_eff 1.846e-12
Ep  95/100 │  0.10s │ bd 3.2275e-01 │ res 8.6838e+00 │ test 5.5814e-01 │ η_eff 1.841e-12
Ep  96/100 │  0.10s │ bd 4.0207e-01 │ res 9.7296e+00 │ test 5.6455e-01 │ η_eff 2.064e-12
Ep  97/100 │  0.10s │ bd 3.1497e-01 │ res 8.8781e+00 │ test 5.5452e-01 │ η_eff 1.818e-12
Ep  98/100 │  0.11s │ bd 3.1848e-01 │ res 8.6483e+00 │ test 5.5823e-01 │ η_eff 1.938e-12
Ep  99/100 │  0.10s │ bd 2.9910e-01 │ res 9.0469e+00 │ test 5.5847e-01 │ η_eff 1.869e-12
Ep 100/100 │  0.10s │ bd 4.0477e-01 │ res 9.4043e+00 │ test 5.6056e-01 │ η_eff 8.840e-13
→ Saved: loss/Burger1d_pino_spectral_ms_nr_90_Adam_ep100_visc0.1_m32_w64/loss_full_loss_3.csv
→ Model saved: model/Burger1d_pino_spectral_ms_nr_90_Adam_ep100_visc0.1_m32_w64
→ Eta-term history: loss/Burger1d_pino_spectral_ms_nr_90_Adam_ep100_visc0.1_m32_w64/eta_term_history.csv
  sample 0: test L2 = 4.6781e-01
  sample 1: test L2 = 5.2483e-01
  sample 2: test L2 = 4.9106e-01
  sample 3: test L2 = 6.3419e-01
  sample 4: test L2 = 9.6995e-01
  sample 5: test L2 = 4.7337e-01
  sample 6: test L2 = 4.7954e-01
  sample 7: test L2 = 4.9196e-01
  sample 8: test L2 = 6.2827e-01
  sample 9: test L2 = 4.4478e-01
→ Predictions saved: burger_test_pino_spectral_ms_nr.mat
→ Figure saved: image/Burger1d_pino_spectral_ms_nr_90_Adam_ep100_visc0.1_m32_w64/final_velocity.png
