loaded 1D buffers
[train_model] model=pino_fd | training=multistage_nr | S=2048 | nu=0.1 | dt=0.1 | modes=32 | width=64
Model parameters: 550,081

=== Phase 'full_loss_1' | epochs 100 ===

Ep   1/100 │  0.47s │ bd 2.0021e+00 │ res 6.8544e+01 │ test 3.3580e+00 │ η_eff 2.396e-03
Ep   2/100 │  0.13s │ bd 1.0727e+00 │ res 3.5699e+01 │ test 1.6252e+00 │ η_eff 9.557e-04
Ep   3/100 │  0.11s │ bd 1.0102e+00 │ res 3.4227e+01 │ test 9.4447e-01 │ η_eff 4.225e-04
Ep   4/100 │  0.12s │ bd 9.8333e-01 │ res 3.3390e+01 │ test 1.1214e+00 │ η_eff 1.979e-04
Ep   5/100 │  0.11s │ bd 9.8312e-01 │ res 3.2797e+01 │ test 9.0479e-01 │ η_eff 1.109e-04
Ep   6/100 │  0.12s │ bd 7.3556e-01 │ res 2.6467e+01 │ test 7.2209e-01 │ η_eff 1.128e-04
Ep   7/100 │  0.12s │ bd 5.8244e-01 │ res 1.6689e+01 │ test 6.6027e-01 │ η_eff 1.550e-04
Ep   8/100 │  0.12s │ bd 8.1032e-01 │ res 1.4804e+01 │ test 8.1945e-01 │ η_eff 1.417e-04
Ep   9/100 │  0.11s │ bd 4.9594e-01 │ res 1.3045e+01 │ test 7.1424e-01 │ η_eff 1.129e-04
Ep  10/100 │  0.11s │ bd 4.6993e-01 │ res 1.1344e+01 │ test 6.7759e-01 │ η_eff 4.169e-05
Ep  11/100 │  0.10s │ bd 4.3439e-01 │ res 8.6209e+00 │ test 5.8964e-01 │ η_eff 4.667e-05
Ep  12/100 │  0.11s │ bd 3.0349e-01 │ res 7.6527e+00 │ test 6.0191e-01 │ η_eff 4.116e-05
Ep  13/100 │  0.11s │ bd 2.8820e-01 │ res 7.3939e+00 │ test 6.2422e-01 │ η_eff 5.274e-05
Ep  14/100 │  0.10s │ bd 2.8931e-01 │ res 6.9169e+00 │ test 5.7851e-01 │ η_eff 4.191e-05
Ep  15/100 │  0.11s │ bd 3.1674e-01 │ res 7.2850e+00 │ test 7.6303e-01 │ η_eff 4.281e-05
Ep  16/100 │  0.11s │ bd 3.9703e-01 │ res 6.2922e+00 │ test 7.9957e-01 │ η_eff 4.765e-05
Ep  17/100 │  0.11s │ bd 3.3702e-01 │ res 5.8376e+00 │ test 7.5162e-01 │ η_eff 4.218e-05
Ep  18/100 │  0.11s │ bd 2.4375e-01 │ res 4.9772e+00 │ test 6.5759e-01 │ η_eff 3.840e-05
Ep  19/100 │  0.10s │ bd 1.9626e-01 │ res 4.2375e+00 │ test 7.6212e-01 │ η_eff 4.014e-05
Ep  20/100 │  0.11s │ bd 2.2896e-01 │ res 4.6553e+00 │ test 7.1140e-01 │ η_eff 2.091e-05
Ep  21/100 │  0.11s │ bd 2.4251e-01 │ res 3.9973e+00 │ test 8.1184e-01 │ η_eff 2.189e-05
Ep  22/100 │  0.11s │ bd 1.8364e-01 │ res 3.5048e+00 │ test 7.2288e-01 │ η_eff 2.599e-05
Ep  23/100 │  0.11s │ bd 2.2434e-01 │ res 3.4770e+00 │ test 7.6839e-01 │ η_eff 2.052e-05
Ep  24/100 │  0.11s │ bd 2.2302e-01 │ res 3.7397e+00 │ test 7.6724e-01 │ η_eff 2.112e-05
Ep  25/100 │  0.12s │ bd 1.9118e-01 │ res 3.5240e+00 │ test 7.5635e-01 │ η_eff 2.586e-05
Ep  26/100 │  0.11s │ bd 2.1419e-01 │ res 3.3031e+00 │ test 7.9569e-01 │ η_eff 2.263e-05
Ep  27/100 │  0.10s │ bd 1.8361e-01 │ res 3.1523e+00 │ test 8.0975e-01 │ η_eff 2.643e-05
Ep  28/100 │  0.10s │ bd 2.7702e-01 │ res 3.7838e+00 │ test 7.2609e-01 │ η_eff 2.756e-05
Ep  29/100 │  0.12s │ bd 2.3155e-01 │ res 3.1947e+00 │ test 8.0105e-01 │ η_eff 2.392e-05
Ep  30/100 │  0.11s │ bd 1.9083e-01 │ res 2.9948e+00 │ test 8.3144e-01 │ η_eff 1.504e-05
Ep  31/100 │  0.10s │ bd 1.7064e-01 │ res 3.1595e+00 │ test 7.9989e-01 │ η_eff 1.313e-05
Ep  32/100 │  0.10s │ bd 1.4991e-01 │ res 2.8656e+00 │ test 7.9158e-01 │ η_eff 1.067e-05
Ep  33/100 │  0.10s │ bd 1.5527e-01 │ res 2.8980e+00 │ test 7.9334e-01 │ η_eff 1.343e-05
Ep  34/100 │  0.11s │ bd 1.5310e-01 │ res 2.8935e+00 │ test 8.2961e-01 │ η_eff 1.305e-05
Ep  35/100 │  0.11s │ bd 1.1219e-01 │ res 2.6476e+00 │ test 8.2139e-01 │ η_eff 1.302e-05
Ep  36/100 │  0.11s │ bd 1.2102e-01 │ res 3.0876e+00 │ test 7.9102e-01 │ η_eff 1.426e-05
Ep  37/100 │  0.11s │ bd 1.4381e-01 │ res 2.6640e+00 │ test 8.5371e-01 │ η_eff 1.212e-05
Ep  38/100 │  0.11s │ bd 1.3023e-01 │ res 2.5798e+00 │ test 7.9943e-01 │ η_eff 1.420e-05
Ep  39/100 │  0.12s │ bd 1.6830e-01 │ res 2.9032e+00 │ test 8.6533e-01 │ η_eff 1.303e-05
Ep  40/100 │  0.11s │ bd 1.3176e-01 │ res 2.7634e+00 │ test 8.1871e-01 │ η_eff 6.208e-06
Ep  41/100 │  0.11s │ bd 1.3265e-01 │ res 2.7540e+00 │ test 8.4604e-01 │ η_eff 6.702e-06
Ep  42/100 │  0.10s │ bd 1.2544e-01 │ res 2.5490e+00 │ test 8.1259e-01 │ η_eff 7.412e-06
Ep  43/100 │  0.12s │ bd 1.1036e-01 │ res 2.5217e+00 │ test 8.0369e-01 │ η_eff 6.765e-06
Ep  44/100 │  0.11s │ bd 1.2508e-01 │ res 2.7062e+00 │ test 8.6305e-01 │ η_eff 6.503e-06
Ep  45/100 │  0.11s │ bd 1.0334e-01 │ res 2.4871e+00 │ test 8.1569e-01 │ η_eff 6.992e-06
Ep  46/100 │  0.12s │ bd 9.7181e-02 │ res 2.6869e+00 │ test 8.1305e-01 │ η_eff 8.381e-06
Ep  47/100 │  0.11s │ bd 1.1568e-01 │ res 2.5859e+00 │ test 8.3777e-01 │ η_eff 6.750e-06
Ep  48/100 │  0.12s │ bd 9.2213e-02 │ res 2.5233e+00 │ test 8.3724e-01 │ η_eff 6.109e-06
Ep  49/100 │  0.10s │ bd 1.3420e-01 │ res 2.7666e+00 │ test 8.4131e-01 │ η_eff 7.848e-06
Ep  50/100 │  0.10s │ bd 9.0222e-02 │ res 2.7097e+00 │ test 8.1549e-01 │ η_eff 3.360e-06
Ep  51/100 │  0.10s │ bd 1.2421e-01 │ res 2.5035e+00 │ test 8.3949e-01 │ η_eff 4.285e-06
Ep  52/100 │  0.11s │ bd 9.6242e-02 │ res 2.6345e+00 │ test 8.4356e-01 │ η_eff 5.051e-06
Ep  53/100 │  0.11s │ bd 1.1332e-01 │ res 2.4656e+00 │ test 8.3062e-01 │ η_eff 4.745e-06
Ep  54/100 │  0.12s │ bd 1.0966e-01 │ res 2.5342e+00 │ test 8.4581e-01 │ η_eff 3.953e-06
Ep  55/100 │  0.12s │ bd 9.4016e-02 │ res 2.6741e+00 │ test 8.5129e-01 │ η_eff 3.612e-06
Ep  56/100 │  0.11s │ bd 8.6763e-02 │ res 2.4817e+00 │ test 8.4080e-01 │ η_eff 3.474e-06
Ep  57/100 │  0.11s │ bd 7.9795e-02 │ res 2.3018e+00 │ test 8.4484e-01 │ η_eff 3.658e-06
Ep  58/100 │  0.11s │ bd 7.7950e-02 │ res 2.3511e+00 │ test 8.3325e-01 │ η_eff 4.723e-06
Ep  59/100 │  0.11s │ bd 8.9481e-02 │ res 2.3588e+00 │ test 8.4721e-01 │ η_eff 3.546e-06
Ep  60/100 │  0.11s │ bd 8.3994e-02 │ res 2.5212e+00 │ test 8.3494e-01 │ η_eff 1.802e-06
Ep  61/100 │  0.12s │ bd 8.7849e-02 │ res 2.5203e+00 │ test 8.2749e-01 │ η_eff 2.105e-06
Ep  62/100 │  0.11s │ bd 1.0425e-01 │ res 2.4876e+00 │ test 8.3822e-01 │ η_eff 2.360e-06
Ep  63/100 │  0.11s │ bd 9.3179e-02 │ res 2.7541e+00 │ test 8.4655e-01 │ η_eff 2.204e-06
Ep  64/100 │  0.11s │ bd 7.5916e-02 │ res 2.4208e+00 │ test 8.3747e-01 │ η_eff 1.898e-06
Ep  65/100 │  0.12s │ bd 8.6697e-02 │ res 2.4823e+00 │ test 8.4064e-01 │ η_eff 2.016e-06
Ep  66/100 │  0.11s │ bd 7.1934e-02 │ res 2.3368e+00 │ test 8.4285e-01 │ η_eff 1.865e-06
Ep  67/100 │  0.11s │ bd 9.4138e-02 │ res 2.6114e+00 │ test 8.4642e-01 │ η_eff 2.301e-06
Ep  68/100 │  0.11s │ bd 9.1622e-02 │ res 2.7233e+00 │ test 8.5364e-01 │ η_eff 2.084e-06
Ep  69/100 │  0.11s │ bd 7.8307e-02 │ res 2.2992e+00 │ test 8.4848e-01 │ η_eff 2.362e-06
Ep  70/100 │  0.11s │ bd 9.2597e-02 │ res 2.5931e+00 │ test 8.3945e-01 │ η_eff 1.396e-06
Ep  71/100 │  0.11s │ bd 8.5056e-02 │ res 2.3644e+00 │ test 8.2983e-01 │ η_eff 9.829e-07
Ep  72/100 │  0.11s │ bd 7.9278e-02 │ res 2.4256e+00 │ test 8.2639e-01 │ η_eff 1.029e-06
Ep  73/100 │  0.10s │ bd 8.4175e-02 │ res 2.5532e+00 │ test 8.3521e-01 │ η_eff 1.346e-06
Ep  74/100 │  0.11s │ bd 8.0785e-02 │ res 2.3721e+00 │ test 8.3971e-01 │ η_eff 1.057e-06
Ep  75/100 │  0.11s │ bd 8.8513e-02 │ res 2.3648e+00 │ test 8.3684e-01 │ η_eff 1.230e-06
Ep  76/100 │  0.11s │ bd 9.4715e-02 │ res 2.4235e+00 │ test 8.4252e-01 │ η_eff 1.050e-06
Ep  77/100 │  0.11s │ bd 8.0946e-02 │ res 2.4409e+00 │ test 8.4128e-01 │ η_eff 1.187e-06
Ep  78/100 │  0.12s │ bd 7.6797e-02 │ res 2.3638e+00 │ test 8.3498e-01 │ η_eff 1.110e-06
Ep  79/100 │  0.11s │ bd 8.3703e-02 │ res 2.4321e+00 │ test 8.4004e-01 │ η_eff 1.125e-06
Ep  80/100 │  0.11s │ bd 8.6491e-02 │ res 2.4520e+00 │ test 8.3636e-01 │ η_eff 5.921e-07
Ep  81/100 │  0.11s │ bd 7.8224e-02 │ res 2.2604e+00 │ test 8.3940e-01 │ η_eff 5.473e-07
Ep  82/100 │  0.12s │ bd 7.3605e-02 │ res 2.3547e+00 │ test 8.4519e-01 │ η_eff 5.204e-07
Ep  83/100 │  0.11s │ bd 7.9392e-02 │ res 2.2667e+00 │ test 8.3746e-01 │ η_eff 5.807e-07
Ep  84/100 │  0.11s │ bd 9.8249e-02 │ res 2.6348e+00 │ test 8.3476e-01 │ η_eff 5.294e-07
Ep  85/100 │  0.11s │ bd 7.2260e-02 │ res 2.3318e+00 │ test 8.3644e-01 │ η_eff 6.053e-07
Ep  86/100 │  0.11s │ bd 8.4544e-02 │ res 2.4442e+00 │ test 8.4000e-01 │ η_eff 5.180e-07
Ep  87/100 │  0.11s │ bd 8.7598e-02 │ res 2.4400e+00 │ test 8.4074e-01 │ η_eff 5.791e-07
Ep  88/100 │  0.11s │ bd 8.4691e-02 │ res 2.5120e+00 │ test 8.4736e-01 │ η_eff 6.264e-07
Ep  89/100 │  0.11s │ bd 7.6152e-02 │ res 2.3591e+00 │ test 8.4347e-01 │ η_eff 6.236e-07
Ep  90/100 │  0.10s │ bd 8.5513e-02 │ res 2.6432e+00 │ test 8.4968e-01 │ η_eff 3.087e-07
Ep  91/100 │  0.11s │ bd 8.0636e-02 │ res 2.2719e+00 │ test 8.4156e-01 │ η_eff 3.441e-07
Ep  92/100 │  0.11s │ bd 8.2520e-02 │ res 2.5472e+00 │ test 8.3929e-01 │ η_eff 3.549e-07
Ep  93/100 │  0.11s │ bd 8.6202e-02 │ res 2.4610e+00 │ test 8.4510e-01 │ η_eff 3.184e-07
Ep  94/100 │  0.11s │ bd 9.8048e-02 │ res 2.5004e+00 │ test 8.4489e-01 │ η_eff 3.666e-07
Ep  95/100 │  0.11s │ bd 6.3782e-02 │ res 2.3670e+00 │ test 8.4881e-01 │ η_eff 3.051e-07
Ep  96/100 │  0.11s │ bd 8.0008e-02 │ res 2.5135e+00 │ test 8.4877e-01 │ η_eff 3.317e-07
Ep  97/100 │  0.11s │ bd 8.5074e-02 │ res 2.3241e+00 │ test 8.4904e-01 │ η_eff 2.988e-07
Ep  98/100 │  0.11s │ bd 7.8037e-02 │ res 2.2765e+00 │ test 8.4283e-01 │ η_eff 3.109e-07
Ep  99/100 │  0.11s │ bd 8.9546e-02 │ res 2.3875e+00 │ test 8.4685e-01 │ η_eff 3.255e-07
Ep 100/100 │  0.12s │ bd 9.1420e-02 │ res 2.4555e+00 │ test 8.4781e-01 │ η_eff 1.633e-07
→ Saved: loss/Burger1d_pino_fd_ms_nr_90_Adam_ep100_visc0.1_m32_w64/loss_full_loss_1.csv

=== Phase 'full_loss_2' | epochs 100 ===

Ep   1/100 │  0.11s │ bd 7.0462e-02 │ res 2.3368e+00 │ test 8.5043e-01 │ η_eff 2.632e-07
Ep   2/100 │  0.11s │ bd 7.4513e-02 │ res 2.3473e+00 │ test 8.4886e-01 │ η_eff 2.702e-07
Ep   3/100 │  0.12s │ bd 8.7387e-02 │ res 2.4277e+00 │ test 8.5481e-01 │ η_eff 2.978e-07
Ep   4/100 │  0.11s │ bd 7.9496e-02 │ res 2.3041e+00 │ test 8.5108e-01 │ η_eff 2.977e-07
Ep   5/100 │  0.11s │ bd 8.5689e-02 │ res 2.4903e+00 │ test 8.5188e-01 │ η_eff 2.989e-07
Ep   6/100 │  0.12s │ bd 7.1169e-02 │ res 2.2986e+00 │ test 8.4763e-01 │ η_eff 2.895e-07
Ep   7/100 │  0.12s │ bd 7.6418e-02 │ res 2.4663e+00 │ test 8.5187e-01 │ η_eff 2.839e-07
Ep   8/100 │  0.11s │ bd 7.9285e-02 │ res 2.2565e+00 │ test 8.4954e-01 │ η_eff 3.060e-07
Ep   9/100 │  0.11s │ bd 8.4456e-02 │ res 2.2919e+00 │ test 8.4612e-01 │ η_eff 3.180e-07
Ep  10/100 │  0.12s │ bd 9.2885e-02 │ res 2.4560e+00 │ test 8.4652e-01 │ η_eff 1.513e-07
Ep  11/100 │  0.11s │ bd 7.4302e-02 │ res 2.2521e+00 │ test 8.4982e-01 │ η_eff 1.569e-07
Ep  12/100 │  0.11s │ bd 9.6995e-02 │ res 2.5499e+00 │ test 8.4671e-01 │ η_eff 1.546e-07
Ep  13/100 │  0.11s │ bd 7.3919e-02 │ res 2.2849e+00 │ test 8.4671e-01 │ η_eff 1.628e-07
Ep  14/100 │  0.11s │ bd 7.5578e-02 │ res 2.2571e+00 │ test 8.4580e-01 │ η_eff 1.552e-07
Ep  15/100 │  0.11s │ bd 8.4999e-02 │ res 2.6151e+00 │ test 8.4361e-01 │ η_eff 1.481e-07
Ep  16/100 │  0.11s │ bd 7.8968e-02 │ res 2.6494e+00 │ test 8.5212e-01 │ η_eff 1.581e-07
Ep  17/100 │  0.12s │ bd 9.1998e-02 │ res 2.5583e+00 │ test 8.4853e-01 │ η_eff 1.529e-07
Ep  18/100 │  0.11s │ bd 7.2848e-02 │ res 2.1744e+00 │ test 8.5210e-01 │ η_eff 1.494e-07
Ep  19/100 │  0.12s │ bd 8.7941e-02 │ res 2.2555e+00 │ test 8.5109e-01 │ η_eff 1.481e-07
Ep  20/100 │  0.12s │ bd 7.6861e-02 │ res 2.3965e+00 │ test 8.5625e-01 │ η_eff 7.771e-08
Ep  21/100 │  0.11s │ bd 8.5240e-02 │ res 2.3430e+00 │ test 8.4891e-01 │ η_eff 7.525e-08
Ep  22/100 │  0.12s │ bd 7.9885e-02 │ res 2.4027e+00 │ test 8.5042e-01 │ η_eff 7.689e-08
Ep  23/100 │  0.11s │ bd 7.6929e-02 │ res 2.2333e+00 │ test 8.5261e-01 │ η_eff 7.614e-08
Ep  24/100 │  0.11s │ bd 8.0678e-02 │ res 2.4010e+00 │ test 8.5298e-01 │ η_eff 7.576e-08
Ep  25/100 │  0.11s │ bd 8.2311e-02 │ res 2.6318e+00 │ test 8.5000e-01 │ η_eff 7.894e-08
Ep  26/100 │  0.11s │ bd 8.1282e-02 │ res 2.4271e+00 │ test 8.5290e-01 │ η_eff 8.231e-08
Ep  27/100 │  0.12s │ bd 7.3553e-02 │ res 2.2412e+00 │ test 8.4619e-01 │ η_eff 8.069e-08
Ep  28/100 │  0.11s │ bd 7.1667e-02 │ res 2.3413e+00 │ test 8.5232e-01 │ η_eff 8.671e-08
Ep  29/100 │  0.11s │ bd 7.5777e-02 │ res 2.2769e+00 │ test 8.5380e-01 │ η_eff 8.019e-08
Ep  30/100 │  0.11s │ bd 7.0103e-02 │ res 2.3125e+00 │ test 8.5284e-01 │ η_eff 4.049e-08
Ep  31/100 │  0.12s │ bd 7.8967e-02 │ res 2.4106e+00 │ test 8.5374e-01 │ η_eff 4.153e-08
Ep  32/100 │  0.11s │ bd 8.0507e-02 │ res 2.4514e+00 │ test 8.5357e-01 │ η_eff 4.279e-08
Ep  33/100 │  0.12s │ bd 7.6898e-02 │ res 2.1870e+00 │ test 8.4789e-01 │ η_eff 4.137e-08
Ep  34/100 │  0.11s │ bd 7.0207e-02 │ res 2.2602e+00 │ test 8.5235e-01 │ η_eff 4.117e-08
Ep  35/100 │  0.12s │ bd 8.1852e-02 │ res 2.4034e+00 │ test 8.5145e-01 │ η_eff 4.223e-08
Ep  36/100 │  0.11s │ bd 8.3134e-02 │ res 2.3048e+00 │ test 8.4761e-01 │ η_eff 4.234e-08
Ep  37/100 │  0.11s │ bd 8.1441e-02 │ res 2.3657e+00 │ test 8.5331e-01 │ η_eff 4.516e-08
Ep  38/100 │  0.10s │ bd 8.0570e-02 │ res 2.5772e+00 │ test 8.5254e-01 │ η_eff 4.184e-08
Ep  39/100 │  0.11s │ bd 8.2379e-02 │ res 2.3872e+00 │ test 8.4920e-01 │ η_eff 4.109e-08
Ep  40/100 │  0.12s │ bd 7.7358e-02 │ res 2.2336e+00 │ test 8.4616e-01 │ η_eff 2.160e-08
Ep  41/100 │  0.11s │ bd 8.7545e-02 │ res 2.4726e+00 │ test 8.5187e-01 │ η_eff 2.228e-08
Ep  42/100 │  0.11s │ bd 1.0666e-01 │ res 2.6661e+00 │ test 8.6643e-01 │ η_eff 2.533e-08
Ep  43/100 │  0.11s │ bd 8.1172e-02 │ res 2.5316e+00 │ test 8.5316e-01 │ η_eff 2.310e-08
Ep  44/100 │  0.12s │ bd 7.7556e-02 │ res 2.2366e+00 │ test 8.4657e-01 │ η_eff 2.152e-08
Ep  45/100 │  0.11s │ bd 7.9305e-02 │ res 2.2261e+00 │ test 8.5334e-01 │ η_eff 2.123e-08
Ep  46/100 │  0.11s │ bd 8.5175e-02 │ res 2.5327e+00 │ test 8.4782e-01 │ η_eff 2.059e-08
Ep  47/100 │  0.11s │ bd 8.0788e-02 │ res 2.4190e+00 │ test 8.5260e-01 │ η_eff 2.120e-08
Ep  48/100 │  0.11s │ bd 7.7661e-02 │ res 2.4088e+00 │ test 8.5139e-01 │ η_eff 2.158e-08
Ep  49/100 │  0.12s │ bd 7.7416e-02 │ res 2.3198e+00 │ test 8.4906e-01 │ η_eff 2.251e-08
Ep  50/100 │  0.11s │ bd 8.2231e-02 │ res 2.4589e+00 │ test 8.4886e-01 │ η_eff 1.138e-08
Ep  51/100 │  0.10s │ bd 7.8166e-02 │ res 2.2772e+00 │ test 8.4730e-01 │ η_eff 1.151e-08
Ep  52/100 │  0.12s │ bd 6.7306e-02 │ res 2.3016e+00 │ test 8.4799e-01 │ η_eff 1.156e-08
Ep  53/100 │  0.11s │ bd 8.9924e-02 │ res 2.3878e+00 │ test 8.5007e-01 │ η_eff 1.210e-08
Ep  54/100 │  0.11s │ bd 7.7328e-02 │ res 2.2994e+00 │ test 8.5222e-01 │ η_eff 1.195e-08
Ep  55/100 │  0.11s │ bd 8.2949e-02 │ res 2.2035e+00 │ test 8.4990e-01 │ η_eff 1.161e-08
Ep  56/100 │  0.11s │ bd 7.8528e-02 │ res 2.3187e+00 │ test 8.5015e-01 │ η_eff 1.221e-08
Ep  57/100 │  0.11s │ bd 8.8442e-02 │ res 2.4765e+00 │ test 8.5428e-01 │ η_eff 1.176e-08
Ep  58/100 │  0.11s │ bd 7.6099e-02 │ res 2.2997e+00 │ test 8.5484e-01 │ η_eff 1.183e-08
Ep  59/100 │  0.11s │ bd 7.8209e-02 │ res 2.3029e+00 │ test 8.5039e-01 │ η_eff 1.302e-08
Ep  60/100 │  0.11s │ bd 8.4860e-02 │ res 2.2310e+00 │ test 8.5342e-01 │ η_eff 5.864e-09
Ep  61/100 │  0.11s │ bd 8.1040e-02 │ res 2.3714e+00 │ test 8.6082e-01 │ η_eff 6.172e-09
Ep  62/100 │  0.11s │ bd 7.2976e-02 │ res 2.3388e+00 │ test 8.5500e-01 │ η_eff 5.846e-09
Ep  63/100 │  0.11s │ bd 7.5366e-02 │ res 2.4469e+00 │ test 8.5383e-01 │ η_eff 5.617e-09
Ep  64/100 │  0.12s │ bd 8.4467e-02 │ res 2.3258e+00 │ test 8.5305e-01 │ η_eff 5.885e-09
Ep  65/100 │  0.11s │ bd 6.5623e-02 │ res 2.2753e+00 │ test 8.5559e-01 │ η_eff 6.041e-09
Ep  66/100 │  0.11s │ bd 8.4948e-02 │ res 2.4473e+00 │ test 8.5337e-01 │ η_eff 6.182e-09
Ep  67/100 │  0.11s │ bd 7.5537e-02 │ res 2.2052e+00 │ test 8.5105e-01 │ η_eff 6.133e-09
Ep  68/100 │  0.12s │ bd 8.2478e-02 │ res 2.3013e+00 │ test 8.5403e-01 │ η_eff 6.207e-09
Ep  69/100 │  0.12s │ bd 8.9284e-02 │ res 2.3969e+00 │ test 8.5200e-01 │ η_eff 6.312e-09
Ep  70/100 │  0.11s │ bd 8.0483e-02 │ res 2.3329e+00 │ test 8.4698e-01 │ η_eff 2.917e-09
Ep  71/100 │  0.11s │ bd 8.6175e-02 │ res 2.3517e+00 │ test 8.4965e-01 │ η_eff 3.173e-09
Ep  72/100 │  0.12s │ bd 8.2165e-02 │ res 2.4023e+00 │ test 8.5227e-01 │ η_eff 3.022e-09
Ep  73/100 │  0.11s │ bd 8.3468e-02 │ res 2.4139e+00 │ test 8.5586e-01 │ η_eff 3.225e-09
Ep  74/100 │  0.12s │ bd 6.8881e-02 │ res 2.3164e+00 │ test 8.5170e-01 │ η_eff 3.153e-09
Ep  75/100 │  0.11s │ bd 7.8721e-02 │ res 2.3210e+00 │ test 8.5598e-01 │ η_eff 3.131e-09
Ep  76/100 │  0.10s │ bd 7.7468e-02 │ res 2.3486e+00 │ test 8.5443e-01 │ η_eff 3.256e-09
Ep  77/100 │  0.10s │ bd 7.2259e-02 │ res 2.1173e+00 │ test 8.5284e-01 │ η_eff 3.317e-09
Ep  78/100 │  0.12s │ bd 8.3145e-02 │ res 2.6026e+00 │ test 8.6237e-01 │ η_eff 3.422e-09
Ep  79/100 │  0.10s │ bd 8.2620e-02 │ res 2.2982e+00 │ test 8.5181e-01 │ η_eff 3.290e-09
Ep  80/100 │  0.11s │ bd 8.1346e-02 │ res 2.3358e+00 │ test 8.5298e-01 │ η_eff 1.711e-09
Ep  81/100 │  0.12s │ bd 7.5001e-02 │ res 2.2249e+00 │ test 8.5369e-01 │ η_eff 1.626e-09
Ep  82/100 │  0.11s │ bd 8.2275e-02 │ res 2.3074e+00 │ test 8.5309e-01 │ η_eff 1.663e-09
Ep  83/100 │  0.11s │ bd 7.6362e-02 │ res 2.3489e+00 │ test 8.5047e-01 │ η_eff 1.662e-09
Ep  84/100 │  0.12s │ bd 7.4650e-02 │ res 2.3318e+00 │ test 8.5271e-01 │ η_eff 1.633e-09
Ep  85/100 │  0.11s │ bd 7.7804e-02 │ res 2.4499e+00 │ test 8.4896e-01 │ η_eff 1.609e-09
Ep  86/100 │  0.11s │ bd 7.9392e-02 │ res 2.3846e+00 │ test 8.4937e-01 │ η_eff 1.693e-09
Ep  87/100 │  0.11s │ bd 7.5747e-02 │ res 2.4808e+00 │ test 8.5481e-01 │ η_eff 1.694e-09
Ep  88/100 │  0.11s │ bd 7.7572e-02 │ res 2.3220e+00 │ test 8.5062e-01 │ η_eff 1.754e-09
Ep  89/100 │  0.11s │ bd 8.2921e-02 │ res 2.3776e+00 │ test 8.4562e-01 │ η_eff 1.824e-09
Ep  90/100 │  0.11s │ bd 8.9023e-02 │ res 2.3313e+00 │ test 8.4875e-01 │ η_eff 8.448e-10
Ep  91/100 │  0.11s │ bd 8.9437e-02 │ res 2.3431e+00 │ test 8.4951e-01 │ η_eff 8.707e-10
Ep  92/100 │  0.11s │ bd 6.7614e-02 │ res 2.1696e+00 │ test 8.4824e-01 │ η_eff 8.263e-10
Ep  93/100 │  0.11s │ bd 8.2255e-02 │ res 2.3487e+00 │ test 8.4592e-01 │ η_eff 8.287e-10
Ep  94/100 │  0.11s │ bd 6.5126e-02 │ res 2.2145e+00 │ test 8.4779e-01 │ η_eff 8.541e-10
Ep  95/100 │  0.12s │ bd 7.7466e-02 │ res 2.2609e+00 │ test 8.5066e-01 │ η_eff 8.993e-10
Ep  96/100 │  0.11s │ bd 8.1986e-02 │ res 2.3910e+00 │ test 8.5194e-01 │ η_eff 9.401e-10
Ep  97/100 │  0.11s │ bd 8.4137e-02 │ res 2.4370e+00 │ test 8.4720e-01 │ η_eff 8.529e-10
Ep  98/100 │  0.11s │ bd 8.5903e-02 │ res 2.3872e+00 │ test 8.4775e-01 │ η_eff 8.973e-10
Ep  99/100 │  0.11s │ bd 7.9875e-02 │ res 2.3547e+00 │ test 8.5263e-01 │ η_eff 9.465e-10
Ep 100/100 │  0.10s │ bd 9.3044e-02 │ res 2.5625e+00 │ test 8.5012e-01 │ η_eff 4.886e-10
→ Saved: loss/Burger1d_pino_fd_ms_nr_90_Adam_ep100_visc0.1_m32_w64/loss_full_loss_2.csv

=== Phase 'full_loss_3' | epochs 100 ===

Ep   1/100 │  0.11s │ bd 7.7472e-02 │ res 2.2973e+00 │ test 8.4602e-01 │ η_eff 6.369e-10
Ep   2/100 │  0.11s │ bd 9.4663e-02 │ res 2.4036e+00 │ test 8.5494e-01 │ η_eff 6.763e-10
Ep   3/100 │  0.11s │ bd 7.2574e-02 │ res 2.3171e+00 │ test 8.5791e-01 │ η_eff 6.935e-10
Ep   4/100 │  0.11s │ bd 9.4645e-02 │ res 2.8057e+00 │ test 8.6462e-01 │ η_eff 7.047e-10
Ep   5/100 │  0.10s │ bd 8.1005e-02 │ res 2.5224e+00 │ test 8.5933e-01 │ η_eff 6.761e-10
Ep   6/100 │  0.12s │ bd 8.5419e-02 │ res 2.2424e+00 │ test 8.5406e-01 │ η_eff 6.691e-10
Ep   7/100 │  0.11s │ bd 8.1190e-02 │ res 2.3760e+00 │ test 8.5377e-01 │ η_eff 6.499e-10
Ep   8/100 │  0.11s │ bd 8.1082e-02 │ res 2.3036e+00 │ test 8.4901e-01 │ η_eff 7.130e-10
Ep   9/100 │  0.12s │ bd 8.0050e-02 │ res 2.2876e+00 │ test 8.5086e-01 │ η_eff 6.826e-10
Ep  10/100 │  0.12s │ bd 9.3609e-02 │ res 2.5108e+00 │ test 8.5906e-01 │ η_eff 3.629e-10
Ep  11/100 │  0.13s │ bd 8.1913e-02 │ res 2.5852e+00 │ test 8.5471e-01 │ η_eff 3.395e-10
Ep  12/100 │  0.10s │ bd 6.4754e-02 │ res 2.1716e+00 │ test 8.5092e-01 │ η_eff 3.312e-10
Ep  13/100 │  0.12s │ bd 8.1416e-02 │ res 2.4251e+00 │ test 8.5381e-01 │ η_eff 3.480e-10
Ep  14/100 │  0.11s │ bd 8.2356e-02 │ res 2.5212e+00 │ test 8.5249e-01 │ η_eff 3.600e-10
Ep  15/100 │  0.12s │ bd 8.5598e-02 │ res 2.4496e+00 │ test 8.5166e-01 │ η_eff 3.384e-10
Ep  16/100 │  0.12s │ bd 7.8400e-02 │ res 2.5634e+00 │ test 8.4993e-01 │ η_eff 3.591e-10
Ep  17/100 │  0.11s │ bd 7.9447e-02 │ res 2.3772e+00 │ test 8.5094e-01 │ η_eff 3.445e-10
Ep  18/100 │  0.11s │ bd 8.4238e-02 │ res 2.5158e+00 │ test 8.4911e-01 │ η_eff 3.669e-10
Ep  19/100 │  0.11s │ bd 9.1266e-02 │ res 2.5266e+00 │ test 8.5181e-01 │ η_eff 3.983e-10
Ep  20/100 │  0.12s │ bd 8.0757e-02 │ res 2.3967e+00 │ test 8.5530e-01 │ η_eff 1.859e-10
Ep  21/100 │  0.11s │ bd 8.9458e-02 │ res 2.5255e+00 │ test 8.5092e-01 │ η_eff 1.773e-10
Ep  22/100 │  0.12s │ bd 8.8843e-02 │ res 2.3301e+00 │ test 8.5678e-01 │ η_eff 1.818e-10
Ep  23/100 │  0.11s │ bd 7.5014e-02 │ res 2.3398e+00 │ test 8.5674e-01 │ η_eff 1.861e-10
Ep  24/100 │  0.10s │ bd 8.9648e-02 │ res 2.3401e+00 │ test 8.5198e-01 │ η_eff 1.801e-10
Ep  25/100 │  0.11s │ bd 7.1050e-02 │ res 2.3175e+00 │ test 8.5256e-01 │ η_eff 1.754e-10
Ep  26/100 │  0.10s │ bd 7.9904e-02 │ res 2.3153e+00 │ test 8.5413e-01 │ η_eff 1.725e-10
Ep  27/100 │  0.11s │ bd 6.9665e-02 │ res 2.1512e+00 │ test 8.4786e-01 │ η_eff 1.829e-10
Ep  28/100 │  0.10s │ bd 8.5733e-02 │ res 2.5210e+00 │ test 8.5276e-01 │ η_eff 1.762e-10
Ep  29/100 │  0.11s │ bd 6.9234e-02 │ res 2.3134e+00 │ test 8.4555e-01 │ η_eff 1.753e-10
Ep  30/100 │  0.10s │ bd 9.1086e-02 │ res 2.9134e+00 │ test 8.4933e-01 │ η_eff 9.256e-11
Ep  31/100 │  0.11s │ bd 8.2663e-02 │ res 2.3446e+00 │ test 8.4649e-01 │ η_eff 8.897e-11
Ep  32/100 │  0.12s │ bd 7.6636e-02 │ res 2.3018e+00 │ test 8.4179e-01 │ η_eff 9.281e-11
Ep  33/100 │  0.11s │ bd 8.6031e-02 │ res 2.3360e+00 │ test 8.5336e-01 │ η_eff 9.140e-11
Ep  34/100 │  0.11s │ bd 8.2267e-02 │ res 2.5000e+00 │ test 8.4818e-01 │ η_eff 9.104e-11
Ep  35/100 │  0.11s │ bd 7.2661e-02 │ res 2.2505e+00 │ test 8.4759e-01 │ η_eff 9.060e-11
Ep  36/100 │  0.11s │ bd 7.5753e-02 │ res 2.2497e+00 │ test 8.5023e-01 │ η_eff 9.079e-11
Ep  37/100 │  0.11s │ bd 8.5053e-02 │ res 2.3567e+00 │ test 8.4632e-01 │ η_eff 9.759e-11
Ep  38/100 │  0.11s │ bd 7.6131e-02 │ res 2.1962e+00 │ test 8.4613e-01 │ η_eff 9.743e-11
Ep  39/100 │  0.11s │ bd 8.2052e-02 │ res 2.4936e+00 │ test 8.5531e-01 │ η_eff 9.559e-11
Ep  40/100 │  0.11s │ bd 8.7303e-02 │ res 2.5307e+00 │ test 8.5181e-01 │ η_eff 4.611e-11
Ep  41/100 │  0.12s │ bd 7.9228e-02 │ res 2.3082e+00 │ test 8.4852e-01 │ η_eff 4.785e-11
Ep  42/100 │  0.12s │ bd 9.4249e-02 │ res 2.4801e+00 │ test 8.5262e-01 │ η_eff 5.034e-11
Ep  43/100 │  0.12s │ bd 7.6135e-02 │ res 2.3474e+00 │ test 8.5098e-01 │ η_eff 4.836e-11
Ep  44/100 │  0.11s │ bd 8.0833e-02 │ res 2.2761e+00 │ test 8.4993e-01 │ η_eff 4.952e-11
Ep  45/100 │  0.11s │ bd 7.4956e-02 │ res 2.3437e+00 │ test 8.4975e-01 │ η_eff 4.683e-11
Ep  46/100 │  0.12s │ bd 8.3822e-02 │ res 2.4752e+00 │ test 8.4981e-01 │ η_eff 4.842e-11
Ep  47/100 │  0.11s │ bd 7.7575e-02 │ res 2.2541e+00 │ test 8.4666e-01 │ η_eff 4.610e-11
Ep  48/100 │  0.11s │ bd 8.3229e-02 │ res 2.4361e+00 │ test 8.4741e-01 │ η_eff 4.729e-11
Ep  49/100 │  0.11s │ bd 8.0962e-02 │ res 2.2819e+00 │ test 8.4660e-01 │ η_eff 4.750e-11
Ep  50/100 │  0.11s │ bd 9.1878e-02 │ res 2.4401e+00 │ test 8.5242e-01 │ η_eff 2.293e-11
Ep  51/100 │  0.11s │ bd 8.3572e-02 │ res 2.3319e+00 │ test 8.5121e-01 │ η_eff 2.348e-11
Ep  52/100 │  0.11s │ bd 9.0166e-02 │ res 2.3123e+00 │ test 8.5831e-01 │ η_eff 2.563e-11
Ep  53/100 │  0.12s │ bd 8.0025e-02 │ res 2.2994e+00 │ test 8.5846e-01 │ η_eff 2.521e-11
Ep  54/100 │  0.11s │ bd 9.0656e-02 │ res 2.3144e+00 │ test 8.5391e-01 │ η_eff 2.536e-11
Ep  55/100 │  0.12s │ bd 8.8454e-02 │ res 2.3777e+00 │ test 8.4924e-01 │ η_eff 2.442e-11
Ep  56/100 │  0.11s │ bd 9.4473e-02 │ res 2.4423e+00 │ test 8.6020e-01 │ η_eff 2.498e-11
Ep  57/100 │  0.12s │ bd 7.2435e-02 │ res 2.4481e+00 │ test 8.6067e-01 │ η_eff 2.570e-11
Ep  58/100 │  0.11s │ bd 7.1211e-02 │ res 2.2042e+00 │ test 8.5896e-01 │ η_eff 2.488e-11
Ep  59/100 │  0.11s │ bd 7.3031e-02 │ res 2.3760e+00 │ test 8.5490e-01 │ η_eff 2.483e-11
Ep  60/100 │  0.11s │ bd 8.1010e-02 │ res 2.4475e+00 │ test 8.5239e-01 │ η_eff 1.243e-11
Ep  61/100 │  0.12s │ bd 8.7372e-02 │ res 2.4640e+00 │ test 8.5101e-01 │ η_eff 1.162e-11
Ep  62/100 │  0.11s │ bd 8.7718e-02 │ res 2.5628e+00 │ test 8.5170e-01 │ η_eff 1.228e-11
Ep  63/100 │  0.11s │ bd 6.5652e-02 │ res 2.1981e+00 │ test 8.5391e-01 │ η_eff 1.276e-11
Ep  64/100 │  0.11s │ bd 9.1284e-02 │ res 2.4859e+00 │ test 8.5594e-01 │ η_eff 1.214e-11
Ep  65/100 │  0.11s │ bd 8.2722e-02 │ res 2.5854e+00 │ test 8.5491e-01 │ η_eff 1.274e-11
Ep  66/100 │  0.11s │ bd 8.7794e-02 │ res 2.3901e+00 │ test 8.5806e-01 │ η_eff 1.317e-11
Ep  67/100 │  0.11s │ bd 8.8230e-02 │ res 2.3253e+00 │ test 8.5138e-01 │ η_eff 1.206e-11
Ep  68/100 │  0.11s │ bd 7.9425e-02 │ res 2.3581e+00 │ test 8.4830e-01 │ η_eff 1.250e-11
Ep  69/100 │  0.11s │ bd 8.6383e-02 │ res 2.2751e+00 │ test 8.5680e-01 │ η_eff 1.296e-11
Ep  70/100 │  0.11s │ bd 8.9522e-02 │ res 2.3359e+00 │ test 8.5415e-01 │ η_eff 6.109e-12
Ep  71/100 │  0.11s │ bd 7.2407e-02 │ res 2.2223e+00 │ test 8.5690e-01 │ η_eff 6.466e-12
Ep  72/100 │  0.12s │ bd 8.2185e-02 │ res 2.3908e+00 │ test 8.5772e-01 │ η_eff 6.685e-12
Ep  73/100 │  0.11s │ bd 7.3762e-02 │ res 2.2595e+00 │ test 8.5499e-01 │ η_eff 6.487e-12
Ep  74/100 │  0.11s │ bd 8.0845e-02 │ res 2.3950e+00 │ test 8.5066e-01 │ η_eff 6.474e-12
Ep  75/100 │  0.11s │ bd 7.2076e-02 │ res 2.1927e+00 │ test 8.5470e-01 │ η_eff 6.454e-12
Ep  76/100 │  0.12s │ bd 8.6399e-02 │ res 2.3374e+00 │ test 8.5277e-01 │ η_eff 6.373e-12
Ep  77/100 │  0.11s │ bd 7.5718e-02 │ res 2.4955e+00 │ test 8.5837e-01 │ η_eff 6.297e-12
Ep  78/100 │  0.11s │ bd 7.5592e-02 │ res 2.2485e+00 │ test 8.5236e-01 │ η_eff 6.447e-12
Ep  79/100 │  0.12s │ bd 7.5158e-02 │ res 2.3423e+00 │ test 8.4892e-01 │ η_eff 6.560e-12
Ep  80/100 │  0.11s │ bd 7.1047e-02 │ res 2.1738e+00 │ test 8.4852e-01 │ η_eff 3.181e-12
Ep  81/100 │  0.12s │ bd 7.5703e-02 │ res 2.2532e+00 │ test 8.4619e-01 │ η_eff 3.261e-12
Ep  82/100 │  0.11s │ bd 8.6943e-02 │ res 2.2318e+00 │ test 8.4656e-01 │ η_eff 3.277e-12
Ep  83/100 │  0.12s │ bd 6.8292e-02 │ res 2.1780e+00 │ test 8.4888e-01 │ η_eff 3.235e-12
Ep  84/100 │  0.11s │ bd 7.4676e-02 │ res 2.2411e+00 │ test 8.4561e-01 │ η_eff 3.495e-12
Ep  85/100 │  0.11s │ bd 9.2073e-02 │ res 2.3587e+00 │ test 8.4679e-01 │ η_eff 3.334e-12
Ep  86/100 │  0.11s │ bd 7.6832e-02 │ res 2.4704e+00 │ test 8.4784e-01 │ η_eff 3.299e-12
Ep  87/100 │  0.11s │ bd 7.6059e-02 │ res 2.2983e+00 │ test 8.4832e-01 │ η_eff 3.419e-12
Ep  88/100 │  0.12s │ bd 9.3093e-02 │ res 2.4206e+00 │ test 8.5895e-01 │ η_eff 3.311e-12
Ep  89/100 │  0.11s │ bd 7.7701e-02 │ res 2.2924e+00 │ test 8.5298e-01 │ η_eff 3.493e-12
Ep  90/100 │  0.11s │ bd 9.3909e-02 │ res 2.4618e+00 │ test 8.4892e-01 │ η_eff 1.679e-12
Ep  91/100 │  0.11s │ bd 7.9577e-02 │ res 2.3421e+00 │ test 8.4862e-01 │ η_eff 1.691e-12
Ep  92/100 │  0.11s │ bd 7.4953e-02 │ res 2.3170e+00 │ test 8.5061e-01 │ η_eff 1.656e-12
Ep  93/100 │  0.11s │ bd 7.6406e-02 │ res 2.2545e+00 │ test 8.4777e-01 │ η_eff 1.595e-12
Ep  94/100 │  0.11s │ bd 8.0881e-02 │ res 2.5193e+00 │ test 8.5382e-01 │ η_eff 1.659e-12
Ep  95/100 │  0.12s │ bd 7.3419e-02 │ res 2.1817e+00 │ test 8.5125e-01 │ η_eff 1.650e-12
Ep  96/100 │  0.11s │ bd 9.0306e-02 │ res 2.5069e+00 │ test 8.5672e-01 │ η_eff 1.651e-12
Ep  97/100 │  0.11s │ bd 7.0573e-02 │ res 2.2445e+00 │ test 8.5086e-01 │ η_eff 1.582e-12
Ep  98/100 │  0.11s │ bd 8.0770e-02 │ res 2.2366e+00 │ test 8.4969e-01 │ η_eff 1.726e-12
Ep  99/100 │  0.11s │ bd 7.9004e-02 │ res 2.3466e+00 │ test 8.5163e-01 │ η_eff 1.713e-12
Ep 100/100 │  0.11s │ bd 8.5646e-02 │ res 2.3731e+00 │ test 8.5182e-01 │ η_eff 8.336e-13
→ Saved: loss/Burger1d_pino_fd_ms_nr_90_Adam_ep100_visc0.1_m32_w64/loss_full_loss_3.csv
→ Model saved: model/Burger1d_pino_fd_ms_nr_90_Adam_ep100_visc0.1_m32_w64
→ Eta-term history: loss/Burger1d_pino_fd_ms_nr_90_Adam_ep100_visc0.1_m32_w64/eta_term_history.csv
  sample 0: test L2 = 1.0983e+00
  sample 1: test L2 = 6.4085e-01
  sample 2: test L2 = 5.8207e-01
  sample 3: test L2 = 7.1227e-01
  sample 4: test L2 = 2.2540e+00
  sample 5: test L2 = 7.1873e-01
  sample 6: test L2 = 5.9656e-01
  sample 7: test L2 = 6.1450e-01
  sample 8: test L2 = 7.1558e-01
  sample 9: test L2 = 5.8549e-01
→ Predictions saved: burger_test_pino_fd_ms_nr.mat
→ Figure saved: image/Burger1d_pino_fd_ms_nr_90_Adam_ep100_visc0.1_m32_w64/final_velocity.png
